Command line invocation:
    /Applications/Xcode.app/Contents/Developer/usr/bin/xcodebuild -project en01.xcodeproj -scheme en01 -configuration Debug -sdk iphonesimulator build

Build settings from command line:
    SDKROOT = iphonesimulator18.4

--- xcodebuild: WARNING: Using the first of multiple matching destinations:
{ platform:iOS Simulator, id:dvtdevice-DVTiOSDeviceSimulatorPlaceholder-iphonesimulator:placeholder, name:Any iOS Simulator Device }
{ platform:iOS Simulator, arch:arm64, id:E0A2DD22-1B80-4E9A-8CD0-1794E7F546CB, OS:18.4, name:iPad (A16) }
{ platform:iOS Simulator, arch:x86_64, id:E0A2DD22-1B80-4E9A-8CD0-1794E7F546CB, OS:18.4, name:iPad (A16) }
{ platform:iOS Simulator, arch:arm64, id:05E9E975-1D14-4CFB-9EC9-9B68E67E94FA, OS:18.4, name:iPad Air 11-inch (M3) }
{ platform:iOS Simulator, arch:x86_64, id:05E9E975-1D14-4CFB-9EC9-9B68E67E94FA, OS:18.4, name:iPad Air 11-inch (M3) }
{ platform:iOS Simulator, arch:arm64, id:4749C44E-5141-41D9-9436-0B8F5CBBAAB3, OS:18.4, name:iPad Air 13-inch (M3) }
{ platform:iOS Simulator, arch:x86_64, id:4749C44E-5141-41D9-9436-0B8F5CBBAAB3, OS:18.4, name:iPad Air 13-inch (M3) }
{ platform:iOS Simulator, arch:arm64, id:13E81B0A-C1C6-439D-9291-B7E2B822AD12, OS:18.4, name:iPad Pro 11-inch (M4) }
{ platform:iOS Simulator, arch:x86_64, id:13E81B0A-C1C6-439D-9291-B7E2B822AD12, OS:18.4, name:iPad Pro 11-inch (M4) }
{ platform:iOS Simulator, arch:arm64, id:7E192EB0-2200-4D04-A32A-49F33032033A, OS:18.4, name:iPad Pro 13-inch (M4) }
{ platform:iOS Simulator, arch:x86_64, id:7E192EB0-2200-4D04-A32A-49F33032033A, OS:18.4, name:iPad Pro 13-inch (M4) }
{ platform:iOS Simulator, arch:arm64, id:C4371198-8828-47A4-B50C-8C160C90B8AD, OS:18.4, name:iPad mini (A17 Pro) }
{ platform:iOS Simulator, arch:x86_64, id:C4371198-8828-47A4-B50C-8C160C90B8AD, OS:18.4, name:iPad mini (A17 Pro) }
{ platform:iOS Simulator, arch:arm64, id:76639EFE-CDF1-4DC4-A7B1-7BC6B6D2650B, OS:18.4, name:iPhone 16 }
{ platform:iOS Simulator, arch:x86_64, id:76639EFE-CDF1-4DC4-A7B1-7BC6B6D2650B, OS:18.4, name:iPhone 16 }
{ platform:iOS Simulator, arch:arm64, id:3204D6A7-9E48-46FE-BB4A-18E34A85692D, OS:18.4, name:iPhone 16 Plus }
{ platform:iOS Simulator, arch:x86_64, id:3204D6A7-9E48-46FE-BB4A-18E34A85692D, OS:18.4, name:iPhone 16 Plus }
{ platform:iOS Simulator, arch:arm64, id:45A3CF1C-6C9C-4C2B-85D6-C90D03DFE877, OS:18.4, name:iPhone 16 Pro }
{ platform:iOS Simulator, arch:x86_64, id:45A3CF1C-6C9C-4C2B-85D6-C90D03DFE877, OS:18.4, name:iPhone 16 Pro }
{ platform:iOS Simulator, arch:arm64, id:B109F0BC-B98B-4B8E-9308-3F660B38C01E, OS:18.4, name:iPhone 16 Pro Max }
{ platform:iOS Simulator, arch:x86_64, id:B109F0BC-B98B-4B8E-9308-3F660B38C01E, OS:18.4, name:iPhone 16 Pro Max }
{ platform:iOS Simulator, arch:arm64, id:0807AB7C-7869-442C-B714-78175269D3C9, OS:18.4, name:iPhone 16e }
{ platform:iOS Simulator, arch:x86_64, id:0807AB7C-7869-442C-B714-78175269D3C9, OS:18.4, name:iPhone 16e }
{ platform:macOS, arch:arm64, variant:Designed for [iPad,iPhone], id:00008132-000479083A85001C, name:My Mac }
{ platform:iOS, id:dvtdevice-DVTiPhonePlaceholder-iphoneos:placeholder, name:Any iOS Device }
ComputePackagePrebuildTargetDependencyGraph

Prepare packages

CreateBuildRequest

SendProjectDescription

CreateBuildOperation

ComputeTargetDependencyGraph
note: Building targets in dependency order
note: Target dependency graph (1 target)
    Target 'en01' in project 'en01' (no dependencies)

GatherProvisioningInputs

CreateBuildDescription

ExecuteExternalTool /Applications/Xcode.app/Contents/Developer/Toolchains/XcodeDefault.xctoolchain/usr/bin/clang -v -E -dM -isysroot /Applications/Xcode.app/Contents/Developer/Platforms/iPhoneSimulator.platform/Developer/SDKs/iPhoneSimulator18.4.sdk -x c -c /dev/null

ExecuteExternalTool /Applications/Xcode.app/Contents/Developer/usr/bin/momc --dry-run --action generate --swift-version 5.0 --sdkroot /Applications/Xcode.app/Contents/Developer/Platforms/iPhoneSimulator.platform/Developer/SDKs/iPhoneSimulator18.4.sdk --iphonesimulator-deployment-target 17.6 --module en01 /Users/tankonitk/Library/Mobile Documents/com~apple~CloudDocs/xcode/Crulish/en01/VocabularyTest.xcdatamodeld /Users/tankonitk/Library/Developer/Xcode/DerivedData/en01-ansyddkftxpufufiswdighzryqrt/Build/Intermediates.noindex/en01.build/Debug-iphonesimulator/en01.build/DerivedSources/CoreDataGenerated/VocabularyTest

ExecuteExternalTool /Applications/Xcode.app/Contents/Developer/usr/bin/actool --print-asset-tag-combinations --output-format xml1 /Users/tankonitk/Library/Mobile Documents/com~apple~CloudDocs/xcode/Crulish/en01/Assets.xcassets

ExecuteExternalTool /Applications/Xcode.app/Contents/Developer/usr/bin/actool --version --output-format xml1

ExecuteExternalTool /Applications/Xcode.app/Contents/Developer/Toolchains/XcodeDefault.xctoolchain/usr/bin/swiftc --version

ExecuteExternalTool /Applications/Xcode.app/Contents/Developer/Toolchains/XcodeDefault.xctoolchain/usr/bin/ld -version_details

Build description signature: 9e00c6d0e9d0aa8e8a69ceee5dd206dd
Build description path: /Users/tankonitk/Library/Developer/Xcode/DerivedData/en01-ansyddkftxpufufiswdighzryqrt/Build/Intermediates.noindex/XCBuildData/9e00c6d0e9d0aa8e8a69ceee5dd206dd.xcbuilddata
ClangStatCache /Applications/Xcode.app/Contents/Developer/Toolchains/XcodeDefault.xctoolchain/usr/bin/clang-stat-cache /Applications/Xcode.app/Contents/Developer/Platforms/iPhoneSimulator.platform/Developer/SDKs/iPhoneSimulator18.4.sdk /Users/tankonitk/Library/Developer/Xcode/DerivedData/SDKStatCaches.noindex/iphonesimulator18.4-22E235-71825a6d136aa4733edcbe86ece5525b.sdkstatcache
    cd /Users/tankonitk/Library/Mobile\ Documents/com\~apple\~CloudDocs/xcode/Crulish/en01.xcodeproj
    /Applications/Xcode.app/Contents/Developer/Toolchains/XcodeDefault.xctoolchain/usr/bin/clang-stat-cache /Applications/Xcode.app/Contents/Developer/Platforms/iPhoneSimulator.platform/Developer/SDKs/iPhoneSimulator18.4.sdk -o /Users/tankonitk/Library/Developer/Xcode/DerivedData/SDKStatCaches.noindex/iphonesimulator18.4-22E235-71825a6d136aa4733edcbe86ece5525b.sdkstatcache

WriteAuxiliaryFile /Users/tankonitk/Library/Developer/Xcode/DerivedData/en01-ansyddkftxpufufiswdighzryqrt/Build/Intermediates.noindex/en01.build/Debug-iphonesimulator/en01.build/en01-DebugDylibInstallName-normal-x86_64.txt (in target 'en01' from project 'en01')
    cd /Users/tankonitk/Library/Mobile\ Documents/com\~apple\~CloudDocs/xcode/Crulish
    write-file /Users/tankonitk/Library/Developer/Xcode/DerivedData/en01-ansyddkftxpufufiswdighzryqrt/Build/Intermediates.noindex/en01.build/Debug-iphonesimulator/en01.build/en01-DebugDylibInstallName-normal-x86_64.txt

WriteAuxiliaryFile /Users/tankonitk/Library/Developer/Xcode/DerivedData/en01-ansyddkftxpufufiswdighzryqrt/Build/Intermediates.noindex/en01.build/Debug-iphonesimulator/en01.build/en01-DebugDylibPath-normal-x86_64.txt (in target 'en01' from project 'en01')
    cd /Users/tankonitk/Library/Mobile\ Documents/com\~apple\~CloudDocs/xcode/Crulish
    write-file /Users/tankonitk/Library/Developer/Xcode/DerivedData/en01-ansyddkftxpufufiswdighzryqrt/Build/Intermediates.noindex/en01.build/Debug-iphonesimulator/en01.build/en01-DebugDylibPath-normal-x86_64.txt

WriteAuxiliaryFile /Users/tankonitk/Library/Developer/Xcode/DerivedData/en01-ansyddkftxpufufiswdighzryqrt/Build/Intermediates.noindex/en01.build/Debug-iphonesimulator/en01.build/Objects-normal/arm64/en01.SwiftFileList (in target 'en01' from project 'en01')
    cd /Users/tankonitk/Library/Mobile\ Documents/com\~apple\~CloudDocs/xcode/Crulish
    write-file /Users/tankonitk/Library/Developer/Xcode/DerivedData/en01-ansyddkftxpufufiswdighzryqrt/Build/Intermediates.noindex/en01.build/Debug-iphonesimulator/en01.build/Objects-normal/arm64/en01.SwiftFileList

WriteAuxiliaryFile /Users/tankonitk/Library/Developer/Xcode/DerivedData/en01-ansyddkftxpufufiswdighzryqrt/Build/Intermediates.noindex/en01.build/Debug-iphonesimulator/en01.build/Objects-normal/arm64/en01.SwiftConstValuesFileList (in target 'en01' from project 'en01')
    cd /Users/tankonitk/Library/Mobile\ Documents/com\~apple\~CloudDocs/xcode/Crulish
    write-file /Users/tankonitk/Library/Developer/Xcode/DerivedData/en01-ansyddkftxpufufiswdighzryqrt/Build/Intermediates.noindex/en01.build/Debug-iphonesimulator/en01.build/Objects-normal/arm64/en01.SwiftConstValuesFileList

WriteAuxiliaryFile /Users/tankonitk/Library/Developer/Xcode/DerivedData/en01-ansyddkftxpufufiswdighzryqrt/Build/Intermediates.noindex/en01.build/Debug-iphonesimulator/en01.build/Objects-normal/arm64/en01.LinkFileList (in target 'en01' from project 'en01')
    cd /Users/tankonitk/Library/Mobile\ Documents/com\~apple\~CloudDocs/xcode/Crulish
    write-file /Users/tankonitk/Library/Developer/Xcode/DerivedData/en01-ansyddkftxpufufiswdighzryqrt/Build/Intermediates.noindex/en01.build/Debug-iphonesimulator/en01.build/Objects-normal/arm64/en01.LinkFileList

WriteAuxiliaryFile /Users/tankonitk/Library/Developer/Xcode/DerivedData/en01-ansyddkftxpufufiswdighzryqrt/Build/Intermediates.noindex/en01.build/Debug-iphonesimulator/en01.build/Objects-normal/x86_64/en01.SwiftConstValuesFileList (in target 'en01' from project 'en01')
    cd /Users/tankonitk/Library/Mobile\ Documents/com\~apple\~CloudDocs/xcode/Crulish
    write-file /Users/tankonitk/Library/Developer/Xcode/DerivedData/en01-ansyddkftxpufufiswdighzryqrt/Build/Intermediates.noindex/en01.build/Debug-iphonesimulator/en01.build/Objects-normal/x86_64/en01.SwiftConstValuesFileList

WriteAuxiliaryFile /Users/tankonitk/Library/Developer/Xcode/DerivedData/en01-ansyddkftxpufufiswdighzryqrt/Build/Intermediates.noindex/en01.build/Debug-iphonesimulator/en01.build/Objects-normal/x86_64/en01_const_extract_protocols.json (in target 'en01' from project 'en01')
    cd /Users/tankonitk/Library/Mobile\ Documents/com\~apple\~CloudDocs/xcode/Crulish
    write-file /Users/tankonitk/Library/Developer/Xcode/DerivedData/en01-ansyddkftxpufufiswdighzryqrt/Build/Intermediates.noindex/en01.build/Debug-iphonesimulator/en01.build/Objects-normal/x86_64/en01_const_extract_protocols.json

WriteAuxiliaryFile /Users/tankonitk/Library/Developer/Xcode/DerivedData/en01-ansyddkftxpufufiswdighzryqrt/Build/Intermediates.noindex/en01.build/Debug-iphonesimulator/en01.build/Objects-normal/x86_64/en01.SwiftFileList (in target 'en01' from project 'en01')
    cd /Users/tankonitk/Library/Mobile\ Documents/com\~apple\~CloudDocs/xcode/Crulish
    write-file /Users/tankonitk/Library/Developer/Xcode/DerivedData/en01-ansyddkftxpufufiswdighzryqrt/Build/Intermediates.noindex/en01.build/Debug-iphonesimulator/en01.build/Objects-normal/x86_64/en01.SwiftFileList

WriteAuxiliaryFile /Users/tankonitk/Library/Developer/Xcode/DerivedData/en01-ansyddkftxpufufiswdighzryqrt/Build/Intermediates.noindex/en01.build/Debug-iphonesimulator/en01.build/Objects-normal/x86_64/en01-OutputFileMap.json (in target 'en01' from project 'en01')
    cd /Users/tankonitk/Library/Mobile\ Documents/com\~apple\~CloudDocs/xcode/Crulish
    write-file /Users/tankonitk/Library/Developer/Xcode/DerivedData/en01-ansyddkftxpufufiswdighzryqrt/Build/Intermediates.noindex/en01.build/Debug-iphonesimulator/en01.build/Objects-normal/x86_64/en01-OutputFileMap.json

WriteAuxiliaryFile /Users/tankonitk/Library/Developer/Xcode/DerivedData/en01-ansyddkftxpufufiswdighzryqrt/Build/Intermediates.noindex/en01.build/Debug-iphonesimulator/en01.build/Objects-normal/x86_64/en01.LinkFileList (in target 'en01' from project 'en01')
    cd /Users/tankonitk/Library/Mobile\ Documents/com\~apple\~CloudDocs/xcode/Crulish
    write-file /Users/tankonitk/Library/Developer/Xcode/DerivedData/en01-ansyddkftxpufufiswdighzryqrt/Build/Intermediates.noindex/en01.build/Debug-iphonesimulator/en01.build/Objects-normal/x86_64/en01.LinkFileList

ProcessProductPackaging /Users/tankonitk/Library/Mobile\ Documents/com~apple~CloudDocs/xcode/Crulish/en01/en01.entitlements /Users/tankonitk/Library/Developer/Xcode/DerivedData/en01-ansyddkftxpufufiswdighzryqrt/Build/Intermediates.noindex/en01.build/Debug-iphonesimulator/en01.build/en01.app.xcent (in target 'en01' from project 'en01')
    cd /Users/tankonitk/Library/Mobile\ Documents/com\~apple\~CloudDocs/xcode/Crulish
    
    Entitlements:
    
    {
}
    
    builtin-productPackagingUtility /Users/tankonitk/Library/Mobile\ Documents/com\~apple\~CloudDocs/xcode/Crulish/en01/en01.entitlements -entitlements -format xml -o /Users/tankonitk/Library/Developer/Xcode/DerivedData/en01-ansyddkftxpufufiswdighzryqrt/Build/Intermediates.noindex/en01.build/Debug-iphonesimulator/en01.build/en01.app.xcent

ProcessProductPackaging /Users/tankonitk/Library/Mobile\ Documents/com~apple~CloudDocs/xcode/Crulish/en01/en01.entitlements /Users/tankonitk/Library/Developer/Xcode/DerivedData/en01-ansyddkftxpufufiswdighzryqrt/Build/Intermediates.noindex/en01.build/Debug-iphonesimulator/en01.build/en01.app-Simulated.xcent (in target 'en01' from project 'en01')
    cd /Users/tankonitk/Library/Mobile\ Documents/com\~apple\~CloudDocs/xcode/Crulish
    
    Entitlements:
    
    {
    "application-identifier" = "6HRY9ZWA53.com.crulish.en01";
}
    
    builtin-productPackagingUtility /Users/tankonitk/Library/Mobile\ Documents/com\~apple\~CloudDocs/xcode/Crulish/en01/en01.entitlements -entitlements -format xml -o /Users/tankonitk/Library/Developer/Xcode/DerivedData/en01-ansyddkftxpufufiswdighzryqrt/Build/Intermediates.noindex/en01.build/Debug-iphonesimulator/en01.build/en01.app-Simulated.xcent

ProcessProductPackagingDER /Users/tankonitk/Library/Developer/Xcode/DerivedData/en01-ansyddkftxpufufiswdighzryqrt/Build/Intermediates.noindex/en01.build/Debug-iphonesimulator/en01.build/en01.app.xcent /Users/tankonitk/Library/Developer/Xcode/DerivedData/en01-ansyddkftxpufufiswdighzryqrt/Build/Intermediates.noindex/en01.build/Debug-iphonesimulator/en01.build/en01.app.xcent.der (in target 'en01' from project 'en01')
    cd /Users/tankonitk/Library/Mobile\ Documents/com\~apple\~CloudDocs/xcode/Crulish
    /usr/bin/derq query -f xml -i /Users/tankonitk/Library/Developer/Xcode/DerivedData/en01-ansyddkftxpufufiswdighzryqrt/Build/Intermediates.noindex/en01.build/Debug-iphonesimulator/en01.build/en01.app.xcent -o /Users/tankonitk/Library/Developer/Xcode/DerivedData/en01-ansyddkftxpufufiswdighzryqrt/Build/Intermediates.noindex/en01.build/Debug-iphonesimulator/en01.build/en01.app.xcent.der --raw

ProcessProductPackagingDER /Users/tankonitk/Library/Developer/Xcode/DerivedData/en01-ansyddkftxpufufiswdighzryqrt/Build/Intermediates.noindex/en01.build/Debug-iphonesimulator/en01.build/en01.app-Simulated.xcent /Users/tankonitk/Library/Developer/Xcode/DerivedData/en01-ansyddkftxpufufiswdighzryqrt/Build/Intermediates.noindex/en01.build/Debug-iphonesimulator/en01.build/en01.app-Simulated.xcent.der (in target 'en01' from project 'en01')
    cd /Users/tankonitk/Library/Mobile\ Documents/com\~apple\~CloudDocs/xcode/Crulish
    /usr/bin/derq query -f xml -i /Users/tankonitk/Library/Developer/Xcode/DerivedData/en01-ansyddkftxpufufiswdighzryqrt/Build/Intermediates.noindex/en01.build/Debug-iphonesimulator/en01.build/en01.app-Simulated.xcent -o /Users/tankonitk/Library/Developer/Xcode/DerivedData/en01-ansyddkftxpufufiswdighzryqrt/Build/Intermediates.noindex/en01.build/Debug-iphonesimulator/en01.build/en01.app-Simulated.xcent.der --raw

CpResource /Users/tankonitk/Library/Developer/Xcode/DerivedData/en01-ansyddkftxpufufiswdighzryqrt/Build/Products/Debug-iphonesimulator/en01.app/1998年-考研英语-真题.pdf /Users/tankonitk/Library/Mobile\ Documents/com~apple~CloudDocs/xcode/Crulish/en01/Resources/0/1998年-考研英语-真题.pdf (in target 'en01' from project 'en01')
    cd /Users/tankonitk/Library/Mobile\ Documents/com\~apple\~CloudDocs/xcode/Crulish
    builtin-copy -exclude .DS_Store -exclude CVS -exclude .svn -exclude .git -exclude .hg -resolve-src-symlinks /Users/tankonitk/Library/Mobile\ Documents/com\~apple\~CloudDocs/xcode/Crulish/en01/Resources/0/1998年-考研英语-真题.pdf /Users/tankonitk/Library/Developer/Xcode/DerivedData/en01-ansyddkftxpufufiswdighzryqrt/Build/Products/Debug-iphonesimulator/en01.app

CpResource /Users/tankonitk/Library/Developer/Xcode/DerivedData/en01-ansyddkftxpufufiswdighzryqrt/Build/Products/Debug-iphonesimulator/en01.app/2000年-考研英语-真题.pdf /Users/tankonitk/Library/Mobile\ Documents/com~apple~CloudDocs/xcode/Crulish/en01/Resources/0/2000年-考研英语-真题.pdf (in target 'en01' from project 'en01')
    cd /Users/tankonitk/Library/Mobile\ Documents/com\~apple\~CloudDocs/xcode/Crulish
    builtin-copy -exclude .DS_Store -exclude CVS -exclude .svn -exclude .git -exclude .hg -resolve-src-symlinks /Users/tankonitk/Library/Mobile\ Documents/com\~apple\~CloudDocs/xcode/Crulish/en01/Resources/0/2000年-考研英语-真题.pdf /Users/tankonitk/Library/Developer/Xcode/DerivedData/en01-ansyddkftxpufufiswdighzryqrt/Build/Products/Debug-iphonesimulator/en01.app

CpResource /Users/tankonitk/Library/Developer/Xcode/DerivedData/en01-ansyddkftxpufufiswdighzryqrt/Build/Products/Debug-iphonesimulator/en01.app/1999年-考研英语-真题.pdf /Users/tankonitk/Library/Mobile\ Documents/com~apple~CloudDocs/xcode/Crulish/en01/Resources/0/1999年-考研英语-真题.pdf (in target 'en01' from project 'en01')
    cd /Users/tankonitk/Library/Mobile\ Documents/com\~apple\~CloudDocs/xcode/Crulish
    builtin-copy -exclude .DS_Store -exclude CVS -exclude .svn -exclude .git -exclude .hg -resolve-src-symlinks /Users/tankonitk/Library/Mobile\ Documents/com\~apple\~CloudDocs/xcode/Crulish/en01/Resources/0/1999年-考研英语-真题.pdf /Users/tankonitk/Library/Developer/Xcode/DerivedData/en01-ansyddkftxpufufiswdighzryqrt/Build/Products/Debug-iphonesimulator/en01.app

CompileAssetCatalogVariant thinned /Users/tankonitk/Library/Developer/Xcode/DerivedData/en01-ansyddkftxpufufiswdighzryqrt/Build/Products/Debug-iphonesimulator/en01.app /Users/tankonitk/Library/Mobile\ Documents/com~apple~CloudDocs/xcode/Crulish/en01/Assets.xcassets (in target 'en01' from project 'en01')
    cd /Users/tankonitk/Library/Mobile\ Documents/com\~apple\~CloudDocs/xcode/Crulish
    /Applications/Xcode.app/Contents/Developer/usr/bin/actool /Users/tankonitk/Library/Mobile\ Documents/com\~apple\~CloudDocs/xcode/Crulish/en01/Assets.xcassets --compile /Users/tankonitk/Library/Developer/Xcode/DerivedData/en01-ansyddkftxpufufiswdighzryqrt/Build/Intermediates.noindex/en01.build/Debug-iphonesimulator/en01.build/assetcatalog_output/thinned --output-format human-readable-text --notices --warnings --export-dependency-info /Users/tankonitk/Library/Developer/Xcode/DerivedData/en01-ansyddkftxpufufiswdighzryqrt/Build/Intermediates.noindex/en01.build/Debug-iphonesimulator/en01.build/assetcatalog_dependencies_thinned --output-partial-info-plist /Users/tankonitk/Library/Developer/Xcode/DerivedData/en01-ansyddkftxpufufiswdighzryqrt/Build/Intermediates.noindex/en01.build/Debug-iphonesimulator/en01.build/assetcatalog_generated_info.plist_thinned --app-icon AppIcon --accent-color AccentColor --compress-pngs --enable-on-demand-resources YES --development-region en --target-device iphone --target-device ipad --minimum-deployment-target 17.6 --platform iphonesimulator
/* com.apple.actool.compilation-results */
/Users/tankonitk/Library/Developer/Xcode/DerivedData/en01-ansyddkftxpufufiswdighzryqrt/Build/Intermediates.noindex/en01.build/Debug-iphonesimulator/en01.build/assetcatalog_generated_info.plist_thinned


CpResource /Users/tankonitk/Library/Developer/Xcode/DerivedData/en01-ansyddkftxpufufiswdighzryqrt/Build/Products/Debug-iphonesimulator/en01.app/2001年-考研英语-真题.pdf /Users/tankonitk/Library/Mobile\ Documents/com~apple~CloudDocs/xcode/Crulish/en01/Resources/0/2001年-考研英语-真题.pdf (in target 'en01' from project 'en01')
    cd /Users/tankonitk/Library/Mobile\ Documents/com\~apple\~CloudDocs/xcode/Crulish
    builtin-copy -exclude .DS_Store -exclude CVS -exclude .svn -exclude .git -exclude .hg -resolve-src-symlinks /Users/tankonitk/Library/Mobile\ Documents/com\~apple\~CloudDocs/xcode/Crulish/en01/Resources/0/2001年-考研英语-真题.pdf /Users/tankonitk/Library/Developer/Xcode/DerivedData/en01-ansyddkftxpufufiswdighzryqrt/Build/Products/Debug-iphonesimulator/en01.app

CpResource /Users/tankonitk/Library/Developer/Xcode/DerivedData/en01-ansyddkftxpufufiswdighzryqrt/Build/Products/Debug-iphonesimulator/en01.app/2002年-考研英语-真题.pdf /Users/tankonitk/Library/Mobile\ Documents/com~apple~CloudDocs/xcode/Crulish/en01/Resources/0/2002年-考研英语-真题.pdf (in target 'en01' from project 'en01')
    cd /Users/tankonitk/Library/Mobile\ Documents/com\~apple\~CloudDocs/xcode/Crulish
    builtin-copy -exclude .DS_Store -exclude CVS -exclude .svn -exclude .git -exclude .hg -resolve-src-symlinks /Users/tankonitk/Library/Mobile\ Documents/com\~apple\~CloudDocs/xcode/Crulish/en01/Resources/0/2002年-考研英语-真题.pdf /Users/tankonitk/Library/Developer/Xcode/DerivedData/en01-ansyddkftxpufufiswdighzryqrt/Build/Products/Debug-iphonesimulator/en01.app

CpResource /Users/tankonitk/Library/Developer/Xcode/DerivedData/en01-ansyddkftxpufufiswdighzryqrt/Build/Products/Debug-iphonesimulator/en01.app/2007年-考研英语-真题.pdf /Users/tankonitk/Library/Mobile\ Documents/com~apple~CloudDocs/xcode/Crulish/en01/Resources/0/2007年-考研英语-真题.pdf (in target 'en01' from project 'en01')
    cd /Users/tankonitk/Library/Mobile\ Documents/com\~apple\~CloudDocs/xcode/Crulish
    builtin-copy -exclude .DS_Store -exclude CVS -exclude .svn -exclude .git -exclude .hg -resolve-src-symlinks /Users/tankonitk/Library/Mobile\ Documents/com\~apple\~CloudDocs/xcode/Crulish/en01/Resources/0/2007年-考研英语-真题.pdf /Users/tankonitk/Library/Developer/Xcode/DerivedData/en01-ansyddkftxpufufiswdighzryqrt/Build/Products/Debug-iphonesimulator/en01.app

CpResource /Users/tankonitk/Library/Developer/Xcode/DerivedData/en01-ansyddkftxpufufiswdighzryqrt/Build/Products/Debug-iphonesimulator/en01.app/2008年-考研英语-真题.pdf /Users/tankonitk/Library/Mobile\ Documents/com~apple~CloudDocs/xcode/Crulish/en01/Resources/0/2008年-考研英语-真题.pdf (in target 'en01' from project 'en01')
    cd /Users/tankonitk/Library/Mobile\ Documents/com\~apple\~CloudDocs/xcode/Crulish
    builtin-copy -exclude .DS_Store -exclude CVS -exclude .svn -exclude .git -exclude .hg -resolve-src-symlinks /Users/tankonitk/Library/Mobile\ Documents/com\~apple\~CloudDocs/xcode/Crulish/en01/Resources/0/2008年-考研英语-真题.pdf /Users/tankonitk/Library/Developer/Xcode/DerivedData/en01-ansyddkftxpufufiswdighzryqrt/Build/Products/Debug-iphonesimulator/en01.app

CpResource /Users/tankonitk/Library/Developer/Xcode/DerivedData/en01-ansyddkftxpufufiswdighzryqrt/Build/Products/Debug-iphonesimulator/en01.app/2017年-考研英语一-真题.pdf /Users/tankonitk/Library/Mobile\ Documents/com~apple~CloudDocs/xcode/Crulish/en01/Resources/1/2017年-考研英语一-真题.pdf (in target 'en01' from project 'en01')
    cd /Users/tankonitk/Library/Mobile\ Documents/com\~apple\~CloudDocs/xcode/Crulish
    builtin-copy -exclude .DS_Store -exclude CVS -exclude .svn -exclude .git -exclude .hg -resolve-src-symlinks /Users/tankonitk/Library/Mobile\ Documents/com\~apple\~CloudDocs/xcode/Crulish/en01/Resources/1/2017年-考研英语一-真题.pdf /Users/tankonitk/Library/Developer/Xcode/DerivedData/en01-ansyddkftxpufufiswdighzryqrt/Build/Products/Debug-iphonesimulator/en01.app

Ld /Users/tankonitk/Library/Developer/Xcode/DerivedData/en01-ansyddkftxpufufiswdighzryqrt/Build/Intermediates.noindex/en01.build/Debug-iphonesimulator/en01.build/Objects-normal/x86_64/Binary/__preview.dylib normal x86_64 (in target 'en01' from project 'en01')
    cd /Users/tankonitk/Library/Mobile\ Documents/com\~apple\~CloudDocs/xcode/Crulish
    /Applications/Xcode.app/Contents/Developer/Toolchains/XcodeDefault.xctoolchain/usr/bin/clang -Xlinker -reproducible -target x86_64-apple-ios17.6-simulator -dynamiclib -isysroot /Applications/Xcode.app/Contents/Developer/Platforms/iPhoneSimulator.platform/Developer/SDKs/iPhoneSimulator18.4.sdk -O0 -L/Users/tankonitk/Library/Developer/Xcode/DerivedData/en01-ansyddkftxpufufiswdighzryqrt/Build/Products/Debug-iphonesimulator -F/Users/tankonitk/Library/Developer/Xcode/DerivedData/en01-ansyddkftxpufufiswdighzryqrt/Build/Products/Debug-iphonesimulator -install_name @rpath/en01.debug.dylib -dead_strip -rdynamic -Xlinker -no_deduplicate -Xlinker -objc_abi_version -Xlinker 2 -Xlinker -debug_variant -Xlinker -dependency_info -Xlinker /Users/tankonitk/Library/Developer/Xcode/DerivedData/en01-ansyddkftxpufufiswdighzryqrt/Build/Intermediates.noindex/en01.build/Debug-iphonesimulator/en01.build/Objects-normal/x86_64/en01_dependency_info.dat -Xlinker -sectcreate -Xlinker __TEXT -Xlinker __entitlements -Xlinker /Users/tankonitk/Library/Developer/Xcode/DerivedData/en01-ansyddkftxpufufiswdighzryqrt/Build/Intermediates.noindex/en01.build/Debug-iphonesimulator/en01.build/en01.app-Simulated.xcent -Xlinker -sectcreate -Xlinker __TEXT -Xlinker __ents_der -Xlinker /Users/tankonitk/Library/Developer/Xcode/DerivedData/en01-ansyddkftxpufufiswdighzryqrt/Build/Intermediates.noindex/en01.build/Debug-iphonesimulator/en01.build/en01.app-Simulated.xcent.der -Xlinker -no_adhoc_codesign -o /Users/tankonitk/Library/Developer/Xcode/DerivedData/en01-ansyddkftxpufufiswdighzryqrt/Build/Intermediates.noindex/en01.build/Debug-iphonesimulator/en01.build/Objects-normal/x86_64/Binary/__preview.dylib

Ld /Users/tankonitk/Library/Developer/Xcode/DerivedData/en01-ansyddkftxpufufiswdighzryqrt/Build/Intermediates.noindex/en01.build/Debug-iphonesimulator/en01.build/Objects-normal/arm64/Binary/__preview.dylib normal arm64 (in target 'en01' from project 'en01')
    cd /Users/tankonitk/Library/Mobile\ Documents/com\~apple\~CloudDocs/xcode/Crulish
    /Applications/Xcode.app/Contents/Developer/Toolchains/XcodeDefault.xctoolchain/usr/bin/clang -Xlinker -reproducible -target arm64-apple-ios17.6-simulator -dynamiclib -isysroot /Applications/Xcode.app/Contents/Developer/Platforms/iPhoneSimulator.platform/Developer/SDKs/iPhoneSimulator18.4.sdk -O0 -L/Users/tankonitk/Library/Developer/Xcode/DerivedData/en01-ansyddkftxpufufiswdighzryqrt/Build/Products/Debug-iphonesimulator -F/Users/tankonitk/Library/Developer/Xcode/DerivedData/en01-ansyddkftxpufufiswdighzryqrt/Build/Products/Debug-iphonesimulator -install_name @rpath/en01.debug.dylib -dead_strip -rdynamic -Xlinker -no_deduplicate -Xlinker -objc_abi_version -Xlinker 2 -Xlinker -debug_variant -Xlinker -dependency_info -Xlinker /Users/tankonitk/Library/Developer/Xcode/DerivedData/en01-ansyddkftxpufufiswdighzryqrt/Build/Intermediates.noindex/en01.build/Debug-iphonesimulator/en01.build/Objects-normal/arm64/en01_dependency_info.dat -Xlinker -sectcreate -Xlinker __TEXT -Xlinker __entitlements -Xlinker /Users/tankonitk/Library/Developer/Xcode/DerivedData/en01-ansyddkftxpufufiswdighzryqrt/Build/Intermediates.noindex/en01.build/Debug-iphonesimulator/en01.build/en01.app-Simulated.xcent -Xlinker -sectcreate -Xlinker __TEXT -Xlinker __ents_der -Xlinker /Users/tankonitk/Library/Developer/Xcode/DerivedData/en01-ansyddkftxpufufiswdighzryqrt/Build/Intermediates.noindex/en01.build/Debug-iphonesimulator/en01.build/en01.app-Simulated.xcent.der -Xlinker -no_adhoc_codesign -o /Users/tankonitk/Library/Developer/Xcode/DerivedData/en01-ansyddkftxpufufiswdighzryqrt/Build/Intermediates.noindex/en01.build/Debug-iphonesimulator/en01.build/Objects-normal/arm64/Binary/__preview.dylib

CpResource /Users/tankonitk/Library/Developer/Xcode/DerivedData/en01-ansyddkftxpufufiswdighzryqrt/Build/Products/Debug-iphonesimulator/en01.app/word-popup.html /Users/tankonitk/Library/Mobile\ Documents/com~apple~CloudDocs/xcode/Crulish/en01/Resources/原型图/word-popup.html (in target 'en01' from project 'en01')
    cd /Users/tankonitk/Library/Mobile\ Documents/com\~apple\~CloudDocs/xcode/Crulish
    builtin-copy -exclude .DS_Store -exclude CVS -exclude .svn -exclude .git -exclude .hg -resolve-src-symlinks /Users/tankonitk/Library/Mobile\ Documents/com\~apple\~CloudDocs/xcode/Crulish/en01/Resources/原型图/word-popup.html /Users/tankonitk/Library/Developer/Xcode/DerivedData/en01-ansyddkftxpufufiswdighzryqrt/Build/Products/Debug-iphonesimulator/en01.app

GenerateAssetSymbols /Users/tankonitk/Library/Mobile\ Documents/com~apple~CloudDocs/xcode/Crulish/en01/Assets.xcassets (in target 'en01' from project 'en01')
    cd /Users/tankonitk/Library/Mobile\ Documents/com\~apple\~CloudDocs/xcode/Crulish
    /Applications/Xcode.app/Contents/Developer/usr/bin/actool /Users/tankonitk/Library/Mobile\ Documents/com\~apple\~CloudDocs/xcode/Crulish/en01/Assets.xcassets --compile /Users/tankonitk/Library/Developer/Xcode/DerivedData/en01-ansyddkftxpufufiswdighzryqrt/Build/Products/Debug-iphonesimulator/en01.app --output-format human-readable-text --notices --warnings --export-dependency-info /Users/tankonitk/Library/Developer/Xcode/DerivedData/en01-ansyddkftxpufufiswdighzryqrt/Build/Intermediates.noindex/en01.build/Debug-iphonesimulator/en01.build/assetcatalog_dependencies --output-partial-info-plist /Users/tankonitk/Library/Developer/Xcode/DerivedData/en01-ansyddkftxpufufiswdighzryqrt/Build/Intermediates.noindex/en01.build/Debug-iphonesimulator/en01.build/assetcatalog_generated_info.plist --app-icon AppIcon --accent-color AccentColor --compress-pngs --enable-on-demand-resources YES --development-region en --target-device iphone --target-device ipad --minimum-deployment-target 17.6 --platform iphonesimulator --bundle-identifier com.crulish.en01 --generate-swift-asset-symbols /Users/tankonitk/Library/Developer/Xcode/DerivedData/en01-ansyddkftxpufufiswdighzryqrt/Build/Intermediates.noindex/en01.build/Debug-iphonesimulator/en01.build/DerivedSources/GeneratedAssetSymbols.swift --generate-objc-asset-symbols /Users/tankonitk/Library/Developer/Xcode/DerivedData/en01-ansyddkftxpufufiswdighzryqrt/Build/Intermediates.noindex/en01.build/Debug-iphonesimulator/en01.build/DerivedSources/GeneratedAssetSymbols.h --generate-asset-symbol-index /Users/tankonitk/Library/Developer/Xcode/DerivedData/en01-ansyddkftxpufufiswdighzryqrt/Build/Intermediates.noindex/en01.build/Debug-iphonesimulator/en01.build/DerivedSources/GeneratedAssetSymbols-Index.plist
/* com.apple.actool.compilation-results */
/Users/tankonitk/Library/Developer/Xcode/DerivedData/en01-ansyddkftxpufufiswdighzryqrt/Build/Intermediates.noindex/en01.build/Debug-iphonesimulator/en01.build/DerivedSources/GeneratedAssetSymbols-Index.plist
/Users/tankonitk/Library/Developer/Xcode/DerivedData/en01-ansyddkftxpufufiswdighzryqrt/Build/Intermediates.noindex/en01.build/Debug-iphonesimulator/en01.build/DerivedSources/GeneratedAssetSymbols.h
/Users/tankonitk/Library/Developer/Xcode/DerivedData/en01-ansyddkftxpufufiswdighzryqrt/Build/Intermediates.noindex/en01.build/Debug-iphonesimulator/en01.build/DerivedSources/GeneratedAssetSymbols.swift


CpResource /Users/tankonitk/Library/Developer/Xcode/DerivedData/en01-ansyddkftxpufufiswdighzryqrt/Build/Products/Debug-iphonesimulator/en01.app/statistics.html /Users/tankonitk/Library/Mobile\ Documents/com~apple~CloudDocs/xcode/Crulish/en01/Resources/原型图/statistics.html (in target 'en01' from project 'en01')
    cd /Users/tankonitk/Library/Mobile\ Documents/com\~apple\~CloudDocs/xcode/Crulish
    builtin-copy -exclude .DS_Store -exclude CVS -exclude .svn -exclude .git -exclude .hg -resolve-src-symlinks /Users/tankonitk/Library/Mobile\ Documents/com\~apple\~CloudDocs/xcode/Crulish/en01/Resources/原型图/statistics.html /Users/tankonitk/Library/Developer/Xcode/DerivedData/en01-ansyddkftxpufufiswdighzryqrt/Build/Products/Debug-iphonesimulator/en01.app

CpResource /Users/tankonitk/Library/Developer/Xcode/DerivedData/en01-ansyddkftxpufufiswdighzryqrt/Build/Products/Debug-iphonesimulator/en01.app/settings.html /Users/tankonitk/Library/Mobile\ Documents/com~apple~CloudDocs/xcode/Crulish/en01/Resources/原型图/settings.html (in target 'en01' from project 'en01')
    cd /Users/tankonitk/Library/Mobile\ Documents/com\~apple\~CloudDocs/xcode/Crulish
    builtin-copy -exclude .DS_Store -exclude CVS -exclude .svn -exclude .git -exclude .hg -resolve-src-symlinks /Users/tankonitk/Library/Mobile\ Documents/com\~apple\~CloudDocs/xcode/Crulish/en01/Resources/原型图/settings.html /Users/tankonitk/Library/Developer/Xcode/DerivedData/en01-ansyddkftxpufufiswdighzryqrt/Build/Products/Debug-iphonesimulator/en01.app

CpResource /Users/tankonitk/Library/Developer/Xcode/DerivedData/en01-ansyddkftxpufufiswdighzryqrt/Build/Products/Debug-iphonesimulator/en01.app/kaoyan_articles.json /Users/tankonitk/Library/Mobile\ Documents/com~apple~CloudDocs/xcode/Crulish/en01/Resources/kaoyan_articles.json (in target 'en01' from project 'en01')
    cd /Users/tankonitk/Library/Mobile\ Documents/com\~apple\~CloudDocs/xcode/Crulish
    builtin-copy -exclude .DS_Store -exclude CVS -exclude .svn -exclude .git -exclude .hg -resolve-src-symlinks /Users/tankonitk/Library/Mobile\ Documents/com\~apple\~CloudDocs/xcode/Crulish/en01/Resources/kaoyan_articles.json /Users/tankonitk/Library/Developer/Xcode/DerivedData/en01-ansyddkftxpufufiswdighzryqrt/Build/Products/Debug-iphonesimulator/en01.app

CpResource /Users/tankonitk/Library/Developer/Xcode/DerivedData/en01-ansyddkftxpufufiswdighzryqrt/Build/Products/Debug-iphonesimulator/en01.app/index.html /Users/tankonitk/Library/Mobile\ Documents/com~apple~CloudDocs/xcode/Crulish/en01/Resources/原型图/index.html (in target 'en01' from project 'en01')
    cd /Users/tankonitk/Library/Mobile\ Documents/com\~apple\~CloudDocs/xcode/Crulish
    builtin-copy -exclude .DS_Store -exclude CVS -exclude .svn -exclude .git -exclude .hg -resolve-src-symlinks /Users/tankonitk/Library/Mobile\ Documents/com\~apple\~CloudDocs/xcode/Crulish/en01/Resources/原型图/index.html /Users/tankonitk/Library/Developer/Xcode/DerivedData/en01-ansyddkftxpufufiswdighzryqrt/Build/Products/Debug-iphonesimulator/en01.app

CpResource /Users/tankonitk/Library/Developer/Xcode/DerivedData/en01-ansyddkftxpufufiswdighzryqrt/Build/Products/Debug-iphonesimulator/en01.app/exam-papers.html /Users/tankonitk/Library/Mobile\ Documents/com~apple~CloudDocs/xcode/Crulish/en01/Resources/原型图/exam-papers.html (in target 'en01' from project 'en01')
    cd /Users/tankonitk/Library/Mobile\ Documents/com\~apple\~CloudDocs/xcode/Crulish
    builtin-copy -exclude .DS_Store -exclude CVS -exclude .svn -exclude .git -exclude .hg -resolve-src-symlinks /Users/tankonitk/Library/Mobile\ Documents/com\~apple\~CloudDocs/xcode/Crulish/en01/Resources/原型图/exam-papers.html /Users/tankonitk/Library/Developer/Xcode/DerivedData/en01-ansyddkftxpufufiswdighzryqrt/Build/Products/Debug-iphonesimulator/en01.app

CpResource /Users/tankonitk/Library/Developer/Xcode/DerivedData/en01-ansyddkftxpufufiswdighzryqrt/Build/Products/Debug-iphonesimulator/en01.app/exam-list.html /Users/tankonitk/Library/Mobile\ Documents/com~apple~CloudDocs/xcode/Crulish/en01/Resources/原型图/exam-list.html (in target 'en01' from project 'en01')
    cd /Users/tankonitk/Library/Mobile\ Documents/com\~apple\~CloudDocs/xcode/Crulish
    builtin-copy -exclude .DS_Store -exclude CVS -exclude .svn -exclude .git -exclude .hg -resolve-src-symlinks /Users/tankonitk/Library/Mobile\ Documents/com\~apple\~CloudDocs/xcode/Crulish/en01/Resources/原型图/exam-list.html /Users/tankonitk/Library/Developer/Xcode/DerivedData/en01-ansyddkftxpufufiswdighzryqrt/Build/Products/Debug-iphonesimulator/en01.app

CpResource /Users/tankonitk/Library/Developer/Xcode/DerivedData/en01-ansyddkftxpufufiswdighzryqrt/Build/Products/Debug-iphonesimulator/en01.app/home.html /Users/tankonitk/Library/Mobile\ Documents/com~apple~CloudDocs/xcode/Crulish/en01/Resources/原型图/home.html (in target 'en01' from project 'en01')
    cd /Users/tankonitk/Library/Mobile\ Documents/com\~apple\~CloudDocs/xcode/Crulish
    builtin-copy -exclude .DS_Store -exclude CVS -exclude .svn -exclude .git -exclude .hg -resolve-src-symlinks /Users/tankonitk/Library/Mobile\ Documents/com\~apple\~CloudDocs/xcode/Crulish/en01/Resources/原型图/home.html /Users/tankonitk/Library/Developer/Xcode/DerivedData/en01-ansyddkftxpufufiswdighzryqrt/Build/Products/Debug-iphonesimulator/en01.app

LinkAssetCatalog /Users/tankonitk/Library/Mobile\ Documents/com~apple~CloudDocs/xcode/Crulish/en01/Assets.xcassets (in target 'en01' from project 'en01')
    cd /Users/tankonitk/Library/Mobile\ Documents/com\~apple\~CloudDocs/xcode/Crulish
    builtin-linkAssetCatalog --thinned /Users/tankonitk/Library/Developer/Xcode/DerivedData/en01-ansyddkftxpufufiswdighzryqrt/Build/Intermediates.noindex/en01.build/Debug-iphonesimulator/en01.build/assetcatalog_output/thinned --thinned-dependencies /Users/tankonitk/Library/Developer/Xcode/DerivedData/en01-ansyddkftxpufufiswdighzryqrt/Build/Intermediates.noindex/en01.build/Debug-iphonesimulator/en01.build/assetcatalog_dependencies_thinned --thinned-info-plist-content /Users/tankonitk/Library/Developer/Xcode/DerivedData/en01-ansyddkftxpufufiswdighzryqrt/Build/Intermediates.noindex/en01.build/Debug-iphonesimulator/en01.build/assetcatalog_generated_info.plist_thinned --unthinned /Users/tankonitk/Library/Developer/Xcode/DerivedData/en01-ansyddkftxpufufiswdighzryqrt/Build/Intermediates.noindex/en01.build/Debug-iphonesimulator/en01.build/assetcatalog_output/unthinned --unthinned-dependencies /Users/tankonitk/Library/Developer/Xcode/DerivedData/en01-ansyddkftxpufufiswdighzryqrt/Build/Intermediates.noindex/en01.build/Debug-iphonesimulator/en01.build/assetcatalog_dependencies_unthinned --unthinned-info-plist-content /Users/tankonitk/Library/Developer/Xcode/DerivedData/en01-ansyddkftxpufufiswdighzryqrt/Build/Intermediates.noindex/en01.build/Debug-iphonesimulator/en01.build/assetcatalog_generated_info.plist_unthinned --output /Users/tankonitk/Library/Developer/Xcode/DerivedData/en01-ansyddkftxpufufiswdighzryqrt/Build/Products/Debug-iphonesimulator/en01.app --plist-output /Users/tankonitk/Library/Developer/Xcode/DerivedData/en01-ansyddkftxpufufiswdighzryqrt/Build/Intermediates.noindex/en01.build/Debug-iphonesimulator/en01.build/assetcatalog_generated_info.plist

CpResource /Users/tankonitk/Library/Developer/Xcode/DerivedData/en01-ansyddkftxpufufiswdighzryqrt/Build/Products/Debug-iphonesimulator/en01.app/dictionary.html /Users/tankonitk/Library/Mobile\ Documents/com~apple~CloudDocs/xcode/Crulish/en01/Resources/原型图/dictionary.html (in target 'en01' from project 'en01')
    cd /Users/tankonitk/Library/Mobile\ Documents/com\~apple\~CloudDocs/xcode/Crulish
    builtin-copy -exclude .DS_Store -exclude CVS -exclude .svn -exclude .git -exclude .hg -resolve-src-symlinks /Users/tankonitk/Library/Mobile\ Documents/com\~apple\~CloudDocs/xcode/Crulish/en01/Resources/原型图/dictionary.html /Users/tankonitk/Library/Developer/Xcode/DerivedData/en01-ansyddkftxpufufiswdighzryqrt/Build/Products/Debug-iphonesimulator/en01.app

ProcessInfoPlistFile /Users/tankonitk/Library/Developer/Xcode/DerivedData/en01-ansyddkftxpufufiswdighzryqrt/Build/Products/Debug-iphonesimulator/en01.app/Info.plist /Users/tankonitk/Library/Mobile\ Documents/com~apple~CloudDocs/xcode/Crulish/en01/Info.plist (in target 'en01' from project 'en01')
    cd /Users/tankonitk/Library/Mobile\ Documents/com\~apple\~CloudDocs/xcode/Crulish
    builtin-infoPlistUtility /Users/tankonitk/Library/Mobile\ Documents/com\~apple\~CloudDocs/xcode/Crulish/en01/Info.plist -producttype com.apple.product-type.application -genpkginfo /Users/tankonitk/Library/Developer/Xcode/DerivedData/en01-ansyddkftxpufufiswdighzryqrt/Build/Products/Debug-iphonesimulator/en01.app/PkgInfo -expandbuildsettings -format binary -platform iphonesimulator -additionalcontentfile /Users/tankonitk/Library/Developer/Xcode/DerivedData/en01-ansyddkftxpufufiswdighzryqrt/Build/Intermediates.noindex/en01.build/Debug-iphonesimulator/en01.build/assetcatalog_generated_info.plist -o /Users/tankonitk/Library/Developer/Xcode/DerivedData/en01-ansyddkftxpufufiswdighzryqrt/Build/Products/Debug-iphonesimulator/en01.app/Info.plist

CpResource /Users/tankonitk/Library/Developer/Xcode/DerivedData/en01-ansyddkftxpufufiswdighzryqrt/Build/Products/Debug-iphonesimulator/en01.app/build_test.log /Users/tankonitk/Library/Mobile\ Documents/com~apple~CloudDocs/xcode/Crulish/en01/build_test.log (in target 'en01' from project 'en01')
    cd /Users/tankonitk/Library/Mobile\ Documents/com\~apple\~CloudDocs/xcode/Crulish
    builtin-copy -exclude .DS_Store -exclude CVS -exclude .svn -exclude .git -exclude .hg -resolve-src-symlinks /Users/tankonitk/Library/Mobile\ Documents/com\~apple\~CloudDocs/xcode/Crulish/en01/build_test.log /Users/tankonitk/Library/Developer/Xcode/DerivedData/en01-ansyddkftxpufufiswdighzryqrt/Build/Products/Debug-iphonesimulator/en01.app

CpResource /Users/tankonitk/Library/Developer/Xcode/DerivedData/en01-ansyddkftxpufufiswdighzryqrt/Build/Products/Debug-iphonesimulator/en01.app/build_result.txt /Users/tankonitk/Library/Mobile\ Documents/com~apple~CloudDocs/xcode/Crulish/en01/build_result.txt (in target 'en01' from project 'en01')
    cd /Users/tankonitk/Library/Mobile\ Documents/com\~apple\~CloudDocs/xcode/Crulish
    builtin-copy -exclude .DS_Store -exclude CVS -exclude .svn -exclude .git -exclude .hg -resolve-src-symlinks /Users/tankonitk/Library/Mobile\ Documents/com\~apple\~CloudDocs/xcode/Crulish/en01/build_result.txt /Users/tankonitk/Library/Developer/Xcode/DerivedData/en01-ansyddkftxpufufiswdighzryqrt/Build/Products/Debug-iphonesimulator/en01.app

CpResource /Users/tankonitk/Library/Developer/Xcode/DerivedData/en01-ansyddkftxpufufiswdighzryqrt/Build/Products/Debug-iphonesimulator/en01.app/build_output_latest.txt /Users/tankonitk/Library/Mobile\ Documents/com~apple~CloudDocs/xcode/Crulish/en01/build_output_latest.txt (in target 'en01' from project 'en01')
    cd /Users/tankonitk/Library/Mobile\ Documents/com\~apple\~CloudDocs/xcode/Crulish
    builtin-copy -exclude .DS_Store -exclude CVS -exclude .svn -exclude .git -exclude .hg -resolve-src-symlinks /Users/tankonitk/Library/Mobile\ Documents/com\~apple\~CloudDocs/xcode/Crulish/en01/build_output_latest.txt /Users/tankonitk/Library/Developer/Xcode/DerivedData/en01-ansyddkftxpufufiswdighzryqrt/Build/Products/Debug-iphonesimulator/en01.app

CpResource /Users/tankonitk/Library/Developer/Xcode/DerivedData/en01-ansyddkftxpufufiswdighzryqrt/Build/Products/Debug-iphonesimulator/en01.app/build_final_verification.txt /Users/tankonitk/Library/Mobile\ Documents/com~apple~CloudDocs/xcode/Crulish/en01/build_final_verification.txt (in target 'en01' from project 'en01')
    cd /Users/tankonitk/Library/Mobile\ Documents/com\~apple\~CloudDocs/xcode/Crulish
    builtin-copy -exclude .DS_Store -exclude CVS -exclude .svn -exclude .git -exclude .hg -resolve-src-symlinks /Users/tankonitk/Library/Mobile\ Documents/com\~apple\~CloudDocs/xcode/Crulish/en01/build_final_verification.txt /Users/tankonitk/Library/Developer/Xcode/DerivedData/en01-ansyddkftxpufufiswdighzryqrt/Build/Products/Debug-iphonesimulator/en01.app

CpResource /Users/tankonitk/Library/Developer/Xcode/DerivedData/en01-ansyddkftxpufufiswdighzryqrt/Build/Products/Debug-iphonesimulator/en01.app/build_final_test.txt /Users/tankonitk/Library/Mobile\ Documents/com~apple~CloudDocs/xcode/Crulish/en01/build_final_test.txt (in target 'en01' from project 'en01')
    cd /Users/tankonitk/Library/Mobile\ Documents/com\~apple\~CloudDocs/xcode/Crulish
    builtin-copy -exclude .DS_Store -exclude CVS -exclude .svn -exclude .git -exclude .hg -resolve-src-symlinks /Users/tankonitk/Library/Mobile\ Documents/com\~apple\~CloudDocs/xcode/Crulish/en01/build_final_test.txt /Users/tankonitk/Library/Developer/Xcode/DerivedData/en01-ansyddkftxpufufiswdighzryqrt/Build/Products/Debug-iphonesimulator/en01.app

CpResource /Users/tankonitk/Library/Developer/Xcode/DerivedData/en01-ansyddkftxpufufiswdighzryqrt/Build/Products/Debug-iphonesimulator/en01.app/build_final_fix.txt /Users/tankonitk/Library/Mobile\ Documents/com~apple~CloudDocs/xcode/Crulish/en01/build_final_fix.txt (in target 'en01' from project 'en01')
    cd /Users/tankonitk/Library/Mobile\ Documents/com\~apple\~CloudDocs/xcode/Crulish
    builtin-copy -exclude .DS_Store -exclude CVS -exclude .svn -exclude .git -exclude .hg -resolve-src-symlinks /Users/tankonitk/Library/Mobile\ Documents/com\~apple\~CloudDocs/xcode/Crulish/en01/build_final_fix.txt /Users/tankonitk/Library/Developer/Xcode/DerivedData/en01-ansyddkftxpufufiswdighzryqrt/Build/Products/Debug-iphonesimulator/en01.app

CpResource /Users/tankonitk/Library/Developer/Xcode/DerivedData/en01-ansyddkftxpufufiswdighzryqrt/Build/Products/Debug-iphonesimulator/en01.app/build_errors.log /Users/tankonitk/Library/Mobile\ Documents/com~apple~CloudDocs/xcode/Crulish/en01/build_errors.log (in target 'en01' from project 'en01')
    cd /Users/tankonitk/Library/Mobile\ Documents/com\~apple\~CloudDocs/xcode/Crulish
    builtin-copy -exclude .DS_Store -exclude CVS -exclude .svn -exclude .git -exclude .hg -resolve-src-symlinks /Users/tankonitk/Library/Mobile\ Documents/com\~apple\~CloudDocs/xcode/Crulish/en01/build_errors.log /Users/tankonitk/Library/Developer/Xcode/DerivedData/en01-ansyddkftxpufufiswdighzryqrt/Build/Products/Debug-iphonesimulator/en01.app

CpResource /Users/tankonitk/Library/Developer/Xcode/DerivedData/en01-ansyddkftxpufufiswdighzryqrt/Build/Products/Debug-iphonesimulator/en01.app/build_error_latest.txt /Users/tankonitk/Library/Mobile\ Documents/com~apple~CloudDocs/xcode/Crulish/en01/build_error_latest.txt (in target 'en01' from project 'en01')
    cd /Users/tankonitk/Library/Mobile\ Documents/com\~apple\~CloudDocs/xcode/Crulish
    builtin-copy -exclude .DS_Store -exclude CVS -exclude .svn -exclude .git -exclude .hg -resolve-src-symlinks /Users/tankonitk/Library/Mobile\ Documents/com\~apple\~CloudDocs/xcode/Crulish/en01/build_error_latest.txt /Users/tankonitk/Library/Developer/Xcode/DerivedData/en01-ansyddkftxpufufiswdighzryqrt/Build/Products/Debug-iphonesimulator/en01.app

CpResource /Users/tankonitk/Library/Developer/Xcode/DerivedData/en01-ansyddkftxpufufiswdighzryqrt/Build/Products/Debug-iphonesimulator/en01.app/build_error_final.txt /Users/tankonitk/Library/Mobile\ Documents/com~apple~CloudDocs/xcode/Crulish/en01/build_error_final.txt (in target 'en01' from project 'en01')
    cd /Users/tankonitk/Library/Mobile\ Documents/com\~apple\~CloudDocs/xcode/Crulish
    builtin-copy -exclude .DS_Store -exclude CVS -exclude .svn -exclude .git -exclude .hg -resolve-src-symlinks /Users/tankonitk/Library/Mobile\ Documents/com\~apple\~CloudDocs/xcode/Crulish/en01/build_error_final.txt /Users/tankonitk/Library/Developer/Xcode/DerivedData/en01-ansyddkftxpufufiswdighzryqrt/Build/Products/Debug-iphonesimulator/en01.app

CpResource /Users/tankonitk/Library/Developer/Xcode/DerivedData/en01-ansyddkftxpufufiswdighzryqrt/Build/Products/Debug-iphonesimulator/en01.app/build_error_corrected.txt /Users/tankonitk/Library/Mobile\ Documents/com~apple~CloudDocs/xcode/Crulish/en01/build_error_corrected.txt (in target 'en01' from project 'en01')
    cd /Users/tankonitk/Library/Mobile\ Documents/com\~apple\~CloudDocs/xcode/Crulish
    builtin-copy -exclude .DS_Store -exclude CVS -exclude .svn -exclude .git -exclude .hg -resolve-src-symlinks /Users/tankonitk/Library/Mobile\ Documents/com\~apple\~CloudDocs/xcode/Crulish/en01/build_error_corrected.txt /Users/tankonitk/Library/Developer/Xcode/DerivedData/en01-ansyddkftxpufufiswdighzryqrt/Build/Products/Debug-iphonesimulator/en01.app

CpResource /Users/tankonitk/Library/Developer/Xcode/DerivedData/en01-ansyddkftxpufufiswdighzryqrt/Build/Products/Debug-iphonesimulator/en01.app/article.html /Users/tankonitk/Library/Mobile\ Documents/com~apple~CloudDocs/xcode/Crulish/en01/Resources/原型图/article.html (in target 'en01' from project 'en01')
    cd /Users/tankonitk/Library/Mobile\ Documents/com\~apple\~CloudDocs/xcode/Crulish
    builtin-copy -exclude .DS_Store -exclude CVS -exclude .svn -exclude .git -exclude .hg -resolve-src-symlinks /Users/tankonitk/Library/Mobile\ Documents/com\~apple\~CloudDocs/xcode/Crulish/en01/Resources/原型图/article.html /Users/tankonitk/Library/Developer/Xcode/DerivedData/en01-ansyddkftxpufufiswdighzryqrt/Build/Products/Debug-iphonesimulator/en01.app

CpResource /Users/tankonitk/Library/Developer/Xcode/DerivedData/en01-ansyddkftxpufufiswdighzryqrt/Build/Products/Debug-iphonesimulator/en01.app/app_launch.log /Users/tankonitk/Library/Mobile\ Documents/com~apple~CloudDocs/xcode/Crulish/en01/app_launch.log (in target 'en01' from project 'en01')
    cd /Users/tankonitk/Library/Mobile\ Documents/com\~apple\~CloudDocs/xcode/Crulish
    builtin-copy -exclude .DS_Store -exclude CVS -exclude .svn -exclude .git -exclude .hg -resolve-src-symlinks /Users/tankonitk/Library/Mobile\ Documents/com\~apple\~CloudDocs/xcode/Crulish/en01/app_launch.log /Users/tankonitk/Library/Developer/Xcode/DerivedData/en01-ansyddkftxpufufiswdighzryqrt/Build/Products/Debug-iphonesimulator/en01.app

CpResource /Users/tankonitk/Library/Developer/Xcode/DerivedData/en01-ansyddkftxpufufiswdighzryqrt/Build/Products/Debug-iphonesimulator/en01.app/KaoYanluan_1.json /Users/tankonitk/Library/Mobile\ Documents/com~apple~CloudDocs/xcode/Crulish/en01/Resources/dict/KaoYanluan_1.json (in target 'en01' from project 'en01')
    cd /Users/tankonitk/Library/Mobile\ Documents/com\~apple\~CloudDocs/xcode/Crulish
    builtin-copy -exclude .DS_Store -exclude CVS -exclude .svn -exclude .git -exclude .hg -resolve-src-symlinks /Users/tankonitk/Library/Mobile\ Documents/com\~apple\~CloudDocs/xcode/Crulish/en01/Resources/dict/KaoYanluan_1.json /Users/tankonitk/Library/Developer/Xcode/DerivedData/en01-ansyddkftxpufufiswdighzryqrt/Build/Products/Debug-iphonesimulator/en01.app

CpResource /Users/tankonitk/Library/Developer/Xcode/DerivedData/en01-ansyddkftxpufufiswdighzryqrt/Build/Products/Debug-iphonesimulator/en01.app/KaoYan_3.json /Users/tankonitk/Library/Mobile\ Documents/com~apple~CloudDocs/xcode/Crulish/en01/Resources/dict/KaoYan_3.json (in target 'en01' from project 'en01')
    cd /Users/tankonitk/Library/Mobile\ Documents/com\~apple\~CloudDocs/xcode/Crulish
    builtin-copy -exclude .DS_Store -exclude CVS -exclude .svn -exclude .git -exclude .hg -resolve-src-symlinks /Users/tankonitk/Library/Mobile\ Documents/com\~apple\~CloudDocs/xcode/Crulish/en01/Resources/dict/KaoYan_3.json /Users/tankonitk/Library/Developer/Xcode/DerivedData/en01-ansyddkftxpufufiswdighzryqrt/Build/Products/Debug-iphonesimulator/en01.app

CpResource /Users/tankonitk/Library/Developer/Xcode/DerivedData/en01-ansyddkftxpufufiswdighzryqrt/Build/Products/Debug-iphonesimulator/en01.app/KaoYan_2.json /Users/tankonitk/Library/Mobile\ Documents/com~apple~CloudDocs/xcode/Crulish/en01/Resources/dict/KaoYan_2.json (in target 'en01' from project 'en01')
    cd /Users/tankonitk/Library/Mobile\ Documents/com\~apple\~CloudDocs/xcode/Crulish
    builtin-copy -exclude .DS_Store -exclude CVS -exclude .svn -exclude .git -exclude .hg -resolve-src-symlinks /Users/tankonitk/Library/Mobile\ Documents/com\~apple\~CloudDocs/xcode/Crulish/en01/Resources/dict/KaoYan_2.json /Users/tankonitk/Library/Developer/Xcode/DerivedData/en01-ansyddkftxpufufiswdighzryqrt/Build/Products/Debug-iphonesimulator/en01.app

CpResource /Users/tankonitk/Library/Developer/Xcode/DerivedData/en01-ansyddkftxpufufiswdighzryqrt/Build/Products/Debug-iphonesimulator/en01.app/KaoYan_1.json /Users/tankonitk/Library/Mobile\ Documents/com~apple~CloudDocs/xcode/Crulish/en01/Resources/dict/KaoYan_1.json (in target 'en01' from project 'en01')
    cd /Users/tankonitk/Library/Mobile\ Documents/com\~apple\~CloudDocs/xcode/Crulish
    builtin-copy -exclude .DS_Store -exclude CVS -exclude .svn -exclude .git -exclude .hg -resolve-src-symlinks /Users/tankonitk/Library/Mobile\ Documents/com\~apple\~CloudDocs/xcode/Crulish/en01/Resources/dict/KaoYan_1.json /Users/tankonitk/Library/Developer/Xcode/DerivedData/en01-ansyddkftxpufufiswdighzryqrt/Build/Products/Debug-iphonesimulator/en01.app

CpResource /Users/tankonitk/Library/Developer/Xcode/DerivedData/en01-ansyddkftxpufufiswdighzryqrt/Build/Products/Debug-iphonesimulator/en01.app/GEN_2009_Section_I_Use\ of\ English.md /Users/tankonitk/Library/Mobile\ Documents/com~apple~CloudDocs/xcode/Crulish/en01/Resources/solo/通用/2009/GEN_2009_Section_I_Use\ of\ English.md (in target 'en01' from project 'en01')
    cd /Users/tankonitk/Library/Mobile\ Documents/com\~apple\~CloudDocs/xcode/Crulish
    builtin-copy -exclude .DS_Store -exclude CVS -exclude .svn -exclude .git -exclude .hg -resolve-src-symlinks /Users/tankonitk/Library/Mobile\ Documents/com\~apple\~CloudDocs/xcode/Crulish/en01/Resources/solo/通用/2009/GEN_2009_Section_I_Use\ of\ English.md /Users/tankonitk/Library/Developer/Xcode/DerivedData/en01-ansyddkftxpufufiswdighzryqrt/Build/Products/Debug-iphonesimulator/en01.app

CpResource /Users/tankonitk/Library/Developer/Xcode/DerivedData/en01-ansyddkftxpufufiswdighzryqrt/Build/Products/Debug-iphonesimulator/en01.app/GEN_2009_Section_II_Reading_Comprehension_Part_C.md /Users/tankonitk/Library/Mobile\ Documents/com~apple~CloudDocs/xcode/Crulish/en01/Resources/solo/通用/2009/GEN_2009_Section_II_Reading_Comprehension_Part_C.md (in target 'en01' from project 'en01')
    cd /Users/tankonitk/Library/Mobile\ Documents/com\~apple\~CloudDocs/xcode/Crulish
    builtin-copy -exclude .DS_Store -exclude CVS -exclude .svn -exclude .git -exclude .hg -resolve-src-symlinks /Users/tankonitk/Library/Mobile\ Documents/com\~apple\~CloudDocs/xcode/Crulish/en01/Resources/solo/通用/2009/GEN_2009_Section_II_Reading_Comprehension_Part_C.md /Users/tankonitk/Library/Developer/Xcode/DerivedData/en01-ansyddkftxpufufiswdighzryqrt/Build/Products/Debug-iphonesimulator/en01.app

CpResource /Users/tankonitk/Library/Developer/Xcode/DerivedData/en01-ansyddkftxpufufiswdighzryqrt/Build/Products/Debug-iphonesimulator/en01.app/GEN_2009_Section_II_Reading_Comprehension_Part_B.md /Users/tankonitk/Library/Mobile\ Documents/com~apple~CloudDocs/xcode/Crulish/en01/Resources/solo/通用/2009/GEN_2009_Section_II_Reading_Comprehension_Part_B.md (in target 'en01' from project 'en01')
    cd /Users/tankonitk/Library/Mobile\ Documents/com\~apple\~CloudDocs/xcode/Crulish
    builtin-copy -exclude .DS_Store -exclude CVS -exclude .svn -exclude .git -exclude .hg -resolve-src-symlinks /Users/tankonitk/Library/Mobile\ Documents/com\~apple\~CloudDocs/xcode/Crulish/en01/Resources/solo/通用/2009/GEN_2009_Section_II_Reading_Comprehension_Part_B.md /Users/tankonitk/Library/Developer/Xcode/DerivedData/en01-ansyddkftxpufufiswdighzryqrt/Build/Products/Debug-iphonesimulator/en01.app

CpResource /Users/tankonitk/Library/Developer/Xcode/DerivedData/en01-ansyddkftxpufufiswdighzryqrt/Build/Products/Debug-iphonesimulator/en01.app/GEN_2009_Section_II_Reading\ Comprehension_Part\ A_Text_4.md /Users/tankonitk/Library/Mobile\ Documents/com~apple~CloudDocs/xcode/Crulish/en01/Resources/solo/通用/2009/GEN_2009_Section_II_Reading\ Comprehension_Part\ A_Text_4.md (in target 'en01' from project 'en01')
    cd /Users/tankonitk/Library/Mobile\ Documents/com\~apple\~CloudDocs/xcode/Crulish
    builtin-copy -exclude .DS_Store -exclude CVS -exclude .svn -exclude .git -exclude .hg -resolve-src-symlinks /Users/tankonitk/Library/Mobile\ Documents/com\~apple\~CloudDocs/xcode/Crulish/en01/Resources/solo/通用/2009/GEN_2009_Section_II_Reading\ Comprehension_Part\ A_Text_4.md /Users/tankonitk/Library/Developer/Xcode/DerivedData/en01-ansyddkftxpufufiswdighzryqrt/Build/Products/Debug-iphonesimulator/en01.app

CpResource /Users/tankonitk/Library/Developer/Xcode/DerivedData/en01-ansyddkftxpufufiswdighzryqrt/Build/Products/Debug-iphonesimulator/en01.app/GEN_2009_Section_II_Reading\ Comprehension_Part\ A_Text_3.md /Users/tankonitk/Library/Mobile\ Documents/com~apple~CloudDocs/xcode/Crulish/en01/Resources/solo/通用/2009/GEN_2009_Section_II_Reading\ Comprehension_Part\ A_Text_3.md (in target 'en01' from project 'en01')
    cd /Users/tankonitk/Library/Mobile\ Documents/com\~apple\~CloudDocs/xcode/Crulish
    builtin-copy -exclude .DS_Store -exclude CVS -exclude .svn -exclude .git -exclude .hg -resolve-src-symlinks /Users/tankonitk/Library/Mobile\ Documents/com\~apple\~CloudDocs/xcode/Crulish/en01/Resources/solo/通用/2009/GEN_2009_Section_II_Reading\ Comprehension_Part\ A_Text_3.md /Users/tankonitk/Library/Developer/Xcode/DerivedData/en01-ansyddkftxpufufiswdighzryqrt/Build/Products/Debug-iphonesimulator/en01.app

CpResource /Users/tankonitk/Library/Developer/Xcode/DerivedData/en01-ansyddkftxpufufiswdighzryqrt/Build/Products/Debug-iphonesimulator/en01.app/GEN_2009_Section_II_Reading\ Comprehension_Part\ A_Text_2.md /Users/tankonitk/Library/Mobile\ Documents/com~apple~CloudDocs/xcode/Crulish/en01/Resources/solo/通用/2009/GEN_2009_Section_II_Reading\ Comprehension_Part\ A_Text_2.md (in target 'en01' from project 'en01')
    cd /Users/tankonitk/Library/Mobile\ Documents/com\~apple\~CloudDocs/xcode/Crulish
    builtin-copy -exclude .DS_Store -exclude CVS -exclude .svn -exclude .git -exclude .hg -resolve-src-symlinks /Users/tankonitk/Library/Mobile\ Documents/com\~apple\~CloudDocs/xcode/Crulish/en01/Resources/solo/通用/2009/GEN_2009_Section_II_Reading\ Comprehension_Part\ A_Text_2.md /Users/tankonitk/Library/Developer/Xcode/DerivedData/en01-ansyddkftxpufufiswdighzryqrt/Build/Products/Debug-iphonesimulator/en01.app

CpResource /Users/tankonitk/Library/Developer/Xcode/DerivedData/en01-ansyddkftxpufufiswdighzryqrt/Build/Products/Debug-iphonesimulator/en01.app/GEN_2009_Section_II_Reading\ Comprehension_Part\ A_Text_1.md /Users/tankonitk/Library/Mobile\ Documents/com~apple~CloudDocs/xcode/Crulish/en01/Resources/solo/通用/2009/GEN_2009_Section_II_Reading\ Comprehension_Part\ A_Text_1.md (in target 'en01' from project 'en01')
    cd /Users/tankonitk/Library/Mobile\ Documents/com\~apple\~CloudDocs/xcode/Crulish
    builtin-copy -exclude .DS_Store -exclude CVS -exclude .svn -exclude .git -exclude .hg -resolve-src-symlinks /Users/tankonitk/Library/Mobile\ Documents/com\~apple\~CloudDocs/xcode/Crulish/en01/Resources/solo/通用/2009/GEN_2009_Section_II_Reading\ Comprehension_Part\ A_Text_1.md /Users/tankonitk/Library/Developer/Xcode/DerivedData/en01-ansyddkftxpufufiswdighzryqrt/Build/Products/Debug-iphonesimulator/en01.app

CpResource /Users/tankonitk/Library/Developer/Xcode/DerivedData/en01-ansyddkftxpufufiswdighzryqrt/Build/Products/Debug-iphonesimulator/en01.app/GEN_2008_Section_I_Use\ of\ English.md /Users/tankonitk/Library/Mobile\ Documents/com~apple~CloudDocs/xcode/Crulish/en01/Resources/solo/通用/2008/GEN_2008_Section_I_Use\ of\ English.md (in target 'en01' from project 'en01')
    cd /Users/tankonitk/Library/Mobile\ Documents/com\~apple\~CloudDocs/xcode/Crulish
    builtin-copy -exclude .DS_Store -exclude CVS -exclude .svn -exclude .git -exclude .hg -resolve-src-symlinks /Users/tankonitk/Library/Mobile\ Documents/com\~apple\~CloudDocs/xcode/Crulish/en01/Resources/solo/通用/2008/GEN_2008_Section_I_Use\ of\ English.md /Users/tankonitk/Library/Developer/Xcode/DerivedData/en01-ansyddkftxpufufiswdighzryqrt/Build/Products/Debug-iphonesimulator/en01.app

CpResource /Users/tankonitk/Library/Developer/Xcode/DerivedData/en01-ansyddkftxpufufiswdighzryqrt/Build/Products/Debug-iphonesimulator/en01.app/GEN_2009_Section_III_Writing.md /Users/tankonitk/Library/Mobile\ Documents/com~apple~CloudDocs/xcode/Crulish/en01/Resources/solo/通用/2009/GEN_2009_Section_III_Writing.md (in target 'en01' from project 'en01')
    cd /Users/tankonitk/Library/Mobile\ Documents/com\~apple\~CloudDocs/xcode/Crulish
    builtin-copy -exclude .DS_Store -exclude CVS -exclude .svn -exclude .git -exclude .hg -resolve-src-symlinks /Users/tankonitk/Library/Mobile\ Documents/com\~apple\~CloudDocs/xcode/Crulish/en01/Resources/solo/通用/2009/GEN_2009_Section_III_Writing.md /Users/tankonitk/Library/Developer/Xcode/DerivedData/en01-ansyddkftxpufufiswdighzryqrt/Build/Products/Debug-iphonesimulator/en01.app

CpResource /Users/tankonitk/Library/Developer/Xcode/DerivedData/en01-ansyddkftxpufufiswdighzryqrt/Build/Products/Debug-iphonesimulator/en01.app/GEN_2008_Section_II_Reading_Comprehension_Part_C.md /Users/tankonitk/Library/Mobile\ Documents/com~apple~CloudDocs/xcode/Crulish/en01/Resources/solo/通用/2008/GEN_2008_Section_II_Reading_Comprehension_Part_C.md (in target 'en01' from project 'en01')
    cd /Users/tankonitk/Library/Mobile\ Documents/com\~apple\~CloudDocs/xcode/Crulish
    builtin-copy -exclude .DS_Store -exclude CVS -exclude .svn -exclude .git -exclude .hg -resolve-src-symlinks /Users/tankonitk/Library/Mobile\ Documents/com\~apple\~CloudDocs/xcode/Crulish/en01/Resources/solo/通用/2008/GEN_2008_Section_II_Reading_Comprehension_Part_C.md /Users/tankonitk/Library/Developer/Xcode/DerivedData/en01-ansyddkftxpufufiswdighzryqrt/Build/Products/Debug-iphonesimulator/en01.app

CpResource /Users/tankonitk/Library/Developer/Xcode/DerivedData/en01-ansyddkftxpufufiswdighzryqrt/Build/Products/Debug-iphonesimulator/en01.app/GEN_2008_Section_II_Reading_Comprehension_Part_B.md /Users/tankonitk/Library/Mobile\ Documents/com~apple~CloudDocs/xcode/Crulish/en01/Resources/solo/通用/2008/GEN_2008_Section_II_Reading_Comprehension_Part_B.md (in target 'en01' from project 'en01')
    cd /Users/tankonitk/Library/Mobile\ Documents/com\~apple\~CloudDocs/xcode/Crulish
    builtin-copy -exclude .DS_Store -exclude CVS -exclude .svn -exclude .git -exclude .hg -resolve-src-symlinks /Users/tankonitk/Library/Mobile\ Documents/com\~apple\~CloudDocs/xcode/Crulish/en01/Resources/solo/通用/2008/GEN_2008_Section_II_Reading_Comprehension_Part_B.md /Users/tankonitk/Library/Developer/Xcode/DerivedData/en01-ansyddkftxpufufiswdighzryqrt/Build/Products/Debug-iphonesimulator/en01.app

CpResource /Users/tankonitk/Library/Developer/Xcode/DerivedData/en01-ansyddkftxpufufiswdighzryqrt/Build/Products/Debug-iphonesimulator/en01.app/GEN_2008_Section_II_Reading\ Comprehension_Part\ A_Text_3.md /Users/tankonitk/Library/Mobile\ Documents/com~apple~CloudDocs/xcode/Crulish/en01/Resources/solo/通用/2008/GEN_2008_Section_II_Reading\ Comprehension_Part\ A_Text_3.md (in target 'en01' from project 'en01')
    cd /Users/tankonitk/Library/Mobile\ Documents/com\~apple\~CloudDocs/xcode/Crulish
    builtin-copy -exclude .DS_Store -exclude CVS -exclude .svn -exclude .git -exclude .hg -resolve-src-symlinks /Users/tankonitk/Library/Mobile\ Documents/com\~apple\~CloudDocs/xcode/Crulish/en01/Resources/solo/通用/2008/GEN_2008_Section_II_Reading\ Comprehension_Part\ A_Text_3.md /Users/tankonitk/Library/Developer/Xcode/DerivedData/en01-ansyddkftxpufufiswdighzryqrt/Build/Products/Debug-iphonesimulator/en01.app

CpResource /Users/tankonitk/Library/Developer/Xcode/DerivedData/en01-ansyddkftxpufufiswdighzryqrt/Build/Products/Debug-iphonesimulator/en01.app/GEN_2008_Section_II_Reading\ Comprehension_Part\ A_Text_4.md /Users/tankonitk/Library/Mobile\ Documents/com~apple~CloudDocs/xcode/Crulish/en01/Resources/solo/通用/2008/GEN_2008_Section_II_Reading\ Comprehension_Part\ A_Text_4.md (in target 'en01' from project 'en01')
    cd /Users/tankonitk/Library/Mobile\ Documents/com\~apple\~CloudDocs/xcode/Crulish
    builtin-copy -exclude .DS_Store -exclude CVS -exclude .svn -exclude .git -exclude .hg -resolve-src-symlinks /Users/tankonitk/Library/Mobile\ Documents/com\~apple\~CloudDocs/xcode/Crulish/en01/Resources/solo/通用/2008/GEN_2008_Section_II_Reading\ Comprehension_Part\ A_Text_4.md /Users/tankonitk/Library/Developer/Xcode/DerivedData/en01-ansyddkftxpufufiswdighzryqrt/Build/Products/Debug-iphonesimulator/en01.app

CpResource /Users/tankonitk/Library/Developer/Xcode/DerivedData/en01-ansyddkftxpufufiswdighzryqrt/Build/Products/Debug-iphonesimulator/en01.app/GEN_2008_Section_II_Reading\ Comprehension_Part\ A_Text_2.md /Users/tankonitk/Library/Mobile\ Documents/com~apple~CloudDocs/xcode/Crulish/en01/Resources/solo/通用/2008/GEN_2008_Section_II_Reading\ Comprehension_Part\ A_Text_2.md (in target 'en01' from project 'en01')
    cd /Users/tankonitk/Library/Mobile\ Documents/com\~apple\~CloudDocs/xcode/Crulish
    builtin-copy -exclude .DS_Store -exclude CVS -exclude .svn -exclude .git -exclude .hg -resolve-src-symlinks /Users/tankonitk/Library/Mobile\ Documents/com\~apple\~CloudDocs/xcode/Crulish/en01/Resources/solo/通用/2008/GEN_2008_Section_II_Reading\ Comprehension_Part\ A_Text_2.md /Users/tankonitk/Library/Developer/Xcode/DerivedData/en01-ansyddkftxpufufiswdighzryqrt/Build/Products/Debug-iphonesimulator/en01.app

CpResource /Users/tankonitk/Library/Developer/Xcode/DerivedData/en01-ansyddkftxpufufiswdighzryqrt/Build/Products/Debug-iphonesimulator/en01.app/GEN_2008_Section_II_Reading\ Comprehension_Part\ A_Text_1.md /Users/tankonitk/Library/Mobile\ Documents/com~apple~CloudDocs/xcode/Crulish/en01/Resources/solo/通用/2008/GEN_2008_Section_II_Reading\ Comprehension_Part\ A_Text_1.md (in target 'en01' from project 'en01')
    cd /Users/tankonitk/Library/Mobile\ Documents/com\~apple\~CloudDocs/xcode/Crulish
    builtin-copy -exclude .DS_Store -exclude CVS -exclude .svn -exclude .git -exclude .hg -resolve-src-symlinks /Users/tankonitk/Library/Mobile\ Documents/com\~apple\~CloudDocs/xcode/Crulish/en01/Resources/solo/通用/2008/GEN_2008_Section_II_Reading\ Comprehension_Part\ A_Text_1.md /Users/tankonitk/Library/Developer/Xcode/DerivedData/en01-ansyddkftxpufufiswdighzryqrt/Build/Products/Debug-iphonesimulator/en01.app

CpResource /Users/tankonitk/Library/Developer/Xcode/DerivedData/en01-ansyddkftxpufufiswdighzryqrt/Build/Products/Debug-iphonesimulator/en01.app/GEN_2007_Section_I_Use\ of\ English.md /Users/tankonitk/Library/Mobile\ Documents/com~apple~CloudDocs/xcode/Crulish/en01/Resources/solo/通用/2007/GEN_2007_Section_I_Use\ of\ English.md (in target 'en01' from project 'en01')
    cd /Users/tankonitk/Library/Mobile\ Documents/com\~apple\~CloudDocs/xcode/Crulish
    builtin-copy -exclude .DS_Store -exclude CVS -exclude .svn -exclude .git -exclude .hg -resolve-src-symlinks /Users/tankonitk/Library/Mobile\ Documents/com\~apple\~CloudDocs/xcode/Crulish/en01/Resources/solo/通用/2007/GEN_2007_Section_I_Use\ of\ English.md /Users/tankonitk/Library/Developer/Xcode/DerivedData/en01-ansyddkftxpufufiswdighzryqrt/Build/Products/Debug-iphonesimulator/en01.app

CpResource /Users/tankonitk/Library/Developer/Xcode/DerivedData/en01-ansyddkftxpufufiswdighzryqrt/Build/Products/Debug-iphonesimulator/en01.app/GEN_2007_Section_II_Reading_Comprehension_Part_B.md /Users/tankonitk/Library/Mobile\ Documents/com~apple~CloudDocs/xcode/Crulish/en01/Resources/solo/通用/2007/GEN_2007_Section_II_Reading_Comprehension_Part_B.md (in target 'en01' from project 'en01')
    cd /Users/tankonitk/Library/Mobile\ Documents/com\~apple\~CloudDocs/xcode/Crulish
    builtin-copy -exclude .DS_Store -exclude CVS -exclude .svn -exclude .git -exclude .hg -resolve-src-symlinks /Users/tankonitk/Library/Mobile\ Documents/com\~apple\~CloudDocs/xcode/Crulish/en01/Resources/solo/通用/2007/GEN_2007_Section_II_Reading_Comprehension_Part_B.md /Users/tankonitk/Library/Developer/Xcode/DerivedData/en01-ansyddkftxpufufiswdighzryqrt/Build/Products/Debug-iphonesimulator/en01.app

CpResource /Users/tankonitk/Library/Developer/Xcode/DerivedData/en01-ansyddkftxpufufiswdighzryqrt/Build/Products/Debug-iphonesimulator/en01.app/GEN_2008_Section_III_Writing.md /Users/tankonitk/Library/Mobile\ Documents/com~apple~CloudDocs/xcode/Crulish/en01/Resources/solo/通用/2008/GEN_2008_Section_III_Writing.md (in target 'en01' from project 'en01')
    cd /Users/tankonitk/Library/Mobile\ Documents/com\~apple\~CloudDocs/xcode/Crulish
    builtin-copy -exclude .DS_Store -exclude CVS -exclude .svn -exclude .git -exclude .hg -resolve-src-symlinks /Users/tankonitk/Library/Mobile\ Documents/com\~apple\~CloudDocs/xcode/Crulish/en01/Resources/solo/通用/2008/GEN_2008_Section_III_Writing.md /Users/tankonitk/Library/Developer/Xcode/DerivedData/en01-ansyddkftxpufufiswdighzryqrt/Build/Products/Debug-iphonesimulator/en01.app

CpResource /Users/tankonitk/Library/Developer/Xcode/DerivedData/en01-ansyddkftxpufufiswdighzryqrt/Build/Products/Debug-iphonesimulator/en01.app/GEN_2007_Section_II_Reading_Comprehension_Part_C.md /Users/tankonitk/Library/Mobile\ Documents/com~apple~CloudDocs/xcode/Crulish/en01/Resources/solo/通用/2007/GEN_2007_Section_II_Reading_Comprehension_Part_C.md (in target 'en01' from project 'en01')
    cd /Users/tankonitk/Library/Mobile\ Documents/com\~apple\~CloudDocs/xcode/Crulish
    builtin-copy -exclude .DS_Store -exclude CVS -exclude .svn -exclude .git -exclude .hg -resolve-src-symlinks /Users/tankonitk/Library/Mobile\ Documents/com\~apple\~CloudDocs/xcode/Crulish/en01/Resources/solo/通用/2007/GEN_2007_Section_II_Reading_Comprehension_Part_C.md /Users/tankonitk/Library/Developer/Xcode/DerivedData/en01-ansyddkftxpufufiswdighzryqrt/Build/Products/Debug-iphonesimulator/en01.app

CpResource /Users/tankonitk/Library/Developer/Xcode/DerivedData/en01-ansyddkftxpufufiswdighzryqrt/Build/Products/Debug-iphonesimulator/en01.app/GEN_2007_Section_II_Reading\ Comprehension_Part\ A_Text_4.md /Users/tankonitk/Library/Mobile\ Documents/com~apple~CloudDocs/xcode/Crulish/en01/Resources/solo/通用/2007/GEN_2007_Section_II_Reading\ Comprehension_Part\ A_Text_4.md (in target 'en01' from project 'en01')
    cd /Users/tankonitk/Library/Mobile\ Documents/com\~apple\~CloudDocs/xcode/Crulish
    builtin-copy -exclude .DS_Store -exclude CVS -exclude .svn -exclude .git -exclude .hg -resolve-src-symlinks /Users/tankonitk/Library/Mobile\ Documents/com\~apple\~CloudDocs/xcode/Crulish/en01/Resources/solo/通用/2007/GEN_2007_Section_II_Reading\ Comprehension_Part\ A_Text_4.md /Users/tankonitk/Library/Developer/Xcode/DerivedData/en01-ansyddkftxpufufiswdighzryqrt/Build/Products/Debug-iphonesimulator/en01.app

CpResource /Users/tankonitk/Library/Developer/Xcode/DerivedData/en01-ansyddkftxpufufiswdighzryqrt/Build/Products/Debug-iphonesimulator/en01.app/GEN_2007_Section_II_Reading\ Comprehension_Part\ A_Text_3.md /Users/tankonitk/Library/Mobile\ Documents/com~apple~CloudDocs/xcode/Crulish/en01/Resources/solo/通用/2007/GEN_2007_Section_II_Reading\ Comprehension_Part\ A_Text_3.md (in target 'en01' from project 'en01')
    cd /Users/tankonitk/Library/Mobile\ Documents/com\~apple\~CloudDocs/xcode/Crulish
    builtin-copy -exclude .DS_Store -exclude CVS -exclude .svn -exclude .git -exclude .hg -resolve-src-symlinks /Users/tankonitk/Library/Mobile\ Documents/com\~apple\~CloudDocs/xcode/Crulish/en01/Resources/solo/通用/2007/GEN_2007_Section_II_Reading\ Comprehension_Part\ A_Text_3.md /Users/tankonitk/Library/Developer/Xcode/DerivedData/en01-ansyddkftxpufufiswdighzryqrt/Build/Products/Debug-iphonesimulator/en01.app

CpResource /Users/tankonitk/Library/Developer/Xcode/DerivedData/en01-ansyddkftxpufufiswdighzryqrt/Build/Products/Debug-iphonesimulator/en01.app/GEN_2007_Section_II_Reading\ Comprehension_Part\ A_Text_2.md /Users/tankonitk/Library/Mobile\ Documents/com~apple~CloudDocs/xcode/Crulish/en01/Resources/solo/通用/2007/GEN_2007_Section_II_Reading\ Comprehension_Part\ A_Text_2.md (in target 'en01' from project 'en01')
    cd /Users/tankonitk/Library/Mobile\ Documents/com\~apple\~CloudDocs/xcode/Crulish
    builtin-copy -exclude .DS_Store -exclude CVS -exclude .svn -exclude .git -exclude .hg -resolve-src-symlinks /Users/tankonitk/Library/Mobile\ Documents/com\~apple\~CloudDocs/xcode/Crulish/en01/Resources/solo/通用/2007/GEN_2007_Section_II_Reading\ Comprehension_Part\ A_Text_2.md /Users/tankonitk/Library/Developer/Xcode/DerivedData/en01-ansyddkftxpufufiswdighzryqrt/Build/Products/Debug-iphonesimulator/en01.app

CpResource /Users/tankonitk/Library/Developer/Xcode/DerivedData/en01-ansyddkftxpufufiswdighzryqrt/Build/Products/Debug-iphonesimulator/en01.app/GEN_2007_Section_II_Reading\ Comprehension_Part\ A_Text_1.md /Users/tankonitk/Library/Mobile\ Documents/com~apple~CloudDocs/xcode/Crulish/en01/Resources/solo/通用/2007/GEN_2007_Section_II_Reading\ Comprehension_Part\ A_Text_1.md (in target 'en01' from project 'en01')
    cd /Users/tankonitk/Library/Mobile\ Documents/com\~apple\~CloudDocs/xcode/Crulish
    builtin-copy -exclude .DS_Store -exclude CVS -exclude .svn -exclude .git -exclude .hg -resolve-src-symlinks /Users/tankonitk/Library/Mobile\ Documents/com\~apple\~CloudDocs/xcode/Crulish/en01/Resources/solo/通用/2007/GEN_2007_Section_II_Reading\ Comprehension_Part\ A_Text_1.md /Users/tankonitk/Library/Developer/Xcode/DerivedData/en01-ansyddkftxpufufiswdighzryqrt/Build/Products/Debug-iphonesimulator/en01.app

CpResource /Users/tankonitk/Library/Developer/Xcode/DerivedData/en01-ansyddkftxpufufiswdighzryqrt/Build/Products/Debug-iphonesimulator/en01.app/GEN_2007_Section_III_Writing.md /Users/tankonitk/Library/Mobile\ Documents/com~apple~CloudDocs/xcode/Crulish/en01/Resources/solo/通用/2007/GEN_2007_Section_III_Writing.md (in target 'en01' from project 'en01')
    cd /Users/tankonitk/Library/Mobile\ Documents/com\~apple\~CloudDocs/xcode/Crulish
    builtin-copy -exclude .DS_Store -exclude CVS -exclude .svn -exclude .git -exclude .hg -resolve-src-symlinks /Users/tankonitk/Library/Mobile\ Documents/com\~apple\~CloudDocs/xcode/Crulish/en01/Resources/solo/通用/2007/GEN_2007_Section_III_Writing.md /Users/tankonitk/Library/Developer/Xcode/DerivedData/en01-ansyddkftxpufufiswdighzryqrt/Build/Products/Debug-iphonesimulator/en01.app

CreateUniversalBinary /Users/tankonitk/Library/Developer/Xcode/DerivedData/en01-ansyddkftxpufufiswdighzryqrt/Build/Products/Debug-iphonesimulator/en01.app/__preview.dylib normal arm64\ x86_64 (in target 'en01' from project 'en01')
    cd /Users/tankonitk/Library/Mobile\ Documents/com\~apple\~CloudDocs/xcode/Crulish
    /Applications/Xcode.app/Contents/Developer/Toolchains/XcodeDefault.xctoolchain/usr/bin/lipo -create /Users/tankonitk/Library/Developer/Xcode/DerivedData/en01-ansyddkftxpufufiswdighzryqrt/Build/Intermediates.noindex/en01.build/Debug-iphonesimulator/en01.build/Objects-normal/arm64/Binary/__preview.dylib /Users/tankonitk/Library/Developer/Xcode/DerivedData/en01-ansyddkftxpufufiswdighzryqrt/Build/Intermediates.noindex/en01.build/Debug-iphonesimulator/en01.build/Objects-normal/x86_64/Binary/__preview.dylib -output /Users/tankonitk/Library/Developer/Xcode/DerivedData/en01-ansyddkftxpufufiswdighzryqrt/Build/Products/Debug-iphonesimulator/en01.app/__preview.dylib

CpResource /Users/tankonitk/Library/Developer/Xcode/DerivedData/en01-ansyddkftxpufufiswdighzryqrt/Build/Products/Debug-iphonesimulator/en01.app/GEN_2006_Section_I_Use\ of\ English.md /Users/tankonitk/Library/Mobile\ Documents/com~apple~CloudDocs/xcode/Crulish/en01/Resources/solo/通用/2006/GEN_2006_Section_I_Use\ of\ English.md (in target 'en01' from project 'en01')
    cd /Users/tankonitk/Library/Mobile\ Documents/com\~apple\~CloudDocs/xcode/Crulish
    builtin-copy -exclude .DS_Store -exclude CVS -exclude .svn -exclude .git -exclude .hg -resolve-src-symlinks /Users/tankonitk/Library/Mobile\ Documents/com\~apple\~CloudDocs/xcode/Crulish/en01/Resources/solo/通用/2006/GEN_2006_Section_I_Use\ of\ English.md /Users/tankonitk/Library/Developer/Xcode/DerivedData/en01-ansyddkftxpufufiswdighzryqrt/Build/Products/Debug-iphonesimulator/en01.app

CpResource /Users/tankonitk/Library/Developer/Xcode/DerivedData/en01-ansyddkftxpufufiswdighzryqrt/Build/Products/Debug-iphonesimulator/en01.app/GEN_2006_Section_II_Reading_Comprehension_Part_B.md /Users/tankonitk/Library/Mobile\ Documents/com~apple~CloudDocs/xcode/Crulish/en01/Resources/solo/通用/2006/GEN_2006_Section_II_Reading_Comprehension_Part_B.md (in target 'en01' from project 'en01')
    cd /Users/tankonitk/Library/Mobile\ Documents/com\~apple\~CloudDocs/xcode/Crulish
    builtin-copy -exclude .DS_Store -exclude CVS -exclude .svn -exclude .git -exclude .hg -resolve-src-symlinks /Users/tankonitk/Library/Mobile\ Documents/com\~apple\~CloudDocs/xcode/Crulish/en01/Resources/solo/通用/2006/GEN_2006_Section_II_Reading_Comprehension_Part_B.md /Users/tankonitk/Library/Developer/Xcode/DerivedData/en01-ansyddkftxpufufiswdighzryqrt/Build/Products/Debug-iphonesimulator/en01.app

CpResource /Users/tankonitk/Library/Developer/Xcode/DerivedData/en01-ansyddkftxpufufiswdighzryqrt/Build/Products/Debug-iphonesimulator/en01.app/GEN_2006_Section_II_Reading_Comprehension_Part_C.md /Users/tankonitk/Library/Mobile\ Documents/com~apple~CloudDocs/xcode/Crulish/en01/Resources/solo/通用/2006/GEN_2006_Section_II_Reading_Comprehension_Part_C.md (in target 'en01' from project 'en01')
    cd /Users/tankonitk/Library/Mobile\ Documents/com\~apple\~CloudDocs/xcode/Crulish
    builtin-copy -exclude .DS_Store -exclude CVS -exclude .svn -exclude .git -exclude .hg -resolve-src-symlinks /Users/tankonitk/Library/Mobile\ Documents/com\~apple\~CloudDocs/xcode/Crulish/en01/Resources/solo/通用/2006/GEN_2006_Section_II_Reading_Comprehension_Part_C.md /Users/tankonitk/Library/Developer/Xcode/DerivedData/en01-ansyddkftxpufufiswdighzryqrt/Build/Products/Debug-iphonesimulator/en01.app

CpResource /Users/tankonitk/Library/Developer/Xcode/DerivedData/en01-ansyddkftxpufufiswdighzryqrt/Build/Products/Debug-iphonesimulator/en01.app/GEN_2006_Section_II_Reading\ Comprehension_Part\ A_Text_4.md /Users/tankonitk/Library/Mobile\ Documents/com~apple~CloudDocs/xcode/Crulish/en01/Resources/solo/通用/2006/GEN_2006_Section_II_Reading\ Comprehension_Part\ A_Text_4.md (in target 'en01' from project 'en01')
    cd /Users/tankonitk/Library/Mobile\ Documents/com\~apple\~CloudDocs/xcode/Crulish
    builtin-copy -exclude .DS_Store -exclude CVS -exclude .svn -exclude .git -exclude .hg -resolve-src-symlinks /Users/tankonitk/Library/Mobile\ Documents/com\~apple\~CloudDocs/xcode/Crulish/en01/Resources/solo/通用/2006/GEN_2006_Section_II_Reading\ Comprehension_Part\ A_Text_4.md /Users/tankonitk/Library/Developer/Xcode/DerivedData/en01-ansyddkftxpufufiswdighzryqrt/Build/Products/Debug-iphonesimulator/en01.app

CpResource /Users/tankonitk/Library/Developer/Xcode/DerivedData/en01-ansyddkftxpufufiswdighzryqrt/Build/Products/Debug-iphonesimulator/en01.app/GEN_2006_Section_II_Reading\ Comprehension_Part\ A_Text_3.md /Users/tankonitk/Library/Mobile\ Documents/com~apple~CloudDocs/xcode/Crulish/en01/Resources/solo/通用/2006/GEN_2006_Section_II_Reading\ Comprehension_Part\ A_Text_3.md (in target 'en01' from project 'en01')
    cd /Users/tankonitk/Library/Mobile\ Documents/com\~apple\~CloudDocs/xcode/Crulish
    builtin-copy -exclude .DS_Store -exclude CVS -exclude .svn -exclude .git -exclude .hg -resolve-src-symlinks /Users/tankonitk/Library/Mobile\ Documents/com\~apple\~CloudDocs/xcode/Crulish/en01/Resources/solo/通用/2006/GEN_2006_Section_II_Reading\ Comprehension_Part\ A_Text_3.md /Users/tankonitk/Library/Developer/Xcode/DerivedData/en01-ansyddkftxpufufiswdighzryqrt/Build/Products/Debug-iphonesimulator/en01.app

CpResource /Users/tankonitk/Library/Developer/Xcode/DerivedData/en01-ansyddkftxpufufiswdighzryqrt/Build/Products/Debug-iphonesimulator/en01.app/GEN_2006_Section_II_Reading\ Comprehension_Part\ A_Text_2.md /Users/tankonitk/Library/Mobile\ Documents/com~apple~CloudDocs/xcode/Crulish/en01/Resources/solo/通用/2006/GEN_2006_Section_II_Reading\ Comprehension_Part\ A_Text_2.md (in target 'en01' from project 'en01')
    cd /Users/tankonitk/Library/Mobile\ Documents/com\~apple\~CloudDocs/xcode/Crulish
    builtin-copy -exclude .DS_Store -exclude CVS -exclude .svn -exclude .git -exclude .hg -resolve-src-symlinks /Users/tankonitk/Library/Mobile\ Documents/com\~apple\~CloudDocs/xcode/Crulish/en01/Resources/solo/通用/2006/GEN_2006_Section_II_Reading\ Comprehension_Part\ A_Text_2.md /Users/tankonitk/Library/Developer/Xcode/DerivedData/en01-ansyddkftxpufufiswdighzryqrt/Build/Products/Debug-iphonesimulator/en01.app

CpResource /Users/tankonitk/Library/Developer/Xcode/DerivedData/en01-ansyddkftxpufufiswdighzryqrt/Build/Products/Debug-iphonesimulator/en01.app/GEN_2006_Section_II_Reading\ Comprehension_Part\ A_Text_1.md /Users/tankonitk/Library/Mobile\ Documents/com~apple~CloudDocs/xcode/Crulish/en01/Resources/solo/通用/2006/GEN_2006_Section_II_Reading\ Comprehension_Part\ A_Text_1.md (in target 'en01' from project 'en01')
    cd /Users/tankonitk/Library/Mobile\ Documents/com\~apple\~CloudDocs/xcode/Crulish
    builtin-copy -exclude .DS_Store -exclude CVS -exclude .svn -exclude .git -exclude .hg -resolve-src-symlinks /Users/tankonitk/Library/Mobile\ Documents/com\~apple\~CloudDocs/xcode/Crulish/en01/Resources/solo/通用/2006/GEN_2006_Section_II_Reading\ Comprehension_Part\ A_Text_1.md /Users/tankonitk/Library/Developer/Xcode/DerivedData/en01-ansyddkftxpufufiswdighzryqrt/Build/Products/Debug-iphonesimulator/en01.app

CpResource /Users/tankonitk/Library/Developer/Xcode/DerivedData/en01-ansyddkftxpufufiswdighzryqrt/Build/Products/Debug-iphonesimulator/en01.app/GEN_2006_Section_III_Writing.md /Users/tankonitk/Library/Mobile\ Documents/com~apple~CloudDocs/xcode/Crulish/en01/Resources/solo/通用/2006/GEN_2006_Section_III_Writing.md (in target 'en01' from project 'en01')
    cd /Users/tankonitk/Library/Mobile\ Documents/com\~apple\~CloudDocs/xcode/Crulish
    builtin-copy -exclude .DS_Store -exclude CVS -exclude .svn -exclude .git -exclude .hg -resolve-src-symlinks /Users/tankonitk/Library/Mobile\ Documents/com\~apple\~CloudDocs/xcode/Crulish/en01/Resources/solo/通用/2006/GEN_2006_Section_III_Writing.md /Users/tankonitk/Library/Developer/Xcode/DerivedData/en01-ansyddkftxpufufiswdighzryqrt/Build/Products/Debug-iphonesimulator/en01.app

CpResource /Users/tankonitk/Library/Developer/Xcode/DerivedData/en01-ansyddkftxpufufiswdighzryqrt/Build/Products/Debug-iphonesimulator/en01.app/GEN_2005_Section_II_Reading_Comprehension_Part_B.md /Users/tankonitk/Library/Mobile\ Documents/com~apple~CloudDocs/xcode/Crulish/en01/Resources/solo/通用/2005/GEN_2005_Section_II_Reading_Comprehension_Part_B.md (in target 'en01' from project 'en01')
    cd /Users/tankonitk/Library/Mobile\ Documents/com\~apple\~CloudDocs/xcode/Crulish
    builtin-copy -exclude .DS_Store -exclude CVS -exclude .svn -exclude .git -exclude .hg -resolve-src-symlinks /Users/tankonitk/Library/Mobile\ Documents/com\~apple\~CloudDocs/xcode/Crulish/en01/Resources/solo/通用/2005/GEN_2005_Section_II_Reading_Comprehension_Part_B.md /Users/tankonitk/Library/Developer/Xcode/DerivedData/en01-ansyddkftxpufufiswdighzryqrt/Build/Products/Debug-iphonesimulator/en01.app

CpResource /Users/tankonitk/Library/Developer/Xcode/DerivedData/en01-ansyddkftxpufufiswdighzryqrt/Build/Products/Debug-iphonesimulator/en01.app/GEN_2005_Section_I_Use\ of\ English.md /Users/tankonitk/Library/Mobile\ Documents/com~apple~CloudDocs/xcode/Crulish/en01/Resources/solo/通用/2005/GEN_2005_Section_I_Use\ of\ English.md (in target 'en01' from project 'en01')
    cd /Users/tankonitk/Library/Mobile\ Documents/com\~apple\~CloudDocs/xcode/Crulish
    builtin-copy -exclude .DS_Store -exclude CVS -exclude .svn -exclude .git -exclude .hg -resolve-src-symlinks /Users/tankonitk/Library/Mobile\ Documents/com\~apple\~CloudDocs/xcode/Crulish/en01/Resources/solo/通用/2005/GEN_2005_Section_I_Use\ of\ English.md /Users/tankonitk/Library/Developer/Xcode/DerivedData/en01-ansyddkftxpufufiswdighzryqrt/Build/Products/Debug-iphonesimulator/en01.app

CpResource /Users/tankonitk/Library/Developer/Xcode/DerivedData/en01-ansyddkftxpufufiswdighzryqrt/Build/Products/Debug-iphonesimulator/en01.app/GEN_2005_Section_II_Reading_Comprehension_Part_C.md /Users/tankonitk/Library/Mobile\ Documents/com~apple~CloudDocs/xcode/Crulish/en01/Resources/solo/通用/2005/GEN_2005_Section_II_Reading_Comprehension_Part_C.md (in target 'en01' from project 'en01')
    cd /Users/tankonitk/Library/Mobile\ Documents/com\~apple\~CloudDocs/xcode/Crulish
    builtin-copy -exclude .DS_Store -exclude CVS -exclude .svn -exclude .git -exclude .hg -resolve-src-symlinks /Users/tankonitk/Library/Mobile\ Documents/com\~apple\~CloudDocs/xcode/Crulish/en01/Resources/solo/通用/2005/GEN_2005_Section_II_Reading_Comprehension_Part_C.md /Users/tankonitk/Library/Developer/Xcode/DerivedData/en01-ansyddkftxpufufiswdighzryqrt/Build/Products/Debug-iphonesimulator/en01.app

CpResource /Users/tankonitk/Library/Developer/Xcode/DerivedData/en01-ansyddkftxpufufiswdighzryqrt/Build/Products/Debug-iphonesimulator/en01.app/GEN_2005_Section_II_Reading\ Comprehension_Part\ A_Text_4.md /Users/tankonitk/Library/Mobile\ Documents/com~apple~CloudDocs/xcode/Crulish/en01/Resources/solo/通用/2005/GEN_2005_Section_II_Reading\ Comprehension_Part\ A_Text_4.md (in target 'en01' from project 'en01')
    cd /Users/tankonitk/Library/Mobile\ Documents/com\~apple\~CloudDocs/xcode/Crulish
    builtin-copy -exclude .DS_Store -exclude CVS -exclude .svn -exclude .git -exclude .hg -resolve-src-symlinks /Users/tankonitk/Library/Mobile\ Documents/com\~apple\~CloudDocs/xcode/Crulish/en01/Resources/solo/通用/2005/GEN_2005_Section_II_Reading\ Comprehension_Part\ A_Text_4.md /Users/tankonitk/Library/Developer/Xcode/DerivedData/en01-ansyddkftxpufufiswdighzryqrt/Build/Products/Debug-iphonesimulator/en01.app

CpResource /Users/tankonitk/Library/Developer/Xcode/DerivedData/en01-ansyddkftxpufufiswdighzryqrt/Build/Products/Debug-iphonesimulator/en01.app/GEN_2005_Section_II_Reading\ Comprehension_Part\ A_Text_3.md /Users/tankonitk/Library/Mobile\ Documents/com~apple~CloudDocs/xcode/Crulish/en01/Resources/solo/通用/2005/GEN_2005_Section_II_Reading\ Comprehension_Part\ A_Text_3.md (in target 'en01' from project 'en01')
    cd /Users/tankonitk/Library/Mobile\ Documents/com\~apple\~CloudDocs/xcode/Crulish
    builtin-copy -exclude .DS_Store -exclude CVS -exclude .svn -exclude .git -exclude .hg -resolve-src-symlinks /Users/tankonitk/Library/Mobile\ Documents/com\~apple\~CloudDocs/xcode/Crulish/en01/Resources/solo/通用/2005/GEN_2005_Section_II_Reading\ Comprehension_Part\ A_Text_3.md /Users/tankonitk/Library/Developer/Xcode/DerivedData/en01-ansyddkftxpufufiswdighzryqrt/Build/Products/Debug-iphonesimulator/en01.app

CpResource /Users/tankonitk/Library/Developer/Xcode/DerivedData/en01-ansyddkftxpufufiswdighzryqrt/Build/Products/Debug-iphonesimulator/en01.app/GEN_2005_Section_II_Reading\ Comprehension_Part\ A_Text_2.md /Users/tankonitk/Library/Mobile\ Documents/com~apple~CloudDocs/xcode/Crulish/en01/Resources/solo/通用/2005/GEN_2005_Section_II_Reading\ Comprehension_Part\ A_Text_2.md (in target 'en01' from project 'en01')
    cd /Users/tankonitk/Library/Mobile\ Documents/com\~apple\~CloudDocs/xcode/Crulish
    builtin-copy -exclude .DS_Store -exclude CVS -exclude .svn -exclude .git -exclude .hg -resolve-src-symlinks /Users/tankonitk/Library/Mobile\ Documents/com\~apple\~CloudDocs/xcode/Crulish/en01/Resources/solo/通用/2005/GEN_2005_Section_II_Reading\ Comprehension_Part\ A_Text_2.md /Users/tankonitk/Library/Developer/Xcode/DerivedData/en01-ansyddkftxpufufiswdighzryqrt/Build/Products/Debug-iphonesimulator/en01.app

CpResource /Users/tankonitk/Library/Developer/Xcode/DerivedData/en01-ansyddkftxpufufiswdighzryqrt/Build/Products/Debug-iphonesimulator/en01.app/GEN_2005_Section_II_Reading\ Comprehension_Part\ A_Text_1.md /Users/tankonitk/Library/Mobile\ Documents/com~apple~CloudDocs/xcode/Crulish/en01/Resources/solo/通用/2005/GEN_2005_Section_II_Reading\ Comprehension_Part\ A_Text_1.md (in target 'en01' from project 'en01')
    cd /Users/tankonitk/Library/Mobile\ Documents/com\~apple\~CloudDocs/xcode/Crulish
    builtin-copy -exclude .DS_Store -exclude CVS -exclude .svn -exclude .git -exclude .hg -resolve-src-symlinks /Users/tankonitk/Library/Mobile\ Documents/com\~apple\~CloudDocs/xcode/Crulish/en01/Resources/solo/通用/2005/GEN_2005_Section_II_Reading\ Comprehension_Part\ A_Text_1.md /Users/tankonitk/Library/Developer/Xcode/DerivedData/en01-ansyddkftxpufufiswdighzryqrt/Build/Products/Debug-iphonesimulator/en01.app

CpResource /Users/tankonitk/Library/Developer/Xcode/DerivedData/en01-ansyddkftxpufufiswdighzryqrt/Build/Products/Debug-iphonesimulator/en01.app/GEN_2005_Section_III_Writing.md /Users/tankonitk/Library/Mobile\ Documents/com~apple~CloudDocs/xcode/Crulish/en01/Resources/solo/通用/2005/GEN_2005_Section_III_Writing.md (in target 'en01' from project 'en01')
    cd /Users/tankonitk/Library/Mobile\ Documents/com\~apple\~CloudDocs/xcode/Crulish
    builtin-copy -exclude .DS_Store -exclude CVS -exclude .svn -exclude .git -exclude .hg -resolve-src-symlinks /Users/tankonitk/Library/Mobile\ Documents/com\~apple\~CloudDocs/xcode/Crulish/en01/Resources/solo/通用/2005/GEN_2005_Section_III_Writing.md /Users/tankonitk/Library/Developer/Xcode/DerivedData/en01-ansyddkftxpufufiswdighzryqrt/Build/Products/Debug-iphonesimulator/en01.app

CpResource /Users/tankonitk/Library/Developer/Xcode/DerivedData/en01-ansyddkftxpufufiswdighzryqrt/Build/Products/Debug-iphonesimulator/en01.app/GEN_2004_Section_I_Use\ of\ English.md /Users/tankonitk/Library/Mobile\ Documents/com~apple~CloudDocs/xcode/Crulish/en01/Resources/solo/通用/2004/GEN_2004_Section_I_Use\ of\ English.md (in target 'en01' from project 'en01')
    cd /Users/tankonitk/Library/Mobile\ Documents/com\~apple\~CloudDocs/xcode/Crulish
    builtin-copy -exclude .DS_Store -exclude CVS -exclude .svn -exclude .git -exclude .hg -resolve-src-symlinks /Users/tankonitk/Library/Mobile\ Documents/com\~apple\~CloudDocs/xcode/Crulish/en01/Resources/solo/通用/2004/GEN_2004_Section_I_Use\ of\ English.md /Users/tankonitk/Library/Developer/Xcode/DerivedData/en01-ansyddkftxpufufiswdighzryqrt/Build/Products/Debug-iphonesimulator/en01.app

CpResource /Users/tankonitk/Library/Developer/Xcode/DerivedData/en01-ansyddkftxpufufiswdighzryqrt/Build/Products/Debug-iphonesimulator/en01.app/GEN_2004_Section_II_Reading_Comprehension_Part_B.md /Users/tankonitk/Library/Mobile\ Documents/com~apple~CloudDocs/xcode/Crulish/en01/Resources/solo/通用/2004/GEN_2004_Section_II_Reading_Comprehension_Part_B.md (in target 'en01' from project 'en01')
    cd /Users/tankonitk/Library/Mobile\ Documents/com\~apple\~CloudDocs/xcode/Crulish
    builtin-copy -exclude .DS_Store -exclude CVS -exclude .svn -exclude .git -exclude .hg -resolve-src-symlinks /Users/tankonitk/Library/Mobile\ Documents/com\~apple\~CloudDocs/xcode/Crulish/en01/Resources/solo/通用/2004/GEN_2004_Section_II_Reading_Comprehension_Part_B.md /Users/tankonitk/Library/Developer/Xcode/DerivedData/en01-ansyddkftxpufufiswdighzryqrt/Build/Products/Debug-iphonesimulator/en01.app

CpResource /Users/tankonitk/Library/Developer/Xcode/DerivedData/en01-ansyddkftxpufufiswdighzryqrt/Build/Products/Debug-iphonesimulator/en01.app/GEN_2004_Section_II_Reading\ Comprehension_Part\ A_Text_4.md /Users/tankonitk/Library/Mobile\ Documents/com~apple~CloudDocs/xcode/Crulish/en01/Resources/solo/通用/2004/GEN_2004_Section_II_Reading\ Comprehension_Part\ A_Text_4.md (in target 'en01' from project 'en01')
    cd /Users/tankonitk/Library/Mobile\ Documents/com\~apple\~CloudDocs/xcode/Crulish
    builtin-copy -exclude .DS_Store -exclude CVS -exclude .svn -exclude .git -exclude .hg -resolve-src-symlinks /Users/tankonitk/Library/Mobile\ Documents/com\~apple\~CloudDocs/xcode/Crulish/en01/Resources/solo/通用/2004/GEN_2004_Section_II_Reading\ Comprehension_Part\ A_Text_4.md /Users/tankonitk/Library/Developer/Xcode/DerivedData/en01-ansyddkftxpufufiswdighzryqrt/Build/Products/Debug-iphonesimulator/en01.app

CpResource /Users/tankonitk/Library/Developer/Xcode/DerivedData/en01-ansyddkftxpufufiswdighzryqrt/Build/Products/Debug-iphonesimulator/en01.app/GEN_2004_Section_II_Reading\ Comprehension_Part\ A_Text_3.md /Users/tankonitk/Library/Mobile\ Documents/com~apple~CloudDocs/xcode/Crulish/en01/Resources/solo/通用/2004/GEN_2004_Section_II_Reading\ Comprehension_Part\ A_Text_3.md (in target 'en01' from project 'en01')
    cd /Users/tankonitk/Library/Mobile\ Documents/com\~apple\~CloudDocs/xcode/Crulish
    builtin-copy -exclude .DS_Store -exclude CVS -exclude .svn -exclude .git -exclude .hg -resolve-src-symlinks /Users/tankonitk/Library/Mobile\ Documents/com\~apple\~CloudDocs/xcode/Crulish/en01/Resources/solo/通用/2004/GEN_2004_Section_II_Reading\ Comprehension_Part\ A_Text_3.md /Users/tankonitk/Library/Developer/Xcode/DerivedData/en01-ansyddkftxpufufiswdighzryqrt/Build/Products/Debug-iphonesimulator/en01.app

CpResource /Users/tankonitk/Library/Developer/Xcode/DerivedData/en01-ansyddkftxpufufiswdighzryqrt/Build/Products/Debug-iphonesimulator/en01.app/GEN_2004_Section_II_Reading\ Comprehension_Part\ A_Text_2.md /Users/tankonitk/Library/Mobile\ Documents/com~apple~CloudDocs/xcode/Crulish/en01/Resources/solo/通用/2004/GEN_2004_Section_II_Reading\ Comprehension_Part\ A_Text_2.md (in target 'en01' from project 'en01')
    cd /Users/tankonitk/Library/Mobile\ Documents/com\~apple\~CloudDocs/xcode/Crulish
    builtin-copy -exclude .DS_Store -exclude CVS -exclude .svn -exclude .git -exclude .hg -resolve-src-symlinks /Users/tankonitk/Library/Mobile\ Documents/com\~apple\~CloudDocs/xcode/Crulish/en01/Resources/solo/通用/2004/GEN_2004_Section_II_Reading\ Comprehension_Part\ A_Text_2.md /Users/tankonitk/Library/Developer/Xcode/DerivedData/en01-ansyddkftxpufufiswdighzryqrt/Build/Products/Debug-iphonesimulator/en01.app

CpResource /Users/tankonitk/Library/Developer/Xcode/DerivedData/en01-ansyddkftxpufufiswdighzryqrt/Build/Products/Debug-iphonesimulator/en01.app/GEN_2004_Section_II_Reading\ Comprehension_Part\ A_Text_1.md /Users/tankonitk/Library/Mobile\ Documents/com~apple~CloudDocs/xcode/Crulish/en01/Resources/solo/通用/2004/GEN_2004_Section_II_Reading\ Comprehension_Part\ A_Text_1.md (in target 'en01' from project 'en01')
    cd /Users/tankonitk/Library/Mobile\ Documents/com\~apple\~CloudDocs/xcode/Crulish
    builtin-copy -exclude .DS_Store -exclude CVS -exclude .svn -exclude .git -exclude .hg -resolve-src-symlinks /Users/tankonitk/Library/Mobile\ Documents/com\~apple\~CloudDocs/xcode/Crulish/en01/Resources/solo/通用/2004/GEN_2004_Section_II_Reading\ Comprehension_Part\ A_Text_1.md /Users/tankonitk/Library/Developer/Xcode/DerivedData/en01-ansyddkftxpufufiswdighzryqrt/Build/Products/Debug-iphonesimulator/en01.app

CpResource /Users/tankonitk/Library/Developer/Xcode/DerivedData/en01-ansyddkftxpufufiswdighzryqrt/Build/Products/Debug-iphonesimulator/en01.app/GEN_2004_Section_III_Writing.md /Users/tankonitk/Library/Mobile\ Documents/com~apple~CloudDocs/xcode/Crulish/en01/Resources/solo/通用/2004/GEN_2004_Section_III_Writing.md (in target 'en01' from project 'en01')
    cd /Users/tankonitk/Library/Mobile\ Documents/com\~apple\~CloudDocs/xcode/Crulish
    builtin-copy -exclude .DS_Store -exclude CVS -exclude .svn -exclude .git -exclude .hg -resolve-src-symlinks /Users/tankonitk/Library/Mobile\ Documents/com\~apple\~CloudDocs/xcode/Crulish/en01/Resources/solo/通用/2004/GEN_2004_Section_III_Writing.md /Users/tankonitk/Library/Developer/Xcode/DerivedData/en01-ansyddkftxpufufiswdighzryqrt/Build/Products/Debug-iphonesimulator/en01.app

CpResource /Users/tankonitk/Library/Developer/Xcode/DerivedData/en01-ansyddkftxpufufiswdighzryqrt/Build/Products/Debug-iphonesimulator/en01.app/GEN_2003_Section_I_Use\ of\ English.md /Users/tankonitk/Library/Mobile\ Documents/com~apple~CloudDocs/xcode/Crulish/en01/Resources/solo/通用/2003/GEN_2003_Section_I_Use\ of\ English.md (in target 'en01' from project 'en01')
    cd /Users/tankonitk/Library/Mobile\ Documents/com\~apple\~CloudDocs/xcode/Crulish
    builtin-copy -exclude .DS_Store -exclude CVS -exclude .svn -exclude .git -exclude .hg -resolve-src-symlinks /Users/tankonitk/Library/Mobile\ Documents/com\~apple\~CloudDocs/xcode/Crulish/en01/Resources/solo/通用/2003/GEN_2003_Section_I_Use\ of\ English.md /Users/tankonitk/Library/Developer/Xcode/DerivedData/en01-ansyddkftxpufufiswdighzryqrt/Build/Products/Debug-iphonesimulator/en01.app

CpResource /Users/tankonitk/Library/Developer/Xcode/DerivedData/en01-ansyddkftxpufufiswdighzryqrt/Build/Products/Debug-iphonesimulator/en01.app/GEN_2003_Section_II_Reading\ Comprehension_Part\ A_Text_4.md /Users/tankonitk/Library/Mobile\ Documents/com~apple~CloudDocs/xcode/Crulish/en01/Resources/solo/通用/2003/GEN_2003_Section_II_Reading\ Comprehension_Part\ A_Text_4.md (in target 'en01' from project 'en01')
    cd /Users/tankonitk/Library/Mobile\ Documents/com\~apple\~CloudDocs/xcode/Crulish
    builtin-copy -exclude .DS_Store -exclude CVS -exclude .svn -exclude .git -exclude .hg -resolve-src-symlinks /Users/tankonitk/Library/Mobile\ Documents/com\~apple\~CloudDocs/xcode/Crulish/en01/Resources/solo/通用/2003/GEN_2003_Section_II_Reading\ Comprehension_Part\ A_Text_4.md /Users/tankonitk/Library/Developer/Xcode/DerivedData/en01-ansyddkftxpufufiswdighzryqrt/Build/Products/Debug-iphonesimulator/en01.app

CpResource /Users/tankonitk/Library/Developer/Xcode/DerivedData/en01-ansyddkftxpufufiswdighzryqrt/Build/Products/Debug-iphonesimulator/en01.app/GEN_2003_Section_II_Reading\ Comprehension_Part\ A_Text_3.md /Users/tankonitk/Library/Mobile\ Documents/com~apple~CloudDocs/xcode/Crulish/en01/Resources/solo/通用/2003/GEN_2003_Section_II_Reading\ Comprehension_Part\ A_Text_3.md (in target 'en01' from project 'en01')
    cd /Users/tankonitk/Library/Mobile\ Documents/com\~apple\~CloudDocs/xcode/Crulish
    builtin-copy -exclude .DS_Store -exclude CVS -exclude .svn -exclude .git -exclude .hg -resolve-src-symlinks /Users/tankonitk/Library/Mobile\ Documents/com\~apple\~CloudDocs/xcode/Crulish/en01/Resources/solo/通用/2003/GEN_2003_Section_II_Reading\ Comprehension_Part\ A_Text_3.md /Users/tankonitk/Library/Developer/Xcode/DerivedData/en01-ansyddkftxpufufiswdighzryqrt/Build/Products/Debug-iphonesimulator/en01.app

CpResource /Users/tankonitk/Library/Developer/Xcode/DerivedData/en01-ansyddkftxpufufiswdighzryqrt/Build/Products/Debug-iphonesimulator/en01.app/GEN_2003_Section_II_Reading_Comprehension_Part_B.md /Users/tankonitk/Library/Mobile\ Documents/com~apple~CloudDocs/xcode/Crulish/en01/Resources/solo/通用/2003/GEN_2003_Section_II_Reading_Comprehension_Part_B.md (in target 'en01' from project 'en01')
    cd /Users/tankonitk/Library/Mobile\ Documents/com\~apple\~CloudDocs/xcode/Crulish
    builtin-copy -exclude .DS_Store -exclude CVS -exclude .svn -exclude .git -exclude .hg -resolve-src-symlinks /Users/tankonitk/Library/Mobile\ Documents/com\~apple\~CloudDocs/xcode/Crulish/en01/Resources/solo/通用/2003/GEN_2003_Section_II_Reading_Comprehension_Part_B.md /Users/tankonitk/Library/Developer/Xcode/DerivedData/en01-ansyddkftxpufufiswdighzryqrt/Build/Products/Debug-iphonesimulator/en01.app

CpResource /Users/tankonitk/Library/Developer/Xcode/DerivedData/en01-ansyddkftxpufufiswdighzryqrt/Build/Products/Debug-iphonesimulator/en01.app/GEN_2003_Section_II_Reading\ Comprehension_Part\ A_Text_2.md /Users/tankonitk/Library/Mobile\ Documents/com~apple~CloudDocs/xcode/Crulish/en01/Resources/solo/通用/2003/GEN_2003_Section_II_Reading\ Comprehension_Part\ A_Text_2.md (in target 'en01' from project 'en01')
    cd /Users/tankonitk/Library/Mobile\ Documents/com\~apple\~CloudDocs/xcode/Crulish
    builtin-copy -exclude .DS_Store -exclude CVS -exclude .svn -exclude .git -exclude .hg -resolve-src-symlinks /Users/tankonitk/Library/Mobile\ Documents/com\~apple\~CloudDocs/xcode/Crulish/en01/Resources/solo/通用/2003/GEN_2003_Section_II_Reading\ Comprehension_Part\ A_Text_2.md /Users/tankonitk/Library/Developer/Xcode/DerivedData/en01-ansyddkftxpufufiswdighzryqrt/Build/Products/Debug-iphonesimulator/en01.app

CpResource /Users/tankonitk/Library/Developer/Xcode/DerivedData/en01-ansyddkftxpufufiswdighzryqrt/Build/Products/Debug-iphonesimulator/en01.app/GEN_2003_Section_II_Reading\ Comprehension_Part\ A_Text_1.md /Users/tankonitk/Library/Mobile\ Documents/com~apple~CloudDocs/xcode/Crulish/en01/Resources/solo/通用/2003/GEN_2003_Section_II_Reading\ Comprehension_Part\ A_Text_1.md (in target 'en01' from project 'en01')
    cd /Users/tankonitk/Library/Mobile\ Documents/com\~apple\~CloudDocs/xcode/Crulish
    builtin-copy -exclude .DS_Store -exclude CVS -exclude .svn -exclude .git -exclude .hg -resolve-src-symlinks /Users/tankonitk/Library/Mobile\ Documents/com\~apple\~CloudDocs/xcode/Crulish/en01/Resources/solo/通用/2003/GEN_2003_Section_II_Reading\ Comprehension_Part\ A_Text_1.md /Users/tankonitk/Library/Developer/Xcode/DerivedData/en01-ansyddkftxpufufiswdighzryqrt/Build/Products/Debug-iphonesimulator/en01.app

CpResource /Users/tankonitk/Library/Developer/Xcode/DerivedData/en01-ansyddkftxpufufiswdighzryqrt/Build/Products/Debug-iphonesimulator/en01.app/GEN_2003_Section_III_Writing.md /Users/tankonitk/Library/Mobile\ Documents/com~apple~CloudDocs/xcode/Crulish/en01/Resources/solo/通用/2003/GEN_2003_Section_III_Writing.md (in target 'en01' from project 'en01')
    cd /Users/tankonitk/Library/Mobile\ Documents/com\~apple\~CloudDocs/xcode/Crulish
    builtin-copy -exclude .DS_Store -exclude CVS -exclude .svn -exclude .git -exclude .hg -resolve-src-symlinks /Users/tankonitk/Library/Mobile\ Documents/com\~apple\~CloudDocs/xcode/Crulish/en01/Resources/solo/通用/2003/GEN_2003_Section_III_Writing.md /Users/tankonitk/Library/Developer/Xcode/DerivedData/en01-ansyddkftxpufufiswdighzryqrt/Build/Products/Debug-iphonesimulator/en01.app

CpResource /Users/tankonitk/Library/Developer/Xcode/DerivedData/en01-ansyddkftxpufufiswdighzryqrt/Build/Products/Debug-iphonesimulator/en01.app/GEN_2002_Section_I_Use\ of\ English.md /Users/tankonitk/Library/Mobile\ Documents/com~apple~CloudDocs/xcode/Crulish/en01/Resources/solo/通用/2002/GEN_2002_Section_I_Use\ of\ English.md (in target 'en01' from project 'en01')
    cd /Users/tankonitk/Library/Mobile\ Documents/com\~apple\~CloudDocs/xcode/Crulish
    builtin-copy -exclude .DS_Store -exclude CVS -exclude .svn -exclude .git -exclude .hg -resolve-src-symlinks /Users/tankonitk/Library/Mobile\ Documents/com\~apple\~CloudDocs/xcode/Crulish/en01/Resources/solo/通用/2002/GEN_2002_Section_I_Use\ of\ English.md /Users/tankonitk/Library/Developer/Xcode/DerivedData/en01-ansyddkftxpufufiswdighzryqrt/Build/Products/Debug-iphonesimulator/en01.app

CpResource /Users/tankonitk/Library/Developer/Xcode/DerivedData/en01-ansyddkftxpufufiswdighzryqrt/Build/Products/Debug-iphonesimulator/en01.app/GEN_2002_Section_II_Reading_Comprehension_Part_B.md /Users/tankonitk/Library/Mobile\ Documents/com~apple~CloudDocs/xcode/Crulish/en01/Resources/solo/通用/2002/GEN_2002_Section_II_Reading_Comprehension_Part_B.md (in target 'en01' from project 'en01')
    cd /Users/tankonitk/Library/Mobile\ Documents/com\~apple\~CloudDocs/xcode/Crulish
    builtin-copy -exclude .DS_Store -exclude CVS -exclude .svn -exclude .git -exclude .hg -resolve-src-symlinks /Users/tankonitk/Library/Mobile\ Documents/com\~apple\~CloudDocs/xcode/Crulish/en01/Resources/solo/通用/2002/GEN_2002_Section_II_Reading_Comprehension_Part_B.md /Users/tankonitk/Library/Developer/Xcode/DerivedData/en01-ansyddkftxpufufiswdighzryqrt/Build/Products/Debug-iphonesimulator/en01.app

CpResource /Users/tankonitk/Library/Developer/Xcode/DerivedData/en01-ansyddkftxpufufiswdighzryqrt/Build/Products/Debug-iphonesimulator/en01.app/GEN_2002_Section_II_Reading\ Comprehension_Part\ A_Text_4.md /Users/tankonitk/Library/Mobile\ Documents/com~apple~CloudDocs/xcode/Crulish/en01/Resources/solo/通用/2002/GEN_2002_Section_II_Reading\ Comprehension_Part\ A_Text_4.md (in target 'en01' from project 'en01')
    cd /Users/tankonitk/Library/Mobile\ Documents/com\~apple\~CloudDocs/xcode/Crulish
    builtin-copy -exclude .DS_Store -exclude CVS -exclude .svn -exclude .git -exclude .hg -resolve-src-symlinks /Users/tankonitk/Library/Mobile\ Documents/com\~apple\~CloudDocs/xcode/Crulish/en01/Resources/solo/通用/2002/GEN_2002_Section_II_Reading\ Comprehension_Part\ A_Text_4.md /Users/tankonitk/Library/Developer/Xcode/DerivedData/en01-ansyddkftxpufufiswdighzryqrt/Build/Products/Debug-iphonesimulator/en01.app

CpResource /Users/tankonitk/Library/Developer/Xcode/DerivedData/en01-ansyddkftxpufufiswdighzryqrt/Build/Products/Debug-iphonesimulator/en01.app/GEN_2002_Section_II_Reading\ Comprehension_Part\ A_Text_3.md /Users/tankonitk/Library/Mobile\ Documents/com~apple~CloudDocs/xcode/Crulish/en01/Resources/solo/通用/2002/GEN_2002_Section_II_Reading\ Comprehension_Part\ A_Text_3.md (in target 'en01' from project 'en01')
    cd /Users/tankonitk/Library/Mobile\ Documents/com\~apple\~CloudDocs/xcode/Crulish
    builtin-copy -exclude .DS_Store -exclude CVS -exclude .svn -exclude .git -exclude .hg -resolve-src-symlinks /Users/tankonitk/Library/Mobile\ Documents/com\~apple\~CloudDocs/xcode/Crulish/en01/Resources/solo/通用/2002/GEN_2002_Section_II_Reading\ Comprehension_Part\ A_Text_3.md /Users/tankonitk/Library/Developer/Xcode/DerivedData/en01-ansyddkftxpufufiswdighzryqrt/Build/Products/Debug-iphonesimulator/en01.app

CpResource /Users/tankonitk/Library/Developer/Xcode/DerivedData/en01-ansyddkftxpufufiswdighzryqrt/Build/Products/Debug-iphonesimulator/en01.app/GEN_2002_Section_II_Reading\ Comprehension_Part\ A_Text_2.md /Users/tankonitk/Library/Mobile\ Documents/com~apple~CloudDocs/xcode/Crulish/en01/Resources/solo/通用/2002/GEN_2002_Section_II_Reading\ Comprehension_Part\ A_Text_2.md (in target 'en01' from project 'en01')
    cd /Users/tankonitk/Library/Mobile\ Documents/com\~apple\~CloudDocs/xcode/Crulish
    builtin-copy -exclude .DS_Store -exclude CVS -exclude .svn -exclude .git -exclude .hg -resolve-src-symlinks /Users/tankonitk/Library/Mobile\ Documents/com\~apple\~CloudDocs/xcode/Crulish/en01/Resources/solo/通用/2002/GEN_2002_Section_II_Reading\ Comprehension_Part\ A_Text_2.md /Users/tankonitk/Library/Developer/Xcode/DerivedData/en01-ansyddkftxpufufiswdighzryqrt/Build/Products/Debug-iphonesimulator/en01.app

CpResource /Users/tankonitk/Library/Developer/Xcode/DerivedData/en01-ansyddkftxpufufiswdighzryqrt/Build/Products/Debug-iphonesimulator/en01.app/GEN_2002_Section_II_Reading\ Comprehension_Part\ A_Text_1.md /Users/tankonitk/Library/Mobile\ Documents/com~apple~CloudDocs/xcode/Crulish/en01/Resources/solo/通用/2002/GEN_2002_Section_II_Reading\ Comprehension_Part\ A_Text_1.md (in target 'en01' from project 'en01')
    cd /Users/tankonitk/Library/Mobile\ Documents/com\~apple\~CloudDocs/xcode/Crulish
    builtin-copy -exclude .DS_Store -exclude CVS -exclude .svn -exclude .git -exclude .hg -resolve-src-symlinks /Users/tankonitk/Library/Mobile\ Documents/com\~apple\~CloudDocs/xcode/Crulish/en01/Resources/solo/通用/2002/GEN_2002_Section_II_Reading\ Comprehension_Part\ A_Text_1.md /Users/tankonitk/Library/Developer/Xcode/DerivedData/en01-ansyddkftxpufufiswdighzryqrt/Build/Products/Debug-iphonesimulator/en01.app

CpResource /Users/tankonitk/Library/Developer/Xcode/DerivedData/en01-ansyddkftxpufufiswdighzryqrt/Build/Products/Debug-iphonesimulator/en01.app/GEN_2002_Section_III_Writing.md /Users/tankonitk/Library/Mobile\ Documents/com~apple~CloudDocs/xcode/Crulish/en01/Resources/solo/通用/2002/GEN_2002_Section_III_Writing.md (in target 'en01' from project 'en01')
    cd /Users/tankonitk/Library/Mobile\ Documents/com\~apple\~CloudDocs/xcode/Crulish
    builtin-copy -exclude .DS_Store -exclude CVS -exclude .svn -exclude .git -exclude .hg -resolve-src-symlinks /Users/tankonitk/Library/Mobile\ Documents/com\~apple\~CloudDocs/xcode/Crulish/en01/Resources/solo/通用/2002/GEN_2002_Section_III_Writing.md /Users/tankonitk/Library/Developer/Xcode/DerivedData/en01-ansyddkftxpufufiswdighzryqrt/Build/Products/Debug-iphonesimulator/en01.app

CpResource /Users/tankonitk/Library/Developer/Xcode/DerivedData/en01-ansyddkftxpufufiswdighzryqrt/Build/Products/Debug-iphonesimulator/en01.app/GEN_2001_Section_I_Use\ of\ English.md /Users/tankonitk/Library/Mobile\ Documents/com~apple~CloudDocs/xcode/Crulish/en01/Resources/solo/通用/2001/GEN_2001_Section_I_Use\ of\ English.md (in target 'en01' from project 'en01')
    cd /Users/tankonitk/Library/Mobile\ Documents/com\~apple\~CloudDocs/xcode/Crulish
    builtin-copy -exclude .DS_Store -exclude CVS -exclude .svn -exclude .git -exclude .hg -resolve-src-symlinks /Users/tankonitk/Library/Mobile\ Documents/com\~apple\~CloudDocs/xcode/Crulish/en01/Resources/solo/通用/2001/GEN_2001_Section_I_Use\ of\ English.md /Users/tankonitk/Library/Developer/Xcode/DerivedData/en01-ansyddkftxpufufiswdighzryqrt/Build/Products/Debug-iphonesimulator/en01.app

CpResource /Users/tankonitk/Library/Developer/Xcode/DerivedData/en01-ansyddkftxpufufiswdighzryqrt/Build/Products/Debug-iphonesimulator/en01.app/GEN_2001_Section_II_Reading_Comprehension_Part_B.md /Users/tankonitk/Library/Mobile\ Documents/com~apple~CloudDocs/xcode/Crulish/en01/Resources/solo/通用/2001/GEN_2001_Section_II_Reading_Comprehension_Part_B.md (in target 'en01' from project 'en01')
    cd /Users/tankonitk/Library/Mobile\ Documents/com\~apple\~CloudDocs/xcode/Crulish
    builtin-copy -exclude .DS_Store -exclude CVS -exclude .svn -exclude .git -exclude .hg -resolve-src-symlinks /Users/tankonitk/Library/Mobile\ Documents/com\~apple\~CloudDocs/xcode/Crulish/en01/Resources/solo/通用/2001/GEN_2001_Section_II_Reading_Comprehension_Part_B.md /Users/tankonitk/Library/Developer/Xcode/DerivedData/en01-ansyddkftxpufufiswdighzryqrt/Build/Products/Debug-iphonesimulator/en01.app

CpResource /Users/tankonitk/Library/Developer/Xcode/DerivedData/en01-ansyddkftxpufufiswdighzryqrt/Build/Products/Debug-iphonesimulator/en01.app/GEN_2001_Section_II_Reading\ Comprehension_Part\ A_Text_5.md /Users/tankonitk/Library/Mobile\ Documents/com~apple~CloudDocs/xcode/Crulish/en01/Resources/solo/通用/2001/GEN_2001_Section_II_Reading\ Comprehension_Part\ A_Text_5.md (in target 'en01' from project 'en01')
    cd /Users/tankonitk/Library/Mobile\ Documents/com\~apple\~CloudDocs/xcode/Crulish
    builtin-copy -exclude .DS_Store -exclude CVS -exclude .svn -exclude .git -exclude .hg -resolve-src-symlinks /Users/tankonitk/Library/Mobile\ Documents/com\~apple\~CloudDocs/xcode/Crulish/en01/Resources/solo/通用/2001/GEN_2001_Section_II_Reading\ Comprehension_Part\ A_Text_5.md /Users/tankonitk/Library/Developer/Xcode/DerivedData/en01-ansyddkftxpufufiswdighzryqrt/Build/Products/Debug-iphonesimulator/en01.app

CpResource /Users/tankonitk/Library/Developer/Xcode/DerivedData/en01-ansyddkftxpufufiswdighzryqrt/Build/Products/Debug-iphonesimulator/en01.app/GEN_2001_Section_II_Reading\ Comprehension_Part\ A_Text_4.md /Users/tankonitk/Library/Mobile\ Documents/com~apple~CloudDocs/xcode/Crulish/en01/Resources/solo/通用/2001/GEN_2001_Section_II_Reading\ Comprehension_Part\ A_Text_4.md (in target 'en01' from project 'en01')
    cd /Users/tankonitk/Library/Mobile\ Documents/com\~apple\~CloudDocs/xcode/Crulish
    builtin-copy -exclude .DS_Store -exclude CVS -exclude .svn -exclude .git -exclude .hg -resolve-src-symlinks /Users/tankonitk/Library/Mobile\ Documents/com\~apple\~CloudDocs/xcode/Crulish/en01/Resources/solo/通用/2001/GEN_2001_Section_II_Reading\ Comprehension_Part\ A_Text_4.md /Users/tankonitk/Library/Developer/Xcode/DerivedData/en01-ansyddkftxpufufiswdighzryqrt/Build/Products/Debug-iphonesimulator/en01.app

CpResource /Users/tankonitk/Library/Developer/Xcode/DerivedData/en01-ansyddkftxpufufiswdighzryqrt/Build/Products/Debug-iphonesimulator/en01.app/GEN_2001_Section_II_Reading\ Comprehension_Part\ A_Text_3.md /Users/tankonitk/Library/Mobile\ Documents/com~apple~CloudDocs/xcode/Crulish/en01/Resources/solo/通用/2001/GEN_2001_Section_II_Reading\ Comprehension_Part\ A_Text_3.md (in target 'en01' from project 'en01')
    cd /Users/tankonitk/Library/Mobile\ Documents/com\~apple\~CloudDocs/xcode/Crulish
    builtin-copy -exclude .DS_Store -exclude CVS -exclude .svn -exclude .git -exclude .hg -resolve-src-symlinks /Users/tankonitk/Library/Mobile\ Documents/com\~apple\~CloudDocs/xcode/Crulish/en01/Resources/solo/通用/2001/GEN_2001_Section_II_Reading\ Comprehension_Part\ A_Text_3.md /Users/tankonitk/Library/Developer/Xcode/DerivedData/en01-ansyddkftxpufufiswdighzryqrt/Build/Products/Debug-iphonesimulator/en01.app

CpResource /Users/tankonitk/Library/Developer/Xcode/DerivedData/en01-ansyddkftxpufufiswdighzryqrt/Build/Products/Debug-iphonesimulator/en01.app/GEN_2001_Section_II_Reading\ Comprehension_Part\ A_Text_1.md /Users/tankonitk/Library/Mobile\ Documents/com~apple~CloudDocs/xcode/Crulish/en01/Resources/solo/通用/2001/GEN_2001_Section_II_Reading\ Comprehension_Part\ A_Text_1.md (in target 'en01' from project 'en01')
    cd /Users/tankonitk/Library/Mobile\ Documents/com\~apple\~CloudDocs/xcode/Crulish
    builtin-copy -exclude .DS_Store -exclude CVS -exclude .svn -exclude .git -exclude .hg -resolve-src-symlinks /Users/tankonitk/Library/Mobile\ Documents/com\~apple\~CloudDocs/xcode/Crulish/en01/Resources/solo/通用/2001/GEN_2001_Section_II_Reading\ Comprehension_Part\ A_Text_1.md /Users/tankonitk/Library/Developer/Xcode/DerivedData/en01-ansyddkftxpufufiswdighzryqrt/Build/Products/Debug-iphonesimulator/en01.app

CpResource /Users/tankonitk/Library/Developer/Xcode/DerivedData/en01-ansyddkftxpufufiswdighzryqrt/Build/Products/Debug-iphonesimulator/en01.app/GEN_2001_Section_II_Reading\ Comprehension_Part\ A_Text_2.md /Users/tankonitk/Library/Mobile\ Documents/com~apple~CloudDocs/xcode/Crulish/en01/Resources/solo/通用/2001/GEN_2001_Section_II_Reading\ Comprehension_Part\ A_Text_2.md (in target 'en01' from project 'en01')
    cd /Users/tankonitk/Library/Mobile\ Documents/com\~apple\~CloudDocs/xcode/Crulish
    builtin-copy -exclude .DS_Store -exclude CVS -exclude .svn -exclude .git -exclude .hg -resolve-src-symlinks /Users/tankonitk/Library/Mobile\ Documents/com\~apple\~CloudDocs/xcode/Crulish/en01/Resources/solo/通用/2001/GEN_2001_Section_II_Reading\ Comprehension_Part\ A_Text_2.md /Users/tankonitk/Library/Developer/Xcode/DerivedData/en01-ansyddkftxpufufiswdighzryqrt/Build/Products/Debug-iphonesimulator/en01.app

CpResource /Users/tankonitk/Library/Developer/Xcode/DerivedData/en01-ansyddkftxpufufiswdighzryqrt/Build/Products/Debug-iphonesimulator/en01.app/GEN_2001_Section_III_Writing.md /Users/tankonitk/Library/Mobile\ Documents/com~apple~CloudDocs/xcode/Crulish/en01/Resources/solo/通用/2001/GEN_2001_Section_III_Writing.md (in target 'en01' from project 'en01')
    cd /Users/tankonitk/Library/Mobile\ Documents/com\~apple\~CloudDocs/xcode/Crulish
    builtin-copy -exclude .DS_Store -exclude CVS -exclude .svn -exclude .git -exclude .hg -resolve-src-symlinks /Users/tankonitk/Library/Mobile\ Documents/com\~apple\~CloudDocs/xcode/Crulish/en01/Resources/solo/通用/2001/GEN_2001_Section_III_Writing.md /Users/tankonitk/Library/Developer/Xcode/DerivedData/en01-ansyddkftxpufufiswdighzryqrt/Build/Products/Debug-iphonesimulator/en01.app

CpResource /Users/tankonitk/Library/Developer/Xcode/DerivedData/en01-ansyddkftxpufufiswdighzryqrt/Build/Products/Debug-iphonesimulator/en01.app/GEN_2000_Section_I_Use\ of\ English.md /Users/tankonitk/Library/Mobile\ Documents/com~apple~CloudDocs/xcode/Crulish/en01/Resources/solo/通用/2000/GEN_2000_Section_I_Use\ of\ English.md (in target 'en01' from project 'en01')
    cd /Users/tankonitk/Library/Mobile\ Documents/com\~apple\~CloudDocs/xcode/Crulish
    builtin-copy -exclude .DS_Store -exclude CVS -exclude .svn -exclude .git -exclude .hg -resolve-src-symlinks /Users/tankonitk/Library/Mobile\ Documents/com\~apple\~CloudDocs/xcode/Crulish/en01/Resources/solo/通用/2000/GEN_2000_Section_I_Use\ of\ English.md /Users/tankonitk/Library/Developer/Xcode/DerivedData/en01-ansyddkftxpufufiswdighzryqrt/Build/Products/Debug-iphonesimulator/en01.app

CpResource /Users/tankonitk/Library/Developer/Xcode/DerivedData/en01-ansyddkftxpufufiswdighzryqrt/Build/Products/Debug-iphonesimulator/en01.app/GEN_2000_Section_II_Reading_Comprehension_Part_B.md /Users/tankonitk/Library/Mobile\ Documents/com~apple~CloudDocs/xcode/Crulish/en01/Resources/solo/通用/2000/GEN_2000_Section_II_Reading_Comprehension_Part_B.md (in target 'en01' from project 'en01')
    cd /Users/tankonitk/Library/Mobile\ Documents/com\~apple\~CloudDocs/xcode/Crulish
    builtin-copy -exclude .DS_Store -exclude CVS -exclude .svn -exclude .git -exclude .hg -resolve-src-symlinks /Users/tankonitk/Library/Mobile\ Documents/com\~apple\~CloudDocs/xcode/Crulish/en01/Resources/solo/通用/2000/GEN_2000_Section_II_Reading_Comprehension_Part_B.md /Users/tankonitk/Library/Developer/Xcode/DerivedData/en01-ansyddkftxpufufiswdighzryqrt/Build/Products/Debug-iphonesimulator/en01.app

CpResource /Users/tankonitk/Library/Developer/Xcode/DerivedData/en01-ansyddkftxpufufiswdighzryqrt/Build/Products/Debug-iphonesimulator/en01.app/GEN_2000_Section_II_Reading\ Comprehension_Part\ A_Text_5.md /Users/tankonitk/Library/Mobile\ Documents/com~apple~CloudDocs/xcode/Crulish/en01/Resources/solo/通用/2000/GEN_2000_Section_II_Reading\ Comprehension_Part\ A_Text_5.md (in target 'en01' from project 'en01')
    cd /Users/tankonitk/Library/Mobile\ Documents/com\~apple\~CloudDocs/xcode/Crulish
    builtin-copy -exclude .DS_Store -exclude CVS -exclude .svn -exclude .git -exclude .hg -resolve-src-symlinks /Users/tankonitk/Library/Mobile\ Documents/com\~apple\~CloudDocs/xcode/Crulish/en01/Resources/solo/通用/2000/GEN_2000_Section_II_Reading\ Comprehension_Part\ A_Text_5.md /Users/tankonitk/Library/Developer/Xcode/DerivedData/en01-ansyddkftxpufufiswdighzryqrt/Build/Products/Debug-iphonesimulator/en01.app

CpResource /Users/tankonitk/Library/Developer/Xcode/DerivedData/en01-ansyddkftxpufufiswdighzryqrt/Build/Products/Debug-iphonesimulator/en01.app/GEN_2000_Section_II_Reading\ Comprehension_Part\ A_Text_4.md /Users/tankonitk/Library/Mobile\ Documents/com~apple~CloudDocs/xcode/Crulish/en01/Resources/solo/通用/2000/GEN_2000_Section_II_Reading\ Comprehension_Part\ A_Text_4.md (in target 'en01' from project 'en01')
    cd /Users/tankonitk/Library/Mobile\ Documents/com\~apple\~CloudDocs/xcode/Crulish
    builtin-copy -exclude .DS_Store -exclude CVS -exclude .svn -exclude .git -exclude .hg -resolve-src-symlinks /Users/tankonitk/Library/Mobile\ Documents/com\~apple\~CloudDocs/xcode/Crulish/en01/Resources/solo/通用/2000/GEN_2000_Section_II_Reading\ Comprehension_Part\ A_Text_4.md /Users/tankonitk/Library/Developer/Xcode/DerivedData/en01-ansyddkftxpufufiswdighzryqrt/Build/Products/Debug-iphonesimulator/en01.app

CpResource /Users/tankonitk/Library/Developer/Xcode/DerivedData/en01-ansyddkftxpufufiswdighzryqrt/Build/Products/Debug-iphonesimulator/en01.app/GEN_2000_Section_II_Reading\ Comprehension_Part\ A_Text_3.md /Users/tankonitk/Library/Mobile\ Documents/com~apple~CloudDocs/xcode/Crulish/en01/Resources/solo/通用/2000/GEN_2000_Section_II_Reading\ Comprehension_Part\ A_Text_3.md (in target 'en01' from project 'en01')
    cd /Users/tankonitk/Library/Mobile\ Documents/com\~apple\~CloudDocs/xcode/Crulish
    builtin-copy -exclude .DS_Store -exclude CVS -exclude .svn -exclude .git -exclude .hg -resolve-src-symlinks /Users/tankonitk/Library/Mobile\ Documents/com\~apple\~CloudDocs/xcode/Crulish/en01/Resources/solo/通用/2000/GEN_2000_Section_II_Reading\ Comprehension_Part\ A_Text_3.md /Users/tankonitk/Library/Developer/Xcode/DerivedData/en01-ansyddkftxpufufiswdighzryqrt/Build/Products/Debug-iphonesimulator/en01.app

CpResource /Users/tankonitk/Library/Developer/Xcode/DerivedData/en01-ansyddkftxpufufiswdighzryqrt/Build/Products/Debug-iphonesimulator/en01.app/GEN_2000_Section_II_Reading\ Comprehension_Part\ A_Text_2.md /Users/tankonitk/Library/Mobile\ Documents/com~apple~CloudDocs/xcode/Crulish/en01/Resources/solo/通用/2000/GEN_2000_Section_II_Reading\ Comprehension_Part\ A_Text_2.md (in target 'en01' from project 'en01')
    cd /Users/tankonitk/Library/Mobile\ Documents/com\~apple\~CloudDocs/xcode/Crulish
    builtin-copy -exclude .DS_Store -exclude CVS -exclude .svn -exclude .git -exclude .hg -resolve-src-symlinks /Users/tankonitk/Library/Mobile\ Documents/com\~apple\~CloudDocs/xcode/Crulish/en01/Resources/solo/通用/2000/GEN_2000_Section_II_Reading\ Comprehension_Part\ A_Text_2.md /Users/tankonitk/Library/Developer/Xcode/DerivedData/en01-ansyddkftxpufufiswdighzryqrt/Build/Products/Debug-iphonesimulator/en01.app

CpResource /Users/tankonitk/Library/Developer/Xcode/DerivedData/en01-ansyddkftxpufufiswdighzryqrt/Build/Products/Debug-iphonesimulator/en01.app/GEN_2000_Section_II_Reading\ Comprehension_Part\ A_Text_1.md /Users/tankonitk/Library/Mobile\ Documents/com~apple~CloudDocs/xcode/Crulish/en01/Resources/solo/通用/2000/GEN_2000_Section_II_Reading\ Comprehension_Part\ A_Text_1.md (in target 'en01' from project 'en01')
    cd /Users/tankonitk/Library/Mobile\ Documents/com\~apple\~CloudDocs/xcode/Crulish
    builtin-copy -exclude .DS_Store -exclude CVS -exclude .svn -exclude .git -exclude .hg -resolve-src-symlinks /Users/tankonitk/Library/Mobile\ Documents/com\~apple\~CloudDocs/xcode/Crulish/en01/Resources/solo/通用/2000/GEN_2000_Section_II_Reading\ Comprehension_Part\ A_Text_1.md /Users/tankonitk/Library/Developer/Xcode/DerivedData/en01-ansyddkftxpufufiswdighzryqrt/Build/Products/Debug-iphonesimulator/en01.app

CpResource /Users/tankonitk/Library/Developer/Xcode/DerivedData/en01-ansyddkftxpufufiswdighzryqrt/Build/Products/Debug-iphonesimulator/en01.app/GEN_2000_Section_III_Writing.md /Users/tankonitk/Library/Mobile\ Documents/com~apple~CloudDocs/xcode/Crulish/en01/Resources/solo/通用/2000/GEN_2000_Section_III_Writing.md (in target 'en01' from project 'en01')
    cd /Users/tankonitk/Library/Mobile\ Documents/com\~apple\~CloudDocs/xcode/Crulish
    builtin-copy -exclude .DS_Store -exclude CVS -exclude .svn -exclude .git -exclude .hg -resolve-src-symlinks /Users/tankonitk/Library/Mobile\ Documents/com\~apple\~CloudDocs/xcode/Crulish/en01/Resources/solo/通用/2000/GEN_2000_Section_III_Writing.md /Users/tankonitk/Library/Developer/Xcode/DerivedData/en01-ansyddkftxpufufiswdighzryqrt/Build/Products/Debug-iphonesimulator/en01.app

CpResource /Users/tankonitk/Library/Developer/Xcode/DerivedData/en01-ansyddkftxpufufiswdighzryqrt/Build/Products/Debug-iphonesimulator/en01.app/GEN_1999_Section_I_Use\ of\ English.md /Users/tankonitk/Library/Mobile\ Documents/com~apple~CloudDocs/xcode/Crulish/en01/Resources/solo/通用/1999/GEN_1999_Section_I_Use\ of\ English.md (in target 'en01' from project 'en01')
    cd /Users/tankonitk/Library/Mobile\ Documents/com\~apple\~CloudDocs/xcode/Crulish
    builtin-copy -exclude .DS_Store -exclude CVS -exclude .svn -exclude .git -exclude .hg -resolve-src-symlinks /Users/tankonitk/Library/Mobile\ Documents/com\~apple\~CloudDocs/xcode/Crulish/en01/Resources/solo/通用/1999/GEN_1999_Section_I_Use\ of\ English.md /Users/tankonitk/Library/Developer/Xcode/DerivedData/en01-ansyddkftxpufufiswdighzryqrt/Build/Products/Debug-iphonesimulator/en01.app

CpResource /Users/tankonitk/Library/Developer/Xcode/DerivedData/en01-ansyddkftxpufufiswdighzryqrt/Build/Products/Debug-iphonesimulator/en01.app/GEN_1999_Section_II_Reading_Comprehension_Part_B.md /Users/tankonitk/Library/Mobile\ Documents/com~apple~CloudDocs/xcode/Crulish/en01/Resources/solo/通用/1999/GEN_1999_Section_II_Reading_Comprehension_Part_B.md (in target 'en01' from project 'en01')
    cd /Users/tankonitk/Library/Mobile\ Documents/com\~apple\~CloudDocs/xcode/Crulish
    builtin-copy -exclude .DS_Store -exclude CVS -exclude .svn -exclude .git -exclude .hg -resolve-src-symlinks /Users/tankonitk/Library/Mobile\ Documents/com\~apple\~CloudDocs/xcode/Crulish/en01/Resources/solo/通用/1999/GEN_1999_Section_II_Reading_Comprehension_Part_B.md /Users/tankonitk/Library/Developer/Xcode/DerivedData/en01-ansyddkftxpufufiswdighzryqrt/Build/Products/Debug-iphonesimulator/en01.app

CpResource /Users/tankonitk/Library/Developer/Xcode/DerivedData/en01-ansyddkftxpufufiswdighzryqrt/Build/Products/Debug-iphonesimulator/en01.app/GEN_1999_Section_II_Reading\ Comprehension_Part\ A_Text_5.md /Users/tankonitk/Library/Mobile\ Documents/com~apple~CloudDocs/xcode/Crulish/en01/Resources/solo/通用/1999/GEN_1999_Section_II_Reading\ Comprehension_Part\ A_Text_5.md (in target 'en01' from project 'en01')
    cd /Users/tankonitk/Library/Mobile\ Documents/com\~apple\~CloudDocs/xcode/Crulish
    builtin-copy -exclude .DS_Store -exclude CVS -exclude .svn -exclude .git -exclude .hg -resolve-src-symlinks /Users/tankonitk/Library/Mobile\ Documents/com\~apple\~CloudDocs/xcode/Crulish/en01/Resources/solo/通用/1999/GEN_1999_Section_II_Reading\ Comprehension_Part\ A_Text_5.md /Users/tankonitk/Library/Developer/Xcode/DerivedData/en01-ansyddkftxpufufiswdighzryqrt/Build/Products/Debug-iphonesimulator/en01.app

CpResource /Users/tankonitk/Library/Developer/Xcode/DerivedData/en01-ansyddkftxpufufiswdighzryqrt/Build/Products/Debug-iphonesimulator/en01.app/GEN_1999_Section_II_Reading\ Comprehension_Part\ A_Text_4.md /Users/tankonitk/Library/Mobile\ Documents/com~apple~CloudDocs/xcode/Crulish/en01/Resources/solo/通用/1999/GEN_1999_Section_II_Reading\ Comprehension_Part\ A_Text_4.md (in target 'en01' from project 'en01')
    cd /Users/tankonitk/Library/Mobile\ Documents/com\~apple\~CloudDocs/xcode/Crulish
    builtin-copy -exclude .DS_Store -exclude CVS -exclude .svn -exclude .git -exclude .hg -resolve-src-symlinks /Users/tankonitk/Library/Mobile\ Documents/com\~apple\~CloudDocs/xcode/Crulish/en01/Resources/solo/通用/1999/GEN_1999_Section_II_Reading\ Comprehension_Part\ A_Text_4.md /Users/tankonitk/Library/Developer/Xcode/DerivedData/en01-ansyddkftxpufufiswdighzryqrt/Build/Products/Debug-iphonesimulator/en01.app

CpResource /Users/tankonitk/Library/Developer/Xcode/DerivedData/en01-ansyddkftxpufufiswdighzryqrt/Build/Products/Debug-iphonesimulator/en01.app/GEN_1999_Section_II_Reading\ Comprehension_Part\ A_Text_3.md /Users/tankonitk/Library/Mobile\ Documents/com~apple~CloudDocs/xcode/Crulish/en01/Resources/solo/通用/1999/GEN_1999_Section_II_Reading\ Comprehension_Part\ A_Text_3.md (in target 'en01' from project 'en01')
    cd /Users/tankonitk/Library/Mobile\ Documents/com\~apple\~CloudDocs/xcode/Crulish
    builtin-copy -exclude .DS_Store -exclude CVS -exclude .svn -exclude .git -exclude .hg -resolve-src-symlinks /Users/tankonitk/Library/Mobile\ Documents/com\~apple\~CloudDocs/xcode/Crulish/en01/Resources/solo/通用/1999/GEN_1999_Section_II_Reading\ Comprehension_Part\ A_Text_3.md /Users/tankonitk/Library/Developer/Xcode/DerivedData/en01-ansyddkftxpufufiswdighzryqrt/Build/Products/Debug-iphonesimulator/en01.app

CpResource /Users/tankonitk/Library/Developer/Xcode/DerivedData/en01-ansyddkftxpufufiswdighzryqrt/Build/Products/Debug-iphonesimulator/en01.app/GEN_1999_Section_II_Reading\ Comprehension_Part\ A_Text_2.md /Users/tankonitk/Library/Mobile\ Documents/com~apple~CloudDocs/xcode/Crulish/en01/Resources/solo/通用/1999/GEN_1999_Section_II_Reading\ Comprehension_Part\ A_Text_2.md (in target 'en01' from project 'en01')
    cd /Users/tankonitk/Library/Mobile\ Documents/com\~apple\~CloudDocs/xcode/Crulish
    builtin-copy -exclude .DS_Store -exclude CVS -exclude .svn -exclude .git -exclude .hg -resolve-src-symlinks /Users/tankonitk/Library/Mobile\ Documents/com\~apple\~CloudDocs/xcode/Crulish/en01/Resources/solo/通用/1999/GEN_1999_Section_II_Reading\ Comprehension_Part\ A_Text_2.md /Users/tankonitk/Library/Developer/Xcode/DerivedData/en01-ansyddkftxpufufiswdighzryqrt/Build/Products/Debug-iphonesimulator/en01.app

CpResource /Users/tankonitk/Library/Developer/Xcode/DerivedData/en01-ansyddkftxpufufiswdighzryqrt/Build/Products/Debug-iphonesimulator/en01.app/GEN_1999_Section_II_Reading\ Comprehension_Part\ A_Text_1.md /Users/tankonitk/Library/Mobile\ Documents/com~apple~CloudDocs/xcode/Crulish/en01/Resources/solo/通用/1999/GEN_1999_Section_II_Reading\ Comprehension_Part\ A_Text_1.md (in target 'en01' from project 'en01')
    cd /Users/tankonitk/Library/Mobile\ Documents/com\~apple\~CloudDocs/xcode/Crulish
    builtin-copy -exclude .DS_Store -exclude CVS -exclude .svn -exclude .git -exclude .hg -resolve-src-symlinks /Users/tankonitk/Library/Mobile\ Documents/com\~apple\~CloudDocs/xcode/Crulish/en01/Resources/solo/通用/1999/GEN_1999_Section_II_Reading\ Comprehension_Part\ A_Text_1.md /Users/tankonitk/Library/Developer/Xcode/DerivedData/en01-ansyddkftxpufufiswdighzryqrt/Build/Products/Debug-iphonesimulator/en01.app

CpResource /Users/tankonitk/Library/Developer/Xcode/DerivedData/en01-ansyddkftxpufufiswdighzryqrt/Build/Products/Debug-iphonesimulator/en01.app/GEN_1999_Section_III_Writing.md /Users/tankonitk/Library/Mobile\ Documents/com~apple~CloudDocs/xcode/Crulish/en01/Resources/solo/通用/1999/GEN_1999_Section_III_Writing.md (in target 'en01' from project 'en01')
    cd /Users/tankonitk/Library/Mobile\ Documents/com\~apple\~CloudDocs/xcode/Crulish
    builtin-copy -exclude .DS_Store -exclude CVS -exclude .svn -exclude .git -exclude .hg -resolve-src-symlinks /Users/tankonitk/Library/Mobile\ Documents/com\~apple\~CloudDocs/xcode/Crulish/en01/Resources/solo/通用/1999/GEN_1999_Section_III_Writing.md /Users/tankonitk/Library/Developer/Xcode/DerivedData/en01-ansyddkftxpufufiswdighzryqrt/Build/Products/Debug-iphonesimulator/en01.app

CpResource /Users/tankonitk/Library/Developer/Xcode/DerivedData/en01-ansyddkftxpufufiswdighzryqrt/Build/Products/Debug-iphonesimulator/en01.app/GEN_1998_Section_I_Use\ of\ English.md /Users/tankonitk/Library/Mobile\ Documents/com~apple~CloudDocs/xcode/Crulish/en01/Resources/solo/通用/1998/GEN_1998_Section_I_Use\ of\ English.md (in target 'en01' from project 'en01')
    cd /Users/tankonitk/Library/Mobile\ Documents/com\~apple\~CloudDocs/xcode/Crulish
    builtin-copy -exclude .DS_Store -exclude CVS -exclude .svn -exclude .git -exclude .hg -resolve-src-symlinks /Users/tankonitk/Library/Mobile\ Documents/com\~apple\~CloudDocs/xcode/Crulish/en01/Resources/solo/通用/1998/GEN_1998_Section_I_Use\ of\ English.md /Users/tankonitk/Library/Developer/Xcode/DerivedData/en01-ansyddkftxpufufiswdighzryqrt/Build/Products/Debug-iphonesimulator/en01.app

CpResource /Users/tankonitk/Library/Developer/Xcode/DerivedData/en01-ansyddkftxpufufiswdighzryqrt/Build/Products/Debug-iphonesimulator/en01.app/GEN_1998_Section_II_Reading_Comprehension_Part_B.md /Users/tankonitk/Library/Mobile\ Documents/com~apple~CloudDocs/xcode/Crulish/en01/Resources/solo/通用/1998/GEN_1998_Section_II_Reading_Comprehension_Part_B.md (in target 'en01' from project 'en01')
    cd /Users/tankonitk/Library/Mobile\ Documents/com\~apple\~CloudDocs/xcode/Crulish
    builtin-copy -exclude .DS_Store -exclude CVS -exclude .svn -exclude .git -exclude .hg -resolve-src-symlinks /Users/tankonitk/Library/Mobile\ Documents/com\~apple\~CloudDocs/xcode/Crulish/en01/Resources/solo/通用/1998/GEN_1998_Section_II_Reading_Comprehension_Part_B.md /Users/tankonitk/Library/Developer/Xcode/DerivedData/en01-ansyddkftxpufufiswdighzryqrt/Build/Products/Debug-iphonesimulator/en01.app

CpResource /Users/tankonitk/Library/Developer/Xcode/DerivedData/en01-ansyddkftxpufufiswdighzryqrt/Build/Products/Debug-iphonesimulator/en01.app/GEN_1998_Section_II_Reading\ Comprehension_Part\ A_Text_5.md /Users/tankonitk/Library/Mobile\ Documents/com~apple~CloudDocs/xcode/Crulish/en01/Resources/solo/通用/1998/GEN_1998_Section_II_Reading\ Comprehension_Part\ A_Text_5.md (in target 'en01' from project 'en01')
    cd /Users/tankonitk/Library/Mobile\ Documents/com\~apple\~CloudDocs/xcode/Crulish
    builtin-copy -exclude .DS_Store -exclude CVS -exclude .svn -exclude .git -exclude .hg -resolve-src-symlinks /Users/tankonitk/Library/Mobile\ Documents/com\~apple\~CloudDocs/xcode/Crulish/en01/Resources/solo/通用/1998/GEN_1998_Section_II_Reading\ Comprehension_Part\ A_Text_5.md /Users/tankonitk/Library/Developer/Xcode/DerivedData/en01-ansyddkftxpufufiswdighzryqrt/Build/Products/Debug-iphonesimulator/en01.app

CpResource /Users/tankonitk/Library/Developer/Xcode/DerivedData/en01-ansyddkftxpufufiswdighzryqrt/Build/Products/Debug-iphonesimulator/en01.app/GEN_1998_Section_II_Reading\ Comprehension_Part\ A_Text_4.md /Users/tankonitk/Library/Mobile\ Documents/com~apple~CloudDocs/xcode/Crulish/en01/Resources/solo/通用/1998/GEN_1998_Section_II_Reading\ Comprehension_Part\ A_Text_4.md (in target 'en01' from project 'en01')
    cd /Users/tankonitk/Library/Mobile\ Documents/com\~apple\~CloudDocs/xcode/Crulish
    builtin-copy -exclude .DS_Store -exclude CVS -exclude .svn -exclude .git -exclude .hg -resolve-src-symlinks /Users/tankonitk/Library/Mobile\ Documents/com\~apple\~CloudDocs/xcode/Crulish/en01/Resources/solo/通用/1998/GEN_1998_Section_II_Reading\ Comprehension_Part\ A_Text_4.md /Users/tankonitk/Library/Developer/Xcode/DerivedData/en01-ansyddkftxpufufiswdighzryqrt/Build/Products/Debug-iphonesimulator/en01.app

CpResource /Users/tankonitk/Library/Developer/Xcode/DerivedData/en01-ansyddkftxpufufiswdighzryqrt/Build/Products/Debug-iphonesimulator/en01.app/GEN_1998_Section_II_Reading\ Comprehension_Part\ A_Text_3.md /Users/tankonitk/Library/Mobile\ Documents/com~apple~CloudDocs/xcode/Crulish/en01/Resources/solo/通用/1998/GEN_1998_Section_II_Reading\ Comprehension_Part\ A_Text_3.md (in target 'en01' from project 'en01')
    cd /Users/tankonitk/Library/Mobile\ Documents/com\~apple\~CloudDocs/xcode/Crulish
    builtin-copy -exclude .DS_Store -exclude CVS -exclude .svn -exclude .git -exclude .hg -resolve-src-symlinks /Users/tankonitk/Library/Mobile\ Documents/com\~apple\~CloudDocs/xcode/Crulish/en01/Resources/solo/通用/1998/GEN_1998_Section_II_Reading\ Comprehension_Part\ A_Text_3.md /Users/tankonitk/Library/Developer/Xcode/DerivedData/en01-ansyddkftxpufufiswdighzryqrt/Build/Products/Debug-iphonesimulator/en01.app

CpResource /Users/tankonitk/Library/Developer/Xcode/DerivedData/en01-ansyddkftxpufufiswdighzryqrt/Build/Products/Debug-iphonesimulator/en01.app/GEN_1998_Section_II_Reading\ Comprehension_Part\ A_Text_2.md /Users/tankonitk/Library/Mobile\ Documents/com~apple~CloudDocs/xcode/Crulish/en01/Resources/solo/通用/1998/GEN_1998_Section_II_Reading\ Comprehension_Part\ A_Text_2.md (in target 'en01' from project 'en01')
    cd /Users/tankonitk/Library/Mobile\ Documents/com\~apple\~CloudDocs/xcode/Crulish
    builtin-copy -exclude .DS_Store -exclude CVS -exclude .svn -exclude .git -exclude .hg -resolve-src-symlinks /Users/tankonitk/Library/Mobile\ Documents/com\~apple\~CloudDocs/xcode/Crulish/en01/Resources/solo/通用/1998/GEN_1998_Section_II_Reading\ Comprehension_Part\ A_Text_2.md /Users/tankonitk/Library/Developer/Xcode/DerivedData/en01-ansyddkftxpufufiswdighzryqrt/Build/Products/Debug-iphonesimulator/en01.app

CpResource /Users/tankonitk/Library/Developer/Xcode/DerivedData/en01-ansyddkftxpufufiswdighzryqrt/Build/Products/Debug-iphonesimulator/en01.app/GEN_1998_Section_II_Reading\ Comprehension_Part\ A_Text_1.md /Users/tankonitk/Library/Mobile\ Documents/com~apple~CloudDocs/xcode/Crulish/en01/Resources/solo/通用/1998/GEN_1998_Section_II_Reading\ Comprehension_Part\ A_Text_1.md (in target 'en01' from project 'en01')
    cd /Users/tankonitk/Library/Mobile\ Documents/com\~apple\~CloudDocs/xcode/Crulish
    builtin-copy -exclude .DS_Store -exclude CVS -exclude .svn -exclude .git -exclude .hg -resolve-src-symlinks /Users/tankonitk/Library/Mobile\ Documents/com\~apple\~CloudDocs/xcode/Crulish/en01/Resources/solo/通用/1998/GEN_1998_Section_II_Reading\ Comprehension_Part\ A_Text_1.md /Users/tankonitk/Library/Developer/Xcode/DerivedData/en01-ansyddkftxpufufiswdighzryqrt/Build/Products/Debug-iphonesimulator/en01.app

CpResource /Users/tankonitk/Library/Developer/Xcode/DerivedData/en01-ansyddkftxpufufiswdighzryqrt/Build/Products/Debug-iphonesimulator/en01.app/GEN_1998_Section_III_Writing.md /Users/tankonitk/Library/Mobile\ Documents/com~apple~CloudDocs/xcode/Crulish/en01/Resources/solo/通用/1998/GEN_1998_Section_III_Writing.md (in target 'en01' from project 'en01')
    cd /Users/tankonitk/Library/Mobile\ Documents/com\~apple\~CloudDocs/xcode/Crulish
    builtin-copy -exclude .DS_Store -exclude CVS -exclude .svn -exclude .git -exclude .hg -resolve-src-symlinks /Users/tankonitk/Library/Mobile\ Documents/com\~apple\~CloudDocs/xcode/Crulish/en01/Resources/solo/通用/1998/GEN_1998_Section_III_Writing.md /Users/tankonitk/Library/Developer/Xcode/DerivedData/en01-ansyddkftxpufufiswdighzryqrt/Build/Products/Debug-iphonesimulator/en01.app

CpResource /Users/tankonitk/Library/Developer/Xcode/DerivedData/en01-ansyddkftxpufufiswdighzryqrt/Build/Products/Debug-iphonesimulator/en01.app/GEMINI_API_GUIDE.md /Users/tankonitk/Library/Mobile\ Documents/com~apple~CloudDocs/xcode/Crulish/en01/GEMINI_API_GUIDE.md (in target 'en01' from project 'en01')
    cd /Users/tankonitk/Library/Mobile\ Documents/com\~apple\~CloudDocs/xcode/Crulish
    builtin-copy -exclude .DS_Store -exclude CVS -exclude .svn -exclude .git -exclude .hg -resolve-src-symlinks /Users/tankonitk/Library/Mobile\ Documents/com\~apple\~CloudDocs/xcode/Crulish/en01/GEMINI_API_GUIDE.md /Users/tankonitk/Library/Developer/Xcode/DerivedData/en01-ansyddkftxpufufiswdighzryqrt/Build/Products/Debug-iphonesimulator/en01.app

CpResource /Users/tankonitk/Library/Developer/Xcode/DerivedData/en01-ansyddkftxpufufiswdighzryqrt/Build/Products/Debug-iphonesimulator/en01.app/EN2_2023_Section_I_Use\ of\ English.md /Users/tankonitk/Library/Mobile\ Documents/com~apple~CloudDocs/xcode/Crulish/en01/Resources/solo/考研英语二/2023/EN2_2023_Section_I_Use\ of\ English.md (in target 'en01' from project 'en01')
    cd /Users/tankonitk/Library/Mobile\ Documents/com\~apple\~CloudDocs/xcode/Crulish
    builtin-copy -exclude .DS_Store -exclude CVS -exclude .svn -exclude .git -exclude .hg -resolve-src-symlinks /Users/tankonitk/Library/Mobile\ Documents/com\~apple\~CloudDocs/xcode/Crulish/en01/Resources/solo/考研英语二/2023/EN2_2023_Section_I_Use\ of\ English.md /Users/tankonitk/Library/Developer/Xcode/DerivedData/en01-ansyddkftxpufufiswdighzryqrt/Build/Products/Debug-iphonesimulator/en01.app

CpResource /Users/tankonitk/Library/Developer/Xcode/DerivedData/en01-ansyddkftxpufufiswdighzryqrt/Build/Products/Debug-iphonesimulator/en01.app/EN2_2023_Section_IV_Writing_Part_B.md /Users/tankonitk/Library/Mobile\ Documents/com~apple~CloudDocs/xcode/Crulish/en01/Resources/solo/考研英语二/2023/EN2_2023_Section_IV_Writing_Part_B.md (in target 'en01' from project 'en01')
    cd /Users/tankonitk/Library/Mobile\ Documents/com\~apple\~CloudDocs/xcode/Crulish
    builtin-copy -exclude .DS_Store -exclude CVS -exclude .svn -exclude .git -exclude .hg -resolve-src-symlinks /Users/tankonitk/Library/Mobile\ Documents/com\~apple\~CloudDocs/xcode/Crulish/en01/Resources/solo/考研英语二/2023/EN2_2023_Section_IV_Writing_Part_B.md /Users/tankonitk/Library/Developer/Xcode/DerivedData/en01-ansyddkftxpufufiswdighzryqrt/Build/Products/Debug-iphonesimulator/en01.app

CpResource /Users/tankonitk/Library/Developer/Xcode/DerivedData/en01-ansyddkftxpufufiswdighzryqrt/Build/Products/Debug-iphonesimulator/en01.app/EN2_2023_Section_IV_Writing_Part_A.md /Users/tankonitk/Library/Mobile\ Documents/com~apple~CloudDocs/xcode/Crulish/en01/Resources/solo/考研英语二/2023/EN2_2023_Section_IV_Writing_Part_A.md (in target 'en01' from project 'en01')
    cd /Users/tankonitk/Library/Mobile\ Documents/com\~apple\~CloudDocs/xcode/Crulish
    builtin-copy -exclude .DS_Store -exclude CVS -exclude .svn -exclude .git -exclude .hg -resolve-src-symlinks /Users/tankonitk/Library/Mobile\ Documents/com\~apple\~CloudDocs/xcode/Crulish/en01/Resources/solo/考研英语二/2023/EN2_2023_Section_IV_Writing_Part_A.md /Users/tankonitk/Library/Developer/Xcode/DerivedData/en01-ansyddkftxpufufiswdighzryqrt/Build/Products/Debug-iphonesimulator/en01.app

CpResource /Users/tankonitk/Library/Developer/Xcode/DerivedData/en01-ansyddkftxpufufiswdighzryqrt/Build/Products/Debug-iphonesimulator/en01.app/EN2_2023_Section_II_Reading\ Comprehension_Part\ B.md /Users/tankonitk/Library/Mobile\ Documents/com~apple~CloudDocs/xcode/Crulish/en01/Resources/solo/考研英语二/2023/EN2_2023_Section_II_Reading\ Comprehension_Part\ B.md (in target 'en01' from project 'en01')
    cd /Users/tankonitk/Library/Mobile\ Documents/com\~apple\~CloudDocs/xcode/Crulish
    builtin-copy -exclude .DS_Store -exclude CVS -exclude .svn -exclude .git -exclude .hg -resolve-src-symlinks /Users/tankonitk/Library/Mobile\ Documents/com\~apple\~CloudDocs/xcode/Crulish/en01/Resources/solo/考研英语二/2023/EN2_2023_Section_II_Reading\ Comprehension_Part\ B.md /Users/tankonitk/Library/Developer/Xcode/DerivedData/en01-ansyddkftxpufufiswdighzryqrt/Build/Products/Debug-iphonesimulator/en01.app

CpResource /Users/tankonitk/Library/Developer/Xcode/DerivedData/en01-ansyddkftxpufufiswdighzryqrt/Build/Products/Debug-iphonesimulator/en01.app/EN2_2023_Section_II_Reading\ Comprehension_Part\ A_Text_4.md /Users/tankonitk/Library/Mobile\ Documents/com~apple~CloudDocs/xcode/Crulish/en01/Resources/solo/考研英语二/2023/EN2_2023_Section_II_Reading\ Comprehension_Part\ A_Text_4.md (in target 'en01' from project 'en01')
    cd /Users/tankonitk/Library/Mobile\ Documents/com\~apple\~CloudDocs/xcode/Crulish
    builtin-copy -exclude .DS_Store -exclude CVS -exclude .svn -exclude .git -exclude .hg -resolve-src-symlinks /Users/tankonitk/Library/Mobile\ Documents/com\~apple\~CloudDocs/xcode/Crulish/en01/Resources/solo/考研英语二/2023/EN2_2023_Section_II_Reading\ Comprehension_Part\ A_Text_4.md /Users/tankonitk/Library/Developer/Xcode/DerivedData/en01-ansyddkftxpufufiswdighzryqrt/Build/Products/Debug-iphonesimulator/en01.app

CpResource /Users/tankonitk/Library/Developer/Xcode/DerivedData/en01-ansyddkftxpufufiswdighzryqrt/Build/Products/Debug-iphonesimulator/en01.app/EN2_2023_Section_II_Reading\ Comprehension_Part\ A_Text_3.md /Users/tankonitk/Library/Mobile\ Documents/com~apple~CloudDocs/xcode/Crulish/en01/Resources/solo/考研英语二/2023/EN2_2023_Section_II_Reading\ Comprehension_Part\ A_Text_3.md (in target 'en01' from project 'en01')
    cd /Users/tankonitk/Library/Mobile\ Documents/com\~apple\~CloudDocs/xcode/Crulish
    builtin-copy -exclude .DS_Store -exclude CVS -exclude .svn -exclude .git -exclude .hg -resolve-src-symlinks /Users/tankonitk/Library/Mobile\ Documents/com\~apple\~CloudDocs/xcode/Crulish/en01/Resources/solo/考研英语二/2023/EN2_2023_Section_II_Reading\ Comprehension_Part\ A_Text_3.md /Users/tankonitk/Library/Developer/Xcode/DerivedData/en01-ansyddkftxpufufiswdighzryqrt/Build/Products/Debug-iphonesimulator/en01.app

CpResource /Users/tankonitk/Library/Developer/Xcode/DerivedData/en01-ansyddkftxpufufiswdighzryqrt/Build/Products/Debug-iphonesimulator/en01.app/EN2_2023_Section_II_Reading\ Comprehension_Part\ A_Text_2.md /Users/tankonitk/Library/Mobile\ Documents/com~apple~CloudDocs/xcode/Crulish/en01/Resources/solo/考研英语二/2023/EN2_2023_Section_II_Reading\ Comprehension_Part\ A_Text_2.md (in target 'en01' from project 'en01')
    cd /Users/tankonitk/Library/Mobile\ Documents/com\~apple\~CloudDocs/xcode/Crulish
    builtin-copy -exclude .DS_Store -exclude CVS -exclude .svn -exclude .git -exclude .hg -resolve-src-symlinks /Users/tankonitk/Library/Mobile\ Documents/com\~apple\~CloudDocs/xcode/Crulish/en01/Resources/solo/考研英语二/2023/EN2_2023_Section_II_Reading\ Comprehension_Part\ A_Text_2.md /Users/tankonitk/Library/Developer/Xcode/DerivedData/en01-ansyddkftxpufufiswdighzryqrt/Build/Products/Debug-iphonesimulator/en01.app

CpResource /Users/tankonitk/Library/Developer/Xcode/DerivedData/en01-ansyddkftxpufufiswdighzryqrt/Build/Products/Debug-iphonesimulator/en01.app/EN2_2023_Section_II_Reading\ Comprehension_Part\ A_Text_1.md /Users/tankonitk/Library/Mobile\ Documents/com~apple~CloudDocs/xcode/Crulish/en01/Resources/solo/考研英语二/2023/EN2_2023_Section_II_Reading\ Comprehension_Part\ A_Text_1.md (in target 'en01' from project 'en01')
    cd /Users/tankonitk/Library/Mobile\ Documents/com\~apple\~CloudDocs/xcode/Crulish
    builtin-copy -exclude .DS_Store -exclude CVS -exclude .svn -exclude .git -exclude .hg -resolve-src-symlinks /Users/tankonitk/Library/Mobile\ Documents/com\~apple\~CloudDocs/xcode/Crulish/en01/Resources/solo/考研英语二/2023/EN2_2023_Section_II_Reading\ Comprehension_Part\ A_Text_1.md /Users/tankonitk/Library/Developer/Xcode/DerivedData/en01-ansyddkftxpufufiswdighzryqrt/Build/Products/Debug-iphonesimulator/en01.app

CpResource /Users/tankonitk/Library/Developer/Xcode/DerivedData/en01-ansyddkftxpufufiswdighzryqrt/Build/Products/Debug-iphonesimulator/en01.app/EN2_2023_Section_III_Translation.md /Users/tankonitk/Library/Mobile\ Documents/com~apple~CloudDocs/xcode/Crulish/en01/Resources/solo/考研英语二/2023/EN2_2023_Section_III_Translation.md (in target 'en01' from project 'en01')
    cd /Users/tankonitk/Library/Mobile\ Documents/com\~apple\~CloudDocs/xcode/Crulish
    builtin-copy -exclude .DS_Store -exclude CVS -exclude .svn -exclude .git -exclude .hg -resolve-src-symlinks /Users/tankonitk/Library/Mobile\ Documents/com\~apple\~CloudDocs/xcode/Crulish/en01/Resources/solo/考研英语二/2023/EN2_2023_Section_III_Translation.md /Users/tankonitk/Library/Developer/Xcode/DerivedData/en01-ansyddkftxpufufiswdighzryqrt/Build/Products/Debug-iphonesimulator/en01.app

CpResource /Users/tankonitk/Library/Developer/Xcode/DerivedData/en01-ansyddkftxpufufiswdighzryqrt/Build/Products/Debug-iphonesimulator/en01.app/EN2_2020_Section_I_Use\ of\ English.md /Users/tankonitk/Library/Mobile\ Documents/com~apple~CloudDocs/xcode/Crulish/en01/Resources/solo/考研英语二/2020/EN2_2020_Section_I_Use\ of\ English.md (in target 'en01' from project 'en01')
    cd /Users/tankonitk/Library/Mobile\ Documents/com\~apple\~CloudDocs/xcode/Crulish
    builtin-copy -exclude .DS_Store -exclude CVS -exclude .svn -exclude .git -exclude .hg -resolve-src-symlinks /Users/tankonitk/Library/Mobile\ Documents/com\~apple\~CloudDocs/xcode/Crulish/en01/Resources/solo/考研英语二/2020/EN2_2020_Section_I_Use\ of\ English.md /Users/tankonitk/Library/Developer/Xcode/DerivedData/en01-ansyddkftxpufufiswdighzryqrt/Build/Products/Debug-iphonesimulator/en01.app

CpResource /Users/tankonitk/Library/Developer/Xcode/DerivedData/en01-ansyddkftxpufufiswdighzryqrt/Build/Products/Debug-iphonesimulator/en01.app/EN2_2020_Section_IV_Writing_Part_B.md /Users/tankonitk/Library/Mobile\ Documents/com~apple~CloudDocs/xcode/Crulish/en01/Resources/solo/考研英语二/2020/EN2_2020_Section_IV_Writing_Part_B.md (in target 'en01' from project 'en01')
    cd /Users/tankonitk/Library/Mobile\ Documents/com\~apple\~CloudDocs/xcode/Crulish
    builtin-copy -exclude .DS_Store -exclude CVS -exclude .svn -exclude .git -exclude .hg -resolve-src-symlinks /Users/tankonitk/Library/Mobile\ Documents/com\~apple\~CloudDocs/xcode/Crulish/en01/Resources/solo/考研英语二/2020/EN2_2020_Section_IV_Writing_Part_B.md /Users/tankonitk/Library/Developer/Xcode/DerivedData/en01-ansyddkftxpufufiswdighzryqrt/Build/Products/Debug-iphonesimulator/en01.app

CpResource /Users/tankonitk/Library/Developer/Xcode/DerivedData/en01-ansyddkftxpufufiswdighzryqrt/Build/Products/Debug-iphonesimulator/en01.app/EN2_2020_Section_IV_Writing_Part_A.md /Users/tankonitk/Library/Mobile\ Documents/com~apple~CloudDocs/xcode/Crulish/en01/Resources/solo/考研英语二/2020/EN2_2020_Section_IV_Writing_Part_A.md (in target 'en01' from project 'en01')
    cd /Users/tankonitk/Library/Mobile\ Documents/com\~apple\~CloudDocs/xcode/Crulish
    builtin-copy -exclude .DS_Store -exclude CVS -exclude .svn -exclude .git -exclude .hg -resolve-src-symlinks /Users/tankonitk/Library/Mobile\ Documents/com\~apple\~CloudDocs/xcode/Crulish/en01/Resources/solo/考研英语二/2020/EN2_2020_Section_IV_Writing_Part_A.md /Users/tankonitk/Library/Developer/Xcode/DerivedData/en01-ansyddkftxpufufiswdighzryqrt/Build/Products/Debug-iphonesimulator/en01.app

CpResource /Users/tankonitk/Library/Developer/Xcode/DerivedData/en01-ansyddkftxpufufiswdighzryqrt/Build/Products/Debug-iphonesimulator/en01.app/EN2_2020_Section_II_T.md /Users/tankonitk/Library/Mobile\ Documents/com~apple~CloudDocs/xcode/Crulish/en01/Resources/solo/考研英语二/2020/EN2_2020_Section_II_T.md (in target 'en01' from project 'en01')
    cd /Users/tankonitk/Library/Mobile\ Documents/com\~apple\~CloudDocs/xcode/Crulish
    builtin-copy -exclude .DS_Store -exclude CVS -exclude .svn -exclude .git -exclude .hg -resolve-src-symlinks /Users/tankonitk/Library/Mobile\ Documents/com\~apple\~CloudDocs/xcode/Crulish/en01/Resources/solo/考研英语二/2020/EN2_2020_Section_II_T.md /Users/tankonitk/Library/Developer/Xcode/DerivedData/en01-ansyddkftxpufufiswdighzryqrt/Build/Products/Debug-iphonesimulator/en01.app

CpResource /Users/tankonitk/Library/Developer/Xcode/DerivedData/en01-ansyddkftxpufufiswdighzryqrt/Build/Products/Debug-iphonesimulator/en01.app/EN2_2020_Section_II_Reading\ Comprehension_Part\ B.md /Users/tankonitk/Library/Mobile\ Documents/com~apple~CloudDocs/xcode/Crulish/en01/Resources/solo/考研英语二/2020/EN2_2020_Section_II_Reading\ Comprehension_Part\ B.md (in target 'en01' from project 'en01')
    cd /Users/tankonitk/Library/Mobile\ Documents/com\~apple\~CloudDocs/xcode/Crulish
    builtin-copy -exclude .DS_Store -exclude CVS -exclude .svn -exclude .git -exclude .hg -resolve-src-symlinks /Users/tankonitk/Library/Mobile\ Documents/com\~apple\~CloudDocs/xcode/Crulish/en01/Resources/solo/考研英语二/2020/EN2_2020_Section_II_Reading\ Comprehension_Part\ B.md /Users/tankonitk/Library/Developer/Xcode/DerivedData/en01-ansyddkftxpufufiswdighzryqrt/Build/Products/Debug-iphonesimulator/en01.app

CpResource /Users/tankonitk/Library/Developer/Xcode/DerivedData/en01-ansyddkftxpufufiswdighzryqrt/Build/Products/Debug-iphonesimulator/en01.app/EN2_2020_Section_II_Reading\ Comprehension_Part\ A_Text_4.md /Users/tankonitk/Library/Mobile\ Documents/com~apple~CloudDocs/xcode/Crulish/en01/Resources/solo/考研英语二/2020/EN2_2020_Section_II_Reading\ Comprehension_Part\ A_Text_4.md (in target 'en01' from project 'en01')
    cd /Users/tankonitk/Library/Mobile\ Documents/com\~apple\~CloudDocs/xcode/Crulish
    builtin-copy -exclude .DS_Store -exclude CVS -exclude .svn -exclude .git -exclude .hg -resolve-src-symlinks /Users/tankonitk/Library/Mobile\ Documents/com\~apple\~CloudDocs/xcode/Crulish/en01/Resources/solo/考研英语二/2020/EN2_2020_Section_II_Reading\ Comprehension_Part\ A_Text_4.md /Users/tankonitk/Library/Developer/Xcode/DerivedData/en01-ansyddkftxpufufiswdighzryqrt/Build/Products/Debug-iphonesimulator/en01.app

CpResource /Users/tankonitk/Library/Developer/Xcode/DerivedData/en01-ansyddkftxpufufiswdighzryqrt/Build/Products/Debug-iphonesimulator/en01.app/EN2_2020_Section_II_Reading\ Comprehension_Part\ A_Text_3.md /Users/tankonitk/Library/Mobile\ Documents/com~apple~CloudDocs/xcode/Crulish/en01/Resources/solo/考研英语二/2020/EN2_2020_Section_II_Reading\ Comprehension_Part\ A_Text_3.md (in target 'en01' from project 'en01')
    cd /Users/tankonitk/Library/Mobile\ Documents/com\~apple\~CloudDocs/xcode/Crulish
    builtin-copy -exclude .DS_Store -exclude CVS -exclude .svn -exclude .git -exclude .hg -resolve-src-symlinks /Users/tankonitk/Library/Mobile\ Documents/com\~apple\~CloudDocs/xcode/Crulish/en01/Resources/solo/考研英语二/2020/EN2_2020_Section_II_Reading\ Comprehension_Part\ A_Text_3.md /Users/tankonitk/Library/Developer/Xcode/DerivedData/en01-ansyddkftxpufufiswdighzryqrt/Build/Products/Debug-iphonesimulator/en01.app

CpResource /Users/tankonitk/Library/Developer/Xcode/DerivedData/en01-ansyddkftxpufufiswdighzryqrt/Build/Products/Debug-iphonesimulator/en01.app/EN2_2020_Section_II_Reading\ Comprehension_Part\ A_Text_2.md /Users/tankonitk/Library/Mobile\ Documents/com~apple~CloudDocs/xcode/Crulish/en01/Resources/solo/考研英语二/2020/EN2_2020_Section_II_Reading\ Comprehension_Part\ A_Text_2.md (in target 'en01' from project 'en01')
    cd /Users/tankonitk/Library/Mobile\ Documents/com\~apple\~CloudDocs/xcode/Crulish
    builtin-copy -exclude .DS_Store -exclude CVS -exclude .svn -exclude .git -exclude .hg -resolve-src-symlinks /Users/tankonitk/Library/Mobile\ Documents/com\~apple\~CloudDocs/xcode/Crulish/en01/Resources/solo/考研英语二/2020/EN2_2020_Section_II_Reading\ Comprehension_Part\ A_Text_2.md /Users/tankonitk/Library/Developer/Xcode/DerivedData/en01-ansyddkftxpufufiswdighzryqrt/Build/Products/Debug-iphonesimulator/en01.app

CpResource /Users/tankonitk/Library/Developer/Xcode/DerivedData/en01-ansyddkftxpufufiswdighzryqrt/Build/Products/Debug-iphonesimulator/en01.app/EN2_2020_Section_II_Reading\ Comprehension_Part\ A_Text_1.md /Users/tankonitk/Library/Mobile\ Documents/com~apple~CloudDocs/xcode/Crulish/en01/Resources/solo/考研英语二/2020/EN2_2020_Section_II_Reading\ Comprehension_Part\ A_Text_1.md (in target 'en01' from project 'en01')
    cd /Users/tankonitk/Library/Mobile\ Documents/com\~apple\~CloudDocs/xcode/Crulish
    builtin-copy -exclude .DS_Store -exclude CVS -exclude .svn -exclude .git -exclude .hg -resolve-src-symlinks /Users/tankonitk/Library/Mobile\ Documents/com\~apple\~CloudDocs/xcode/Crulish/en01/Resources/solo/考研英语二/2020/EN2_2020_Section_II_Reading\ Comprehension_Part\ A_Text_1.md /Users/tankonitk/Library/Developer/Xcode/DerivedData/en01-ansyddkftxpufufiswdighzryqrt/Build/Products/Debug-iphonesimulator/en01.app

CpResource /Users/tankonitk/Library/Developer/Xcode/DerivedData/en01-ansyddkftxpufufiswdighzryqrt/Build/Products/Debug-iphonesimulator/en01.app/EN2_2020_Section_III_W.md /Users/tankonitk/Library/Mobile\ Documents/com~apple~CloudDocs/xcode/Crulish/en01/Resources/solo/考研英语二/2020/EN2_2020_Section_III_W.md (in target 'en01' from project 'en01')
    cd /Users/tankonitk/Library/Mobile\ Documents/com\~apple\~CloudDocs/xcode/Crulish
    builtin-copy -exclude .DS_Store -exclude CVS -exclude .svn -exclude .git -exclude .hg -resolve-src-symlinks /Users/tankonitk/Library/Mobile\ Documents/com\~apple\~CloudDocs/xcode/Crulish/en01/Resources/solo/考研英语二/2020/EN2_2020_Section_III_W.md /Users/tankonitk/Library/Developer/Xcode/DerivedData/en01-ansyddkftxpufufiswdighzryqrt/Build/Products/Debug-iphonesimulator/en01.app

CpResource /Users/tankonitk/Library/Developer/Xcode/DerivedData/en01-ansyddkftxpufufiswdighzryqrt/Build/Products/Debug-iphonesimulator/en01.app/EN2_2020_Section_III_Translation.md /Users/tankonitk/Library/Mobile\ Documents/com~apple~CloudDocs/xcode/Crulish/en01/Resources/solo/考研英语二/2020/EN2_2020_Section_III_Translation.md (in target 'en01' from project 'en01')
    cd /Users/tankonitk/Library/Mobile\ Documents/com\~apple\~CloudDocs/xcode/Crulish
    builtin-copy -exclude .DS_Store -exclude CVS -exclude .svn -exclude .git -exclude .hg -resolve-src-symlinks /Users/tankonitk/Library/Mobile\ Documents/com\~apple\~CloudDocs/xcode/Crulish/en01/Resources/solo/考研英语二/2020/EN2_2020_Section_III_Translation.md /Users/tankonitk/Library/Developer/Xcode/DerivedData/en01-ansyddkftxpufufiswdighzryqrt/Build/Products/Debug-iphonesimulator/en01.app

CpResource /Users/tankonitk/Library/Developer/Xcode/DerivedData/en01-ansyddkftxpufufiswdighzryqrt/Build/Products/Debug-iphonesimulator/en01.app/EN2_2019_Section_I_Use\ of\ English.md /Users/tankonitk/Library/Mobile\ Documents/com~apple~CloudDocs/xcode/Crulish/en01/Resources/solo/考研英语二/2019/EN2_2019_Section_I_Use\ of\ English.md (in target 'en01' from project 'en01')
    cd /Users/tankonitk/Library/Mobile\ Documents/com\~apple\~CloudDocs/xcode/Crulish
    builtin-copy -exclude .DS_Store -exclude CVS -exclude .svn -exclude .git -exclude .hg -resolve-src-symlinks /Users/tankonitk/Library/Mobile\ Documents/com\~apple\~CloudDocs/xcode/Crulish/en01/Resources/solo/考研英语二/2019/EN2_2019_Section_I_Use\ of\ English.md /Users/tankonitk/Library/Developer/Xcode/DerivedData/en01-ansyddkftxpufufiswdighzryqrt/Build/Products/Debug-iphonesimulator/en01.app

CpResource /Users/tankonitk/Library/Developer/Xcode/DerivedData/en01-ansyddkftxpufufiswdighzryqrt/Build/Products/Debug-iphonesimulator/en01.app/EN2_2019_Section_IV_Writing_Part_B.md /Users/tankonitk/Library/Mobile\ Documents/com~apple~CloudDocs/xcode/Crulish/en01/Resources/solo/考研英语二/2019/EN2_2019_Section_IV_Writing_Part_B.md (in target 'en01' from project 'en01')
    cd /Users/tankonitk/Library/Mobile\ Documents/com\~apple\~CloudDocs/xcode/Crulish
    builtin-copy -exclude .DS_Store -exclude CVS -exclude .svn -exclude .git -exclude .hg -resolve-src-symlinks /Users/tankonitk/Library/Mobile\ Documents/com\~apple\~CloudDocs/xcode/Crulish/en01/Resources/solo/考研英语二/2019/EN2_2019_Section_IV_Writing_Part_B.md /Users/tankonitk/Library/Developer/Xcode/DerivedData/en01-ansyddkftxpufufiswdighzryqrt/Build/Products/Debug-iphonesimulator/en01.app

CpResource /Users/tankonitk/Library/Developer/Xcode/DerivedData/en01-ansyddkftxpufufiswdighzryqrt/Build/Products/Debug-iphonesimulator/en01.app/EN2_2019_Section_IV_Writing_Part_A.md /Users/tankonitk/Library/Mobile\ Documents/com~apple~CloudDocs/xcode/Crulish/en01/Resources/solo/考研英语二/2019/EN2_2019_Section_IV_Writing_Part_A.md (in target 'en01' from project 'en01')
    cd /Users/tankonitk/Library/Mobile\ Documents/com\~apple\~CloudDocs/xcode/Crulish
    builtin-copy -exclude .DS_Store -exclude CVS -exclude .svn -exclude .git -exclude .hg -resolve-src-symlinks /Users/tankonitk/Library/Mobile\ Documents/com\~apple\~CloudDocs/xcode/Crulish/en01/Resources/solo/考研英语二/2019/EN2_2019_Section_IV_Writing_Part_A.md /Users/tankonitk/Library/Developer/Xcode/DerivedData/en01-ansyddkftxpufufiswdighzryqrt/Build/Products/Debug-iphonesimulator/en01.app

CpResource /Users/tankonitk/Library/Developer/Xcode/DerivedData/en01-ansyddkftxpufufiswdighzryqrt/Build/Products/Debug-iphonesimulator/en01.app/EN2_2019_Section_II_Reading\ Comprehension_Part\ B.md /Users/tankonitk/Library/Mobile\ Documents/com~apple~CloudDocs/xcode/Crulish/en01/Resources/solo/考研英语二/2019/EN2_2019_Section_II_Reading\ Comprehension_Part\ B.md (in target 'en01' from project 'en01')
    cd /Users/tankonitk/Library/Mobile\ Documents/com\~apple\~CloudDocs/xcode/Crulish
    builtin-copy -exclude .DS_Store -exclude CVS -exclude .svn -exclude .git -exclude .hg -resolve-src-symlinks /Users/tankonitk/Library/Mobile\ Documents/com\~apple\~CloudDocs/xcode/Crulish/en01/Resources/solo/考研英语二/2019/EN2_2019_Section_II_Reading\ Comprehension_Part\ B.md /Users/tankonitk/Library/Developer/Xcode/DerivedData/en01-ansyddkftxpufufiswdighzryqrt/Build/Products/Debug-iphonesimulator/en01.app

CpResource /Users/tankonitk/Library/Developer/Xcode/DerivedData/en01-ansyddkftxpufufiswdighzryqrt/Build/Products/Debug-iphonesimulator/en01.app/EN2_2019_Section_II_Reading\ Comprehension_Part\ A_Text_4.md /Users/tankonitk/Library/Mobile\ Documents/com~apple~CloudDocs/xcode/Crulish/en01/Resources/solo/考研英语二/2019/EN2_2019_Section_II_Reading\ Comprehension_Part\ A_Text_4.md (in target 'en01' from project 'en01')
    cd /Users/tankonitk/Library/Mobile\ Documents/com\~apple\~CloudDocs/xcode/Crulish
    builtin-copy -exclude .DS_Store -exclude CVS -exclude .svn -exclude .git -exclude .hg -resolve-src-symlinks /Users/tankonitk/Library/Mobile\ Documents/com\~apple\~CloudDocs/xcode/Crulish/en01/Resources/solo/考研英语二/2019/EN2_2019_Section_II_Reading\ Comprehension_Part\ A_Text_4.md /Users/tankonitk/Library/Developer/Xcode/DerivedData/en01-ansyddkftxpufufiswdighzryqrt/Build/Products/Debug-iphonesimulator/en01.app

CpResource /Users/tankonitk/Library/Developer/Xcode/DerivedData/en01-ansyddkftxpufufiswdighzryqrt/Build/Products/Debug-iphonesimulator/en01.app/EN2_2019_Section_II_Reading\ Comprehension_Part\ A_Text_3.md /Users/tankonitk/Library/Mobile\ Documents/com~apple~CloudDocs/xcode/Crulish/en01/Resources/solo/考研英语二/2019/EN2_2019_Section_II_Reading\ Comprehension_Part\ A_Text_3.md (in target 'en01' from project 'en01')
    cd /Users/tankonitk/Library/Mobile\ Documents/com\~apple\~CloudDocs/xcode/Crulish
    builtin-copy -exclude .DS_Store -exclude CVS -exclude .svn -exclude .git -exclude .hg -resolve-src-symlinks /Users/tankonitk/Library/Mobile\ Documents/com\~apple\~CloudDocs/xcode/Crulish/en01/Resources/solo/考研英语二/2019/EN2_2019_Section_II_Reading\ Comprehension_Part\ A_Text_3.md /Users/tankonitk/Library/Developer/Xcode/DerivedData/en01-ansyddkftxpufufiswdighzryqrt/Build/Products/Debug-iphonesimulator/en01.app

CpResource /Users/tankonitk/Library/Developer/Xcode/DerivedData/en01-ansyddkftxpufufiswdighzryqrt/Build/Products/Debug-iphonesimulator/en01.app/EN2_2019_Section_II_Reading\ Comprehension_Part\ A_Text_2.md /Users/tankonitk/Library/Mobile\ Documents/com~apple~CloudDocs/xcode/Crulish/en01/Resources/solo/考研英语二/2019/EN2_2019_Section_II_Reading\ Comprehension_Part\ A_Text_2.md (in target 'en01' from project 'en01')
    cd /Users/tankonitk/Library/Mobile\ Documents/com\~apple\~CloudDocs/xcode/Crulish
    builtin-copy -exclude .DS_Store -exclude CVS -exclude .svn -exclude .git -exclude .hg -resolve-src-symlinks /Users/tankonitk/Library/Mobile\ Documents/com\~apple\~CloudDocs/xcode/Crulish/en01/Resources/solo/考研英语二/2019/EN2_2019_Section_II_Reading\ Comprehension_Part\ A_Text_2.md /Users/tankonitk/Library/Developer/Xcode/DerivedData/en01-ansyddkftxpufufiswdighzryqrt/Build/Products/Debug-iphonesimulator/en01.app

CpResource /Users/tankonitk/Library/Developer/Xcode/DerivedData/en01-ansyddkftxpufufiswdighzryqrt/Build/Products/Debug-iphonesimulator/en01.app/EN2_2019_Section_II_Reading\ Comprehension_Part\ A_Text_1.md /Users/tankonitk/Library/Mobile\ Documents/com~apple~CloudDocs/xcode/Crulish/en01/Resources/solo/考研英语二/2019/EN2_2019_Section_II_Reading\ Comprehension_Part\ A_Text_1.md (in target 'en01' from project 'en01')
    cd /Users/tankonitk/Library/Mobile\ Documents/com\~apple\~CloudDocs/xcode/Crulish
    builtin-copy -exclude .DS_Store -exclude CVS -exclude .svn -exclude .git -exclude .hg -resolve-src-symlinks /Users/tankonitk/Library/Mobile\ Documents/com\~apple\~CloudDocs/xcode/Crulish/en01/Resources/solo/考研英语二/2019/EN2_2019_Section_II_Reading\ Comprehension_Part\ A_Text_1.md /Users/tankonitk/Library/Developer/Xcode/DerivedData/en01-ansyddkftxpufufiswdighzryqrt/Build/Products/Debug-iphonesimulator/en01.app

CpResource /Users/tankonitk/Library/Developer/Xcode/DerivedData/en01-ansyddkftxpufufiswdighzryqrt/Build/Products/Debug-iphonesimulator/en01.app/EN2_2019_Section_III_Translation.md /Users/tankonitk/Library/Mobile\ Documents/com~apple~CloudDocs/xcode/Crulish/en01/Resources/solo/考研英语二/2019/EN2_2019_Section_III_Translation.md (in target 'en01' from project 'en01')
    cd /Users/tankonitk/Library/Mobile\ Documents/com\~apple\~CloudDocs/xcode/Crulish
    builtin-copy -exclude .DS_Store -exclude CVS -exclude .svn -exclude .git -exclude .hg -resolve-src-symlinks /Users/tankonitk/Library/Mobile\ Documents/com\~apple\~CloudDocs/xcode/Crulish/en01/Resources/solo/考研英语二/2019/EN2_2019_Section_III_Translation.md /Users/tankonitk/Library/Developer/Xcode/DerivedData/en01-ansyddkftxpufufiswdighzryqrt/Build/Products/Debug-iphonesimulator/en01.app

CpResource /Users/tankonitk/Library/Developer/Xcode/DerivedData/en01-ansyddkftxpufufiswdighzryqrt/Build/Products/Debug-iphonesimulator/en01.app/EN2_2018_Section_I_Use\ of\ English.md /Users/tankonitk/Library/Mobile\ Documents/com~apple~CloudDocs/xcode/Crulish/en01/Resources/solo/考研英语二/2018/EN2_2018_Section_I_Use\ of\ English.md (in target 'en01' from project 'en01')
    cd /Users/tankonitk/Library/Mobile\ Documents/com\~apple\~CloudDocs/xcode/Crulish
    builtin-copy -exclude .DS_Store -exclude CVS -exclude .svn -exclude .git -exclude .hg -resolve-src-symlinks /Users/tankonitk/Library/Mobile\ Documents/com\~apple\~CloudDocs/xcode/Crulish/en01/Resources/solo/考研英语二/2018/EN2_2018_Section_I_Use\ of\ English.md /Users/tankonitk/Library/Developer/Xcode/DerivedData/en01-ansyddkftxpufufiswdighzryqrt/Build/Products/Debug-iphonesimulator/en01.app

CpResource /Users/tankonitk/Library/Developer/Xcode/DerivedData/en01-ansyddkftxpufufiswdighzryqrt/Build/Products/Debug-iphonesimulator/en01.app/EN2_2018_Section_IV_Writing_Part_B.md /Users/tankonitk/Library/Mobile\ Documents/com~apple~CloudDocs/xcode/Crulish/en01/Resources/solo/考研英语二/2018/EN2_2018_Section_IV_Writing_Part_B.md (in target 'en01' from project 'en01')
    cd /Users/tankonitk/Library/Mobile\ Documents/com\~apple\~CloudDocs/xcode/Crulish
    builtin-copy -exclude .DS_Store -exclude CVS -exclude .svn -exclude .git -exclude .hg -resolve-src-symlinks /Users/tankonitk/Library/Mobile\ Documents/com\~apple\~CloudDocs/xcode/Crulish/en01/Resources/solo/考研英语二/2018/EN2_2018_Section_IV_Writing_Part_B.md /Users/tankonitk/Library/Developer/Xcode/DerivedData/en01-ansyddkftxpufufiswdighzryqrt/Build/Products/Debug-iphonesimulator/en01.app

CpResource /Users/tankonitk/Library/Developer/Xcode/DerivedData/en01-ansyddkftxpufufiswdighzryqrt/Build/Products/Debug-iphonesimulator/en01.app/EN2_2018_Section_IV_Writing_Part_A.md /Users/tankonitk/Library/Mobile\ Documents/com~apple~CloudDocs/xcode/Crulish/en01/Resources/solo/考研英语二/2018/EN2_2018_Section_IV_Writing_Part_A.md (in target 'en01' from project 'en01')
    cd /Users/tankonitk/Library/Mobile\ Documents/com\~apple\~CloudDocs/xcode/Crulish
    builtin-copy -exclude .DS_Store -exclude CVS -exclude .svn -exclude .git -exclude .hg -resolve-src-symlinks /Users/tankonitk/Library/Mobile\ Documents/com\~apple\~CloudDocs/xcode/Crulish/en01/Resources/solo/考研英语二/2018/EN2_2018_Section_IV_Writing_Part_A.md /Users/tankonitk/Library/Developer/Xcode/DerivedData/en01-ansyddkftxpufufiswdighzryqrt/Build/Products/Debug-iphonesimulator/en01.app

CpResource /Users/tankonitk/Library/Developer/Xcode/DerivedData/en01-ansyddkftxpufufiswdighzryqrt/Build/Products/Debug-iphonesimulator/en01.app/EN2_2018_Section_II_Reading\ Comprehension_Part\ B.md /Users/tankonitk/Library/Mobile\ Documents/com~apple~CloudDocs/xcode/Crulish/en01/Resources/solo/考研英语二/2018/EN2_2018_Section_II_Reading\ Comprehension_Part\ B.md (in target 'en01' from project 'en01')
    cd /Users/tankonitk/Library/Mobile\ Documents/com\~apple\~CloudDocs/xcode/Crulish
    builtin-copy -exclude .DS_Store -exclude CVS -exclude .svn -exclude .git -exclude .hg -resolve-src-symlinks /Users/tankonitk/Library/Mobile\ Documents/com\~apple\~CloudDocs/xcode/Crulish/en01/Resources/solo/考研英语二/2018/EN2_2018_Section_II_Reading\ Comprehension_Part\ B.md /Users/tankonitk/Library/Developer/Xcode/DerivedData/en01-ansyddkftxpufufiswdighzryqrt/Build/Products/Debug-iphonesimulator/en01.app

CpResource /Users/tankonitk/Library/Developer/Xcode/DerivedData/en01-ansyddkftxpufufiswdighzryqrt/Build/Products/Debug-iphonesimulator/en01.app/EN2_2018_Section_II_Reading\ Comprehension_Part\ A_Text_4.md /Users/tankonitk/Library/Mobile\ Documents/com~apple~CloudDocs/xcode/Crulish/en01/Resources/solo/考研英语二/2018/EN2_2018_Section_II_Reading\ Comprehension_Part\ A_Text_4.md (in target 'en01' from project 'en01')
    cd /Users/tankonitk/Library/Mobile\ Documents/com\~apple\~CloudDocs/xcode/Crulish
    builtin-copy -exclude .DS_Store -exclude CVS -exclude .svn -exclude .git -exclude .hg -resolve-src-symlinks /Users/tankonitk/Library/Mobile\ Documents/com\~apple\~CloudDocs/xcode/Crulish/en01/Resources/solo/考研英语二/2018/EN2_2018_Section_II_Reading\ Comprehension_Part\ A_Text_4.md /Users/tankonitk/Library/Developer/Xcode/DerivedData/en01-ansyddkftxpufufiswdighzryqrt/Build/Products/Debug-iphonesimulator/en01.app

CpResource /Users/tankonitk/Library/Developer/Xcode/DerivedData/en01-ansyddkftxpufufiswdighzryqrt/Build/Products/Debug-iphonesimulator/en01.app/EN2_2018_Section_II_Reading\ Comprehension_Part\ A_Text_3.md /Users/tankonitk/Library/Mobile\ Documents/com~apple~CloudDocs/xcode/Crulish/en01/Resources/solo/考研英语二/2018/EN2_2018_Section_II_Reading\ Comprehension_Part\ A_Text_3.md (in target 'en01' from project 'en01')
    cd /Users/tankonitk/Library/Mobile\ Documents/com\~apple\~CloudDocs/xcode/Crulish
    builtin-copy -exclude .DS_Store -exclude CVS -exclude .svn -exclude .git -exclude .hg -resolve-src-symlinks /Users/tankonitk/Library/Mobile\ Documents/com\~apple\~CloudDocs/xcode/Crulish/en01/Resources/solo/考研英语二/2018/EN2_2018_Section_II_Reading\ Comprehension_Part\ A_Text_3.md /Users/tankonitk/Library/Developer/Xcode/DerivedData/en01-ansyddkftxpufufiswdighzryqrt/Build/Products/Debug-iphonesimulator/en01.app

CpResource /Users/tankonitk/Library/Developer/Xcode/DerivedData/en01-ansyddkftxpufufiswdighzryqrt/Build/Products/Debug-iphonesimulator/en01.app/EN2_2018_Section_II_Reading\ Comprehension_Part\ A_Text_2.md /Users/tankonitk/Library/Mobile\ Documents/com~apple~CloudDocs/xcode/Crulish/en01/Resources/solo/考研英语二/2018/EN2_2018_Section_II_Reading\ Comprehension_Part\ A_Text_2.md (in target 'en01' from project 'en01')
    cd /Users/tankonitk/Library/Mobile\ Documents/com\~apple\~CloudDocs/xcode/Crulish
    builtin-copy -exclude .DS_Store -exclude CVS -exclude .svn -exclude .git -exclude .hg -resolve-src-symlinks /Users/tankonitk/Library/Mobile\ Documents/com\~apple\~CloudDocs/xcode/Crulish/en01/Resources/solo/考研英语二/2018/EN2_2018_Section_II_Reading\ Comprehension_Part\ A_Text_2.md /Users/tankonitk/Library/Developer/Xcode/DerivedData/en01-ansyddkftxpufufiswdighzryqrt/Build/Products/Debug-iphonesimulator/en01.app

CpResource /Users/tankonitk/Library/Developer/Xcode/DerivedData/en01-ansyddkftxpufufiswdighzryqrt/Build/Products/Debug-iphonesimulator/en01.app/EN2_2018_Section_II_Reading\ Comprehension_Part\ A_Text_1.md /Users/tankonitk/Library/Mobile\ Documents/com~apple~CloudDocs/xcode/Crulish/en01/Resources/solo/考研英语二/2018/EN2_2018_Section_II_Reading\ Comprehension_Part\ A_Text_1.md (in target 'en01' from project 'en01')
    cd /Users/tankonitk/Library/Mobile\ Documents/com\~apple\~CloudDocs/xcode/Crulish
    builtin-copy -exclude .DS_Store -exclude CVS -exclude .svn -exclude .git -exclude .hg -resolve-src-symlinks /Users/tankonitk/Library/Mobile\ Documents/com\~apple\~CloudDocs/xcode/Crulish/en01/Resources/solo/考研英语二/2018/EN2_2018_Section_II_Reading\ Comprehension_Part\ A_Text_1.md /Users/tankonitk/Library/Developer/Xcode/DerivedData/en01-ansyddkftxpufufiswdighzryqrt/Build/Products/Debug-iphonesimulator/en01.app

CpResource /Users/tankonitk/Library/Developer/Xcode/DerivedData/en01-ansyddkftxpufufiswdighzryqrt/Build/Products/Debug-iphonesimulator/en01.app/EN2_2018_Section_III_Translation.md /Users/tankonitk/Library/Mobile\ Documents/com~apple~CloudDocs/xcode/Crulish/en01/Resources/solo/考研英语二/2018/EN2_2018_Section_III_Translation.md (in target 'en01' from project 'en01')
    cd /Users/tankonitk/Library/Mobile\ Documents/com\~apple\~CloudDocs/xcode/Crulish
    builtin-copy -exclude .DS_Store -exclude CVS -exclude .svn -exclude .git -exclude .hg -resolve-src-symlinks /Users/tankonitk/Library/Mobile\ Documents/com\~apple\~CloudDocs/xcode/Crulish/en01/Resources/solo/考研英语二/2018/EN2_2018_Section_III_Translation.md /Users/tankonitk/Library/Developer/Xcode/DerivedData/en01-ansyddkftxpufufiswdighzryqrt/Build/Products/Debug-iphonesimulator/en01.app

CpResource /Users/tankonitk/Library/Developer/Xcode/DerivedData/en01-ansyddkftxpufufiswdighzryqrt/Build/Products/Debug-iphonesimulator/en01.app/EN2_2017_Section_I_Use\ of\ English.md /Users/tankonitk/Library/Mobile\ Documents/com~apple~CloudDocs/xcode/Crulish/en01/Resources/solo/考研英语二/2017/EN2_2017_Section_I_Use\ of\ English.md (in target 'en01' from project 'en01')
    cd /Users/tankonitk/Library/Mobile\ Documents/com\~apple\~CloudDocs/xcode/Crulish
    builtin-copy -exclude .DS_Store -exclude CVS -exclude .svn -exclude .git -exclude .hg -resolve-src-symlinks /Users/tankonitk/Library/Mobile\ Documents/com\~apple\~CloudDocs/xcode/Crulish/en01/Resources/solo/考研英语二/2017/EN2_2017_Section_I_Use\ of\ English.md /Users/tankonitk/Library/Developer/Xcode/DerivedData/en01-ansyddkftxpufufiswdighzryqrt/Build/Products/Debug-iphonesimulator/en01.app

CpResource /Users/tankonitk/Library/Developer/Xcode/DerivedData/en01-ansyddkftxpufufiswdighzryqrt/Build/Products/Debug-iphonesimulator/en01.app/EN2_2017_Section_IV_Writing_Part_B.md /Users/tankonitk/Library/Mobile\ Documents/com~apple~CloudDocs/xcode/Crulish/en01/Resources/solo/考研英语二/2017/EN2_2017_Section_IV_Writing_Part_B.md (in target 'en01' from project 'en01')
    cd /Users/tankonitk/Library/Mobile\ Documents/com\~apple\~CloudDocs/xcode/Crulish
    builtin-copy -exclude .DS_Store -exclude CVS -exclude .svn -exclude .git -exclude .hg -resolve-src-symlinks /Users/tankonitk/Library/Mobile\ Documents/com\~apple\~CloudDocs/xcode/Crulish/en01/Resources/solo/考研英语二/2017/EN2_2017_Section_IV_Writing_Part_B.md /Users/tankonitk/Library/Developer/Xcode/DerivedData/en01-ansyddkftxpufufiswdighzryqrt/Build/Products/Debug-iphonesimulator/en01.app

CpResource /Users/tankonitk/Library/Developer/Xcode/DerivedData/en01-ansyddkftxpufufiswdighzryqrt/Build/Products/Debug-iphonesimulator/en01.app/EN2_2017_Section_IV_Writing_Part_A.md /Users/tankonitk/Library/Mobile\ Documents/com~apple~CloudDocs/xcode/Crulish/en01/Resources/solo/考研英语二/2017/EN2_2017_Section_IV_Writing_Part_A.md (in target 'en01' from project 'en01')
    cd /Users/tankonitk/Library/Mobile\ Documents/com\~apple\~CloudDocs/xcode/Crulish
    builtin-copy -exclude .DS_Store -exclude CVS -exclude .svn -exclude .git -exclude .hg -resolve-src-symlinks /Users/tankonitk/Library/Mobile\ Documents/com\~apple\~CloudDocs/xcode/Crulish/en01/Resources/solo/考研英语二/2017/EN2_2017_Section_IV_Writing_Part_A.md /Users/tankonitk/Library/Developer/Xcode/DerivedData/en01-ansyddkftxpufufiswdighzryqrt/Build/Products/Debug-iphonesimulator/en01.app

CpResource /Users/tankonitk/Library/Developer/Xcode/DerivedData/en01-ansyddkftxpufufiswdighzryqrt/Build/Products/Debug-iphonesimulator/en01.app/EN2_2017_Section_II_Reading\ Comprehension_Part\ B.md /Users/tankonitk/Library/Mobile\ Documents/com~apple~CloudDocs/xcode/Crulish/en01/Resources/solo/考研英语二/2017/EN2_2017_Section_II_Reading\ Comprehension_Part\ B.md (in target 'en01' from project 'en01')
    cd /Users/tankonitk/Library/Mobile\ Documents/com\~apple\~CloudDocs/xcode/Crulish
    builtin-copy -exclude .DS_Store -exclude CVS -exclude .svn -exclude .git -exclude .hg -resolve-src-symlinks /Users/tankonitk/Library/Mobile\ Documents/com\~apple\~CloudDocs/xcode/Crulish/en01/Resources/solo/考研英语二/2017/EN2_2017_Section_II_Reading\ Comprehension_Part\ B.md /Users/tankonitk/Library/Developer/Xcode/DerivedData/en01-ansyddkftxpufufiswdighzryqrt/Build/Products/Debug-iphonesimulator/en01.app

CpResource /Users/tankonitk/Library/Developer/Xcode/DerivedData/en01-ansyddkftxpufufiswdighzryqrt/Build/Products/Debug-iphonesimulator/en01.app/EN2_2017_Section_II_Reading\ Comprehension_Part\ A_Text_4.md /Users/tankonitk/Library/Mobile\ Documents/com~apple~CloudDocs/xcode/Crulish/en01/Resources/solo/考研英语二/2017/EN2_2017_Section_II_Reading\ Comprehension_Part\ A_Text_4.md (in target 'en01' from project 'en01')
    cd /Users/tankonitk/Library/Mobile\ Documents/com\~apple\~CloudDocs/xcode/Crulish
    builtin-copy -exclude .DS_Store -exclude CVS -exclude .svn -exclude .git -exclude .hg -resolve-src-symlinks /Users/tankonitk/Library/Mobile\ Documents/com\~apple\~CloudDocs/xcode/Crulish/en01/Resources/solo/考研英语二/2017/EN2_2017_Section_II_Reading\ Comprehension_Part\ A_Text_4.md /Users/tankonitk/Library/Developer/Xcode/DerivedData/en01-ansyddkftxpufufiswdighzryqrt/Build/Products/Debug-iphonesimulator/en01.app

CpResource /Users/tankonitk/Library/Developer/Xcode/DerivedData/en01-ansyddkftxpufufiswdighzryqrt/Build/Products/Debug-iphonesimulator/en01.app/EN2_2017_Section_II_Reading\ Comprehension_Part\ A_Text_3.md /Users/tankonitk/Library/Mobile\ Documents/com~apple~CloudDocs/xcode/Crulish/en01/Resources/solo/考研英语二/2017/EN2_2017_Section_II_Reading\ Comprehension_Part\ A_Text_3.md (in target 'en01' from project 'en01')
    cd /Users/tankonitk/Library/Mobile\ Documents/com\~apple\~CloudDocs/xcode/Crulish
    builtin-copy -exclude .DS_Store -exclude CVS -exclude .svn -exclude .git -exclude .hg -resolve-src-symlinks /Users/tankonitk/Library/Mobile\ Documents/com\~apple\~CloudDocs/xcode/Crulish/en01/Resources/solo/考研英语二/2017/EN2_2017_Section_II_Reading\ Comprehension_Part\ A_Text_3.md /Users/tankonitk/Library/Developer/Xcode/DerivedData/en01-ansyddkftxpufufiswdighzryqrt/Build/Products/Debug-iphonesimulator/en01.app

CpResource /Users/tankonitk/Library/Developer/Xcode/DerivedData/en01-ansyddkftxpufufiswdighzryqrt/Build/Products/Debug-iphonesimulator/en01.app/EN2_2017_Section_II_Reading\ Comprehension_Part\ A_Text_2.md /Users/tankonitk/Library/Mobile\ Documents/com~apple~CloudDocs/xcode/Crulish/en01/Resources/solo/考研英语二/2017/EN2_2017_Section_II_Reading\ Comprehension_Part\ A_Text_2.md (in target 'en01' from project 'en01')
    cd /Users/tankonitk/Library/Mobile\ Documents/com\~apple\~CloudDocs/xcode/Crulish
    builtin-copy -exclude .DS_Store -exclude CVS -exclude .svn -exclude .git -exclude .hg -resolve-src-symlinks /Users/tankonitk/Library/Mobile\ Documents/com\~apple\~CloudDocs/xcode/Crulish/en01/Resources/solo/考研英语二/2017/EN2_2017_Section_II_Reading\ Comprehension_Part\ A_Text_2.md /Users/tankonitk/Library/Developer/Xcode/DerivedData/en01-ansyddkftxpufufiswdighzryqrt/Build/Products/Debug-iphonesimulator/en01.app

CpResource /Users/tankonitk/Library/Developer/Xcode/DerivedData/en01-ansyddkftxpufufiswdighzryqrt/Build/Products/Debug-iphonesimulator/en01.app/EN2_2017_Section_II_Reading\ Comprehension_Part\ A_Text_1.md /Users/tankonitk/Library/Mobile\ Documents/com~apple~CloudDocs/xcode/Crulish/en01/Resources/solo/考研英语二/2017/EN2_2017_Section_II_Reading\ Comprehension_Part\ A_Text_1.md (in target 'en01' from project 'en01')
    cd /Users/tankonitk/Library/Mobile\ Documents/com\~apple\~CloudDocs/xcode/Crulish
    builtin-copy -exclude .DS_Store -exclude CVS -exclude .svn -exclude .git -exclude .hg -resolve-src-symlinks /Users/tankonitk/Library/Mobile\ Documents/com\~apple\~CloudDocs/xcode/Crulish/en01/Resources/solo/考研英语二/2017/EN2_2017_Section_II_Reading\ Comprehension_Part\ A_Text_1.md /Users/tankonitk/Library/Developer/Xcode/DerivedData/en01-ansyddkftxpufufiswdighzryqrt/Build/Products/Debug-iphonesimulator/en01.app

CpResource /Users/tankonitk/Library/Developer/Xcode/DerivedData/en01-ansyddkftxpufufiswdighzryqrt/Build/Products/Debug-iphonesimulator/en01.app/EN2_2017_Section_III_Translation.md /Users/tankonitk/Library/Mobile\ Documents/com~apple~CloudDocs/xcode/Crulish/en01/Resources/solo/考研英语二/2017/EN2_2017_Section_III_Translation.md (in target 'en01' from project 'en01')
    cd /Users/tankonitk/Library/Mobile\ Documents/com\~apple\~CloudDocs/xcode/Crulish
    builtin-copy -exclude .DS_Store -exclude CVS -exclude .svn -exclude .git -exclude .hg -resolve-src-symlinks /Users/tankonitk/Library/Mobile\ Documents/com\~apple\~CloudDocs/xcode/Crulish/en01/Resources/solo/考研英语二/2017/EN2_2017_Section_III_Translation.md /Users/tankonitk/Library/Developer/Xcode/DerivedData/en01-ansyddkftxpufufiswdighzryqrt/Build/Products/Debug-iphonesimulator/en01.app

CpResource /Users/tankonitk/Library/Developer/Xcode/DerivedData/en01-ansyddkftxpufufiswdighzryqrt/Build/Products/Debug-iphonesimulator/en01.app/EN2_2016_Section_I_Use\ of\ English.md /Users/tankonitk/Library/Mobile\ Documents/com~apple~CloudDocs/xcode/Crulish/en01/Resources/solo/考研英语二/2016/EN2_2016_Section_I_Use\ of\ English.md (in target 'en01' from project 'en01')
    cd /Users/tankonitk/Library/Mobile\ Documents/com\~apple\~CloudDocs/xcode/Crulish
    builtin-copy -exclude .DS_Store -exclude CVS -exclude .svn -exclude .git -exclude .hg -resolve-src-symlinks /Users/tankonitk/Library/Mobile\ Documents/com\~apple\~CloudDocs/xcode/Crulish/en01/Resources/solo/考研英语二/2016/EN2_2016_Section_I_Use\ of\ English.md /Users/tankonitk/Library/Developer/Xcode/DerivedData/en01-ansyddkftxpufufiswdighzryqrt/Build/Products/Debug-iphonesimulator/en01.app

CpResource /Users/tankonitk/Library/Developer/Xcode/DerivedData/en01-ansyddkftxpufufiswdighzryqrt/Build/Products/Debug-iphonesimulator/en01.app/EN2_2016_Section_IV_Writing_Part_B.md /Users/tankonitk/Library/Mobile\ Documents/com~apple~CloudDocs/xcode/Crulish/en01/Resources/solo/考研英语二/2016/EN2_2016_Section_IV_Writing_Part_B.md (in target 'en01' from project 'en01')
    cd /Users/tankonitk/Library/Mobile\ Documents/com\~apple\~CloudDocs/xcode/Crulish
    builtin-copy -exclude .DS_Store -exclude CVS -exclude .svn -exclude .git -exclude .hg -resolve-src-symlinks /Users/tankonitk/Library/Mobile\ Documents/com\~apple\~CloudDocs/xcode/Crulish/en01/Resources/solo/考研英语二/2016/EN2_2016_Section_IV_Writing_Part_B.md /Users/tankonitk/Library/Developer/Xcode/DerivedData/en01-ansyddkftxpufufiswdighzryqrt/Build/Products/Debug-iphonesimulator/en01.app

CpResource /Users/tankonitk/Library/Developer/Xcode/DerivedData/en01-ansyddkftxpufufiswdighzryqrt/Build/Products/Debug-iphonesimulator/en01.app/EN2_2016_Section_IV_Writing_Part_A.md /Users/tankonitk/Library/Mobile\ Documents/com~apple~CloudDocs/xcode/Crulish/en01/Resources/solo/考研英语二/2016/EN2_2016_Section_IV_Writing_Part_A.md (in target 'en01' from project 'en01')
    cd /Users/tankonitk/Library/Mobile\ Documents/com\~apple\~CloudDocs/xcode/Crulish
    builtin-copy -exclude .DS_Store -exclude CVS -exclude .svn -exclude .git -exclude .hg -resolve-src-symlinks /Users/tankonitk/Library/Mobile\ Documents/com\~apple\~CloudDocs/xcode/Crulish/en01/Resources/solo/考研英语二/2016/EN2_2016_Section_IV_Writing_Part_A.md /Users/tankonitk/Library/Developer/Xcode/DerivedData/en01-ansyddkftxpufufiswdighzryqrt/Build/Products/Debug-iphonesimulator/en01.app

CpResource /Users/tankonitk/Library/Developer/Xcode/DerivedData/en01-ansyddkftxpufufiswdighzryqrt/Build/Products/Debug-iphonesimulator/en01.app/EN2_2016_Section_II_Reading\ Comprehension_Part\ B.md /Users/tankonitk/Library/Mobile\ Documents/com~apple~CloudDocs/xcode/Crulish/en01/Resources/solo/考研英语二/2016/EN2_2016_Section_II_Reading\ Comprehension_Part\ B.md (in target 'en01' from project 'en01')
    cd /Users/tankonitk/Library/Mobile\ Documents/com\~apple\~CloudDocs/xcode/Crulish
    builtin-copy -exclude .DS_Store -exclude CVS -exclude .svn -exclude .git -exclude .hg -resolve-src-symlinks /Users/tankonitk/Library/Mobile\ Documents/com\~apple\~CloudDocs/xcode/Crulish/en01/Resources/solo/考研英语二/2016/EN2_2016_Section_II_Reading\ Comprehension_Part\ B.md /Users/tankonitk/Library/Developer/Xcode/DerivedData/en01-ansyddkftxpufufiswdighzryqrt/Build/Products/Debug-iphonesimulator/en01.app

CpResource /Users/tankonitk/Library/Developer/Xcode/DerivedData/en01-ansyddkftxpufufiswdighzryqrt/Build/Products/Debug-iphonesimulator/en01.app/EN2_2016_Section_II_Reading\ Comprehension_Part\ A_Text_4.md /Users/tankonitk/Library/Mobile\ Documents/com~apple~CloudDocs/xcode/Crulish/en01/Resources/solo/考研英语二/2016/EN2_2016_Section_II_Reading\ Comprehension_Part\ A_Text_4.md (in target 'en01' from project 'en01')
    cd /Users/tankonitk/Library/Mobile\ Documents/com\~apple\~CloudDocs/xcode/Crulish
    builtin-copy -exclude .DS_Store -exclude CVS -exclude .svn -exclude .git -exclude .hg -resolve-src-symlinks /Users/tankonitk/Library/Mobile\ Documents/com\~apple\~CloudDocs/xcode/Crulish/en01/Resources/solo/考研英语二/2016/EN2_2016_Section_II_Reading\ Comprehension_Part\ A_Text_4.md /Users/tankonitk/Library/Developer/Xcode/DerivedData/en01-ansyddkftxpufufiswdighzryqrt/Build/Products/Debug-iphonesimulator/en01.app

CpResource /Users/tankonitk/Library/Developer/Xcode/DerivedData/en01-ansyddkftxpufufiswdighzryqrt/Build/Products/Debug-iphonesimulator/en01.app/EN2_2016_Section_II_Reading\ Comprehension_Part\ A_Text_3.md /Users/tankonitk/Library/Mobile\ Documents/com~apple~CloudDocs/xcode/Crulish/en01/Resources/solo/考研英语二/2016/EN2_2016_Section_II_Reading\ Comprehension_Part\ A_Text_3.md (in target 'en01' from project 'en01')
    cd /Users/tankonitk/Library/Mobile\ Documents/com\~apple\~CloudDocs/xcode/Crulish
    builtin-copy -exclude .DS_Store -exclude CVS -exclude .svn -exclude .git -exclude .hg -resolve-src-symlinks /Users/tankonitk/Library/Mobile\ Documents/com\~apple\~CloudDocs/xcode/Crulish/en01/Resources/solo/考研英语二/2016/EN2_2016_Section_II_Reading\ Comprehension_Part\ A_Text_3.md /Users/tankonitk/Library/Developer/Xcode/DerivedData/en01-ansyddkftxpufufiswdighzryqrt/Build/Products/Debug-iphonesimulator/en01.app

CpResource /Users/tankonitk/Library/Developer/Xcode/DerivedData/en01-ansyddkftxpufufiswdighzryqrt/Build/Products/Debug-iphonesimulator/en01.app/EN2_2016_Section_II_Reading\ Comprehension_Part\ A_Text_2.md /Users/tankonitk/Library/Mobile\ Documents/com~apple~CloudDocs/xcode/Crulish/en01/Resources/solo/考研英语二/2016/EN2_2016_Section_II_Reading\ Comprehension_Part\ A_Text_2.md (in target 'en01' from project 'en01')
    cd /Users/tankonitk/Library/Mobile\ Documents/com\~apple\~CloudDocs/xcode/Crulish
    builtin-copy -exclude .DS_Store -exclude CVS -exclude .svn -exclude .git -exclude .hg -resolve-src-symlinks /Users/tankonitk/Library/Mobile\ Documents/com\~apple\~CloudDocs/xcode/Crulish/en01/Resources/solo/考研英语二/2016/EN2_2016_Section_II_Reading\ Comprehension_Part\ A_Text_2.md /Users/tankonitk/Library/Developer/Xcode/DerivedData/en01-ansyddkftxpufufiswdighzryqrt/Build/Products/Debug-iphonesimulator/en01.app

CpResource /Users/tankonitk/Library/Developer/Xcode/DerivedData/en01-ansyddkftxpufufiswdighzryqrt/Build/Products/Debug-iphonesimulator/en01.app/EN2_2016_Section_II_Reading\ Comprehension_Part\ A_Text_1.md /Users/tankonitk/Library/Mobile\ Documents/com~apple~CloudDocs/xcode/Crulish/en01/Resources/solo/考研英语二/2016/EN2_2016_Section_II_Reading\ Comprehension_Part\ A_Text_1.md (in target 'en01' from project 'en01')
    cd /Users/tankonitk/Library/Mobile\ Documents/com\~apple\~CloudDocs/xcode/Crulish
    builtin-copy -exclude .DS_Store -exclude CVS -exclude .svn -exclude .git -exclude .hg -resolve-src-symlinks /Users/tankonitk/Library/Mobile\ Documents/com\~apple\~CloudDocs/xcode/Crulish/en01/Resources/solo/考研英语二/2016/EN2_2016_Section_II_Reading\ Comprehension_Part\ A_Text_1.md /Users/tankonitk/Library/Developer/Xcode/DerivedData/en01-ansyddkftxpufufiswdighzryqrt/Build/Products/Debug-iphonesimulator/en01.app

CpResource /Users/tankonitk/Library/Developer/Xcode/DerivedData/en01-ansyddkftxpufufiswdighzryqrt/Build/Products/Debug-iphonesimulator/en01.app/EN2_2016_Section_III_Translation.md /Users/tankonitk/Library/Mobile\ Documents/com~apple~CloudDocs/xcode/Crulish/en01/Resources/solo/考研英语二/2016/EN2_2016_Section_III_Translation.md (in target 'en01' from project 'en01')
    cd /Users/tankonitk/Library/Mobile\ Documents/com\~apple\~CloudDocs/xcode/Crulish
    builtin-copy -exclude .DS_Store -exclude CVS -exclude .svn -exclude .git -exclude .hg -resolve-src-symlinks /Users/tankonitk/Library/Mobile\ Documents/com\~apple\~CloudDocs/xcode/Crulish/en01/Resources/solo/考研英语二/2016/EN2_2016_Section_III_Translation.md /Users/tankonitk/Library/Developer/Xcode/DerivedData/en01-ansyddkftxpufufiswdighzryqrt/Build/Products/Debug-iphonesimulator/en01.app

CpResource /Users/tankonitk/Library/Developer/Xcode/DerivedData/en01-ansyddkftxpufufiswdighzryqrt/Build/Products/Debug-iphonesimulator/en01.app/EN2_2015_Section_I_Use\ of\ English.md /Users/tankonitk/Library/Mobile\ Documents/com~apple~CloudDocs/xcode/Crulish/en01/Resources/solo/考研英语二/2015/EN2_2015_Section_I_Use\ of\ English.md (in target 'en01' from project 'en01')
    cd /Users/tankonitk/Library/Mobile\ Documents/com\~apple\~CloudDocs/xcode/Crulish
    builtin-copy -exclude .DS_Store -exclude CVS -exclude .svn -exclude .git -exclude .hg -resolve-src-symlinks /Users/tankonitk/Library/Mobile\ Documents/com\~apple\~CloudDocs/xcode/Crulish/en01/Resources/solo/考研英语二/2015/EN2_2015_Section_I_Use\ of\ English.md /Users/tankonitk/Library/Developer/Xcode/DerivedData/en01-ansyddkftxpufufiswdighzryqrt/Build/Products/Debug-iphonesimulator/en01.app

CpResource /Users/tankonitk/Library/Developer/Xcode/DerivedData/en01-ansyddkftxpufufiswdighzryqrt/Build/Products/Debug-iphonesimulator/en01.app/EN2_2015_Section_IV_Writing_Part_B.md /Users/tankonitk/Library/Mobile\ Documents/com~apple~CloudDocs/xcode/Crulish/en01/Resources/solo/考研英语二/2015/EN2_2015_Section_IV_Writing_Part_B.md (in target 'en01' from project 'en01')
    cd /Users/tankonitk/Library/Mobile\ Documents/com\~apple\~CloudDocs/xcode/Crulish
    builtin-copy -exclude .DS_Store -exclude CVS -exclude .svn -exclude .git -exclude .hg -resolve-src-symlinks /Users/tankonitk/Library/Mobile\ Documents/com\~apple\~CloudDocs/xcode/Crulish/en01/Resources/solo/考研英语二/2015/EN2_2015_Section_IV_Writing_Part_B.md /Users/tankonitk/Library/Developer/Xcode/DerivedData/en01-ansyddkftxpufufiswdighzryqrt/Build/Products/Debug-iphonesimulator/en01.app

CpResource /Users/tankonitk/Library/Developer/Xcode/DerivedData/en01-ansyddkftxpufufiswdighzryqrt/Build/Products/Debug-iphonesimulator/en01.app/EN2_2015_Section_IV_Writing_Part_A.md /Users/tankonitk/Library/Mobile\ Documents/com~apple~CloudDocs/xcode/Crulish/en01/Resources/solo/考研英语二/2015/EN2_2015_Section_IV_Writing_Part_A.md (in target 'en01' from project 'en01')
    cd /Users/tankonitk/Library/Mobile\ Documents/com\~apple\~CloudDocs/xcode/Crulish
    builtin-copy -exclude .DS_Store -exclude CVS -exclude .svn -exclude .git -exclude .hg -resolve-src-symlinks /Users/tankonitk/Library/Mobile\ Documents/com\~apple\~CloudDocs/xcode/Crulish/en01/Resources/solo/考研英语二/2015/EN2_2015_Section_IV_Writing_Part_A.md /Users/tankonitk/Library/Developer/Xcode/DerivedData/en01-ansyddkftxpufufiswdighzryqrt/Build/Products/Debug-iphonesimulator/en01.app

CpResource /Users/tankonitk/Library/Developer/Xcode/DerivedData/en01-ansyddkftxpufufiswdighzryqrt/Build/Products/Debug-iphonesimulator/en01.app/EN2_2015_Section_II_Reading\ Comprehension_Part\ B.md /Users/tankonitk/Library/Mobile\ Documents/com~apple~CloudDocs/xcode/Crulish/en01/Resources/solo/考研英语二/2015/EN2_2015_Section_II_Reading\ Comprehension_Part\ B.md (in target 'en01' from project 'en01')
    cd /Users/tankonitk/Library/Mobile\ Documents/com\~apple\~CloudDocs/xcode/Crulish
    builtin-copy -exclude .DS_Store -exclude CVS -exclude .svn -exclude .git -exclude .hg -resolve-src-symlinks /Users/tankonitk/Library/Mobile\ Documents/com\~apple\~CloudDocs/xcode/Crulish/en01/Resources/solo/考研英语二/2015/EN2_2015_Section_II_Reading\ Comprehension_Part\ B.md /Users/tankonitk/Library/Developer/Xcode/DerivedData/en01-ansyddkftxpufufiswdighzryqrt/Build/Products/Debug-iphonesimulator/en01.app

CpResource /Users/tankonitk/Library/Developer/Xcode/DerivedData/en01-ansyddkftxpufufiswdighzryqrt/Build/Products/Debug-iphonesimulator/en01.app/EN2_2015_Section_II_Reading\ Comprehension_Part\ A_Text_4.md /Users/tankonitk/Library/Mobile\ Documents/com~apple~CloudDocs/xcode/Crulish/en01/Resources/solo/考研英语二/2015/EN2_2015_Section_II_Reading\ Comprehension_Part\ A_Text_4.md (in target 'en01' from project 'en01')
    cd /Users/tankonitk/Library/Mobile\ Documents/com\~apple\~CloudDocs/xcode/Crulish
    builtin-copy -exclude .DS_Store -exclude CVS -exclude .svn -exclude .git -exclude .hg -resolve-src-symlinks /Users/tankonitk/Library/Mobile\ Documents/com\~apple\~CloudDocs/xcode/Crulish/en01/Resources/solo/考研英语二/2015/EN2_2015_Section_II_Reading\ Comprehension_Part\ A_Text_4.md /Users/tankonitk/Library/Developer/Xcode/DerivedData/en01-ansyddkftxpufufiswdighzryqrt/Build/Products/Debug-iphonesimulator/en01.app

CpResource /Users/tankonitk/Library/Developer/Xcode/DerivedData/en01-ansyddkftxpufufiswdighzryqrt/Build/Products/Debug-iphonesimulator/en01.app/EN2_2015_Section_II_Reading\ Comprehension_Part\ A_Text_3.md /Users/tankonitk/Library/Mobile\ Documents/com~apple~CloudDocs/xcode/Crulish/en01/Resources/solo/考研英语二/2015/EN2_2015_Section_II_Reading\ Comprehension_Part\ A_Text_3.md (in target 'en01' from project 'en01')
    cd /Users/tankonitk/Library/Mobile\ Documents/com\~apple\~CloudDocs/xcode/Crulish
    builtin-copy -exclude .DS_Store -exclude CVS -exclude .svn -exclude .git -exclude .hg -resolve-src-symlinks /Users/tankonitk/Library/Mobile\ Documents/com\~apple\~CloudDocs/xcode/Crulish/en01/Resources/solo/考研英语二/2015/EN2_2015_Section_II_Reading\ Comprehension_Part\ A_Text_3.md /Users/tankonitk/Library/Developer/Xcode/DerivedData/en01-ansyddkftxpufufiswdighzryqrt/Build/Products/Debug-iphonesimulator/en01.app

CpResource /Users/tankonitk/Library/Developer/Xcode/DerivedData/en01-ansyddkftxpufufiswdighzryqrt/Build/Products/Debug-iphonesimulator/en01.app/EN2_2015_Section_II_Reading\ Comprehension_Part\ A_Text_2.md /Users/tankonitk/Library/Mobile\ Documents/com~apple~CloudDocs/xcode/Crulish/en01/Resources/solo/考研英语二/2015/EN2_2015_Section_II_Reading\ Comprehension_Part\ A_Text_2.md (in target 'en01' from project 'en01')
    cd /Users/tankonitk/Library/Mobile\ Documents/com\~apple\~CloudDocs/xcode/Crulish
    builtin-copy -exclude .DS_Store -exclude CVS -exclude .svn -exclude .git -exclude .hg -resolve-src-symlinks /Users/tankonitk/Library/Mobile\ Documents/com\~apple\~CloudDocs/xcode/Crulish/en01/Resources/solo/考研英语二/2015/EN2_2015_Section_II_Reading\ Comprehension_Part\ A_Text_2.md /Users/tankonitk/Library/Developer/Xcode/DerivedData/en01-ansyddkftxpufufiswdighzryqrt/Build/Products/Debug-iphonesimulator/en01.app

CpResource /Users/tankonitk/Library/Developer/Xcode/DerivedData/en01-ansyddkftxpufufiswdighzryqrt/Build/Products/Debug-iphonesimulator/en01.app/EN2_2015_Section_II_Reading\ Comprehension_Part\ A_Text_1.md /Users/tankonitk/Library/Mobile\ Documents/com~apple~CloudDocs/xcode/Crulish/en01/Resources/solo/考研英语二/2015/EN2_2015_Section_II_Reading\ Comprehension_Part\ A_Text_1.md (in target 'en01' from project 'en01')
    cd /Users/tankonitk/Library/Mobile\ Documents/com\~apple\~CloudDocs/xcode/Crulish
    builtin-copy -exclude .DS_Store -exclude CVS -exclude .svn -exclude .git -exclude .hg -resolve-src-symlinks /Users/tankonitk/Library/Mobile\ Documents/com\~apple\~CloudDocs/xcode/Crulish/en01/Resources/solo/考研英语二/2015/EN2_2015_Section_II_Reading\ Comprehension_Part\ A_Text_1.md /Users/tankonitk/Library/Developer/Xcode/DerivedData/en01-ansyddkftxpufufiswdighzryqrt/Build/Products/Debug-iphonesimulator/en01.app

CpResource /Users/tankonitk/Library/Developer/Xcode/DerivedData/en01-ansyddkftxpufufiswdighzryqrt/Build/Products/Debug-iphonesimulator/en01.app/EN2_2015_Section_III_Translation.md /Users/tankonitk/Library/Mobile\ Documents/com~apple~CloudDocs/xcode/Crulish/en01/Resources/solo/考研英语二/2015/EN2_2015_Section_III_Translation.md (in target 'en01' from project 'en01')
    cd /Users/tankonitk/Library/Mobile\ Documents/com\~apple\~CloudDocs/xcode/Crulish
    builtin-copy -exclude .DS_Store -exclude CVS -exclude .svn -exclude .git -exclude .hg -resolve-src-symlinks /Users/tankonitk/Library/Mobile\ Documents/com\~apple\~CloudDocs/xcode/Crulish/en01/Resources/solo/考研英语二/2015/EN2_2015_Section_III_Translation.md /Users/tankonitk/Library/Developer/Xcode/DerivedData/en01-ansyddkftxpufufiswdighzryqrt/Build/Products/Debug-iphonesimulator/en01.app

CpResource /Users/tankonitk/Library/Developer/Xcode/DerivedData/en01-ansyddkftxpufufiswdighzryqrt/Build/Products/Debug-iphonesimulator/en01.app/EN2_2014_Section_I_Use\ of\ English.md /Users/tankonitk/Library/Mobile\ Documents/com~apple~CloudDocs/xcode/Crulish/en01/Resources/solo/考研英语二/2014/EN2_2014_Section_I_Use\ of\ English.md (in target 'en01' from project 'en01')
    cd /Users/tankonitk/Library/Mobile\ Documents/com\~apple\~CloudDocs/xcode/Crulish
    builtin-copy -exclude .DS_Store -exclude CVS -exclude .svn -exclude .git -exclude .hg -resolve-src-symlinks /Users/tankonitk/Library/Mobile\ Documents/com\~apple\~CloudDocs/xcode/Crulish/en01/Resources/solo/考研英语二/2014/EN2_2014_Section_I_Use\ of\ English.md /Users/tankonitk/Library/Developer/Xcode/DerivedData/en01-ansyddkftxpufufiswdighzryqrt/Build/Products/Debug-iphonesimulator/en01.app

CpResource /Users/tankonitk/Library/Developer/Xcode/DerivedData/en01-ansyddkftxpufufiswdighzryqrt/Build/Products/Debug-iphonesimulator/en01.app/EN2_2014_Section_IV_Writing_Part_B.md /Users/tankonitk/Library/Mobile\ Documents/com~apple~CloudDocs/xcode/Crulish/en01/Resources/solo/考研英语二/2014/EN2_2014_Section_IV_Writing_Part_B.md (in target 'en01' from project 'en01')
    cd /Users/tankonitk/Library/Mobile\ Documents/com\~apple\~CloudDocs/xcode/Crulish
    builtin-copy -exclude .DS_Store -exclude CVS -exclude .svn -exclude .git -exclude .hg -resolve-src-symlinks /Users/tankonitk/Library/Mobile\ Documents/com\~apple\~CloudDocs/xcode/Crulish/en01/Resources/solo/考研英语二/2014/EN2_2014_Section_IV_Writing_Part_B.md /Users/tankonitk/Library/Developer/Xcode/DerivedData/en01-ansyddkftxpufufiswdighzryqrt/Build/Products/Debug-iphonesimulator/en01.app

CpResource /Users/tankonitk/Library/Developer/Xcode/DerivedData/en01-ansyddkftxpufufiswdighzryqrt/Build/Products/Debug-iphonesimulator/en01.app/EN2_2014_Section_IV_Writing_Part_A.md /Users/tankonitk/Library/Mobile\ Documents/com~apple~CloudDocs/xcode/Crulish/en01/Resources/solo/考研英语二/2014/EN2_2014_Section_IV_Writing_Part_A.md (in target 'en01' from project 'en01')
    cd /Users/tankonitk/Library/Mobile\ Documents/com\~apple\~CloudDocs/xcode/Crulish
    builtin-copy -exclude .DS_Store -exclude CVS -exclude .svn -exclude .git -exclude .hg -resolve-src-symlinks /Users/tankonitk/Library/Mobile\ Documents/com\~apple\~CloudDocs/xcode/Crulish/en01/Resources/solo/考研英语二/2014/EN2_2014_Section_IV_Writing_Part_A.md /Users/tankonitk/Library/Developer/Xcode/DerivedData/en01-ansyddkftxpufufiswdighzryqrt/Build/Products/Debug-iphonesimulator/en01.app

CpResource /Users/tankonitk/Library/Developer/Xcode/DerivedData/en01-ansyddkftxpufufiswdighzryqrt/Build/Products/Debug-iphonesimulator/en01.app/EN2_2014_Section_II_Reading\ Comprehension_Part\ B.md /Users/tankonitk/Library/Mobile\ Documents/com~apple~CloudDocs/xcode/Crulish/en01/Resources/solo/考研英语二/2014/EN2_2014_Section_II_Reading\ Comprehension_Part\ B.md (in target 'en01' from project 'en01')
    cd /Users/tankonitk/Library/Mobile\ Documents/com\~apple\~CloudDocs/xcode/Crulish
    builtin-copy -exclude .DS_Store -exclude CVS -exclude .svn -exclude .git -exclude .hg -resolve-src-symlinks /Users/tankonitk/Library/Mobile\ Documents/com\~apple\~CloudDocs/xcode/Crulish/en01/Resources/solo/考研英语二/2014/EN2_2014_Section_II_Reading\ Comprehension_Part\ B.md /Users/tankonitk/Library/Developer/Xcode/DerivedData/en01-ansyddkftxpufufiswdighzryqrt/Build/Products/Debug-iphonesimulator/en01.app

CpResource /Users/tankonitk/Library/Developer/Xcode/DerivedData/en01-ansyddkftxpufufiswdighzryqrt/Build/Products/Debug-iphonesimulator/en01.app/EN2_2014_Section_II_Reading\ Comprehension_Part\ A_Text_4.md /Users/tankonitk/Library/Mobile\ Documents/com~apple~CloudDocs/xcode/Crulish/en01/Resources/solo/考研英语二/2014/EN2_2014_Section_II_Reading\ Comprehension_Part\ A_Text_4.md (in target 'en01' from project 'en01')
    cd /Users/tankonitk/Library/Mobile\ Documents/com\~apple\~CloudDocs/xcode/Crulish
    builtin-copy -exclude .DS_Store -exclude CVS -exclude .svn -exclude .git -exclude .hg -resolve-src-symlinks /Users/tankonitk/Library/Mobile\ Documents/com\~apple\~CloudDocs/xcode/Crulish/en01/Resources/solo/考研英语二/2014/EN2_2014_Section_II_Reading\ Comprehension_Part\ A_Text_4.md /Users/tankonitk/Library/Developer/Xcode/DerivedData/en01-ansyddkftxpufufiswdighzryqrt/Build/Products/Debug-iphonesimulator/en01.app

CpResource /Users/tankonitk/Library/Developer/Xcode/DerivedData/en01-ansyddkftxpufufiswdighzryqrt/Build/Products/Debug-iphonesimulator/en01.app/EN2_2014_Section_II_Reading\ Comprehension_Part\ A_Text_2.md /Users/tankonitk/Library/Mobile\ Documents/com~apple~CloudDocs/xcode/Crulish/en01/Resources/solo/考研英语二/2014/EN2_2014_Section_II_Reading\ Comprehension_Part\ A_Text_2.md (in target 'en01' from project 'en01')
    cd /Users/tankonitk/Library/Mobile\ Documents/com\~apple\~CloudDocs/xcode/Crulish
    builtin-copy -exclude .DS_Store -exclude CVS -exclude .svn -exclude .git -exclude .hg -resolve-src-symlinks /Users/tankonitk/Library/Mobile\ Documents/com\~apple\~CloudDocs/xcode/Crulish/en01/Resources/solo/考研英语二/2014/EN2_2014_Section_II_Reading\ Comprehension_Part\ A_Text_2.md /Users/tankonitk/Library/Developer/Xcode/DerivedData/en01-ansyddkftxpufufiswdighzryqrt/Build/Products/Debug-iphonesimulator/en01.app

CpResource /Users/tankonitk/Library/Developer/Xcode/DerivedData/en01-ansyddkftxpufufiswdighzryqrt/Build/Products/Debug-iphonesimulator/en01.app/EN2_2014_Section_II_Reading\ Comprehension_Part\ A_Text_3.md /Users/tankonitk/Library/Mobile\ Documents/com~apple~CloudDocs/xcode/Crulish/en01/Resources/solo/考研英语二/2014/EN2_2014_Section_II_Reading\ Comprehension_Part\ A_Text_3.md (in target 'en01' from project 'en01')
    cd /Users/tankonitk/Library/Mobile\ Documents/com\~apple\~CloudDocs/xcode/Crulish
    builtin-copy -exclude .DS_Store -exclude CVS -exclude .svn -exclude .git -exclude .hg -resolve-src-symlinks /Users/tankonitk/Library/Mobile\ Documents/com\~apple\~CloudDocs/xcode/Crulish/en01/Resources/solo/考研英语二/2014/EN2_2014_Section_II_Reading\ Comprehension_Part\ A_Text_3.md /Users/tankonitk/Library/Developer/Xcode/DerivedData/en01-ansyddkftxpufufiswdighzryqrt/Build/Products/Debug-iphonesimulator/en01.app

CpResource /Users/tankonitk/Library/Developer/Xcode/DerivedData/en01-ansyddkftxpufufiswdighzryqrt/Build/Products/Debug-iphonesimulator/en01.app/EN2_2014_Section_II_Reading\ Comprehension_Part\ A_Text_1.md /Users/tankonitk/Library/Mobile\ Documents/com~apple~CloudDocs/xcode/Crulish/en01/Resources/solo/考研英语二/2014/EN2_2014_Section_II_Reading\ Comprehension_Part\ A_Text_1.md (in target 'en01' from project 'en01')
    cd /Users/tankonitk/Library/Mobile\ Documents/com\~apple\~CloudDocs/xcode/Crulish
    builtin-copy -exclude .DS_Store -exclude CVS -exclude .svn -exclude .git -exclude .hg -resolve-src-symlinks /Users/tankonitk/Library/Mobile\ Documents/com\~apple\~CloudDocs/xcode/Crulish/en01/Resources/solo/考研英语二/2014/EN2_2014_Section_II_Reading\ Comprehension_Part\ A_Text_1.md /Users/tankonitk/Library/Developer/Xcode/DerivedData/en01-ansyddkftxpufufiswdighzryqrt/Build/Products/Debug-iphonesimulator/en01.app

CpResource /Users/tankonitk/Library/Developer/Xcode/DerivedData/en01-ansyddkftxpufufiswdighzryqrt/Build/Products/Debug-iphonesimulator/en01.app/EN2_2013_Section_I_Use\ of\ English.md /Users/tankonitk/Library/Mobile\ Documents/com~apple~CloudDocs/xcode/Crulish/en01/Resources/solo/考研英语二/2013/EN2_2013_Section_I_Use\ of\ English.md (in target 'en01' from project 'en01')
    cd /Users/tankonitk/Library/Mobile\ Documents/com\~apple\~CloudDocs/xcode/Crulish
    builtin-copy -exclude .DS_Store -exclude CVS -exclude .svn -exclude .git -exclude .hg -resolve-src-symlinks /Users/tankonitk/Library/Mobile\ Documents/com\~apple\~CloudDocs/xcode/Crulish/en01/Resources/solo/考研英语二/2013/EN2_2013_Section_I_Use\ of\ English.md /Users/tankonitk/Library/Developer/Xcode/DerivedData/en01-ansyddkftxpufufiswdighzryqrt/Build/Products/Debug-iphonesimulator/en01.app

CpResource /Users/tankonitk/Library/Developer/Xcode/DerivedData/en01-ansyddkftxpufufiswdighzryqrt/Build/Products/Debug-iphonesimulator/en01.app/EN2_2014_Section_III_Translation.md /Users/tankonitk/Library/Mobile\ Documents/com~apple~CloudDocs/xcode/Crulish/en01/Resources/solo/考研英语二/2014/EN2_2014_Section_III_Translation.md (in target 'en01' from project 'en01')
    cd /Users/tankonitk/Library/Mobile\ Documents/com\~apple\~CloudDocs/xcode/Crulish
    builtin-copy -exclude .DS_Store -exclude CVS -exclude .svn -exclude .git -exclude .hg -resolve-src-symlinks /Users/tankonitk/Library/Mobile\ Documents/com\~apple\~CloudDocs/xcode/Crulish/en01/Resources/solo/考研英语二/2014/EN2_2014_Section_III_Translation.md /Users/tankonitk/Library/Developer/Xcode/DerivedData/en01-ansyddkftxpufufiswdighzryqrt/Build/Products/Debug-iphonesimulator/en01.app

CpResource /Users/tankonitk/Library/Developer/Xcode/DerivedData/en01-ansyddkftxpufufiswdighzryqrt/Build/Products/Debug-iphonesimulator/en01.app/EN2_2013_Section_IV_Writing_Part_B.md /Users/tankonitk/Library/Mobile\ Documents/com~apple~CloudDocs/xcode/Crulish/en01/Resources/solo/考研英语二/2013/EN2_2013_Section_IV_Writing_Part_B.md (in target 'en01' from project 'en01')
    cd /Users/tankonitk/Library/Mobile\ Documents/com\~apple\~CloudDocs/xcode/Crulish
    builtin-copy -exclude .DS_Store -exclude CVS -exclude .svn -exclude .git -exclude .hg -resolve-src-symlinks /Users/tankonitk/Library/Mobile\ Documents/com\~apple\~CloudDocs/xcode/Crulish/en01/Resources/solo/考研英语二/2013/EN2_2013_Section_IV_Writing_Part_B.md /Users/tankonitk/Library/Developer/Xcode/DerivedData/en01-ansyddkftxpufufiswdighzryqrt/Build/Products/Debug-iphonesimulator/en01.app

CpResource /Users/tankonitk/Library/Developer/Xcode/DerivedData/en01-ansyddkftxpufufiswdighzryqrt/Build/Products/Debug-iphonesimulator/en01.app/EN2_2013_Section_IV_Writing_Part_A.md /Users/tankonitk/Library/Mobile\ Documents/com~apple~CloudDocs/xcode/Crulish/en01/Resources/solo/考研英语二/2013/EN2_2013_Section_IV_Writing_Part_A.md (in target 'en01' from project 'en01')
    cd /Users/tankonitk/Library/Mobile\ Documents/com\~apple\~CloudDocs/xcode/Crulish
    builtin-copy -exclude .DS_Store -exclude CVS -exclude .svn -exclude .git -exclude .hg -resolve-src-symlinks /Users/tankonitk/Library/Mobile\ Documents/com\~apple\~CloudDocs/xcode/Crulish/en01/Resources/solo/考研英语二/2013/EN2_2013_Section_IV_Writing_Part_A.md /Users/tankonitk/Library/Developer/Xcode/DerivedData/en01-ansyddkftxpufufiswdighzryqrt/Build/Products/Debug-iphonesimulator/en01.app

CpResource /Users/tankonitk/Library/Developer/Xcode/DerivedData/en01-ansyddkftxpufufiswdighzryqrt/Build/Products/Debug-iphonesimulator/en01.app/EN2_2013_Section_II_Reading\ Comprehension_Part\ B.md /Users/tankonitk/Library/Mobile\ Documents/com~apple~CloudDocs/xcode/Crulish/en01/Resources/solo/考研英语二/2013/EN2_2013_Section_II_Reading\ Comprehension_Part\ B.md (in target 'en01' from project 'en01')
    cd /Users/tankonitk/Library/Mobile\ Documents/com\~apple\~CloudDocs/xcode/Crulish
    builtin-copy -exclude .DS_Store -exclude CVS -exclude .svn -exclude .git -exclude .hg -resolve-src-symlinks /Users/tankonitk/Library/Mobile\ Documents/com\~apple\~CloudDocs/xcode/Crulish/en01/Resources/solo/考研英语二/2013/EN2_2013_Section_II_Reading\ Comprehension_Part\ B.md /Users/tankonitk/Library/Developer/Xcode/DerivedData/en01-ansyddkftxpufufiswdighzryqrt/Build/Products/Debug-iphonesimulator/en01.app

CpResource /Users/tankonitk/Library/Developer/Xcode/DerivedData/en01-ansyddkftxpufufiswdighzryqrt/Build/Products/Debug-iphonesimulator/en01.app/EN2_2013_Section_II_Reading\ Comprehension_Part\ A_Text_4.md /Users/tankonitk/Library/Mobile\ Documents/com~apple~CloudDocs/xcode/Crulish/en01/Resources/solo/考研英语二/2013/EN2_2013_Section_II_Reading\ Comprehension_Part\ A_Text_4.md (in target 'en01' from project 'en01')
    cd /Users/tankonitk/Library/Mobile\ Documents/com\~apple\~CloudDocs/xcode/Crulish
    builtin-copy -exclude .DS_Store -exclude CVS -exclude .svn -exclude .git -exclude .hg -resolve-src-symlinks /Users/tankonitk/Library/Mobile\ Documents/com\~apple\~CloudDocs/xcode/Crulish/en01/Resources/solo/考研英语二/2013/EN2_2013_Section_II_Reading\ Comprehension_Part\ A_Text_4.md /Users/tankonitk/Library/Developer/Xcode/DerivedData/en01-ansyddkftxpufufiswdighzryqrt/Build/Products/Debug-iphonesimulator/en01.app

CpResource /Users/tankonitk/Library/Developer/Xcode/DerivedData/en01-ansyddkftxpufufiswdighzryqrt/Build/Products/Debug-iphonesimulator/en01.app/EN2_2013_Section_II_Reading\ Comprehension_Part\ A_Text_3.md /Users/tankonitk/Library/Mobile\ Documents/com~apple~CloudDocs/xcode/Crulish/en01/Resources/solo/考研英语二/2013/EN2_2013_Section_II_Reading\ Comprehension_Part\ A_Text_3.md (in target 'en01' from project 'en01')
    cd /Users/tankonitk/Library/Mobile\ Documents/com\~apple\~CloudDocs/xcode/Crulish
    builtin-copy -exclude .DS_Store -exclude CVS -exclude .svn -exclude .git -exclude .hg -resolve-src-symlinks /Users/tankonitk/Library/Mobile\ Documents/com\~apple\~CloudDocs/xcode/Crulish/en01/Resources/solo/考研英语二/2013/EN2_2013_Section_II_Reading\ Comprehension_Part\ A_Text_3.md /Users/tankonitk/Library/Developer/Xcode/DerivedData/en01-ansyddkftxpufufiswdighzryqrt/Build/Products/Debug-iphonesimulator/en01.app

CpResource /Users/tankonitk/Library/Developer/Xcode/DerivedData/en01-ansyddkftxpufufiswdighzryqrt/Build/Products/Debug-iphonesimulator/en01.app/EN2_2013_Section_II_Reading\ Comprehension_Part\ A_Text_2.md /Users/tankonitk/Library/Mobile\ Documents/com~apple~CloudDocs/xcode/Crulish/en01/Resources/solo/考研英语二/2013/EN2_2013_Section_II_Reading\ Comprehension_Part\ A_Text_2.md (in target 'en01' from project 'en01')
    cd /Users/tankonitk/Library/Mobile\ Documents/com\~apple\~CloudDocs/xcode/Crulish
    builtin-copy -exclude .DS_Store -exclude CVS -exclude .svn -exclude .git -exclude .hg -resolve-src-symlinks /Users/tankonitk/Library/Mobile\ Documents/com\~apple\~CloudDocs/xcode/Crulish/en01/Resources/solo/考研英语二/2013/EN2_2013_Section_II_Reading\ Comprehension_Part\ A_Text_2.md /Users/tankonitk/Library/Developer/Xcode/DerivedData/en01-ansyddkftxpufufiswdighzryqrt/Build/Products/Debug-iphonesimulator/en01.app

CpResource /Users/tankonitk/Library/Developer/Xcode/DerivedData/en01-ansyddkftxpufufiswdighzryqrt/Build/Products/Debug-iphonesimulator/en01.app/EN2_2013_Section_II_Reading\ Comprehension_Part\ A_Text_1.md /Users/tankonitk/Library/Mobile\ Documents/com~apple~CloudDocs/xcode/Crulish/en01/Resources/solo/考研英语二/2013/EN2_2013_Section_II_Reading\ Comprehension_Part\ A_Text_1.md (in target 'en01' from project 'en01')
    cd /Users/tankonitk/Library/Mobile\ Documents/com\~apple\~CloudDocs/xcode/Crulish
    builtin-copy -exclude .DS_Store -exclude CVS -exclude .svn -exclude .git -exclude .hg -resolve-src-symlinks /Users/tankonitk/Library/Mobile\ Documents/com\~apple\~CloudDocs/xcode/Crulish/en01/Resources/solo/考研英语二/2013/EN2_2013_Section_II_Reading\ Comprehension_Part\ A_Text_1.md /Users/tankonitk/Library/Developer/Xcode/DerivedData/en01-ansyddkftxpufufiswdighzryqrt/Build/Products/Debug-iphonesimulator/en01.app

CpResource /Users/tankonitk/Library/Developer/Xcode/DerivedData/en01-ansyddkftxpufufiswdighzryqrt/Build/Products/Debug-iphonesimulator/en01.app/EN2_2013_Section_III_Translation.md /Users/tankonitk/Library/Mobile\ Documents/com~apple~CloudDocs/xcode/Crulish/en01/Resources/solo/考研英语二/2013/EN2_2013_Section_III_Translation.md (in target 'en01' from project 'en01')
    cd /Users/tankonitk/Library/Mobile\ Documents/com\~apple\~CloudDocs/xcode/Crulish
    builtin-copy -exclude .DS_Store -exclude CVS -exclude .svn -exclude .git -exclude .hg -resolve-src-symlinks /Users/tankonitk/Library/Mobile\ Documents/com\~apple\~CloudDocs/xcode/Crulish/en01/Resources/solo/考研英语二/2013/EN2_2013_Section_III_Translation.md /Users/tankonitk/Library/Developer/Xcode/DerivedData/en01-ansyddkftxpufufiswdighzryqrt/Build/Products/Debug-iphonesimulator/en01.app

CpResource /Users/tankonitk/Library/Developer/Xcode/DerivedData/en01-ansyddkftxpufufiswdighzryqrt/Build/Products/Debug-iphonesimulator/en01.app/EN2_2012_Section_I_Use\ of\ English.md /Users/tankonitk/Library/Mobile\ Documents/com~apple~CloudDocs/xcode/Crulish/en01/Resources/solo/考研英语二/2012/EN2_2012_Section_I_Use\ of\ English.md (in target 'en01' from project 'en01')
    cd /Users/tankonitk/Library/Mobile\ Documents/com\~apple\~CloudDocs/xcode/Crulish
    builtin-copy -exclude .DS_Store -exclude CVS -exclude .svn -exclude .git -exclude .hg -resolve-src-symlinks /Users/tankonitk/Library/Mobile\ Documents/com\~apple\~CloudDocs/xcode/Crulish/en01/Resources/solo/考研英语二/2012/EN2_2012_Section_I_Use\ of\ English.md /Users/tankonitk/Library/Developer/Xcode/DerivedData/en01-ansyddkftxpufufiswdighzryqrt/Build/Products/Debug-iphonesimulator/en01.app

CpResource /Users/tankonitk/Library/Developer/Xcode/DerivedData/en01-ansyddkftxpufufiswdighzryqrt/Build/Products/Debug-iphonesimulator/en01.app/EN2_2012_Section_IV_Writing_Part_A.md /Users/tankonitk/Library/Mobile\ Documents/com~apple~CloudDocs/xcode/Crulish/en01/Resources/solo/考研英语二/2012/EN2_2012_Section_IV_Writing_Part_A.md (in target 'en01' from project 'en01')
    cd /Users/tankonitk/Library/Mobile\ Documents/com\~apple\~CloudDocs/xcode/Crulish
    builtin-copy -exclude .DS_Store -exclude CVS -exclude .svn -exclude .git -exclude .hg -resolve-src-symlinks /Users/tankonitk/Library/Mobile\ Documents/com\~apple\~CloudDocs/xcode/Crulish/en01/Resources/solo/考研英语二/2012/EN2_2012_Section_IV_Writing_Part_A.md /Users/tankonitk/Library/Developer/Xcode/DerivedData/en01-ansyddkftxpufufiswdighzryqrt/Build/Products/Debug-iphonesimulator/en01.app

CpResource /Users/tankonitk/Library/Developer/Xcode/DerivedData/en01-ansyddkftxpufufiswdighzryqrt/Build/Products/Debug-iphonesimulator/en01.app/EN2_2012_Section_II_Reading\ Comprehension_Part\ B.md /Users/tankonitk/Library/Mobile\ Documents/com~apple~CloudDocs/xcode/Crulish/en01/Resources/solo/考研英语二/2012/EN2_2012_Section_II_Reading\ Comprehension_Part\ B.md (in target 'en01' from project 'en01')
    cd /Users/tankonitk/Library/Mobile\ Documents/com\~apple\~CloudDocs/xcode/Crulish
    builtin-copy -exclude .DS_Store -exclude CVS -exclude .svn -exclude .git -exclude .hg -resolve-src-symlinks /Users/tankonitk/Library/Mobile\ Documents/com\~apple\~CloudDocs/xcode/Crulish/en01/Resources/solo/考研英语二/2012/EN2_2012_Section_II_Reading\ Comprehension_Part\ B.md /Users/tankonitk/Library/Developer/Xcode/DerivedData/en01-ansyddkftxpufufiswdighzryqrt/Build/Products/Debug-iphonesimulator/en01.app

CpResource /Users/tankonitk/Library/Developer/Xcode/DerivedData/en01-ansyddkftxpufufiswdighzryqrt/Build/Products/Debug-iphonesimulator/en01.app/EN2_2012_Section_IV_Writing_Part_B.md /Users/tankonitk/Library/Mobile\ Documents/com~apple~CloudDocs/xcode/Crulish/en01/Resources/solo/考研英语二/2012/EN2_2012_Section_IV_Writing_Part_B.md (in target 'en01' from project 'en01')
    cd /Users/tankonitk/Library/Mobile\ Documents/com\~apple\~CloudDocs/xcode/Crulish
    builtin-copy -exclude .DS_Store -exclude CVS -exclude .svn -exclude .git -exclude .hg -resolve-src-symlinks /Users/tankonitk/Library/Mobile\ Documents/com\~apple\~CloudDocs/xcode/Crulish/en01/Resources/solo/考研英语二/2012/EN2_2012_Section_IV_Writing_Part_B.md /Users/tankonitk/Library/Developer/Xcode/DerivedData/en01-ansyddkftxpufufiswdighzryqrt/Build/Products/Debug-iphonesimulator/en01.app

CpResource /Users/tankonitk/Library/Developer/Xcode/DerivedData/en01-ansyddkftxpufufiswdighzryqrt/Build/Products/Debug-iphonesimulator/en01.app/EN2_2012_Section_II_Reading\ Comprehension_Part\ A_Text_4.md /Users/tankonitk/Library/Mobile\ Documents/com~apple~CloudDocs/xcode/Crulish/en01/Resources/solo/考研英语二/2012/EN2_2012_Section_II_Reading\ Comprehension_Part\ A_Text_4.md (in target 'en01' from project 'en01')
    cd /Users/tankonitk/Library/Mobile\ Documents/com\~apple\~CloudDocs/xcode/Crulish
    builtin-copy -exclude .DS_Store -exclude CVS -exclude .svn -exclude .git -exclude .hg -resolve-src-symlinks /Users/tankonitk/Library/Mobile\ Documents/com\~apple\~CloudDocs/xcode/Crulish/en01/Resources/solo/考研英语二/2012/EN2_2012_Section_II_Reading\ Comprehension_Part\ A_Text_4.md /Users/tankonitk/Library/Developer/Xcode/DerivedData/en01-ansyddkftxpufufiswdighzryqrt/Build/Products/Debug-iphonesimulator/en01.app

CpResource /Users/tankonitk/Library/Developer/Xcode/DerivedData/en01-ansyddkftxpufufiswdighzryqrt/Build/Products/Debug-iphonesimulator/en01.app/EN2_2012_Section_II_Reading\ Comprehension_Part\ A_Text_3.md /Users/tankonitk/Library/Mobile\ Documents/com~apple~CloudDocs/xcode/Crulish/en01/Resources/solo/考研英语二/2012/EN2_2012_Section_II_Reading\ Comprehension_Part\ A_Text_3.md (in target 'en01' from project 'en01')
    cd /Users/tankonitk/Library/Mobile\ Documents/com\~apple\~CloudDocs/xcode/Crulish
    builtin-copy -exclude .DS_Store -exclude CVS -exclude .svn -exclude .git -exclude .hg -resolve-src-symlinks /Users/tankonitk/Library/Mobile\ Documents/com\~apple\~CloudDocs/xcode/Crulish/en01/Resources/solo/考研英语二/2012/EN2_2012_Section_II_Reading\ Comprehension_Part\ A_Text_3.md /Users/tankonitk/Library/Developer/Xcode/DerivedData/en01-ansyddkftxpufufiswdighzryqrt/Build/Products/Debug-iphonesimulator/en01.app

CpResource /Users/tankonitk/Library/Developer/Xcode/DerivedData/en01-ansyddkftxpufufiswdighzryqrt/Build/Products/Debug-iphonesimulator/en01.app/EN2_2012_Section_II_Reading\ Comprehension_Part\ A_Text_2.md /Users/tankonitk/Library/Mobile\ Documents/com~apple~CloudDocs/xcode/Crulish/en01/Resources/solo/考研英语二/2012/EN2_2012_Section_II_Reading\ Comprehension_Part\ A_Text_2.md (in target 'en01' from project 'en01')
    cd /Users/tankonitk/Library/Mobile\ Documents/com\~apple\~CloudDocs/xcode/Crulish
    builtin-copy -exclude .DS_Store -exclude CVS -exclude .svn -exclude .git -exclude .hg -resolve-src-symlinks /Users/tankonitk/Library/Mobile\ Documents/com\~apple\~CloudDocs/xcode/Crulish/en01/Resources/solo/考研英语二/2012/EN2_2012_Section_II_Reading\ Comprehension_Part\ A_Text_2.md /Users/tankonitk/Library/Developer/Xcode/DerivedData/en01-ansyddkftxpufufiswdighzryqrt/Build/Products/Debug-iphonesimulator/en01.app

CpResource /Users/tankonitk/Library/Developer/Xcode/DerivedData/en01-ansyddkftxpufufiswdighzryqrt/Build/Products/Debug-iphonesimulator/en01.app/EN2_2012_Section_II_Reading\ Comprehension_Part\ A_Text_1.md /Users/tankonitk/Library/Mobile\ Documents/com~apple~CloudDocs/xcode/Crulish/en01/Resources/solo/考研英语二/2012/EN2_2012_Section_II_Reading\ Comprehension_Part\ A_Text_1.md (in target 'en01' from project 'en01')
    cd /Users/tankonitk/Library/Mobile\ Documents/com\~apple\~CloudDocs/xcode/Crulish
    builtin-copy -exclude .DS_Store -exclude CVS -exclude .svn -exclude .git -exclude .hg -resolve-src-symlinks /Users/tankonitk/Library/Mobile\ Documents/com\~apple\~CloudDocs/xcode/Crulish/en01/Resources/solo/考研英语二/2012/EN2_2012_Section_II_Reading\ Comprehension_Part\ A_Text_1.md /Users/tankonitk/Library/Developer/Xcode/DerivedData/en01-ansyddkftxpufufiswdighzryqrt/Build/Products/Debug-iphonesimulator/en01.app

CpResource /Users/tankonitk/Library/Developer/Xcode/DerivedData/en01-ansyddkftxpufufiswdighzryqrt/Build/Products/Debug-iphonesimulator/en01.app/EN2_2012_Section_III_Translation.md /Users/tankonitk/Library/Mobile\ Documents/com~apple~CloudDocs/xcode/Crulish/en01/Resources/solo/考研英语二/2012/EN2_2012_Section_III_Translation.md (in target 'en01' from project 'en01')
    cd /Users/tankonitk/Library/Mobile\ Documents/com\~apple\~CloudDocs/xcode/Crulish
    builtin-copy -exclude .DS_Store -exclude CVS -exclude .svn -exclude .git -exclude .hg -resolve-src-symlinks /Users/tankonitk/Library/Mobile\ Documents/com\~apple\~CloudDocs/xcode/Crulish/en01/Resources/solo/考研英语二/2012/EN2_2012_Section_III_Translation.md /Users/tankonitk/Library/Developer/Xcode/DerivedData/en01-ansyddkftxpufufiswdighzryqrt/Build/Products/Debug-iphonesimulator/en01.app

CpResource /Users/tankonitk/Library/Developer/Xcode/DerivedData/en01-ansyddkftxpufufiswdighzryqrt/Build/Products/Debug-iphonesimulator/en01.app/EN2_2011_Section_I_Use\ of\ English.md /Users/tankonitk/Library/Mobile\ Documents/com~apple~CloudDocs/xcode/Crulish/en01/Resources/solo/考研英语二/2011/EN2_2011_Section_I_Use\ of\ English.md (in target 'en01' from project 'en01')
    cd /Users/tankonitk/Library/Mobile\ Documents/com\~apple\~CloudDocs/xcode/Crulish
    builtin-copy -exclude .DS_Store -exclude CVS -exclude .svn -exclude .git -exclude .hg -resolve-src-symlinks /Users/tankonitk/Library/Mobile\ Documents/com\~apple\~CloudDocs/xcode/Crulish/en01/Resources/solo/考研英语二/2011/EN2_2011_Section_I_Use\ of\ English.md /Users/tankonitk/Library/Developer/Xcode/DerivedData/en01-ansyddkftxpufufiswdighzryqrt/Build/Products/Debug-iphonesimulator/en01.app

CpResource /Users/tankonitk/Library/Developer/Xcode/DerivedData/en01-ansyddkftxpufufiswdighzryqrt/Build/Products/Debug-iphonesimulator/en01.app/EN2_2011_Section_IV_Writing_Part_B.md /Users/tankonitk/Library/Mobile\ Documents/com~apple~CloudDocs/xcode/Crulish/en01/Resources/solo/考研英语二/2011/EN2_2011_Section_IV_Writing_Part_B.md (in target 'en01' from project 'en01')
    cd /Users/tankonitk/Library/Mobile\ Documents/com\~apple\~CloudDocs/xcode/Crulish
    builtin-copy -exclude .DS_Store -exclude CVS -exclude .svn -exclude .git -exclude .hg -resolve-src-symlinks /Users/tankonitk/Library/Mobile\ Documents/com\~apple\~CloudDocs/xcode/Crulish/en01/Resources/solo/考研英语二/2011/EN2_2011_Section_IV_Writing_Part_B.md /Users/tankonitk/Library/Developer/Xcode/DerivedData/en01-ansyddkftxpufufiswdighzryqrt/Build/Products/Debug-iphonesimulator/en01.app

CpResource /Users/tankonitk/Library/Developer/Xcode/DerivedData/en01-ansyddkftxpufufiswdighzryqrt/Build/Products/Debug-iphonesimulator/en01.app/EN2_2011_Section_IV_Writing_Part_A.md /Users/tankonitk/Library/Mobile\ Documents/com~apple~CloudDocs/xcode/Crulish/en01/Resources/solo/考研英语二/2011/EN2_2011_Section_IV_Writing_Part_A.md (in target 'en01' from project 'en01')
    cd /Users/tankonitk/Library/Mobile\ Documents/com\~apple\~CloudDocs/xcode/Crulish
    builtin-copy -exclude .DS_Store -exclude CVS -exclude .svn -exclude .git -exclude .hg -resolve-src-symlinks /Users/tankonitk/Library/Mobile\ Documents/com\~apple\~CloudDocs/xcode/Crulish/en01/Resources/solo/考研英语二/2011/EN2_2011_Section_IV_Writing_Part_A.md /Users/tankonitk/Library/Developer/Xcode/DerivedData/en01-ansyddkftxpufufiswdighzryqrt/Build/Products/Debug-iphonesimulator/en01.app

CpResource /Users/tankonitk/Library/Developer/Xcode/DerivedData/en01-ansyddkftxpufufiswdighzryqrt/Build/Products/Debug-iphonesimulator/en01.app/EN2_2011_Section_II_Reading\ Comprehension_Part\ B.md /Users/tankonitk/Library/Mobile\ Documents/com~apple~CloudDocs/xcode/Crulish/en01/Resources/solo/考研英语二/2011/EN2_2011_Section_II_Reading\ Comprehension_Part\ B.md (in target 'en01' from project 'en01')
    cd /Users/tankonitk/Library/Mobile\ Documents/com\~apple\~CloudDocs/xcode/Crulish
    builtin-copy -exclude .DS_Store -exclude CVS -exclude .svn -exclude .git -exclude .hg -resolve-src-symlinks /Users/tankonitk/Library/Mobile\ Documents/com\~apple\~CloudDocs/xcode/Crulish/en01/Resources/solo/考研英语二/2011/EN2_2011_Section_II_Reading\ Comprehension_Part\ B.md /Users/tankonitk/Library/Developer/Xcode/DerivedData/en01-ansyddkftxpufufiswdighzryqrt/Build/Products/Debug-iphonesimulator/en01.app

CpResource /Users/tankonitk/Library/Developer/Xcode/DerivedData/en01-ansyddkftxpufufiswdighzryqrt/Build/Products/Debug-iphonesimulator/en01.app/EN2_2011_Section_II_Reading\ Comprehension_Part\ A_Text_4.md /Users/tankonitk/Library/Mobile\ Documents/com~apple~CloudDocs/xcode/Crulish/en01/Resources/solo/考研英语二/2011/EN2_2011_Section_II_Reading\ Comprehension_Part\ A_Text_4.md (in target 'en01' from project 'en01')
    cd /Users/tankonitk/Library/Mobile\ Documents/com\~apple\~CloudDocs/xcode/Crulish
    builtin-copy -exclude .DS_Store -exclude CVS -exclude .svn -exclude .git -exclude .hg -resolve-src-symlinks /Users/tankonitk/Library/Mobile\ Documents/com\~apple\~CloudDocs/xcode/Crulish/en01/Resources/solo/考研英语二/2011/EN2_2011_Section_II_Reading\ Comprehension_Part\ A_Text_4.md /Users/tankonitk/Library/Developer/Xcode/DerivedData/en01-ansyddkftxpufufiswdighzryqrt/Build/Products/Debug-iphonesimulator/en01.app

CpResource /Users/tankonitk/Library/Developer/Xcode/DerivedData/en01-ansyddkftxpufufiswdighzryqrt/Build/Products/Debug-iphonesimulator/en01.app/EN2_2011_Section_II_Reading\ Comprehension_Part\ A_Text_3.md /Users/tankonitk/Library/Mobile\ Documents/com~apple~CloudDocs/xcode/Crulish/en01/Resources/solo/考研英语二/2011/EN2_2011_Section_II_Reading\ Comprehension_Part\ A_Text_3.md (in target 'en01' from project 'en01')
    cd /Users/tankonitk/Library/Mobile\ Documents/com\~apple\~CloudDocs/xcode/Crulish
    builtin-copy -exclude .DS_Store -exclude CVS -exclude .svn -exclude .git -exclude .hg -resolve-src-symlinks /Users/tankonitk/Library/Mobile\ Documents/com\~apple\~CloudDocs/xcode/Crulish/en01/Resources/solo/考研英语二/2011/EN2_2011_Section_II_Reading\ Comprehension_Part\ A_Text_3.md /Users/tankonitk/Library/Developer/Xcode/DerivedData/en01-ansyddkftxpufufiswdighzryqrt/Build/Products/Debug-iphonesimulator/en01.app

CpResource /Users/tankonitk/Library/Developer/Xcode/DerivedData/en01-ansyddkftxpufufiswdighzryqrt/Build/Products/Debug-iphonesimulator/en01.app/EN2_2011_Section_II_Reading\ Comprehension_Part\ A_Text_2.md /Users/tankonitk/Library/Mobile\ Documents/com~apple~CloudDocs/xcode/Crulish/en01/Resources/solo/考研英语二/2011/EN2_2011_Section_II_Reading\ Comprehension_Part\ A_Text_2.md (in target 'en01' from project 'en01')
    cd /Users/tankonitk/Library/Mobile\ Documents/com\~apple\~CloudDocs/xcode/Crulish
    builtin-copy -exclude .DS_Store -exclude CVS -exclude .svn -exclude .git -exclude .hg -resolve-src-symlinks /Users/tankonitk/Library/Mobile\ Documents/com\~apple\~CloudDocs/xcode/Crulish/en01/Resources/solo/考研英语二/2011/EN2_2011_Section_II_Reading\ Comprehension_Part\ A_Text_2.md /Users/tankonitk/Library/Developer/Xcode/DerivedData/en01-ansyddkftxpufufiswdighzryqrt/Build/Products/Debug-iphonesimulator/en01.app

CpResource /Users/tankonitk/Library/Developer/Xcode/DerivedData/en01-ansyddkftxpufufiswdighzryqrt/Build/Products/Debug-iphonesimulator/en01.app/EN2_2011_Section_II_Reading\ Comprehension_Part\ A_Text_1.md /Users/tankonitk/Library/Mobile\ Documents/com~apple~CloudDocs/xcode/Crulish/en01/Resources/solo/考研英语二/2011/EN2_2011_Section_II_Reading\ Comprehension_Part\ A_Text_1.md (in target 'en01' from project 'en01')
    cd /Users/tankonitk/Library/Mobile\ Documents/com\~apple\~CloudDocs/xcode/Crulish
    builtin-copy -exclude .DS_Store -exclude CVS -exclude .svn -exclude .git -exclude .hg -resolve-src-symlinks /Users/tankonitk/Library/Mobile\ Documents/com\~apple\~CloudDocs/xcode/Crulish/en01/Resources/solo/考研英语二/2011/EN2_2011_Section_II_Reading\ Comprehension_Part\ A_Text_1.md /Users/tankonitk/Library/Developer/Xcode/DerivedData/en01-ansyddkftxpufufiswdighzryqrt/Build/Products/Debug-iphonesimulator/en01.app

CpResource /Users/tankonitk/Library/Developer/Xcode/DerivedData/en01-ansyddkftxpufufiswdighzryqrt/Build/Products/Debug-iphonesimulator/en01.app/EN2_2011_Section_III_Translation.md /Users/tankonitk/Library/Mobile\ Documents/com~apple~CloudDocs/xcode/Crulish/en01/Resources/solo/考研英语二/2011/EN2_2011_Section_III_Translation.md (in target 'en01' from project 'en01')
    cd /Users/tankonitk/Library/Mobile\ Documents/com\~apple\~CloudDocs/xcode/Crulish
    builtin-copy -exclude .DS_Store -exclude CVS -exclude .svn -exclude .git -exclude .hg -resolve-src-symlinks /Users/tankonitk/Library/Mobile\ Documents/com\~apple\~CloudDocs/xcode/Crulish/en01/Resources/solo/考研英语二/2011/EN2_2011_Section_III_Translation.md /Users/tankonitk/Library/Developer/Xcode/DerivedData/en01-ansyddkftxpufufiswdighzryqrt/Build/Products/Debug-iphonesimulator/en01.app

CpResource /Users/tankonitk/Library/Developer/Xcode/DerivedData/en01-ansyddkftxpufufiswdighzryqrt/Build/Products/Debug-iphonesimulator/en01.app/EN2_2010_Section_I_Use\ of\ English.md /Users/tankonitk/Library/Mobile\ Documents/com~apple~CloudDocs/xcode/Crulish/en01/Resources/solo/考研英语二/2010/EN2_2010_Section_I_Use\ of\ English.md (in target 'en01' from project 'en01')
    cd /Users/tankonitk/Library/Mobile\ Documents/com\~apple\~CloudDocs/xcode/Crulish
    builtin-copy -exclude .DS_Store -exclude CVS -exclude .svn -exclude .git -exclude .hg -resolve-src-symlinks /Users/tankonitk/Library/Mobile\ Documents/com\~apple\~CloudDocs/xcode/Crulish/en01/Resources/solo/考研英语二/2010/EN2_2010_Section_I_Use\ of\ English.md /Users/tankonitk/Library/Developer/Xcode/DerivedData/en01-ansyddkftxpufufiswdighzryqrt/Build/Products/Debug-iphonesimulator/en01.app

CpResource /Users/tankonitk/Library/Developer/Xcode/DerivedData/en01-ansyddkftxpufufiswdighzryqrt/Build/Products/Debug-iphonesimulator/en01.app/EN2_2010_Section_IV_Writing_Part_B.md /Users/tankonitk/Library/Mobile\ Documents/com~apple~CloudDocs/xcode/Crulish/en01/Resources/solo/考研英语二/2010/EN2_2010_Section_IV_Writing_Part_B.md (in target 'en01' from project 'en01')
    cd /Users/tankonitk/Library/Mobile\ Documents/com\~apple\~CloudDocs/xcode/Crulish
    builtin-copy -exclude .DS_Store -exclude CVS -exclude .svn -exclude .git -exclude .hg -resolve-src-symlinks /Users/tankonitk/Library/Mobile\ Documents/com\~apple\~CloudDocs/xcode/Crulish/en01/Resources/solo/考研英语二/2010/EN2_2010_Section_IV_Writing_Part_B.md /Users/tankonitk/Library/Developer/Xcode/DerivedData/en01-ansyddkftxpufufiswdighzryqrt/Build/Products/Debug-iphonesimulator/en01.app

CpResource /Users/tankonitk/Library/Developer/Xcode/DerivedData/en01-ansyddkftxpufufiswdighzryqrt/Build/Products/Debug-iphonesimulator/en01.app/EN2_2010_Section_IV_Writing_Part_A.md /Users/tankonitk/Library/Mobile\ Documents/com~apple~CloudDocs/xcode/Crulish/en01/Resources/solo/考研英语二/2010/EN2_2010_Section_IV_Writing_Part_A.md (in target 'en01' from project 'en01')
    cd /Users/tankonitk/Library/Mobile\ Documents/com\~apple\~CloudDocs/xcode/Crulish
    builtin-copy -exclude .DS_Store -exclude CVS -exclude .svn -exclude .git -exclude .hg -resolve-src-symlinks /Users/tankonitk/Library/Mobile\ Documents/com\~apple\~CloudDocs/xcode/Crulish/en01/Resources/solo/考研英语二/2010/EN2_2010_Section_IV_Writing_Part_A.md /Users/tankonitk/Library/Developer/Xcode/DerivedData/en01-ansyddkftxpufufiswdighzryqrt/Build/Products/Debug-iphonesimulator/en01.app

CpResource /Users/tankonitk/Library/Developer/Xcode/DerivedData/en01-ansyddkftxpufufiswdighzryqrt/Build/Products/Debug-iphonesimulator/en01.app/EN2_2010_Section_II_Reading\ Comprehension_Part\ B.md /Users/tankonitk/Library/Mobile\ Documents/com~apple~CloudDocs/xcode/Crulish/en01/Resources/solo/考研英语二/2010/EN2_2010_Section_II_Reading\ Comprehension_Part\ B.md (in target 'en01' from project 'en01')
    cd /Users/tankonitk/Library/Mobile\ Documents/com\~apple\~CloudDocs/xcode/Crulish
    builtin-copy -exclude .DS_Store -exclude CVS -exclude .svn -exclude .git -exclude .hg -resolve-src-symlinks /Users/tankonitk/Library/Mobile\ Documents/com\~apple\~CloudDocs/xcode/Crulish/en01/Resources/solo/考研英语二/2010/EN2_2010_Section_II_Reading\ Comprehension_Part\ B.md /Users/tankonitk/Library/Developer/Xcode/DerivedData/en01-ansyddkftxpufufiswdighzryqrt/Build/Products/Debug-iphonesimulator/en01.app

CpResource /Users/tankonitk/Library/Developer/Xcode/DerivedData/en01-ansyddkftxpufufiswdighzryqrt/Build/Products/Debug-iphonesimulator/en01.app/EN2_2010_Section_II_Reading\ Comprehension_Part\ A_Text_4.md /Users/tankonitk/Library/Mobile\ Documents/com~apple~CloudDocs/xcode/Crulish/en01/Resources/solo/考研英语二/2010/EN2_2010_Section_II_Reading\ Comprehension_Part\ A_Text_4.md (in target 'en01' from project 'en01')
    cd /Users/tankonitk/Library/Mobile\ Documents/com\~apple\~CloudDocs/xcode/Crulish
    builtin-copy -exclude .DS_Store -exclude CVS -exclude .svn -exclude .git -exclude .hg -resolve-src-symlinks /Users/tankonitk/Library/Mobile\ Documents/com\~apple\~CloudDocs/xcode/Crulish/en01/Resources/solo/考研英语二/2010/EN2_2010_Section_II_Reading\ Comprehension_Part\ A_Text_4.md /Users/tankonitk/Library/Developer/Xcode/DerivedData/en01-ansyddkftxpufufiswdighzryqrt/Build/Products/Debug-iphonesimulator/en01.app

CpResource /Users/tankonitk/Library/Developer/Xcode/DerivedData/en01-ansyddkftxpufufiswdighzryqrt/Build/Products/Debug-iphonesimulator/en01.app/EN2_2010_Section_II_Reading\ Comprehension_Part\ A_Text_3.md /Users/tankonitk/Library/Mobile\ Documents/com~apple~CloudDocs/xcode/Crulish/en01/Resources/solo/考研英语二/2010/EN2_2010_Section_II_Reading\ Comprehension_Part\ A_Text_3.md (in target 'en01' from project 'en01')
    cd /Users/tankonitk/Library/Mobile\ Documents/com\~apple\~CloudDocs/xcode/Crulish
    builtin-copy -exclude .DS_Store -exclude CVS -exclude .svn -exclude .git -exclude .hg -resolve-src-symlinks /Users/tankonitk/Library/Mobile\ Documents/com\~apple\~CloudDocs/xcode/Crulish/en01/Resources/solo/考研英语二/2010/EN2_2010_Section_II_Reading\ Comprehension_Part\ A_Text_3.md /Users/tankonitk/Library/Developer/Xcode/DerivedData/en01-ansyddkftxpufufiswdighzryqrt/Build/Products/Debug-iphonesimulator/en01.app

CpResource /Users/tankonitk/Library/Developer/Xcode/DerivedData/en01-ansyddkftxpufufiswdighzryqrt/Build/Products/Debug-iphonesimulator/en01.app/EN2_2010_Section_II_Reading\ Comprehension_Part\ A_Text_2.md /Users/tankonitk/Library/Mobile\ Documents/com~apple~CloudDocs/xcode/Crulish/en01/Resources/solo/考研英语二/2010/EN2_2010_Section_II_Reading\ Comprehension_Part\ A_Text_2.md (in target 'en01' from project 'en01')
    cd /Users/tankonitk/Library/Mobile\ Documents/com\~apple\~CloudDocs/xcode/Crulish
    builtin-copy -exclude .DS_Store -exclude CVS -exclude .svn -exclude .git -exclude .hg -resolve-src-symlinks /Users/tankonitk/Library/Mobile\ Documents/com\~apple\~CloudDocs/xcode/Crulish/en01/Resources/solo/考研英语二/2010/EN2_2010_Section_II_Reading\ Comprehension_Part\ A_Text_2.md /Users/tankonitk/Library/Developer/Xcode/DerivedData/en01-ansyddkftxpufufiswdighzryqrt/Build/Products/Debug-iphonesimulator/en01.app

CpResource /Users/tankonitk/Library/Developer/Xcode/DerivedData/en01-ansyddkftxpufufiswdighzryqrt/Build/Products/Debug-iphonesimulator/en01.app/EN2_2010_Section_II_Reading\ Comprehension_Part\ A_Text_1.md /Users/tankonitk/Library/Mobile\ Documents/com~apple~CloudDocs/xcode/Crulish/en01/Resources/solo/考研英语二/2010/EN2_2010_Section_II_Reading\ Comprehension_Part\ A_Text_1.md (in target 'en01' from project 'en01')
    cd /Users/tankonitk/Library/Mobile\ Documents/com\~apple\~CloudDocs/xcode/Crulish
    builtin-copy -exclude .DS_Store -exclude CVS -exclude .svn -exclude .git -exclude .hg -resolve-src-symlinks /Users/tankonitk/Library/Mobile\ Documents/com\~apple\~CloudDocs/xcode/Crulish/en01/Resources/solo/考研英语二/2010/EN2_2010_Section_II_Reading\ Comprehension_Part\ A_Text_1.md /Users/tankonitk/Library/Developer/Xcode/DerivedData/en01-ansyddkftxpufufiswdighzryqrt/Build/Products/Debug-iphonesimulator/en01.app

CpResource /Users/tankonitk/Library/Developer/Xcode/DerivedData/en01-ansyddkftxpufufiswdighzryqrt/Build/Products/Debug-iphonesimulator/en01.app/EN1_2020_Section_I_Use\ of\ English.md /Users/tankonitk/Library/Mobile\ Documents/com~apple~CloudDocs/xcode/Crulish/en01/Resources/solo/考研英语一/2020/EN1_2020_Section_I_Use\ of\ English.md (in target 'en01' from project 'en01')
    cd /Users/tankonitk/Library/Mobile\ Documents/com\~apple\~CloudDocs/xcode/Crulish
    builtin-copy -exclude .DS_Store -exclude CVS -exclude .svn -exclude .git -exclude .hg -resolve-src-symlinks /Users/tankonitk/Library/Mobile\ Documents/com\~apple\~CloudDocs/xcode/Crulish/en01/Resources/solo/考研英语一/2020/EN1_2020_Section_I_Use\ of\ English.md /Users/tankonitk/Library/Developer/Xcode/DerivedData/en01-ansyddkftxpufufiswdighzryqrt/Build/Products/Debug-iphonesimulator/en01.app

CpResource /Users/tankonitk/Library/Developer/Xcode/DerivedData/en01-ansyddkftxpufufiswdighzryqrt/Build/Products/Debug-iphonesimulator/en01.app/EN1_2020_Section_IV_Writing_Part_C.md /Users/tankonitk/Library/Mobile\ Documents/com~apple~CloudDocs/xcode/Crulish/en01/Resources/solo/考研英语一/2020/EN1_2020_Section_IV_Writing_Part_C.md (in target 'en01' from project 'en01')
    cd /Users/tankonitk/Library/Mobile\ Documents/com\~apple\~CloudDocs/xcode/Crulish
    builtin-copy -exclude .DS_Store -exclude CVS -exclude .svn -exclude .git -exclude .hg -resolve-src-symlinks /Users/tankonitk/Library/Mobile\ Documents/com\~apple\~CloudDocs/xcode/Crulish/en01/Resources/solo/考研英语一/2020/EN1_2020_Section_IV_Writing_Part_C.md /Users/tankonitk/Library/Developer/Xcode/DerivedData/en01-ansyddkftxpufufiswdighzryqrt/Build/Products/Debug-iphonesimulator/en01.app

CpResource /Users/tankonitk/Library/Developer/Xcode/DerivedData/en01-ansyddkftxpufufiswdighzryqrt/Build/Products/Debug-iphonesimulator/en01.app/EN2_2010_Section_III_Translation.md /Users/tankonitk/Library/Mobile\ Documents/com~apple~CloudDocs/xcode/Crulish/en01/Resources/solo/考研英语二/2010/EN2_2010_Section_III_Translation.md (in target 'en01' from project 'en01')
    cd /Users/tankonitk/Library/Mobile\ Documents/com\~apple\~CloudDocs/xcode/Crulish
    builtin-copy -exclude .DS_Store -exclude CVS -exclude .svn -exclude .git -exclude .hg -resolve-src-symlinks /Users/tankonitk/Library/Mobile\ Documents/com\~apple\~CloudDocs/xcode/Crulish/en01/Resources/solo/考研英语二/2010/EN2_2010_Section_III_Translation.md /Users/tankonitk/Library/Developer/Xcode/DerivedData/en01-ansyddkftxpufufiswdighzryqrt/Build/Products/Debug-iphonesimulator/en01.app

CpResource /Users/tankonitk/Library/Developer/Xcode/DerivedData/en01-ansyddkftxpufufiswdighzryqrt/Build/Products/Debug-iphonesimulator/en01.app/EN1_2020_Section_IV_Writing_Part_B.md /Users/tankonitk/Library/Mobile\ Documents/com~apple~CloudDocs/xcode/Crulish/en01/Resources/solo/考研英语一/2020/EN1_2020_Section_IV_Writing_Part_B.md (in target 'en01' from project 'en01')
    cd /Users/tankonitk/Library/Mobile\ Documents/com\~apple\~CloudDocs/xcode/Crulish
    builtin-copy -exclude .DS_Store -exclude CVS -exclude .svn -exclude .git -exclude .hg -resolve-src-symlinks /Users/tankonitk/Library/Mobile\ Documents/com\~apple\~CloudDocs/xcode/Crulish/en01/Resources/solo/考研英语一/2020/EN1_2020_Section_IV_Writing_Part_B.md /Users/tankonitk/Library/Developer/Xcode/DerivedData/en01-ansyddkftxpufufiswdighzryqrt/Build/Products/Debug-iphonesimulator/en01.app

CpResource /Users/tankonitk/Library/Developer/Xcode/DerivedData/en01-ansyddkftxpufufiswdighzryqrt/Build/Products/Debug-iphonesimulator/en01.app/EN1_2020_Section_IV_Writing_Part_A.md /Users/tankonitk/Library/Mobile\ Documents/com~apple~CloudDocs/xcode/Crulish/en01/Resources/solo/考研英语一/2020/EN1_2020_Section_IV_Writing_Part_A.md (in target 'en01' from project 'en01')
    cd /Users/tankonitk/Library/Mobile\ Documents/com\~apple\~CloudDocs/xcode/Crulish
    builtin-copy -exclude .DS_Store -exclude CVS -exclude .svn -exclude .git -exclude .hg -resolve-src-symlinks /Users/tankonitk/Library/Mobile\ Documents/com\~apple\~CloudDocs/xcode/Crulish/en01/Resources/solo/考研英语一/2020/EN1_2020_Section_IV_Writing_Part_A.md /Users/tankonitk/Library/Developer/Xcode/DerivedData/en01-ansyddkftxpufufiswdighzryqrt/Build/Products/Debug-iphonesimulator/en01.app

CpResource /Users/tankonitk/Library/Developer/Xcode/DerivedData/en01-ansyddkftxpufufiswdighzryqrt/Build/Products/Debug-iphonesimulator/en01.app/EN1_2020_Section_II_Reading\ Comprehension_Part\ B.md /Users/tankonitk/Library/Mobile\ Documents/com~apple~CloudDocs/xcode/Crulish/en01/Resources/solo/考研英语一/2020/EN1_2020_Section_II_Reading\ Comprehension_Part\ B.md (in target 'en01' from project 'en01')
    cd /Users/tankonitk/Library/Mobile\ Documents/com\~apple\~CloudDocs/xcode/Crulish
    builtin-copy -exclude .DS_Store -exclude CVS -exclude .svn -exclude .git -exclude .hg -resolve-src-symlinks /Users/tankonitk/Library/Mobile\ Documents/com\~apple\~CloudDocs/xcode/Crulish/en01/Resources/solo/考研英语一/2020/EN1_2020_Section_II_Reading\ Comprehension_Part\ B.md /Users/tankonitk/Library/Developer/Xcode/DerivedData/en01-ansyddkftxpufufiswdighzryqrt/Build/Products/Debug-iphonesimulator/en01.app

CpResource /Users/tankonitk/Library/Developer/Xcode/DerivedData/en01-ansyddkftxpufufiswdighzryqrt/Build/Products/Debug-iphonesimulator/en01.app/EN1_2020_Section_II_Reading\ Comprehension_Part\ A_Text_4.md /Users/tankonitk/Library/Mobile\ Documents/com~apple~CloudDocs/xcode/Crulish/en01/Resources/solo/考研英语一/2020/EN1_2020_Section_II_Reading\ Comprehension_Part\ A_Text_4.md (in target 'en01' from project 'en01')
    cd /Users/tankonitk/Library/Mobile\ Documents/com\~apple\~CloudDocs/xcode/Crulish
    builtin-copy -exclude .DS_Store -exclude CVS -exclude .svn -exclude .git -exclude .hg -resolve-src-symlinks /Users/tankonitk/Library/Mobile\ Documents/com\~apple\~CloudDocs/xcode/Crulish/en01/Resources/solo/考研英语一/2020/EN1_2020_Section_II_Reading\ Comprehension_Part\ A_Text_4.md /Users/tankonitk/Library/Developer/Xcode/DerivedData/en01-ansyddkftxpufufiswdighzryqrt/Build/Products/Debug-iphonesimulator/en01.app

CpResource /Users/tankonitk/Library/Developer/Xcode/DerivedData/en01-ansyddkftxpufufiswdighzryqrt/Build/Products/Debug-iphonesimulator/en01.app/EN1_2020_Section_II_Reading\ Comprehension_Part\ A_Text_3.md /Users/tankonitk/Library/Mobile\ Documents/com~apple~CloudDocs/xcode/Crulish/en01/Resources/solo/考研英语一/2020/EN1_2020_Section_II_Reading\ Comprehension_Part\ A_Text_3.md (in target 'en01' from project 'en01')
    cd /Users/tankonitk/Library/Mobile\ Documents/com\~apple\~CloudDocs/xcode/Crulish
    builtin-copy -exclude .DS_Store -exclude CVS -exclude .svn -exclude .git -exclude .hg -resolve-src-symlinks /Users/tankonitk/Library/Mobile\ Documents/com\~apple\~CloudDocs/xcode/Crulish/en01/Resources/solo/考研英语一/2020/EN1_2020_Section_II_Reading\ Comprehension_Part\ A_Text_3.md /Users/tankonitk/Library/Developer/Xcode/DerivedData/en01-ansyddkftxpufufiswdighzryqrt/Build/Products/Debug-iphonesimulator/en01.app

CpResource /Users/tankonitk/Library/Developer/Xcode/DerivedData/en01-ansyddkftxpufufiswdighzryqrt/Build/Products/Debug-iphonesimulator/en01.app/EN1_2020_Section_II_Reading\ Comprehension_Part\ A_Text_2.md /Users/tankonitk/Library/Mobile\ Documents/com~apple~CloudDocs/xcode/Crulish/en01/Resources/solo/考研英语一/2020/EN1_2020_Section_II_Reading\ Comprehension_Part\ A_Text_2.md (in target 'en01' from project 'en01')
    cd /Users/tankonitk/Library/Mobile\ Documents/com\~apple\~CloudDocs/xcode/Crulish
    builtin-copy -exclude .DS_Store -exclude CVS -exclude .svn -exclude .git -exclude .hg -resolve-src-symlinks /Users/tankonitk/Library/Mobile\ Documents/com\~apple\~CloudDocs/xcode/Crulish/en01/Resources/solo/考研英语一/2020/EN1_2020_Section_II_Reading\ Comprehension_Part\ A_Text_2.md /Users/tankonitk/Library/Developer/Xcode/DerivedData/en01-ansyddkftxpufufiswdighzryqrt/Build/Products/Debug-iphonesimulator/en01.app

CpResource /Users/tankonitk/Library/Developer/Xcode/DerivedData/en01-ansyddkftxpufufiswdighzryqrt/Build/Products/Debug-iphonesimulator/en01.app/EN1_2020_Section_II_Reading\ Comprehension_Part\ A_Text_1.md /Users/tankonitk/Library/Mobile\ Documents/com~apple~CloudDocs/xcode/Crulish/en01/Resources/solo/考研英语一/2020/EN1_2020_Section_II_Reading\ Comprehension_Part\ A_Text_1.md (in target 'en01' from project 'en01')
    cd /Users/tankonitk/Library/Mobile\ Documents/com\~apple\~CloudDocs/xcode/Crulish
    builtin-copy -exclude .DS_Store -exclude CVS -exclude .svn -exclude .git -exclude .hg -resolve-src-symlinks /Users/tankonitk/Library/Mobile\ Documents/com\~apple\~CloudDocs/xcode/Crulish/en01/Resources/solo/考研英语一/2020/EN1_2020_Section_II_Reading\ Comprehension_Part\ A_Text_1.md /Users/tankonitk/Library/Developer/Xcode/DerivedData/en01-ansyddkftxpufufiswdighzryqrt/Build/Products/Debug-iphonesimulator/en01.app

CpResource /Users/tankonitk/Library/Developer/Xcode/DerivedData/en01-ansyddkftxpufufiswdighzryqrt/Build/Products/Debug-iphonesimulator/en01.app/EN1_2020_Section_III_Translation_Part\ C.md /Users/tankonitk/Library/Mobile\ Documents/com~apple~CloudDocs/xcode/Crulish/en01/Resources/solo/考研英语一/2020/EN1_2020_Section_III_Translation_Part\ C.md (in target 'en01' from project 'en01')
    cd /Users/tankonitk/Library/Mobile\ Documents/com\~apple\~CloudDocs/xcode/Crulish
    builtin-copy -exclude .DS_Store -exclude CVS -exclude .svn -exclude .git -exclude .hg -resolve-src-symlinks /Users/tankonitk/Library/Mobile\ Documents/com\~apple\~CloudDocs/xcode/Crulish/en01/Resources/solo/考研英语一/2020/EN1_2020_Section_III_Translation_Part\ C.md /Users/tankonitk/Library/Developer/Xcode/DerivedData/en01-ansyddkftxpufufiswdighzryqrt/Build/Products/Debug-iphonesimulator/en01.app

CpResource /Users/tankonitk/Library/Developer/Xcode/DerivedData/en01-ansyddkftxpufufiswdighzryqrt/Build/Products/Debug-iphonesimulator/en01.app/EN1_2019_Section_I_Use\ of\ English.md /Users/tankonitk/Library/Mobile\ Documents/com~apple~CloudDocs/xcode/Crulish/en01/Resources/solo/考研英语一/2019/EN1_2019_Section_I_Use\ of\ English.md (in target 'en01' from project 'en01')
    cd /Users/tankonitk/Library/Mobile\ Documents/com\~apple\~CloudDocs/xcode/Crulish
    builtin-copy -exclude .DS_Store -exclude CVS -exclude .svn -exclude .git -exclude .hg -resolve-src-symlinks /Users/tankonitk/Library/Mobile\ Documents/com\~apple\~CloudDocs/xcode/Crulish/en01/Resources/solo/考研英语一/2019/EN1_2019_Section_I_Use\ of\ English.md /Users/tankonitk/Library/Developer/Xcode/DerivedData/en01-ansyddkftxpufufiswdighzryqrt/Build/Products/Debug-iphonesimulator/en01.app

CpResource /Users/tankonitk/Library/Developer/Xcode/DerivedData/en01-ansyddkftxpufufiswdighzryqrt/Build/Products/Debug-iphonesimulator/en01.app/EN1_2019_Section_IV_Writing_Part_C.md /Users/tankonitk/Library/Mobile\ Documents/com~apple~CloudDocs/xcode/Crulish/en01/Resources/solo/考研英语一/2019/EN1_2019_Section_IV_Writing_Part_C.md (in target 'en01' from project 'en01')
    cd /Users/tankonitk/Library/Mobile\ Documents/com\~apple\~CloudDocs/xcode/Crulish
    builtin-copy -exclude .DS_Store -exclude CVS -exclude .svn -exclude .git -exclude .hg -resolve-src-symlinks /Users/tankonitk/Library/Mobile\ Documents/com\~apple\~CloudDocs/xcode/Crulish/en01/Resources/solo/考研英语一/2019/EN1_2019_Section_IV_Writing_Part_C.md /Users/tankonitk/Library/Developer/Xcode/DerivedData/en01-ansyddkftxpufufiswdighzryqrt/Build/Products/Debug-iphonesimulator/en01.app

CpResource /Users/tankonitk/Library/Developer/Xcode/DerivedData/en01-ansyddkftxpufufiswdighzryqrt/Build/Products/Debug-iphonesimulator/en01.app/EN1_2019_Section_IV_Writing_Part_B.md /Users/tankonitk/Library/Mobile\ Documents/com~apple~CloudDocs/xcode/Crulish/en01/Resources/solo/考研英语一/2019/EN1_2019_Section_IV_Writing_Part_B.md (in target 'en01' from project 'en01')
    cd /Users/tankonitk/Library/Mobile\ Documents/com\~apple\~CloudDocs/xcode/Crulish
    builtin-copy -exclude .DS_Store -exclude CVS -exclude .svn -exclude .git -exclude .hg -resolve-src-symlinks /Users/tankonitk/Library/Mobile\ Documents/com\~apple\~CloudDocs/xcode/Crulish/en01/Resources/solo/考研英语一/2019/EN1_2019_Section_IV_Writing_Part_B.md /Users/tankonitk/Library/Developer/Xcode/DerivedData/en01-ansyddkftxpufufiswdighzryqrt/Build/Products/Debug-iphonesimulator/en01.app

CpResource /Users/tankonitk/Library/Developer/Xcode/DerivedData/en01-ansyddkftxpufufiswdighzryqrt/Build/Products/Debug-iphonesimulator/en01.app/EN1_2019_Section_IV_Writing_Part_A.md /Users/tankonitk/Library/Mobile\ Documents/com~apple~CloudDocs/xcode/Crulish/en01/Resources/solo/考研英语一/2019/EN1_2019_Section_IV_Writing_Part_A.md (in target 'en01' from project 'en01')
    cd /Users/tankonitk/Library/Mobile\ Documents/com\~apple\~CloudDocs/xcode/Crulish
    builtin-copy -exclude .DS_Store -exclude CVS -exclude .svn -exclude .git -exclude .hg -resolve-src-symlinks /Users/tankonitk/Library/Mobile\ Documents/com\~apple\~CloudDocs/xcode/Crulish/en01/Resources/solo/考研英语一/2019/EN1_2019_Section_IV_Writing_Part_A.md /Users/tankonitk/Library/Developer/Xcode/DerivedData/en01-ansyddkftxpufufiswdighzryqrt/Build/Products/Debug-iphonesimulator/en01.app

CpResource /Users/tankonitk/Library/Developer/Xcode/DerivedData/en01-ansyddkftxpufufiswdighzryqrt/Build/Products/Debug-iphonesimulator/en01.app/EN1_2019_Section_II_Reading\ Comprehension_Part\ B.md /Users/tankonitk/Library/Mobile\ Documents/com~apple~CloudDocs/xcode/Crulish/en01/Resources/solo/考研英语一/2019/EN1_2019_Section_II_Reading\ Comprehension_Part\ B.md (in target 'en01' from project 'en01')
    cd /Users/tankonitk/Library/Mobile\ Documents/com\~apple\~CloudDocs/xcode/Crulish
    builtin-copy -exclude .DS_Store -exclude CVS -exclude .svn -exclude .git -exclude .hg -resolve-src-symlinks /Users/tankonitk/Library/Mobile\ Documents/com\~apple\~CloudDocs/xcode/Crulish/en01/Resources/solo/考研英语一/2019/EN1_2019_Section_II_Reading\ Comprehension_Part\ B.md /Users/tankonitk/Library/Developer/Xcode/DerivedData/en01-ansyddkftxpufufiswdighzryqrt/Build/Products/Debug-iphonesimulator/en01.app

CpResource /Users/tankonitk/Library/Developer/Xcode/DerivedData/en01-ansyddkftxpufufiswdighzryqrt/Build/Products/Debug-iphonesimulator/en01.app/EN1_2019_Section_II_Reading\ Comprehension_Part\ A_Text_4.md /Users/tankonitk/Library/Mobile\ Documents/com~apple~CloudDocs/xcode/Crulish/en01/Resources/solo/考研英语一/2019/EN1_2019_Section_II_Reading\ Comprehension_Part\ A_Text_4.md (in target 'en01' from project 'en01')
    cd /Users/tankonitk/Library/Mobile\ Documents/com\~apple\~CloudDocs/xcode/Crulish
    builtin-copy -exclude .DS_Store -exclude CVS -exclude .svn -exclude .git -exclude .hg -resolve-src-symlinks /Users/tankonitk/Library/Mobile\ Documents/com\~apple\~CloudDocs/xcode/Crulish/en01/Resources/solo/考研英语一/2019/EN1_2019_Section_II_Reading\ Comprehension_Part\ A_Text_4.md /Users/tankonitk/Library/Developer/Xcode/DerivedData/en01-ansyddkftxpufufiswdighzryqrt/Build/Products/Debug-iphonesimulator/en01.app

CpResource /Users/tankonitk/Library/Developer/Xcode/DerivedData/en01-ansyddkftxpufufiswdighzryqrt/Build/Products/Debug-iphonesimulator/en01.app/EN1_2019_Section_II_Reading\ Comprehension_Part\ A_Text_3.md /Users/tankonitk/Library/Mobile\ Documents/com~apple~CloudDocs/xcode/Crulish/en01/Resources/solo/考研英语一/2019/EN1_2019_Section_II_Reading\ Comprehension_Part\ A_Text_3.md (in target 'en01' from project 'en01')
    cd /Users/tankonitk/Library/Mobile\ Documents/com\~apple\~CloudDocs/xcode/Crulish
    builtin-copy -exclude .DS_Store -exclude CVS -exclude .svn -exclude .git -exclude .hg -resolve-src-symlinks /Users/tankonitk/Library/Mobile\ Documents/com\~apple\~CloudDocs/xcode/Crulish/en01/Resources/solo/考研英语一/2019/EN1_2019_Section_II_Reading\ Comprehension_Part\ A_Text_3.md /Users/tankonitk/Library/Developer/Xcode/DerivedData/en01-ansyddkftxpufufiswdighzryqrt/Build/Products/Debug-iphonesimulator/en01.app

CpResource /Users/tankonitk/Library/Developer/Xcode/DerivedData/en01-ansyddkftxpufufiswdighzryqrt/Build/Products/Debug-iphonesimulator/en01.app/EN1_2019_Section_II_Reading\ Comprehension_Part\ A_Text_2.md /Users/tankonitk/Library/Mobile\ Documents/com~apple~CloudDocs/xcode/Crulish/en01/Resources/solo/考研英语一/2019/EN1_2019_Section_II_Reading\ Comprehension_Part\ A_Text_2.md (in target 'en01' from project 'en01')
    cd /Users/tankonitk/Library/Mobile\ Documents/com\~apple\~CloudDocs/xcode/Crulish
    builtin-copy -exclude .DS_Store -exclude CVS -exclude .svn -exclude .git -exclude .hg -resolve-src-symlinks /Users/tankonitk/Library/Mobile\ Documents/com\~apple\~CloudDocs/xcode/Crulish/en01/Resources/solo/考研英语一/2019/EN1_2019_Section_II_Reading\ Comprehension_Part\ A_Text_2.md /Users/tankonitk/Library/Developer/Xcode/DerivedData/en01-ansyddkftxpufufiswdighzryqrt/Build/Products/Debug-iphonesimulator/en01.app

CpResource /Users/tankonitk/Library/Developer/Xcode/DerivedData/en01-ansyddkftxpufufiswdighzryqrt/Build/Products/Debug-iphonesimulator/en01.app/EN1_2019_Section_II_Reading\ Comprehension_Part\ A_Text_1.md /Users/tankonitk/Library/Mobile\ Documents/com~apple~CloudDocs/xcode/Crulish/en01/Resources/solo/考研英语一/2019/EN1_2019_Section_II_Reading\ Comprehension_Part\ A_Text_1.md (in target 'en01' from project 'en01')
    cd /Users/tankonitk/Library/Mobile\ Documents/com\~apple\~CloudDocs/xcode/Crulish
    builtin-copy -exclude .DS_Store -exclude CVS -exclude .svn -exclude .git -exclude .hg -resolve-src-symlinks /Users/tankonitk/Library/Mobile\ Documents/com\~apple\~CloudDocs/xcode/Crulish/en01/Resources/solo/考研英语一/2019/EN1_2019_Section_II_Reading\ Comprehension_Part\ A_Text_1.md /Users/tankonitk/Library/Developer/Xcode/DerivedData/en01-ansyddkftxpufufiswdighzryqrt/Build/Products/Debug-iphonesimulator/en01.app

CpResource /Users/tankonitk/Library/Developer/Xcode/DerivedData/en01-ansyddkftxpufufiswdighzryqrt/Build/Products/Debug-iphonesimulator/en01.app/EN1_2019_Section_III_Translation_Part\ C.md /Users/tankonitk/Library/Mobile\ Documents/com~apple~CloudDocs/xcode/Crulish/en01/Resources/solo/考研英语一/2019/EN1_2019_Section_III_Translation_Part\ C.md (in target 'en01' from project 'en01')
    cd /Users/tankonitk/Library/Mobile\ Documents/com\~apple\~CloudDocs/xcode/Crulish
    builtin-copy -exclude .DS_Store -exclude CVS -exclude .svn -exclude .git -exclude .hg -resolve-src-symlinks /Users/tankonitk/Library/Mobile\ Documents/com\~apple\~CloudDocs/xcode/Crulish/en01/Resources/solo/考研英语一/2019/EN1_2019_Section_III_Translation_Part\ C.md /Users/tankonitk/Library/Developer/Xcode/DerivedData/en01-ansyddkftxpufufiswdighzryqrt/Build/Products/Debug-iphonesimulator/en01.app

CpResource /Users/tankonitk/Library/Developer/Xcode/DerivedData/en01-ansyddkftxpufufiswdighzryqrt/Build/Products/Debug-iphonesimulator/en01.app/EN1_2018_Section_I_Use\ of\ English.md /Users/tankonitk/Library/Mobile\ Documents/com~apple~CloudDocs/xcode/Crulish/en01/Resources/solo/考研英语一/2018/EN1_2018_Section_I_Use\ of\ English.md (in target 'en01' from project 'en01')
    cd /Users/tankonitk/Library/Mobile\ Documents/com\~apple\~CloudDocs/xcode/Crulish
    builtin-copy -exclude .DS_Store -exclude CVS -exclude .svn -exclude .git -exclude .hg -resolve-src-symlinks /Users/tankonitk/Library/Mobile\ Documents/com\~apple\~CloudDocs/xcode/Crulish/en01/Resources/solo/考研英语一/2018/EN1_2018_Section_I_Use\ of\ English.md /Users/tankonitk/Library/Developer/Xcode/DerivedData/en01-ansyddkftxpufufiswdighzryqrt/Build/Products/Debug-iphonesimulator/en01.app

CpResource /Users/tankonitk/Library/Developer/Xcode/DerivedData/en01-ansyddkftxpufufiswdighzryqrt/Build/Products/Debug-iphonesimulator/en01.app/EN1_2018_Section_IV_Writing_Part_C.md /Users/tankonitk/Library/Mobile\ Documents/com~apple~CloudDocs/xcode/Crulish/en01/Resources/solo/考研英语一/2018/EN1_2018_Section_IV_Writing_Part_C.md (in target 'en01' from project 'en01')
    cd /Users/tankonitk/Library/Mobile\ Documents/com\~apple\~CloudDocs/xcode/Crulish
    builtin-copy -exclude .DS_Store -exclude CVS -exclude .svn -exclude .git -exclude .hg -resolve-src-symlinks /Users/tankonitk/Library/Mobile\ Documents/com\~apple\~CloudDocs/xcode/Crulish/en01/Resources/solo/考研英语一/2018/EN1_2018_Section_IV_Writing_Part_C.md /Users/tankonitk/Library/Developer/Xcode/DerivedData/en01-ansyddkftxpufufiswdighzryqrt/Build/Products/Debug-iphonesimulator/en01.app

CpResource /Users/tankonitk/Library/Developer/Xcode/DerivedData/en01-ansyddkftxpufufiswdighzryqrt/Build/Products/Debug-iphonesimulator/en01.app/EN1_2018_Section_IV_Writing_Part_B.md /Users/tankonitk/Library/Mobile\ Documents/com~apple~CloudDocs/xcode/Crulish/en01/Resources/solo/考研英语一/2018/EN1_2018_Section_IV_Writing_Part_B.md (in target 'en01' from project 'en01')
    cd /Users/tankonitk/Library/Mobile\ Documents/com\~apple\~CloudDocs/xcode/Crulish
    builtin-copy -exclude .DS_Store -exclude CVS -exclude .svn -exclude .git -exclude .hg -resolve-src-symlinks /Users/tankonitk/Library/Mobile\ Documents/com\~apple\~CloudDocs/xcode/Crulish/en01/Resources/solo/考研英语一/2018/EN1_2018_Section_IV_Writing_Part_B.md /Users/tankonitk/Library/Developer/Xcode/DerivedData/en01-ansyddkftxpufufiswdighzryqrt/Build/Products/Debug-iphonesimulator/en01.app

CpResource /Users/tankonitk/Library/Developer/Xcode/DerivedData/en01-ansyddkftxpufufiswdighzryqrt/Build/Products/Debug-iphonesimulator/en01.app/EN1_2018_Section_IV_Writing_Part_A.md /Users/tankonitk/Library/Mobile\ Documents/com~apple~CloudDocs/xcode/Crulish/en01/Resources/solo/考研英语一/2018/EN1_2018_Section_IV_Writing_Part_A.md (in target 'en01' from project 'en01')
    cd /Users/tankonitk/Library/Mobile\ Documents/com\~apple\~CloudDocs/xcode/Crulish
    builtin-copy -exclude .DS_Store -exclude CVS -exclude .svn -exclude .git -exclude .hg -resolve-src-symlinks /Users/tankonitk/Library/Mobile\ Documents/com\~apple\~CloudDocs/xcode/Crulish/en01/Resources/solo/考研英语一/2018/EN1_2018_Section_IV_Writing_Part_A.md /Users/tankonitk/Library/Developer/Xcode/DerivedData/en01-ansyddkftxpufufiswdighzryqrt/Build/Products/Debug-iphonesimulator/en01.app

CpResource /Users/tankonitk/Library/Developer/Xcode/DerivedData/en01-ansyddkftxpufufiswdighzryqrt/Build/Products/Debug-iphonesimulator/en01.app/EN1_2018_Section_II_Reading\ Comprehension_Part\ B.md /Users/tankonitk/Library/Mobile\ Documents/com~apple~CloudDocs/xcode/Crulish/en01/Resources/solo/考研英语一/2018/EN1_2018_Section_II_Reading\ Comprehension_Part\ B.md (in target 'en01' from project 'en01')
    cd /Users/tankonitk/Library/Mobile\ Documents/com\~apple\~CloudDocs/xcode/Crulish
    builtin-copy -exclude .DS_Store -exclude CVS -exclude .svn -exclude .git -exclude .hg -resolve-src-symlinks /Users/tankonitk/Library/Mobile\ Documents/com\~apple\~CloudDocs/xcode/Crulish/en01/Resources/solo/考研英语一/2018/EN1_2018_Section_II_Reading\ Comprehension_Part\ B.md /Users/tankonitk/Library/Developer/Xcode/DerivedData/en01-ansyddkftxpufufiswdighzryqrt/Build/Products/Debug-iphonesimulator/en01.app

CpResource /Users/tankonitk/Library/Developer/Xcode/DerivedData/en01-ansyddkftxpufufiswdighzryqrt/Build/Products/Debug-iphonesimulator/en01.app/EN1_2018_Section_II_Reading\ Comprehension_Part\ A_Text_4.md /Users/tankonitk/Library/Mobile\ Documents/com~apple~CloudDocs/xcode/Crulish/en01/Resources/solo/考研英语一/2018/EN1_2018_Section_II_Reading\ Comprehension_Part\ A_Text_4.md (in target 'en01' from project 'en01')
    cd /Users/tankonitk/Library/Mobile\ Documents/com\~apple\~CloudDocs/xcode/Crulish
    builtin-copy -exclude .DS_Store -exclude CVS -exclude .svn -exclude .git -exclude .hg -resolve-src-symlinks /Users/tankonitk/Library/Mobile\ Documents/com\~apple\~CloudDocs/xcode/Crulish/en01/Resources/solo/考研英语一/2018/EN1_2018_Section_II_Reading\ Comprehension_Part\ A_Text_4.md /Users/tankonitk/Library/Developer/Xcode/DerivedData/en01-ansyddkftxpufufiswdighzryqrt/Build/Products/Debug-iphonesimulator/en01.app

CpResource /Users/tankonitk/Library/Developer/Xcode/DerivedData/en01-ansyddkftxpufufiswdighzryqrt/Build/Products/Debug-iphonesimulator/en01.app/EN1_2018_Section_II_Reading\ Comprehension_Part\ A_Text_3.md /Users/tankonitk/Library/Mobile\ Documents/com~apple~CloudDocs/xcode/Crulish/en01/Resources/solo/考研英语一/2018/EN1_2018_Section_II_Reading\ Comprehension_Part\ A_Text_3.md (in target 'en01' from project 'en01')
    cd /Users/tankonitk/Library/Mobile\ Documents/com\~apple\~CloudDocs/xcode/Crulish
    builtin-copy -exclude .DS_Store -exclude CVS -exclude .svn -exclude .git -exclude .hg -resolve-src-symlinks /Users/tankonitk/Library/Mobile\ Documents/com\~apple\~CloudDocs/xcode/Crulish/en01/Resources/solo/考研英语一/2018/EN1_2018_Section_II_Reading\ Comprehension_Part\ A_Text_3.md /Users/tankonitk/Library/Developer/Xcode/DerivedData/en01-ansyddkftxpufufiswdighzryqrt/Build/Products/Debug-iphonesimulator/en01.app

CpResource /Users/tankonitk/Library/Developer/Xcode/DerivedData/en01-ansyddkftxpufufiswdighzryqrt/Build/Products/Debug-iphonesimulator/en01.app/EN1_2018_Section_II_Reading\ Comprehension_Part\ A_Text_2.md /Users/tankonitk/Library/Mobile\ Documents/com~apple~CloudDocs/xcode/Crulish/en01/Resources/solo/考研英语一/2018/EN1_2018_Section_II_Reading\ Comprehension_Part\ A_Text_2.md (in target 'en01' from project 'en01')
    cd /Users/tankonitk/Library/Mobile\ Documents/com\~apple\~CloudDocs/xcode/Crulish
    builtin-copy -exclude .DS_Store -exclude CVS -exclude .svn -exclude .git -exclude .hg -resolve-src-symlinks /Users/tankonitk/Library/Mobile\ Documents/com\~apple\~CloudDocs/xcode/Crulish/en01/Resources/solo/考研英语一/2018/EN1_2018_Section_II_Reading\ Comprehension_Part\ A_Text_2.md /Users/tankonitk/Library/Developer/Xcode/DerivedData/en01-ansyddkftxpufufiswdighzryqrt/Build/Products/Debug-iphonesimulator/en01.app

CpResource /Users/tankonitk/Library/Developer/Xcode/DerivedData/en01-ansyddkftxpufufiswdighzryqrt/Build/Products/Debug-iphonesimulator/en01.app/EN1_2018_Section_II_Reading\ Comprehension_Part\ A_Text_1.md /Users/tankonitk/Library/Mobile\ Documents/com~apple~CloudDocs/xcode/Crulish/en01/Resources/solo/考研英语一/2018/EN1_2018_Section_II_Reading\ Comprehension_Part\ A_Text_1.md (in target 'en01' from project 'en01')
    cd /Users/tankonitk/Library/Mobile\ Documents/com\~apple\~CloudDocs/xcode/Crulish
    builtin-copy -exclude .DS_Store -exclude CVS -exclude .svn -exclude .git -exclude .hg -resolve-src-symlinks /Users/tankonitk/Library/Mobile\ Documents/com\~apple\~CloudDocs/xcode/Crulish/en01/Resources/solo/考研英语一/2018/EN1_2018_Section_II_Reading\ Comprehension_Part\ A_Text_1.md /Users/tankonitk/Library/Developer/Xcode/DerivedData/en01-ansyddkftxpufufiswdighzryqrt/Build/Products/Debug-iphonesimulator/en01.app

CpResource /Users/tankonitk/Library/Developer/Xcode/DerivedData/en01-ansyddkftxpufufiswdighzryqrt/Build/Products/Debug-iphonesimulator/en01.app/EN1_2018_Section_III_Translation_Part\ C.md /Users/tankonitk/Library/Mobile\ Documents/com~apple~CloudDocs/xcode/Crulish/en01/Resources/solo/考研英语一/2018/EN1_2018_Section_III_Translation_Part\ C.md (in target 'en01' from project 'en01')
    cd /Users/tankonitk/Library/Mobile\ Documents/com\~apple\~CloudDocs/xcode/Crulish
    builtin-copy -exclude .DS_Store -exclude CVS -exclude .svn -exclude .git -exclude .hg -resolve-src-symlinks /Users/tankonitk/Library/Mobile\ Documents/com\~apple\~CloudDocs/xcode/Crulish/en01/Resources/solo/考研英语一/2018/EN1_2018_Section_III_Translation_Part\ C.md /Users/tankonitk/Library/Developer/Xcode/DerivedData/en01-ansyddkftxpufufiswdighzryqrt/Build/Products/Debug-iphonesimulator/en01.app

CpResource /Users/tankonitk/Library/Developer/Xcode/DerivedData/en01-ansyddkftxpufufiswdighzryqrt/Build/Products/Debug-iphonesimulator/en01.app/EN1_2017_Section_I_Use\ of\ English.md /Users/tankonitk/Library/Mobile\ Documents/com~apple~CloudDocs/xcode/Crulish/en01/Resources/solo/考研英语一/2017/EN1_2017_Section_I_Use\ of\ English.md (in target 'en01' from project 'en01')
    cd /Users/tankonitk/Library/Mobile\ Documents/com\~apple\~CloudDocs/xcode/Crulish
    builtin-copy -exclude .DS_Store -exclude CVS -exclude .svn -exclude .git -exclude .hg -resolve-src-symlinks /Users/tankonitk/Library/Mobile\ Documents/com\~apple\~CloudDocs/xcode/Crulish/en01/Resources/solo/考研英语一/2017/EN1_2017_Section_I_Use\ of\ English.md /Users/tankonitk/Library/Developer/Xcode/DerivedData/en01-ansyddkftxpufufiswdighzryqrt/Build/Products/Debug-iphonesimulator/en01.app

CpResource /Users/tankonitk/Library/Developer/Xcode/DerivedData/en01-ansyddkftxpufufiswdighzryqrt/Build/Products/Debug-iphonesimulator/en01.app/EN1_2017_Section_IV_Writing_Part_C.md /Users/tankonitk/Library/Mobile\ Documents/com~apple~CloudDocs/xcode/Crulish/en01/Resources/solo/考研英语一/2017/EN1_2017_Section_IV_Writing_Part_C.md (in target 'en01' from project 'en01')
    cd /Users/tankonitk/Library/Mobile\ Documents/com\~apple\~CloudDocs/xcode/Crulish
    builtin-copy -exclude .DS_Store -exclude CVS -exclude .svn -exclude .git -exclude .hg -resolve-src-symlinks /Users/tankonitk/Library/Mobile\ Documents/com\~apple\~CloudDocs/xcode/Crulish/en01/Resources/solo/考研英语一/2017/EN1_2017_Section_IV_Writing_Part_C.md /Users/tankonitk/Library/Developer/Xcode/DerivedData/en01-ansyddkftxpufufiswdighzryqrt/Build/Products/Debug-iphonesimulator/en01.app

CpResource /Users/tankonitk/Library/Developer/Xcode/DerivedData/en01-ansyddkftxpufufiswdighzryqrt/Build/Products/Debug-iphonesimulator/en01.app/EN1_2017_Section_IV_Writing_Part_B.md /Users/tankonitk/Library/Mobile\ Documents/com~apple~CloudDocs/xcode/Crulish/en01/Resources/solo/考研英语一/2017/EN1_2017_Section_IV_Writing_Part_B.md (in target 'en01' from project 'en01')
    cd /Users/tankonitk/Library/Mobile\ Documents/com\~apple\~CloudDocs/xcode/Crulish
    builtin-copy -exclude .DS_Store -exclude CVS -exclude .svn -exclude .git -exclude .hg -resolve-src-symlinks /Users/tankonitk/Library/Mobile\ Documents/com\~apple\~CloudDocs/xcode/Crulish/en01/Resources/solo/考研英语一/2017/EN1_2017_Section_IV_Writing_Part_B.md /Users/tankonitk/Library/Developer/Xcode/DerivedData/en01-ansyddkftxpufufiswdighzryqrt/Build/Products/Debug-iphonesimulator/en01.app

CpResource /Users/tankonitk/Library/Developer/Xcode/DerivedData/en01-ansyddkftxpufufiswdighzryqrt/Build/Products/Debug-iphonesimulator/en01.app/EN1_2017_Section_IV_Writing_Part_A.md /Users/tankonitk/Library/Mobile\ Documents/com~apple~CloudDocs/xcode/Crulish/en01/Resources/solo/考研英语一/2017/EN1_2017_Section_IV_Writing_Part_A.md (in target 'en01' from project 'en01')
    cd /Users/tankonitk/Library/Mobile\ Documents/com\~apple\~CloudDocs/xcode/Crulish
    builtin-copy -exclude .DS_Store -exclude CVS -exclude .svn -exclude .git -exclude .hg -resolve-src-symlinks /Users/tankonitk/Library/Mobile\ Documents/com\~apple\~CloudDocs/xcode/Crulish/en01/Resources/solo/考研英语一/2017/EN1_2017_Section_IV_Writing_Part_A.md /Users/tankonitk/Library/Developer/Xcode/DerivedData/en01-ansyddkftxpufufiswdighzryqrt/Build/Products/Debug-iphonesimulator/en01.app

CpResource /Users/tankonitk/Library/Developer/Xcode/DerivedData/en01-ansyddkftxpufufiswdighzryqrt/Build/Products/Debug-iphonesimulator/en01.app/EN1_2017_Section_II_Reading\ Comprehension_Part\ B.md /Users/tankonitk/Library/Mobile\ Documents/com~apple~CloudDocs/xcode/Crulish/en01/Resources/solo/考研英语一/2017/EN1_2017_Section_II_Reading\ Comprehension_Part\ B.md (in target 'en01' from project 'en01')
    cd /Users/tankonitk/Library/Mobile\ Documents/com\~apple\~CloudDocs/xcode/Crulish
    builtin-copy -exclude .DS_Store -exclude CVS -exclude .svn -exclude .git -exclude .hg -resolve-src-symlinks /Users/tankonitk/Library/Mobile\ Documents/com\~apple\~CloudDocs/xcode/Crulish/en01/Resources/solo/考研英语一/2017/EN1_2017_Section_II_Reading\ Comprehension_Part\ B.md /Users/tankonitk/Library/Developer/Xcode/DerivedData/en01-ansyddkftxpufufiswdighzryqrt/Build/Products/Debug-iphonesimulator/en01.app

CpResource /Users/tankonitk/Library/Developer/Xcode/DerivedData/en01-ansyddkftxpufufiswdighzryqrt/Build/Products/Debug-iphonesimulator/en01.app/EN1_2017_Section_II_Reading\ Comprehension_Part\ A_Text_4.md /Users/tankonitk/Library/Mobile\ Documents/com~apple~CloudDocs/xcode/Crulish/en01/Resources/solo/考研英语一/2017/EN1_2017_Section_II_Reading\ Comprehension_Part\ A_Text_4.md (in target 'en01' from project 'en01')
    cd /Users/tankonitk/Library/Mobile\ Documents/com\~apple\~CloudDocs/xcode/Crulish
    builtin-copy -exclude .DS_Store -exclude CVS -exclude .svn -exclude .git -exclude .hg -resolve-src-symlinks /Users/tankonitk/Library/Mobile\ Documents/com\~apple\~CloudDocs/xcode/Crulish/en01/Resources/solo/考研英语一/2017/EN1_2017_Section_II_Reading\ Comprehension_Part\ A_Text_4.md /Users/tankonitk/Library/Developer/Xcode/DerivedData/en01-ansyddkftxpufufiswdighzryqrt/Build/Products/Debug-iphonesimulator/en01.app

CpResource /Users/tankonitk/Library/Developer/Xcode/DerivedData/en01-ansyddkftxpufufiswdighzryqrt/Build/Products/Debug-iphonesimulator/en01.app/EN1_2017_Section_II_Reading\ Comprehension_Part\ A_Text_3.md /Users/tankonitk/Library/Mobile\ Documents/com~apple~CloudDocs/xcode/Crulish/en01/Resources/solo/考研英语一/2017/EN1_2017_Section_II_Reading\ Comprehension_Part\ A_Text_3.md (in target 'en01' from project 'en01')
    cd /Users/tankonitk/Library/Mobile\ Documents/com\~apple\~CloudDocs/xcode/Crulish
    builtin-copy -exclude .DS_Store -exclude CVS -exclude .svn -exclude .git -exclude .hg -resolve-src-symlinks /Users/tankonitk/Library/Mobile\ Documents/com\~apple\~CloudDocs/xcode/Crulish/en01/Resources/solo/考研英语一/2017/EN1_2017_Section_II_Reading\ Comprehension_Part\ A_Text_3.md /Users/tankonitk/Library/Developer/Xcode/DerivedData/en01-ansyddkftxpufufiswdighzryqrt/Build/Products/Debug-iphonesimulator/en01.app

CpResource /Users/tankonitk/Library/Developer/Xcode/DerivedData/en01-ansyddkftxpufufiswdighzryqrt/Build/Products/Debug-iphonesimulator/en01.app/EN1_2017_Section_II_Reading\ Comprehension_Part\ A_Text_2.md /Users/tankonitk/Library/Mobile\ Documents/com~apple~CloudDocs/xcode/Crulish/en01/Resources/solo/考研英语一/2017/EN1_2017_Section_II_Reading\ Comprehension_Part\ A_Text_2.md (in target 'en01' from project 'en01')
    cd /Users/tankonitk/Library/Mobile\ Documents/com\~apple\~CloudDocs/xcode/Crulish
    builtin-copy -exclude .DS_Store -exclude CVS -exclude .svn -exclude .git -exclude .hg -resolve-src-symlinks /Users/tankonitk/Library/Mobile\ Documents/com\~apple\~CloudDocs/xcode/Crulish/en01/Resources/solo/考研英语一/2017/EN1_2017_Section_II_Reading\ Comprehension_Part\ A_Text_2.md /Users/tankonitk/Library/Developer/Xcode/DerivedData/en01-ansyddkftxpufufiswdighzryqrt/Build/Products/Debug-iphonesimulator/en01.app

CpResource /Users/tankonitk/Library/Developer/Xcode/DerivedData/en01-ansyddkftxpufufiswdighzryqrt/Build/Products/Debug-iphonesimulator/en01.app/EN1_2017_Section_II_Reading\ Comprehension_Part\ A_Text_1.md /Users/tankonitk/Library/Mobile\ Documents/com~apple~CloudDocs/xcode/Crulish/en01/Resources/solo/考研英语一/2017/EN1_2017_Section_II_Reading\ Comprehension_Part\ A_Text_1.md (in target 'en01' from project 'en01')
    cd /Users/tankonitk/Library/Mobile\ Documents/com\~apple\~CloudDocs/xcode/Crulish
    builtin-copy -exclude .DS_Store -exclude CVS -exclude .svn -exclude .git -exclude .hg -resolve-src-symlinks /Users/tankonitk/Library/Mobile\ Documents/com\~apple\~CloudDocs/xcode/Crulish/en01/Resources/solo/考研英语一/2017/EN1_2017_Section_II_Reading\ Comprehension_Part\ A_Text_1.md /Users/tankonitk/Library/Developer/Xcode/DerivedData/en01-ansyddkftxpufufiswdighzryqrt/Build/Products/Debug-iphonesimulator/en01.app

CpResource /Users/tankonitk/Library/Developer/Xcode/DerivedData/en01-ansyddkftxpufufiswdighzryqrt/Build/Products/Debug-iphonesimulator/en01.app/EN1_2017_Section_III_Translation_Part\ C.md /Users/tankonitk/Library/Mobile\ Documents/com~apple~CloudDocs/xcode/Crulish/en01/Resources/solo/考研英语一/2017/EN1_2017_Section_III_Translation_Part\ C.md (in target 'en01' from project 'en01')
    cd /Users/tankonitk/Library/Mobile\ Documents/com\~apple\~CloudDocs/xcode/Crulish
    builtin-copy -exclude .DS_Store -exclude CVS -exclude .svn -exclude .git -exclude .hg -resolve-src-symlinks /Users/tankonitk/Library/Mobile\ Documents/com\~apple\~CloudDocs/xcode/Crulish/en01/Resources/solo/考研英语一/2017/EN1_2017_Section_III_Translation_Part\ C.md /Users/tankonitk/Library/Developer/Xcode/DerivedData/en01-ansyddkftxpufufiswdighzryqrt/Build/Products/Debug-iphonesimulator/en01.app

CpResource /Users/tankonitk/Library/Developer/Xcode/DerivedData/en01-ansyddkftxpufufiswdighzryqrt/Build/Products/Debug-iphonesimulator/en01.app/EN1_2016_Section_I_Use\ of\ English.md /Users/tankonitk/Library/Mobile\ Documents/com~apple~CloudDocs/xcode/Crulish/en01/Resources/solo/考研英语一/2016/EN1_2016_Section_I_Use\ of\ English.md (in target 'en01' from project 'en01')
    cd /Users/tankonitk/Library/Mobile\ Documents/com\~apple\~CloudDocs/xcode/Crulish
    builtin-copy -exclude .DS_Store -exclude CVS -exclude .svn -exclude .git -exclude .hg -resolve-src-symlinks /Users/tankonitk/Library/Mobile\ Documents/com\~apple\~CloudDocs/xcode/Crulish/en01/Resources/solo/考研英语一/2016/EN1_2016_Section_I_Use\ of\ English.md /Users/tankonitk/Library/Developer/Xcode/DerivedData/en01-ansyddkftxpufufiswdighzryqrt/Build/Products/Debug-iphonesimulator/en01.app

CpResource /Users/tankonitk/Library/Developer/Xcode/DerivedData/en01-ansyddkftxpufufiswdighzryqrt/Build/Products/Debug-iphonesimulator/en01.app/EN1_2016_Section_IV_Writing_Part_C.md /Users/tankonitk/Library/Mobile\ Documents/com~apple~CloudDocs/xcode/Crulish/en01/Resources/solo/考研英语一/2016/EN1_2016_Section_IV_Writing_Part_C.md (in target 'en01' from project 'en01')
    cd /Users/tankonitk/Library/Mobile\ Documents/com\~apple\~CloudDocs/xcode/Crulish
    builtin-copy -exclude .DS_Store -exclude CVS -exclude .svn -exclude .git -exclude .hg -resolve-src-symlinks /Users/tankonitk/Library/Mobile\ Documents/com\~apple\~CloudDocs/xcode/Crulish/en01/Resources/solo/考研英语一/2016/EN1_2016_Section_IV_Writing_Part_C.md /Users/tankonitk/Library/Developer/Xcode/DerivedData/en01-ansyddkftxpufufiswdighzryqrt/Build/Products/Debug-iphonesimulator/en01.app

CpResource /Users/tankonitk/Library/Developer/Xcode/DerivedData/en01-ansyddkftxpufufiswdighzryqrt/Build/Products/Debug-iphonesimulator/en01.app/EN1_2016_Section_IV_Writing_Part_B.md /Users/tankonitk/Library/Mobile\ Documents/com~apple~CloudDocs/xcode/Crulish/en01/Resources/solo/考研英语一/2016/EN1_2016_Section_IV_Writing_Part_B.md (in target 'en01' from project 'en01')
    cd /Users/tankonitk/Library/Mobile\ Documents/com\~apple\~CloudDocs/xcode/Crulish
    builtin-copy -exclude .DS_Store -exclude CVS -exclude .svn -exclude .git -exclude .hg -resolve-src-symlinks /Users/tankonitk/Library/Mobile\ Documents/com\~apple\~CloudDocs/xcode/Crulish/en01/Resources/solo/考研英语一/2016/EN1_2016_Section_IV_Writing_Part_B.md /Users/tankonitk/Library/Developer/Xcode/DerivedData/en01-ansyddkftxpufufiswdighzryqrt/Build/Products/Debug-iphonesimulator/en01.app

CpResource /Users/tankonitk/Library/Developer/Xcode/DerivedData/en01-ansyddkftxpufufiswdighzryqrt/Build/Products/Debug-iphonesimulator/en01.app/EN1_2016_Section_IV_Writing_Part_A.md /Users/tankonitk/Library/Mobile\ Documents/com~apple~CloudDocs/xcode/Crulish/en01/Resources/solo/考研英语一/2016/EN1_2016_Section_IV_Writing_Part_A.md (in target 'en01' from project 'en01')
    cd /Users/tankonitk/Library/Mobile\ Documents/com\~apple\~CloudDocs/xcode/Crulish
    builtin-copy -exclude .DS_Store -exclude CVS -exclude .svn -exclude .git -exclude .hg -resolve-src-symlinks /Users/tankonitk/Library/Mobile\ Documents/com\~apple\~CloudDocs/xcode/Crulish/en01/Resources/solo/考研英语一/2016/EN1_2016_Section_IV_Writing_Part_A.md /Users/tankonitk/Library/Developer/Xcode/DerivedData/en01-ansyddkftxpufufiswdighzryqrt/Build/Products/Debug-iphonesimulator/en01.app

CpResource /Users/tankonitk/Library/Developer/Xcode/DerivedData/en01-ansyddkftxpufufiswdighzryqrt/Build/Products/Debug-iphonesimulator/en01.app/EN1_2016_Section_II_Reading\ Comprehension_Part\ B.md /Users/tankonitk/Library/Mobile\ Documents/com~apple~CloudDocs/xcode/Crulish/en01/Resources/solo/考研英语一/2016/EN1_2016_Section_II_Reading\ Comprehension_Part\ B.md (in target 'en01' from project 'en01')
    cd /Users/tankonitk/Library/Mobile\ Documents/com\~apple\~CloudDocs/xcode/Crulish
    builtin-copy -exclude .DS_Store -exclude CVS -exclude .svn -exclude .git -exclude .hg -resolve-src-symlinks /Users/tankonitk/Library/Mobile\ Documents/com\~apple\~CloudDocs/xcode/Crulish/en01/Resources/solo/考研英语一/2016/EN1_2016_Section_II_Reading\ Comprehension_Part\ B.md /Users/tankonitk/Library/Developer/Xcode/DerivedData/en01-ansyddkftxpufufiswdighzryqrt/Build/Products/Debug-iphonesimulator/en01.app

CpResource /Users/tankonitk/Library/Developer/Xcode/DerivedData/en01-ansyddkftxpufufiswdighzryqrt/Build/Products/Debug-iphonesimulator/en01.app/EN1_2016_Section_II_Reading\ Comprehension_Part\ A_Text_4.md /Users/tankonitk/Library/Mobile\ Documents/com~apple~CloudDocs/xcode/Crulish/en01/Resources/solo/考研英语一/2016/EN1_2016_Section_II_Reading\ Comprehension_Part\ A_Text_4.md (in target 'en01' from project 'en01')
    cd /Users/tankonitk/Library/Mobile\ Documents/com\~apple\~CloudDocs/xcode/Crulish
    builtin-copy -exclude .DS_Store -exclude CVS -exclude .svn -exclude .git -exclude .hg -resolve-src-symlinks /Users/tankonitk/Library/Mobile\ Documents/com\~apple\~CloudDocs/xcode/Crulish/en01/Resources/solo/考研英语一/2016/EN1_2016_Section_II_Reading\ Comprehension_Part\ A_Text_4.md /Users/tankonitk/Library/Developer/Xcode/DerivedData/en01-ansyddkftxpufufiswdighzryqrt/Build/Products/Debug-iphonesimulator/en01.app

CpResource /Users/tankonitk/Library/Developer/Xcode/DerivedData/en01-ansyddkftxpufufiswdighzryqrt/Build/Products/Debug-iphonesimulator/en01.app/EN1_2016_Section_II_Reading\ Comprehension_Part\ A_Text_3.md /Users/tankonitk/Library/Mobile\ Documents/com~apple~CloudDocs/xcode/Crulish/en01/Resources/solo/考研英语一/2016/EN1_2016_Section_II_Reading\ Comprehension_Part\ A_Text_3.md (in target 'en01' from project 'en01')
    cd /Users/tankonitk/Library/Mobile\ Documents/com\~apple\~CloudDocs/xcode/Crulish
    builtin-copy -exclude .DS_Store -exclude CVS -exclude .svn -exclude .git -exclude .hg -resolve-src-symlinks /Users/tankonitk/Library/Mobile\ Documents/com\~apple\~CloudDocs/xcode/Crulish/en01/Resources/solo/考研英语一/2016/EN1_2016_Section_II_Reading\ Comprehension_Part\ A_Text_3.md /Users/tankonitk/Library/Developer/Xcode/DerivedData/en01-ansyddkftxpufufiswdighzryqrt/Build/Products/Debug-iphonesimulator/en01.app

CpResource /Users/tankonitk/Library/Developer/Xcode/DerivedData/en01-ansyddkftxpufufiswdighzryqrt/Build/Products/Debug-iphonesimulator/en01.app/EN1_2016_Section_II_Reading\ Comprehension_Part\ A_Text_2.md /Users/tankonitk/Library/Mobile\ Documents/com~apple~CloudDocs/xcode/Crulish/en01/Resources/solo/考研英语一/2016/EN1_2016_Section_II_Reading\ Comprehension_Part\ A_Text_2.md (in target 'en01' from project 'en01')
    cd /Users/tankonitk/Library/Mobile\ Documents/com\~apple\~CloudDocs/xcode/Crulish
    builtin-copy -exclude .DS_Store -exclude CVS -exclude .svn -exclude .git -exclude .hg -resolve-src-symlinks /Users/tankonitk/Library/Mobile\ Documents/com\~apple\~CloudDocs/xcode/Crulish/en01/Resources/solo/考研英语一/2016/EN1_2016_Section_II_Reading\ Comprehension_Part\ A_Text_2.md /Users/tankonitk/Library/Developer/Xcode/DerivedData/en01-ansyddkftxpufufiswdighzryqrt/Build/Products/Debug-iphonesimulator/en01.app

CpResource /Users/tankonitk/Library/Developer/Xcode/DerivedData/en01-ansyddkftxpufufiswdighzryqrt/Build/Products/Debug-iphonesimulator/en01.app/EN1_2016_Section_II_Reading\ Comprehension_Part\ A_Text_1.md /Users/tankonitk/Library/Mobile\ Documents/com~apple~CloudDocs/xcode/Crulish/en01/Resources/solo/考研英语一/2016/EN1_2016_Section_II_Reading\ Comprehension_Part\ A_Text_1.md (in target 'en01' from project 'en01')
    cd /Users/tankonitk/Library/Mobile\ Documents/com\~apple\~CloudDocs/xcode/Crulish
    builtin-copy -exclude .DS_Store -exclude CVS -exclude .svn -exclude .git -exclude .hg -resolve-src-symlinks /Users/tankonitk/Library/Mobile\ Documents/com\~apple\~CloudDocs/xcode/Crulish/en01/Resources/solo/考研英语一/2016/EN1_2016_Section_II_Reading\ Comprehension_Part\ A_Text_1.md /Users/tankonitk/Library/Developer/Xcode/DerivedData/en01-ansyddkftxpufufiswdighzryqrt/Build/Products/Debug-iphonesimulator/en01.app

CpResource /Users/tankonitk/Library/Developer/Xcode/DerivedData/en01-ansyddkftxpufufiswdighzryqrt/Build/Products/Debug-iphonesimulator/en01.app/EN1_2016_Section_III_Translation_Part\ C.md /Users/tankonitk/Library/Mobile\ Documents/com~apple~CloudDocs/xcode/Crulish/en01/Resources/solo/考研英语一/2016/EN1_2016_Section_III_Translation_Part\ C.md (in target 'en01' from project 'en01')
    cd /Users/tankonitk/Library/Mobile\ Documents/com\~apple\~CloudDocs/xcode/Crulish
    builtin-copy -exclude .DS_Store -exclude CVS -exclude .svn -exclude .git -exclude .hg -resolve-src-symlinks /Users/tankonitk/Library/Mobile\ Documents/com\~apple\~CloudDocs/xcode/Crulish/en01/Resources/solo/考研英语一/2016/EN1_2016_Section_III_Translation_Part\ C.md /Users/tankonitk/Library/Developer/Xcode/DerivedData/en01-ansyddkftxpufufiswdighzryqrt/Build/Products/Debug-iphonesimulator/en01.app

CpResource /Users/tankonitk/Library/Developer/Xcode/DerivedData/en01-ansyddkftxpufufiswdighzryqrt/Build/Products/Debug-iphonesimulator/en01.app/EN1_2015_Section_I_Use\ of\ English.md /Users/tankonitk/Library/Mobile\ Documents/com~apple~CloudDocs/xcode/Crulish/en01/Resources/solo/考研英语一/2015/EN1_2015_Section_I_Use\ of\ English.md (in target 'en01' from project 'en01')
    cd /Users/tankonitk/Library/Mobile\ Documents/com\~apple\~CloudDocs/xcode/Crulish
    builtin-copy -exclude .DS_Store -exclude CVS -exclude .svn -exclude .git -exclude .hg -resolve-src-symlinks /Users/tankonitk/Library/Mobile\ Documents/com\~apple\~CloudDocs/xcode/Crulish/en01/Resources/solo/考研英语一/2015/EN1_2015_Section_I_Use\ of\ English.md /Users/tankonitk/Library/Developer/Xcode/DerivedData/en01-ansyddkftxpufufiswdighzryqrt/Build/Products/Debug-iphonesimulator/en01.app

CpResource /Users/tankonitk/Library/Developer/Xcode/DerivedData/en01-ansyddkftxpufufiswdighzryqrt/Build/Products/Debug-iphonesimulator/en01.app/EN1_2015_Section_IV_Writing_Part_C.md /Users/tankonitk/Library/Mobile\ Documents/com~apple~CloudDocs/xcode/Crulish/en01/Resources/solo/考研英语一/2015/EN1_2015_Section_IV_Writing_Part_C.md (in target 'en01' from project 'en01')
    cd /Users/tankonitk/Library/Mobile\ Documents/com\~apple\~CloudDocs/xcode/Crulish
    builtin-copy -exclude .DS_Store -exclude CVS -exclude .svn -exclude .git -exclude .hg -resolve-src-symlinks /Users/tankonitk/Library/Mobile\ Documents/com\~apple\~CloudDocs/xcode/Crulish/en01/Resources/solo/考研英语一/2015/EN1_2015_Section_IV_Writing_Part_C.md /Users/tankonitk/Library/Developer/Xcode/DerivedData/en01-ansyddkftxpufufiswdighzryqrt/Build/Products/Debug-iphonesimulator/en01.app

CpResource /Users/tankonitk/Library/Developer/Xcode/DerivedData/en01-ansyddkftxpufufiswdighzryqrt/Build/Products/Debug-iphonesimulator/en01.app/EN1_2015_Section_IV_Writing_Part_B.md /Users/tankonitk/Library/Mobile\ Documents/com~apple~CloudDocs/xcode/Crulish/en01/Resources/solo/考研英语一/2015/EN1_2015_Section_IV_Writing_Part_B.md (in target 'en01' from project 'en01')
    cd /Users/tankonitk/Library/Mobile\ Documents/com\~apple\~CloudDocs/xcode/Crulish
    builtin-copy -exclude .DS_Store -exclude CVS -exclude .svn -exclude .git -exclude .hg -resolve-src-symlinks /Users/tankonitk/Library/Mobile\ Documents/com\~apple\~CloudDocs/xcode/Crulish/en01/Resources/solo/考研英语一/2015/EN1_2015_Section_IV_Writing_Part_B.md /Users/tankonitk/Library/Developer/Xcode/DerivedData/en01-ansyddkftxpufufiswdighzryqrt/Build/Products/Debug-iphonesimulator/en01.app

CpResource /Users/tankonitk/Library/Developer/Xcode/DerivedData/en01-ansyddkftxpufufiswdighzryqrt/Build/Products/Debug-iphonesimulator/en01.app/EN1_2015_Section_IV_Writing_Part_A.md /Users/tankonitk/Library/Mobile\ Documents/com~apple~CloudDocs/xcode/Crulish/en01/Resources/solo/考研英语一/2015/EN1_2015_Section_IV_Writing_Part_A.md (in target 'en01' from project 'en01')
    cd /Users/tankonitk/Library/Mobile\ Documents/com\~apple\~CloudDocs/xcode/Crulish
    builtin-copy -exclude .DS_Store -exclude CVS -exclude .svn -exclude .git -exclude .hg -resolve-src-symlinks /Users/tankonitk/Library/Mobile\ Documents/com\~apple\~CloudDocs/xcode/Crulish/en01/Resources/solo/考研英语一/2015/EN1_2015_Section_IV_Writing_Part_A.md /Users/tankonitk/Library/Developer/Xcode/DerivedData/en01-ansyddkftxpufufiswdighzryqrt/Build/Products/Debug-iphonesimulator/en01.app

CpResource /Users/tankonitk/Library/Developer/Xcode/DerivedData/en01-ansyddkftxpufufiswdighzryqrt/Build/Products/Debug-iphonesimulator/en01.app/EN1_2015_Section_II_Reading\ Comprehension_Part\ B.md /Users/tankonitk/Library/Mobile\ Documents/com~apple~CloudDocs/xcode/Crulish/en01/Resources/solo/考研英语一/2015/EN1_2015_Section_II_Reading\ Comprehension_Part\ B.md (in target 'en01' from project 'en01')
    cd /Users/tankonitk/Library/Mobile\ Documents/com\~apple\~CloudDocs/xcode/Crulish
    builtin-copy -exclude .DS_Store -exclude CVS -exclude .svn -exclude .git -exclude .hg -resolve-src-symlinks /Users/tankonitk/Library/Mobile\ Documents/com\~apple\~CloudDocs/xcode/Crulish/en01/Resources/solo/考研英语一/2015/EN1_2015_Section_II_Reading\ Comprehension_Part\ B.md /Users/tankonitk/Library/Developer/Xcode/DerivedData/en01-ansyddkftxpufufiswdighzryqrt/Build/Products/Debug-iphonesimulator/en01.app

CpResource /Users/tankonitk/Library/Developer/Xcode/DerivedData/en01-ansyddkftxpufufiswdighzryqrt/Build/Products/Debug-iphonesimulator/en01.app/EN1_2015_Section_II_Reading\ Comprehension_Part\ A_Text_4.md /Users/tankonitk/Library/Mobile\ Documents/com~apple~CloudDocs/xcode/Crulish/en01/Resources/solo/考研英语一/2015/EN1_2015_Section_II_Reading\ Comprehension_Part\ A_Text_4.md (in target 'en01' from project 'en01')
    cd /Users/tankonitk/Library/Mobile\ Documents/com\~apple\~CloudDocs/xcode/Crulish
    builtin-copy -exclude .DS_Store -exclude CVS -exclude .svn -exclude .git -exclude .hg -resolve-src-symlinks /Users/tankonitk/Library/Mobile\ Documents/com\~apple\~CloudDocs/xcode/Crulish/en01/Resources/solo/考研英语一/2015/EN1_2015_Section_II_Reading\ Comprehension_Part\ A_Text_4.md /Users/tankonitk/Library/Developer/Xcode/DerivedData/en01-ansyddkftxpufufiswdighzryqrt/Build/Products/Debug-iphonesimulator/en01.app

CpResource /Users/tankonitk/Library/Developer/Xcode/DerivedData/en01-ansyddkftxpufufiswdighzryqrt/Build/Products/Debug-iphonesimulator/en01.app/EN1_2015_Section_II_Reading\ Comprehension_Part\ A_Text_3.md /Users/tankonitk/Library/Mobile\ Documents/com~apple~CloudDocs/xcode/Crulish/en01/Resources/solo/考研英语一/2015/EN1_2015_Section_II_Reading\ Comprehension_Part\ A_Text_3.md (in target 'en01' from project 'en01')
    cd /Users/tankonitk/Library/Mobile\ Documents/com\~apple\~CloudDocs/xcode/Crulish
    builtin-copy -exclude .DS_Store -exclude CVS -exclude .svn -exclude .git -exclude .hg -resolve-src-symlinks /Users/tankonitk/Library/Mobile\ Documents/com\~apple\~CloudDocs/xcode/Crulish/en01/Resources/solo/考研英语一/2015/EN1_2015_Section_II_Reading\ Comprehension_Part\ A_Text_3.md /Users/tankonitk/Library/Developer/Xcode/DerivedData/en01-ansyddkftxpufufiswdighzryqrt/Build/Products/Debug-iphonesimulator/en01.app

CpResource /Users/tankonitk/Library/Developer/Xcode/DerivedData/en01-ansyddkftxpufufiswdighzryqrt/Build/Products/Debug-iphonesimulator/en01.app/EN1_2015_Section_II_Reading\ Comprehension_Part\ A_Text_2.md /Users/tankonitk/Library/Mobile\ Documents/com~apple~CloudDocs/xcode/Crulish/en01/Resources/solo/考研英语一/2015/EN1_2015_Section_II_Reading\ Comprehension_Part\ A_Text_2.md (in target 'en01' from project 'en01')
    cd /Users/tankonitk/Library/Mobile\ Documents/com\~apple\~CloudDocs/xcode/Crulish
    builtin-copy -exclude .DS_Store -exclude CVS -exclude .svn -exclude .git -exclude .hg -resolve-src-symlinks /Users/tankonitk/Library/Mobile\ Documents/com\~apple\~CloudDocs/xcode/Crulish/en01/Resources/solo/考研英语一/2015/EN1_2015_Section_II_Reading\ Comprehension_Part\ A_Text_2.md /Users/tankonitk/Library/Developer/Xcode/DerivedData/en01-ansyddkftxpufufiswdighzryqrt/Build/Products/Debug-iphonesimulator/en01.app

CpResource /Users/tankonitk/Library/Developer/Xcode/DerivedData/en01-ansyddkftxpufufiswdighzryqrt/Build/Products/Debug-iphonesimulator/en01.app/EN1_2015_Section_II_Reading\ Comprehension_Part\ A_Text_1.md /Users/tankonitk/Library/Mobile\ Documents/com~apple~CloudDocs/xcode/Crulish/en01/Resources/solo/考研英语一/2015/EN1_2015_Section_II_Reading\ Comprehension_Part\ A_Text_1.md (in target 'en01' from project 'en01')
    cd /Users/tankonitk/Library/Mobile\ Documents/com\~apple\~CloudDocs/xcode/Crulish
    builtin-copy -exclude .DS_Store -exclude CVS -exclude .svn -exclude .git -exclude .hg -resolve-src-symlinks /Users/tankonitk/Library/Mobile\ Documents/com\~apple\~CloudDocs/xcode/Crulish/en01/Resources/solo/考研英语一/2015/EN1_2015_Section_II_Reading\ Comprehension_Part\ A_Text_1.md /Users/tankonitk/Library/Developer/Xcode/DerivedData/en01-ansyddkftxpufufiswdighzryqrt/Build/Products/Debug-iphonesimulator/en01.app

CpResource /Users/tankonitk/Library/Developer/Xcode/DerivedData/en01-ansyddkftxpufufiswdighzryqrt/Build/Products/Debug-iphonesimulator/en01.app/EN1_2015_Section_III_Translation_Part\ C.md /Users/tankonitk/Library/Mobile\ Documents/com~apple~CloudDocs/xcode/Crulish/en01/Resources/solo/考研英语一/2015/EN1_2015_Section_III_Translation_Part\ C.md (in target 'en01' from project 'en01')
    cd /Users/tankonitk/Library/Mobile\ Documents/com\~apple\~CloudDocs/xcode/Crulish
    builtin-copy -exclude .DS_Store -exclude CVS -exclude .svn -exclude .git -exclude .hg -resolve-src-symlinks /Users/tankonitk/Library/Mobile\ Documents/com\~apple\~CloudDocs/xcode/Crulish/en01/Resources/solo/考研英语一/2015/EN1_2015_Section_III_Translation_Part\ C.md /Users/tankonitk/Library/Developer/Xcode/DerivedData/en01-ansyddkftxpufufiswdighzryqrt/Build/Products/Debug-iphonesimulator/en01.app

CpResource /Users/tankonitk/Library/Developer/Xcode/DerivedData/en01-ansyddkftxpufufiswdighzryqrt/Build/Products/Debug-iphonesimulator/en01.app/EN1_2014_Section_I_Use\ of\ English.md /Users/tankonitk/Library/Mobile\ Documents/com~apple~CloudDocs/xcode/Crulish/en01/Resources/solo/考研英语一/2014/EN1_2014_Section_I_Use\ of\ English.md (in target 'en01' from project 'en01')
    cd /Users/tankonitk/Library/Mobile\ Documents/com\~apple\~CloudDocs/xcode/Crulish
    builtin-copy -exclude .DS_Store -exclude CVS -exclude .svn -exclude .git -exclude .hg -resolve-src-symlinks /Users/tankonitk/Library/Mobile\ Documents/com\~apple\~CloudDocs/xcode/Crulish/en01/Resources/solo/考研英语一/2014/EN1_2014_Section_I_Use\ of\ English.md /Users/tankonitk/Library/Developer/Xcode/DerivedData/en01-ansyddkftxpufufiswdighzryqrt/Build/Products/Debug-iphonesimulator/en01.app

CpResource /Users/tankonitk/Library/Developer/Xcode/DerivedData/en01-ansyddkftxpufufiswdighzryqrt/Build/Products/Debug-iphonesimulator/en01.app/EN1_2014_Section_IV_Writing_Part_C.md /Users/tankonitk/Library/Mobile\ Documents/com~apple~CloudDocs/xcode/Crulish/en01/Resources/solo/考研英语一/2014/EN1_2014_Section_IV_Writing_Part_C.md (in target 'en01' from project 'en01')
    cd /Users/tankonitk/Library/Mobile\ Documents/com\~apple\~CloudDocs/xcode/Crulish
    builtin-copy -exclude .DS_Store -exclude CVS -exclude .svn -exclude .git -exclude .hg -resolve-src-symlinks /Users/tankonitk/Library/Mobile\ Documents/com\~apple\~CloudDocs/xcode/Crulish/en01/Resources/solo/考研英语一/2014/EN1_2014_Section_IV_Writing_Part_C.md /Users/tankonitk/Library/Developer/Xcode/DerivedData/en01-ansyddkftxpufufiswdighzryqrt/Build/Products/Debug-iphonesimulator/en01.app

CpResource /Users/tankonitk/Library/Developer/Xcode/DerivedData/en01-ansyddkftxpufufiswdighzryqrt/Build/Products/Debug-iphonesimulator/en01.app/EN1_2014_Section_IV_Writing_Part_B.md /Users/tankonitk/Library/Mobile\ Documents/com~apple~CloudDocs/xcode/Crulish/en01/Resources/solo/考研英语一/2014/EN1_2014_Section_IV_Writing_Part_B.md (in target 'en01' from project 'en01')
    cd /Users/tankonitk/Library/Mobile\ Documents/com\~apple\~CloudDocs/xcode/Crulish
    builtin-copy -exclude .DS_Store -exclude CVS -exclude .svn -exclude .git -exclude .hg -resolve-src-symlinks /Users/tankonitk/Library/Mobile\ Documents/com\~apple\~CloudDocs/xcode/Crulish/en01/Resources/solo/考研英语一/2014/EN1_2014_Section_IV_Writing_Part_B.md /Users/tankonitk/Library/Developer/Xcode/DerivedData/en01-ansyddkftxpufufiswdighzryqrt/Build/Products/Debug-iphonesimulator/en01.app

CpResource /Users/tankonitk/Library/Developer/Xcode/DerivedData/en01-ansyddkftxpufufiswdighzryqrt/Build/Products/Debug-iphonesimulator/en01.app/EN1_2014_Section_IV_Writing_Part_A.md /Users/tankonitk/Library/Mobile\ Documents/com~apple~CloudDocs/xcode/Crulish/en01/Resources/solo/考研英语一/2014/EN1_2014_Section_IV_Writing_Part_A.md (in target 'en01' from project 'en01')
    cd /Users/tankonitk/Library/Mobile\ Documents/com\~apple\~CloudDocs/xcode/Crulish
    builtin-copy -exclude .DS_Store -exclude CVS -exclude .svn -exclude .git -exclude .hg -resolve-src-symlinks /Users/tankonitk/Library/Mobile\ Documents/com\~apple\~CloudDocs/xcode/Crulish/en01/Resources/solo/考研英语一/2014/EN1_2014_Section_IV_Writing_Part_A.md /Users/tankonitk/Library/Developer/Xcode/DerivedData/en01-ansyddkftxpufufiswdighzryqrt/Build/Products/Debug-iphonesimulator/en01.app

CpResource /Users/tankonitk/Library/Developer/Xcode/DerivedData/en01-ansyddkftxpufufiswdighzryqrt/Build/Products/Debug-iphonesimulator/en01.app/EN1_2014_Section_II_Reading\ Comprehension_Part\ B.md /Users/tankonitk/Library/Mobile\ Documents/com~apple~CloudDocs/xcode/Crulish/en01/Resources/solo/考研英语一/2014/EN1_2014_Section_II_Reading\ Comprehension_Part\ B.md (in target 'en01' from project 'en01')
    cd /Users/tankonitk/Library/Mobile\ Documents/com\~apple\~CloudDocs/xcode/Crulish
    builtin-copy -exclude .DS_Store -exclude CVS -exclude .svn -exclude .git -exclude .hg -resolve-src-symlinks /Users/tankonitk/Library/Mobile\ Documents/com\~apple\~CloudDocs/xcode/Crulish/en01/Resources/solo/考研英语一/2014/EN1_2014_Section_II_Reading\ Comprehension_Part\ B.md /Users/tankonitk/Library/Developer/Xcode/DerivedData/en01-ansyddkftxpufufiswdighzryqrt/Build/Products/Debug-iphonesimulator/en01.app

CpResource /Users/tankonitk/Library/Developer/Xcode/DerivedData/en01-ansyddkftxpufufiswdighzryqrt/Build/Products/Debug-iphonesimulator/en01.app/EN1_2014_Section_II_Reading\ Comprehension_Part\ A_Text_4.md /Users/tankonitk/Library/Mobile\ Documents/com~apple~CloudDocs/xcode/Crulish/en01/Resources/solo/考研英语一/2014/EN1_2014_Section_II_Reading\ Comprehension_Part\ A_Text_4.md (in target 'en01' from project 'en01')
    cd /Users/tankonitk/Library/Mobile\ Documents/com\~apple\~CloudDocs/xcode/Crulish
    builtin-copy -exclude .DS_Store -exclude CVS -exclude .svn -exclude .git -exclude .hg -resolve-src-symlinks /Users/tankonitk/Library/Mobile\ Documents/com\~apple\~CloudDocs/xcode/Crulish/en01/Resources/solo/考研英语一/2014/EN1_2014_Section_II_Reading\ Comprehension_Part\ A_Text_4.md /Users/tankonitk/Library/Developer/Xcode/DerivedData/en01-ansyddkftxpufufiswdighzryqrt/Build/Products/Debug-iphonesimulator/en01.app

CpResource /Users/tankonitk/Library/Developer/Xcode/DerivedData/en01-ansyddkftxpufufiswdighzryqrt/Build/Products/Debug-iphonesimulator/en01.app/EN1_2014_Section_II_Reading\ Comprehension_Part\ A_Text_3.md /Users/tankonitk/Library/Mobile\ Documents/com~apple~CloudDocs/xcode/Crulish/en01/Resources/solo/考研英语一/2014/EN1_2014_Section_II_Reading\ Comprehension_Part\ A_Text_3.md (in target 'en01' from project 'en01')
    cd /Users/tankonitk/Library/Mobile\ Documents/com\~apple\~CloudDocs/xcode/Crulish
    builtin-copy -exclude .DS_Store -exclude CVS -exclude .svn -exclude .git -exclude .hg -resolve-src-symlinks /Users/tankonitk/Library/Mobile\ Documents/com\~apple\~CloudDocs/xcode/Crulish/en01/Resources/solo/考研英语一/2014/EN1_2014_Section_II_Reading\ Comprehension_Part\ A_Text_3.md /Users/tankonitk/Library/Developer/Xcode/DerivedData/en01-ansyddkftxpufufiswdighzryqrt/Build/Products/Debug-iphonesimulator/en01.app

CpResource /Users/tankonitk/Library/Developer/Xcode/DerivedData/en01-ansyddkftxpufufiswdighzryqrt/Build/Products/Debug-iphonesimulator/en01.app/EN1_2014_Section_II_Reading\ Comprehension_Part\ A_Text_2.md /Users/tankonitk/Library/Mobile\ Documents/com~apple~CloudDocs/xcode/Crulish/en01/Resources/solo/考研英语一/2014/EN1_2014_Section_II_Reading\ Comprehension_Part\ A_Text_2.md (in target 'en01' from project 'en01')
    cd /Users/tankonitk/Library/Mobile\ Documents/com\~apple\~CloudDocs/xcode/Crulish
    builtin-copy -exclude .DS_Store -exclude CVS -exclude .svn -exclude .git -exclude .hg -resolve-src-symlinks /Users/tankonitk/Library/Mobile\ Documents/com\~apple\~CloudDocs/xcode/Crulish/en01/Resources/solo/考研英语一/2014/EN1_2014_Section_II_Reading\ Comprehension_Part\ A_Text_2.md /Users/tankonitk/Library/Developer/Xcode/DerivedData/en01-ansyddkftxpufufiswdighzryqrt/Build/Products/Debug-iphonesimulator/en01.app

CpResource /Users/tankonitk/Library/Developer/Xcode/DerivedData/en01-ansyddkftxpufufiswdighzryqrt/Build/Products/Debug-iphonesimulator/en01.app/EN1_2014_Section_II_Reading\ Comprehension_Part\ A_Text_1.md /Users/tankonitk/Library/Mobile\ Documents/com~apple~CloudDocs/xcode/Crulish/en01/Resources/solo/考研英语一/2014/EN1_2014_Section_II_Reading\ Comprehension_Part\ A_Text_1.md (in target 'en01' from project 'en01')
    cd /Users/tankonitk/Library/Mobile\ Documents/com\~apple\~CloudDocs/xcode/Crulish
    builtin-copy -exclude .DS_Store -exclude CVS -exclude .svn -exclude .git -exclude .hg -resolve-src-symlinks /Users/tankonitk/Library/Mobile\ Documents/com\~apple\~CloudDocs/xcode/Crulish/en01/Resources/solo/考研英语一/2014/EN1_2014_Section_II_Reading\ Comprehension_Part\ A_Text_1.md /Users/tankonitk/Library/Developer/Xcode/DerivedData/en01-ansyddkftxpufufiswdighzryqrt/Build/Products/Debug-iphonesimulator/en01.app

CpResource /Users/tankonitk/Library/Developer/Xcode/DerivedData/en01-ansyddkftxpufufiswdighzryqrt/Build/Products/Debug-iphonesimulator/en01.app/EN1_2014_Section_III_Translation_Part\ C.md /Users/tankonitk/Library/Mobile\ Documents/com~apple~CloudDocs/xcode/Crulish/en01/Resources/solo/考研英语一/2014/EN1_2014_Section_III_Translation_Part\ C.md (in target 'en01' from project 'en01')
    cd /Users/tankonitk/Library/Mobile\ Documents/com\~apple\~CloudDocs/xcode/Crulish
    builtin-copy -exclude .DS_Store -exclude CVS -exclude .svn -exclude .git -exclude .hg -resolve-src-symlinks /Users/tankonitk/Library/Mobile\ Documents/com\~apple\~CloudDocs/xcode/Crulish/en01/Resources/solo/考研英语一/2014/EN1_2014_Section_III_Translation_Part\ C.md /Users/tankonitk/Library/Developer/Xcode/DerivedData/en01-ansyddkftxpufufiswdighzryqrt/Build/Products/Debug-iphonesimulator/en01.app

CpResource /Users/tankonitk/Library/Developer/Xcode/DerivedData/en01-ansyddkftxpufufiswdighzryqrt/Build/Products/Debug-iphonesimulator/en01.app/EN1_2013_Section_I_Use\ of\ English.md /Users/tankonitk/Library/Mobile\ Documents/com~apple~CloudDocs/xcode/Crulish/en01/Resources/solo/考研英语一/2013/EN1_2013_Section_I_Use\ of\ English.md (in target 'en01' from project 'en01')
    cd /Users/tankonitk/Library/Mobile\ Documents/com\~apple\~CloudDocs/xcode/Crulish
    builtin-copy -exclude .DS_Store -exclude CVS -exclude .svn -exclude .git -exclude .hg -resolve-src-symlinks /Users/tankonitk/Library/Mobile\ Documents/com\~apple\~CloudDocs/xcode/Crulish/en01/Resources/solo/考研英语一/2013/EN1_2013_Section_I_Use\ of\ English.md /Users/tankonitk/Library/Developer/Xcode/DerivedData/en01-ansyddkftxpufufiswdighzryqrt/Build/Products/Debug-iphonesimulator/en01.app

CpResource /Users/tankonitk/Library/Developer/Xcode/DerivedData/en01-ansyddkftxpufufiswdighzryqrt/Build/Products/Debug-iphonesimulator/en01.app/EN1_2013_Section_IV_Writing_Part_C.md /Users/tankonitk/Library/Mobile\ Documents/com~apple~CloudDocs/xcode/Crulish/en01/Resources/solo/考研英语一/2013/EN1_2013_Section_IV_Writing_Part_C.md (in target 'en01' from project 'en01')
    cd /Users/tankonitk/Library/Mobile\ Documents/com\~apple\~CloudDocs/xcode/Crulish
    builtin-copy -exclude .DS_Store -exclude CVS -exclude .svn -exclude .git -exclude .hg -resolve-src-symlinks /Users/tankonitk/Library/Mobile\ Documents/com\~apple\~CloudDocs/xcode/Crulish/en01/Resources/solo/考研英语一/2013/EN1_2013_Section_IV_Writing_Part_C.md /Users/tankonitk/Library/Developer/Xcode/DerivedData/en01-ansyddkftxpufufiswdighzryqrt/Build/Products/Debug-iphonesimulator/en01.app

CpResource /Users/tankonitk/Library/Developer/Xcode/DerivedData/en01-ansyddkftxpufufiswdighzryqrt/Build/Products/Debug-iphonesimulator/en01.app/EN1_2013_Section_IV_Writing_Part_B.md /Users/tankonitk/Library/Mobile\ Documents/com~apple~CloudDocs/xcode/Crulish/en01/Resources/solo/考研英语一/2013/EN1_2013_Section_IV_Writing_Part_B.md (in target 'en01' from project 'en01')
    cd /Users/tankonitk/Library/Mobile\ Documents/com\~apple\~CloudDocs/xcode/Crulish
    builtin-copy -exclude .DS_Store -exclude CVS -exclude .svn -exclude .git -exclude .hg -resolve-src-symlinks /Users/tankonitk/Library/Mobile\ Documents/com\~apple\~CloudDocs/xcode/Crulish/en01/Resources/solo/考研英语一/2013/EN1_2013_Section_IV_Writing_Part_B.md /Users/tankonitk/Library/Developer/Xcode/DerivedData/en01-ansyddkftxpufufiswdighzryqrt/Build/Products/Debug-iphonesimulator/en01.app

CpResource /Users/tankonitk/Library/Developer/Xcode/DerivedData/en01-ansyddkftxpufufiswdighzryqrt/Build/Products/Debug-iphonesimulator/en01.app/EN1_2013_Section_IV_Writing_Part_A.md /Users/tankonitk/Library/Mobile\ Documents/com~apple~CloudDocs/xcode/Crulish/en01/Resources/solo/考研英语一/2013/EN1_2013_Section_IV_Writing_Part_A.md (in target 'en01' from project 'en01')
    cd /Users/tankonitk/Library/Mobile\ Documents/com\~apple\~CloudDocs/xcode/Crulish
    builtin-copy -exclude .DS_Store -exclude CVS -exclude .svn -exclude .git -exclude .hg -resolve-src-symlinks /Users/tankonitk/Library/Mobile\ Documents/com\~apple\~CloudDocs/xcode/Crulish/en01/Resources/solo/考研英语一/2013/EN1_2013_Section_IV_Writing_Part_A.md /Users/tankonitk/Library/Developer/Xcode/DerivedData/en01-ansyddkftxpufufiswdighzryqrt/Build/Products/Debug-iphonesimulator/en01.app

CpResource /Users/tankonitk/Library/Developer/Xcode/DerivedData/en01-ansyddkftxpufufiswdighzryqrt/Build/Products/Debug-iphonesimulator/en01.app/EN1_2013_Section_II_Reading\ Comprehension_Part\ B.md /Users/tankonitk/Library/Mobile\ Documents/com~apple~CloudDocs/xcode/Crulish/en01/Resources/solo/考研英语一/2013/EN1_2013_Section_II_Reading\ Comprehension_Part\ B.md (in target 'en01' from project 'en01')
    cd /Users/tankonitk/Library/Mobile\ Documents/com\~apple\~CloudDocs/xcode/Crulish
    builtin-copy -exclude .DS_Store -exclude CVS -exclude .svn -exclude .git -exclude .hg -resolve-src-symlinks /Users/tankonitk/Library/Mobile\ Documents/com\~apple\~CloudDocs/xcode/Crulish/en01/Resources/solo/考研英语一/2013/EN1_2013_Section_II_Reading\ Comprehension_Part\ B.md /Users/tankonitk/Library/Developer/Xcode/DerivedData/en01-ansyddkftxpufufiswdighzryqrt/Build/Products/Debug-iphonesimulator/en01.app

CpResource /Users/tankonitk/Library/Developer/Xcode/DerivedData/en01-ansyddkftxpufufiswdighzryqrt/Build/Products/Debug-iphonesimulator/en01.app/EN1_2013_Section_II_Reading\ Comprehension_Part\ A_Text_4.md /Users/tankonitk/Library/Mobile\ Documents/com~apple~CloudDocs/xcode/Crulish/en01/Resources/solo/考研英语一/2013/EN1_2013_Section_II_Reading\ Comprehension_Part\ A_Text_4.md (in target 'en01' from project 'en01')
    cd /Users/tankonitk/Library/Mobile\ Documents/com\~apple\~CloudDocs/xcode/Crulish
    builtin-copy -exclude .DS_Store -exclude CVS -exclude .svn -exclude .git -exclude .hg -resolve-src-symlinks /Users/tankonitk/Library/Mobile\ Documents/com\~apple\~CloudDocs/xcode/Crulish/en01/Resources/solo/考研英语一/2013/EN1_2013_Section_II_Reading\ Comprehension_Part\ A_Text_4.md /Users/tankonitk/Library/Developer/Xcode/DerivedData/en01-ansyddkftxpufufiswdighzryqrt/Build/Products/Debug-iphonesimulator/en01.app

CpResource /Users/tankonitk/Library/Developer/Xcode/DerivedData/en01-ansyddkftxpufufiswdighzryqrt/Build/Products/Debug-iphonesimulator/en01.app/EN1_2013_Section_II_Reading\ Comprehension_Part\ A_Text_3.md /Users/tankonitk/Library/Mobile\ Documents/com~apple~CloudDocs/xcode/Crulish/en01/Resources/solo/考研英语一/2013/EN1_2013_Section_II_Reading\ Comprehension_Part\ A_Text_3.md (in target 'en01' from project 'en01')
    cd /Users/tankonitk/Library/Mobile\ Documents/com\~apple\~CloudDocs/xcode/Crulish
    builtin-copy -exclude .DS_Store -exclude CVS -exclude .svn -exclude .git -exclude .hg -resolve-src-symlinks /Users/tankonitk/Library/Mobile\ Documents/com\~apple\~CloudDocs/xcode/Crulish/en01/Resources/solo/考研英语一/2013/EN1_2013_Section_II_Reading\ Comprehension_Part\ A_Text_3.md /Users/tankonitk/Library/Developer/Xcode/DerivedData/en01-ansyddkftxpufufiswdighzryqrt/Build/Products/Debug-iphonesimulator/en01.app

CpResource /Users/tankonitk/Library/Developer/Xcode/DerivedData/en01-ansyddkftxpufufiswdighzryqrt/Build/Products/Debug-iphonesimulator/en01.app/EN1_2013_Section_II_Reading\ Comprehension_Part\ A_Text_2.md /Users/tankonitk/Library/Mobile\ Documents/com~apple~CloudDocs/xcode/Crulish/en01/Resources/solo/考研英语一/2013/EN1_2013_Section_II_Reading\ Comprehension_Part\ A_Text_2.md (in target 'en01' from project 'en01')
    cd /Users/tankonitk/Library/Mobile\ Documents/com\~apple\~CloudDocs/xcode/Crulish
    builtin-copy -exclude .DS_Store -exclude CVS -exclude .svn -exclude .git -exclude .hg -resolve-src-symlinks /Users/tankonitk/Library/Mobile\ Documents/com\~apple\~CloudDocs/xcode/Crulish/en01/Resources/solo/考研英语一/2013/EN1_2013_Section_II_Reading\ Comprehension_Part\ A_Text_2.md /Users/tankonitk/Library/Developer/Xcode/DerivedData/en01-ansyddkftxpufufiswdighzryqrt/Build/Products/Debug-iphonesimulator/en01.app

CpResource /Users/tankonitk/Library/Developer/Xcode/DerivedData/en01-ansyddkftxpufufiswdighzryqrt/Build/Products/Debug-iphonesimulator/en01.app/EN1_2013_Section_II_Reading\ Comprehension_Part\ A_Text_1.md /Users/tankonitk/Library/Mobile\ Documents/com~apple~CloudDocs/xcode/Crulish/en01/Resources/solo/考研英语一/2013/EN1_2013_Section_II_Reading\ Comprehension_Part\ A_Text_1.md (in target 'en01' from project 'en01')
    cd /Users/tankonitk/Library/Mobile\ Documents/com\~apple\~CloudDocs/xcode/Crulish
    builtin-copy -exclude .DS_Store -exclude CVS -exclude .svn -exclude .git -exclude .hg -resolve-src-symlinks /Users/tankonitk/Library/Mobile\ Documents/com\~apple\~CloudDocs/xcode/Crulish/en01/Resources/solo/考研英语一/2013/EN1_2013_Section_II_Reading\ Comprehension_Part\ A_Text_1.md /Users/tankonitk/Library/Developer/Xcode/DerivedData/en01-ansyddkftxpufufiswdighzryqrt/Build/Products/Debug-iphonesimulator/en01.app

CpResource /Users/tankonitk/Library/Developer/Xcode/DerivedData/en01-ansyddkftxpufufiswdighzryqrt/Build/Products/Debug-iphonesimulator/en01.app/EN1_2013_Section_III_Translation_Part\ C.md /Users/tankonitk/Library/Mobile\ Documents/com~apple~CloudDocs/xcode/Crulish/en01/Resources/solo/考研英语一/2013/EN1_2013_Section_III_Translation_Part\ C.md (in target 'en01' from project 'en01')
    cd /Users/tankonitk/Library/Mobile\ Documents/com\~apple\~CloudDocs/xcode/Crulish
    builtin-copy -exclude .DS_Store -exclude CVS -exclude .svn -exclude .git -exclude .hg -resolve-src-symlinks /Users/tankonitk/Library/Mobile\ Documents/com\~apple\~CloudDocs/xcode/Crulish/en01/Resources/solo/考研英语一/2013/EN1_2013_Section_III_Translation_Part\ C.md /Users/tankonitk/Library/Developer/Xcode/DerivedData/en01-ansyddkftxpufufiswdighzryqrt/Build/Products/Debug-iphonesimulator/en01.app

CpResource /Users/tankonitk/Library/Developer/Xcode/DerivedData/en01-ansyddkftxpufufiswdighzryqrt/Build/Products/Debug-iphonesimulator/en01.app/EN1_2012_Section_I_Use\ of\ English.md /Users/tankonitk/Library/Mobile\ Documents/com~apple~CloudDocs/xcode/Crulish/en01/Resources/solo/考研英语一/2012/EN1_2012_Section_I_Use\ of\ English.md (in target 'en01' from project 'en01')
    cd /Users/tankonitk/Library/Mobile\ Documents/com\~apple\~CloudDocs/xcode/Crulish
    builtin-copy -exclude .DS_Store -exclude CVS -exclude .svn -exclude .git -exclude .hg -resolve-src-symlinks /Users/tankonitk/Library/Mobile\ Documents/com\~apple\~CloudDocs/xcode/Crulish/en01/Resources/solo/考研英语一/2012/EN1_2012_Section_I_Use\ of\ English.md /Users/tankonitk/Library/Developer/Xcode/DerivedData/en01-ansyddkftxpufufiswdighzryqrt/Build/Products/Debug-iphonesimulator/en01.app

CpResource /Users/tankonitk/Library/Developer/Xcode/DerivedData/en01-ansyddkftxpufufiswdighzryqrt/Build/Products/Debug-iphonesimulator/en01.app/EN1_2012_Section_IV_Writing_Part_C.md /Users/tankonitk/Library/Mobile\ Documents/com~apple~CloudDocs/xcode/Crulish/en01/Resources/solo/考研英语一/2012/EN1_2012_Section_IV_Writing_Part_C.md (in target 'en01' from project 'en01')
    cd /Users/tankonitk/Library/Mobile\ Documents/com\~apple\~CloudDocs/xcode/Crulish
    builtin-copy -exclude .DS_Store -exclude CVS -exclude .svn -exclude .git -exclude .hg -resolve-src-symlinks /Users/tankonitk/Library/Mobile\ Documents/com\~apple\~CloudDocs/xcode/Crulish/en01/Resources/solo/考研英语一/2012/EN1_2012_Section_IV_Writing_Part_C.md /Users/tankonitk/Library/Developer/Xcode/DerivedData/en01-ansyddkftxpufufiswdighzryqrt/Build/Products/Debug-iphonesimulator/en01.app

CpResource /Users/tankonitk/Library/Developer/Xcode/DerivedData/en01-ansyddkftxpufufiswdighzryqrt/Build/Products/Debug-iphonesimulator/en01.app/EN1_2012_Section_IV_Writing_Part_B.md /Users/tankonitk/Library/Mobile\ Documents/com~apple~CloudDocs/xcode/Crulish/en01/Resources/solo/考研英语一/2012/EN1_2012_Section_IV_Writing_Part_B.md (in target 'en01' from project 'en01')
    cd /Users/tankonitk/Library/Mobile\ Documents/com\~apple\~CloudDocs/xcode/Crulish
    builtin-copy -exclude .DS_Store -exclude CVS -exclude .svn -exclude .git -exclude .hg -resolve-src-symlinks /Users/tankonitk/Library/Mobile\ Documents/com\~apple\~CloudDocs/xcode/Crulish/en01/Resources/solo/考研英语一/2012/EN1_2012_Section_IV_Writing_Part_B.md /Users/tankonitk/Library/Developer/Xcode/DerivedData/en01-ansyddkftxpufufiswdighzryqrt/Build/Products/Debug-iphonesimulator/en01.app

CpResource /Users/tankonitk/Library/Developer/Xcode/DerivedData/en01-ansyddkftxpufufiswdighzryqrt/Build/Products/Debug-iphonesimulator/en01.app/EN1_2012_Section_IV_Writing_Part_A.md /Users/tankonitk/Library/Mobile\ Documents/com~apple~CloudDocs/xcode/Crulish/en01/Resources/solo/考研英语一/2012/EN1_2012_Section_IV_Writing_Part_A.md (in target 'en01' from project 'en01')
    cd /Users/tankonitk/Library/Mobile\ Documents/com\~apple\~CloudDocs/xcode/Crulish
    builtin-copy -exclude .DS_Store -exclude CVS -exclude .svn -exclude .git -exclude .hg -resolve-src-symlinks /Users/tankonitk/Library/Mobile\ Documents/com\~apple\~CloudDocs/xcode/Crulish/en01/Resources/solo/考研英语一/2012/EN1_2012_Section_IV_Writing_Part_A.md /Users/tankonitk/Library/Developer/Xcode/DerivedData/en01-ansyddkftxpufufiswdighzryqrt/Build/Products/Debug-iphonesimulator/en01.app

CpResource /Users/tankonitk/Library/Developer/Xcode/DerivedData/en01-ansyddkftxpufufiswdighzryqrt/Build/Products/Debug-iphonesimulator/en01.app/EN1_2012_Section_II_Reading\ Comprehension_Part\ B.md /Users/tankonitk/Library/Mobile\ Documents/com~apple~CloudDocs/xcode/Crulish/en01/Resources/solo/考研英语一/2012/EN1_2012_Section_II_Reading\ Comprehension_Part\ B.md (in target 'en01' from project 'en01')
    cd /Users/tankonitk/Library/Mobile\ Documents/com\~apple\~CloudDocs/xcode/Crulish
    builtin-copy -exclude .DS_Store -exclude CVS -exclude .svn -exclude .git -exclude .hg -resolve-src-symlinks /Users/tankonitk/Library/Mobile\ Documents/com\~apple\~CloudDocs/xcode/Crulish/en01/Resources/solo/考研英语一/2012/EN1_2012_Section_II_Reading\ Comprehension_Part\ B.md /Users/tankonitk/Library/Developer/Xcode/DerivedData/en01-ansyddkftxpufufiswdighzryqrt/Build/Products/Debug-iphonesimulator/en01.app

CpResource /Users/tankonitk/Library/Developer/Xcode/DerivedData/en01-ansyddkftxpufufiswdighzryqrt/Build/Products/Debug-iphonesimulator/en01.app/EN1_2012_Section_II_Reading\ Comprehension_Part\ A_Text_4.md /Users/tankonitk/Library/Mobile\ Documents/com~apple~CloudDocs/xcode/Crulish/en01/Resources/solo/考研英语一/2012/EN1_2012_Section_II_Reading\ Comprehension_Part\ A_Text_4.md (in target 'en01' from project 'en01')
    cd /Users/tankonitk/Library/Mobile\ Documents/com\~apple\~CloudDocs/xcode/Crulish
    builtin-copy -exclude .DS_Store -exclude CVS -exclude .svn -exclude .git -exclude .hg -resolve-src-symlinks /Users/tankonitk/Library/Mobile\ Documents/com\~apple\~CloudDocs/xcode/Crulish/en01/Resources/solo/考研英语一/2012/EN1_2012_Section_II_Reading\ Comprehension_Part\ A_Text_4.md /Users/tankonitk/Library/Developer/Xcode/DerivedData/en01-ansyddkftxpufufiswdighzryqrt/Build/Products/Debug-iphonesimulator/en01.app

CpResource /Users/tankonitk/Library/Developer/Xcode/DerivedData/en01-ansyddkftxpufufiswdighzryqrt/Build/Products/Debug-iphonesimulator/en01.app/EN1_2012_Section_II_Reading\ Comprehension_Part\ A_Text_3.md /Users/tankonitk/Library/Mobile\ Documents/com~apple~CloudDocs/xcode/Crulish/en01/Resources/solo/考研英语一/2012/EN1_2012_Section_II_Reading\ Comprehension_Part\ A_Text_3.md (in target 'en01' from project 'en01')
    cd /Users/tankonitk/Library/Mobile\ Documents/com\~apple\~CloudDocs/xcode/Crulish
    builtin-copy -exclude .DS_Store -exclude CVS -exclude .svn -exclude .git -exclude .hg -resolve-src-symlinks /Users/tankonitk/Library/Mobile\ Documents/com\~apple\~CloudDocs/xcode/Crulish/en01/Resources/solo/考研英语一/2012/EN1_2012_Section_II_Reading\ Comprehension_Part\ A_Text_3.md /Users/tankonitk/Library/Developer/Xcode/DerivedData/en01-ansyddkftxpufufiswdighzryqrt/Build/Products/Debug-iphonesimulator/en01.app

CpResource /Users/tankonitk/Library/Developer/Xcode/DerivedData/en01-ansyddkftxpufufiswdighzryqrt/Build/Products/Debug-iphonesimulator/en01.app/EN1_2012_Section_II_Reading\ Comprehension_Part\ A_Text_2.md /Users/tankonitk/Library/Mobile\ Documents/com~apple~CloudDocs/xcode/Crulish/en01/Resources/solo/考研英语一/2012/EN1_2012_Section_II_Reading\ Comprehension_Part\ A_Text_2.md (in target 'en01' from project 'en01')
    cd /Users/tankonitk/Library/Mobile\ Documents/com\~apple\~CloudDocs/xcode/Crulish
    builtin-copy -exclude .DS_Store -exclude CVS -exclude .svn -exclude .git -exclude .hg -resolve-src-symlinks /Users/tankonitk/Library/Mobile\ Documents/com\~apple\~CloudDocs/xcode/Crulish/en01/Resources/solo/考研英语一/2012/EN1_2012_Section_II_Reading\ Comprehension_Part\ A_Text_2.md /Users/tankonitk/Library/Developer/Xcode/DerivedData/en01-ansyddkftxpufufiswdighzryqrt/Build/Products/Debug-iphonesimulator/en01.app

CpResource /Users/tankonitk/Library/Developer/Xcode/DerivedData/en01-ansyddkftxpufufiswdighzryqrt/Build/Products/Debug-iphonesimulator/en01.app/EN1_2012_Section_II_Reading\ Comprehension_Part\ A_Text_1.md /Users/tankonitk/Library/Mobile\ Documents/com~apple~CloudDocs/xcode/Crulish/en01/Resources/solo/考研英语一/2012/EN1_2012_Section_II_Reading\ Comprehension_Part\ A_Text_1.md (in target 'en01' from project 'en01')
    cd /Users/tankonitk/Library/Mobile\ Documents/com\~apple\~CloudDocs/xcode/Crulish
    builtin-copy -exclude .DS_Store -exclude CVS -exclude .svn -exclude .git -exclude .hg -resolve-src-symlinks /Users/tankonitk/Library/Mobile\ Documents/com\~apple\~CloudDocs/xcode/Crulish/en01/Resources/solo/考研英语一/2012/EN1_2012_Section_II_Reading\ Comprehension_Part\ A_Text_1.md /Users/tankonitk/Library/Developer/Xcode/DerivedData/en01-ansyddkftxpufufiswdighzryqrt/Build/Products/Debug-iphonesimulator/en01.app

CpResource /Users/tankonitk/Library/Developer/Xcode/DerivedData/en01-ansyddkftxpufufiswdighzryqrt/Build/Products/Debug-iphonesimulator/en01.app/EN1_2012_Section_III_Translation_Part\ C.md /Users/tankonitk/Library/Mobile\ Documents/com~apple~CloudDocs/xcode/Crulish/en01/Resources/solo/考研英语一/2012/EN1_2012_Section_III_Translation_Part\ C.md (in target 'en01' from project 'en01')
    cd /Users/tankonitk/Library/Mobile\ Documents/com\~apple\~CloudDocs/xcode/Crulish
    builtin-copy -exclude .DS_Store -exclude CVS -exclude .svn -exclude .git -exclude .hg -resolve-src-symlinks /Users/tankonitk/Library/Mobile\ Documents/com\~apple\~CloudDocs/xcode/Crulish/en01/Resources/solo/考研英语一/2012/EN1_2012_Section_III_Translation_Part\ C.md /Users/tankonitk/Library/Developer/Xcode/DerivedData/en01-ansyddkftxpufufiswdighzryqrt/Build/Products/Debug-iphonesimulator/en01.app

CpResource /Users/tankonitk/Library/Developer/Xcode/DerivedData/en01-ansyddkftxpufufiswdighzryqrt/Build/Products/Debug-iphonesimulator/en01.app/EN1_2011_Section_I_Use\ of\ English.md /Users/tankonitk/Library/Mobile\ Documents/com~apple~CloudDocs/xcode/Crulish/en01/Resources/solo/考研英语一/2011/EN1_2011_Section_I_Use\ of\ English.md (in target 'en01' from project 'en01')
    cd /Users/tankonitk/Library/Mobile\ Documents/com\~apple\~CloudDocs/xcode/Crulish
    builtin-copy -exclude .DS_Store -exclude CVS -exclude .svn -exclude .git -exclude .hg -resolve-src-symlinks /Users/tankonitk/Library/Mobile\ Documents/com\~apple\~CloudDocs/xcode/Crulish/en01/Resources/solo/考研英语一/2011/EN1_2011_Section_I_Use\ of\ English.md /Users/tankonitk/Library/Developer/Xcode/DerivedData/en01-ansyddkftxpufufiswdighzryqrt/Build/Products/Debug-iphonesimulator/en01.app

CpResource /Users/tankonitk/Library/Developer/Xcode/DerivedData/en01-ansyddkftxpufufiswdighzryqrt/Build/Products/Debug-iphonesimulator/en01.app/EN1_2011_Section_IV_Writing_Part_C.md /Users/tankonitk/Library/Mobile\ Documents/com~apple~CloudDocs/xcode/Crulish/en01/Resources/solo/考研英语一/2011/EN1_2011_Section_IV_Writing_Part_C.md (in target 'en01' from project 'en01')
    cd /Users/tankonitk/Library/Mobile\ Documents/com\~apple\~CloudDocs/xcode/Crulish
    builtin-copy -exclude .DS_Store -exclude CVS -exclude .svn -exclude .git -exclude .hg -resolve-src-symlinks /Users/tankonitk/Library/Mobile\ Documents/com\~apple\~CloudDocs/xcode/Crulish/en01/Resources/solo/考研英语一/2011/EN1_2011_Section_IV_Writing_Part_C.md /Users/tankonitk/Library/Developer/Xcode/DerivedData/en01-ansyddkftxpufufiswdighzryqrt/Build/Products/Debug-iphonesimulator/en01.app

CpResource /Users/tankonitk/Library/Developer/Xcode/DerivedData/en01-ansyddkftxpufufiswdighzryqrt/Build/Products/Debug-iphonesimulator/en01.app/EN1_2011_Section_IV_Writing_Part_B.md /Users/tankonitk/Library/Mobile\ Documents/com~apple~CloudDocs/xcode/Crulish/en01/Resources/solo/考研英语一/2011/EN1_2011_Section_IV_Writing_Part_B.md (in target 'en01' from project 'en01')
    cd /Users/tankonitk/Library/Mobile\ Documents/com\~apple\~CloudDocs/xcode/Crulish
    builtin-copy -exclude .DS_Store -exclude CVS -exclude .svn -exclude .git -exclude .hg -resolve-src-symlinks /Users/tankonitk/Library/Mobile\ Documents/com\~apple\~CloudDocs/xcode/Crulish/en01/Resources/solo/考研英语一/2011/EN1_2011_Section_IV_Writing_Part_B.md /Users/tankonitk/Library/Developer/Xcode/DerivedData/en01-ansyddkftxpufufiswdighzryqrt/Build/Products/Debug-iphonesimulator/en01.app

CpResource /Users/tankonitk/Library/Developer/Xcode/DerivedData/en01-ansyddkftxpufufiswdighzryqrt/Build/Products/Debug-iphonesimulator/en01.app/EN1_2011_Section_IV_Writing_Part_A.md /Users/tankonitk/Library/Mobile\ Documents/com~apple~CloudDocs/xcode/Crulish/en01/Resources/solo/考研英语一/2011/EN1_2011_Section_IV_Writing_Part_A.md (in target 'en01' from project 'en01')
    cd /Users/tankonitk/Library/Mobile\ Documents/com\~apple\~CloudDocs/xcode/Crulish
    builtin-copy -exclude .DS_Store -exclude CVS -exclude .svn -exclude .git -exclude .hg -resolve-src-symlinks /Users/tankonitk/Library/Mobile\ Documents/com\~apple\~CloudDocs/xcode/Crulish/en01/Resources/solo/考研英语一/2011/EN1_2011_Section_IV_Writing_Part_A.md /Users/tankonitk/Library/Developer/Xcode/DerivedData/en01-ansyddkftxpufufiswdighzryqrt/Build/Products/Debug-iphonesimulator/en01.app

CpResource /Users/tankonitk/Library/Developer/Xcode/DerivedData/en01-ansyddkftxpufufiswdighzryqrt/Build/Products/Debug-iphonesimulator/en01.app/EN1_2011_Section_II_Reading\ Comprehension_Part\ B.md /Users/tankonitk/Library/Mobile\ Documents/com~apple~CloudDocs/xcode/Crulish/en01/Resources/solo/考研英语一/2011/EN1_2011_Section_II_Reading\ Comprehension_Part\ B.md (in target 'en01' from project 'en01')
    cd /Users/tankonitk/Library/Mobile\ Documents/com\~apple\~CloudDocs/xcode/Crulish
    builtin-copy -exclude .DS_Store -exclude CVS -exclude .svn -exclude .git -exclude .hg -resolve-src-symlinks /Users/tankonitk/Library/Mobile\ Documents/com\~apple\~CloudDocs/xcode/Crulish/en01/Resources/solo/考研英语一/2011/EN1_2011_Section_II_Reading\ Comprehension_Part\ B.md /Users/tankonitk/Library/Developer/Xcode/DerivedData/en01-ansyddkftxpufufiswdighzryqrt/Build/Products/Debug-iphonesimulator/en01.app

CpResource /Users/tankonitk/Library/Developer/Xcode/DerivedData/en01-ansyddkftxpufufiswdighzryqrt/Build/Products/Debug-iphonesimulator/en01.app/EN1_2011_Section_II_Reading\ Comprehension_Part\ A_Text_4.md /Users/tankonitk/Library/Mobile\ Documents/com~apple~CloudDocs/xcode/Crulish/en01/Resources/solo/考研英语一/2011/EN1_2011_Section_II_Reading\ Comprehension_Part\ A_Text_4.md (in target 'en01' from project 'en01')
    cd /Users/tankonitk/Library/Mobile\ Documents/com\~apple\~CloudDocs/xcode/Crulish
    builtin-copy -exclude .DS_Store -exclude CVS -exclude .svn -exclude .git -exclude .hg -resolve-src-symlinks /Users/tankonitk/Library/Mobile\ Documents/com\~apple\~CloudDocs/xcode/Crulish/en01/Resources/solo/考研英语一/2011/EN1_2011_Section_II_Reading\ Comprehension_Part\ A_Text_4.md /Users/tankonitk/Library/Developer/Xcode/DerivedData/en01-ansyddkftxpufufiswdighzryqrt/Build/Products/Debug-iphonesimulator/en01.app

CpResource /Users/tankonitk/Library/Developer/Xcode/DerivedData/en01-ansyddkftxpufufiswdighzryqrt/Build/Products/Debug-iphonesimulator/en01.app/EN1_2011_Section_II_Reading\ Comprehension_Part\ A_Text_3.md /Users/tankonitk/Library/Mobile\ Documents/com~apple~CloudDocs/xcode/Crulish/en01/Resources/solo/考研英语一/2011/EN1_2011_Section_II_Reading\ Comprehension_Part\ A_Text_3.md (in target 'en01' from project 'en01')
    cd /Users/tankonitk/Library/Mobile\ Documents/com\~apple\~CloudDocs/xcode/Crulish
    builtin-copy -exclude .DS_Store -exclude CVS -exclude .svn -exclude .git -exclude .hg -resolve-src-symlinks /Users/tankonitk/Library/Mobile\ Documents/com\~apple\~CloudDocs/xcode/Crulish/en01/Resources/solo/考研英语一/2011/EN1_2011_Section_II_Reading\ Comprehension_Part\ A_Text_3.md /Users/tankonitk/Library/Developer/Xcode/DerivedData/en01-ansyddkftxpufufiswdighzryqrt/Build/Products/Debug-iphonesimulator/en01.app

CpResource /Users/tankonitk/Library/Developer/Xcode/DerivedData/en01-ansyddkftxpufufiswdighzryqrt/Build/Products/Debug-iphonesimulator/en01.app/EN1_2011_Section_II_Reading\ Comprehension_Part\ A_Text_2.md /Users/tankonitk/Library/Mobile\ Documents/com~apple~CloudDocs/xcode/Crulish/en01/Resources/solo/考研英语一/2011/EN1_2011_Section_II_Reading\ Comprehension_Part\ A_Text_2.md (in target 'en01' from project 'en01')
    cd /Users/tankonitk/Library/Mobile\ Documents/com\~apple\~CloudDocs/xcode/Crulish
    builtin-copy -exclude .DS_Store -exclude CVS -exclude .svn -exclude .git -exclude .hg -resolve-src-symlinks /Users/tankonitk/Library/Mobile\ Documents/com\~apple\~CloudDocs/xcode/Crulish/en01/Resources/solo/考研英语一/2011/EN1_2011_Section_II_Reading\ Comprehension_Part\ A_Text_2.md /Users/tankonitk/Library/Developer/Xcode/DerivedData/en01-ansyddkftxpufufiswdighzryqrt/Build/Products/Debug-iphonesimulator/en01.app

CpResource /Users/tankonitk/Library/Developer/Xcode/DerivedData/en01-ansyddkftxpufufiswdighzryqrt/Build/Products/Debug-iphonesimulator/en01.app/EN1_2011_Section_II_Reading\ Comprehension_Part\ A_Text_1.md /Users/tankonitk/Library/Mobile\ Documents/com~apple~CloudDocs/xcode/Crulish/en01/Resources/solo/考研英语一/2011/EN1_2011_Section_II_Reading\ Comprehension_Part\ A_Text_1.md (in target 'en01' from project 'en01')
    cd /Users/tankonitk/Library/Mobile\ Documents/com\~apple\~CloudDocs/xcode/Crulish
    builtin-copy -exclude .DS_Store -exclude CVS -exclude .svn -exclude .git -exclude .hg -resolve-src-symlinks /Users/tankonitk/Library/Mobile\ Documents/com\~apple\~CloudDocs/xcode/Crulish/en01/Resources/solo/考研英语一/2011/EN1_2011_Section_II_Reading\ Comprehension_Part\ A_Text_1.md /Users/tankonitk/Library/Developer/Xcode/DerivedData/en01-ansyddkftxpufufiswdighzryqrt/Build/Products/Debug-iphonesimulator/en01.app

CpResource /Users/tankonitk/Library/Developer/Xcode/DerivedData/en01-ansyddkftxpufufiswdighzryqrt/Build/Products/Debug-iphonesimulator/en01.app/EN1_2011_Section_III_Translation_Part\ C.md /Users/tankonitk/Library/Mobile\ Documents/com~apple~CloudDocs/xcode/Crulish/en01/Resources/solo/考研英语一/2011/EN1_2011_Section_III_Translation_Part\ C.md (in target 'en01' from project 'en01')
    cd /Users/tankonitk/Library/Mobile\ Documents/com\~apple\~CloudDocs/xcode/Crulish
    builtin-copy -exclude .DS_Store -exclude CVS -exclude .svn -exclude .git -exclude .hg -resolve-src-symlinks /Users/tankonitk/Library/Mobile\ Documents/com\~apple\~CloudDocs/xcode/Crulish/en01/Resources/solo/考研英语一/2011/EN1_2011_Section_III_Translation_Part\ C.md /Users/tankonitk/Library/Developer/Xcode/DerivedData/en01-ansyddkftxpufufiswdighzryqrt/Build/Products/Debug-iphonesimulator/en01.app

CpResource /Users/tankonitk/Library/Developer/Xcode/DerivedData/en01-ansyddkftxpufufiswdighzryqrt/Build/Products/Debug-iphonesimulator/en01.app/EN1_2010_Section_I_Use\ of\ English.md /Users/tankonitk/Library/Mobile\ Documents/com~apple~CloudDocs/xcode/Crulish/en01/Resources/solo/考研英语一/2010/EN1_2010_Section_I_Use\ of\ English.md (in target 'en01' from project 'en01')
    cd /Users/tankonitk/Library/Mobile\ Documents/com\~apple\~CloudDocs/xcode/Crulish
    builtin-copy -exclude .DS_Store -exclude CVS -exclude .svn -exclude .git -exclude .hg -resolve-src-symlinks /Users/tankonitk/Library/Mobile\ Documents/com\~apple\~CloudDocs/xcode/Crulish/en01/Resources/solo/考研英语一/2010/EN1_2010_Section_I_Use\ of\ English.md /Users/tankonitk/Library/Developer/Xcode/DerivedData/en01-ansyddkftxpufufiswdighzryqrt/Build/Products/Debug-iphonesimulator/en01.app

CpResource /Users/tankonitk/Library/Developer/Xcode/DerivedData/en01-ansyddkftxpufufiswdighzryqrt/Build/Products/Debug-iphonesimulator/en01.app/EN1_2010_Section_IV_Writing_Part_C.md /Users/tankonitk/Library/Mobile\ Documents/com~apple~CloudDocs/xcode/Crulish/en01/Resources/solo/考研英语一/2010/EN1_2010_Section_IV_Writing_Part_C.md (in target 'en01' from project 'en01')
    cd /Users/tankonitk/Library/Mobile\ Documents/com\~apple\~CloudDocs/xcode/Crulish
    builtin-copy -exclude .DS_Store -exclude CVS -exclude .svn -exclude .git -exclude .hg -resolve-src-symlinks /Users/tankonitk/Library/Mobile\ Documents/com\~apple\~CloudDocs/xcode/Crulish/en01/Resources/solo/考研英语一/2010/EN1_2010_Section_IV_Writing_Part_C.md /Users/tankonitk/Library/Developer/Xcode/DerivedData/en01-ansyddkftxpufufiswdighzryqrt/Build/Products/Debug-iphonesimulator/en01.app

CpResource /Users/tankonitk/Library/Developer/Xcode/DerivedData/en01-ansyddkftxpufufiswdighzryqrt/Build/Products/Debug-iphonesimulator/en01.app/EN1_2010_Section_IV_Writing_Part_B.md /Users/tankonitk/Library/Mobile\ Documents/com~apple~CloudDocs/xcode/Crulish/en01/Resources/solo/考研英语一/2010/EN1_2010_Section_IV_Writing_Part_B.md (in target 'en01' from project 'en01')
    cd /Users/tankonitk/Library/Mobile\ Documents/com\~apple\~CloudDocs/xcode/Crulish
    builtin-copy -exclude .DS_Store -exclude CVS -exclude .svn -exclude .git -exclude .hg -resolve-src-symlinks /Users/tankonitk/Library/Mobile\ Documents/com\~apple\~CloudDocs/xcode/Crulish/en01/Resources/solo/考研英语一/2010/EN1_2010_Section_IV_Writing_Part_B.md /Users/tankonitk/Library/Developer/Xcode/DerivedData/en01-ansyddkftxpufufiswdighzryqrt/Build/Products/Debug-iphonesimulator/en01.app

CpResource /Users/tankonitk/Library/Developer/Xcode/DerivedData/en01-ansyddkftxpufufiswdighzryqrt/Build/Products/Debug-iphonesimulator/en01.app/EN1_2010_Section_IV_Writing_Part_A.md /Users/tankonitk/Library/Mobile\ Documents/com~apple~CloudDocs/xcode/Crulish/en01/Resources/solo/考研英语一/2010/EN1_2010_Section_IV_Writing_Part_A.md (in target 'en01' from project 'en01')
    cd /Users/tankonitk/Library/Mobile\ Documents/com\~apple\~CloudDocs/xcode/Crulish
    builtin-copy -exclude .DS_Store -exclude CVS -exclude .svn -exclude .git -exclude .hg -resolve-src-symlinks /Users/tankonitk/Library/Mobile\ Documents/com\~apple\~CloudDocs/xcode/Crulish/en01/Resources/solo/考研英语一/2010/EN1_2010_Section_IV_Writing_Part_A.md /Users/tankonitk/Library/Developer/Xcode/DerivedData/en01-ansyddkftxpufufiswdighzryqrt/Build/Products/Debug-iphonesimulator/en01.app

CpResource /Users/tankonitk/Library/Developer/Xcode/DerivedData/en01-ansyddkftxpufufiswdighzryqrt/Build/Products/Debug-iphonesimulator/en01.app/EN1_2010_Section_II_Reading\ Comprehension_Part\ B.md /Users/tankonitk/Library/Mobile\ Documents/com~apple~CloudDocs/xcode/Crulish/en01/Resources/solo/考研英语一/2010/EN1_2010_Section_II_Reading\ Comprehension_Part\ B.md (in target 'en01' from project 'en01')
    cd /Users/tankonitk/Library/Mobile\ Documents/com\~apple\~CloudDocs/xcode/Crulish
    builtin-copy -exclude .DS_Store -exclude CVS -exclude .svn -exclude .git -exclude .hg -resolve-src-symlinks /Users/tankonitk/Library/Mobile\ Documents/com\~apple\~CloudDocs/xcode/Crulish/en01/Resources/solo/考研英语一/2010/EN1_2010_Section_II_Reading\ Comprehension_Part\ B.md /Users/tankonitk/Library/Developer/Xcode/DerivedData/en01-ansyddkftxpufufiswdighzryqrt/Build/Products/Debug-iphonesimulator/en01.app

CpResource /Users/tankonitk/Library/Developer/Xcode/DerivedData/en01-ansyddkftxpufufiswdighzryqrt/Build/Products/Debug-iphonesimulator/en01.app/EN1_2010_Section_II_Reading\ Comprehension_Part\ A_Text_4.md /Users/tankonitk/Library/Mobile\ Documents/com~apple~CloudDocs/xcode/Crulish/en01/Resources/solo/考研英语一/2010/EN1_2010_Section_II_Reading\ Comprehension_Part\ A_Text_4.md (in target 'en01' from project 'en01')
    cd /Users/tankonitk/Library/Mobile\ Documents/com\~apple\~CloudDocs/xcode/Crulish
    builtin-copy -exclude .DS_Store -exclude CVS -exclude .svn -exclude .git -exclude .hg -resolve-src-symlinks /Users/tankonitk/Library/Mobile\ Documents/com\~apple\~CloudDocs/xcode/Crulish/en01/Resources/solo/考研英语一/2010/EN1_2010_Section_II_Reading\ Comprehension_Part\ A_Text_4.md /Users/tankonitk/Library/Developer/Xcode/DerivedData/en01-ansyddkftxpufufiswdighzryqrt/Build/Products/Debug-iphonesimulator/en01.app

CpResource /Users/tankonitk/Library/Developer/Xcode/DerivedData/en01-ansyddkftxpufufiswdighzryqrt/Build/Products/Debug-iphonesimulator/en01.app/EN1_2010_Section_II_Reading\ Comprehension_Part\ A_Text_3.md /Users/tankonitk/Library/Mobile\ Documents/com~apple~CloudDocs/xcode/Crulish/en01/Resources/solo/考研英语一/2010/EN1_2010_Section_II_Reading\ Comprehension_Part\ A_Text_3.md (in target 'en01' from project 'en01')
    cd /Users/tankonitk/Library/Mobile\ Documents/com\~apple\~CloudDocs/xcode/Crulish
    builtin-copy -exclude .DS_Store -exclude CVS -exclude .svn -exclude .git -exclude .hg -resolve-src-symlinks /Users/tankonitk/Library/Mobile\ Documents/com\~apple\~CloudDocs/xcode/Crulish/en01/Resources/solo/考研英语一/2010/EN1_2010_Section_II_Reading\ Comprehension_Part\ A_Text_3.md /Users/tankonitk/Library/Developer/Xcode/DerivedData/en01-ansyddkftxpufufiswdighzryqrt/Build/Products/Debug-iphonesimulator/en01.app

CpResource /Users/tankonitk/Library/Developer/Xcode/DerivedData/en01-ansyddkftxpufufiswdighzryqrt/Build/Products/Debug-iphonesimulator/en01.app/EN1_2010_Section_II_Reading\ Comprehension_Part\ A_Text_2.md /Users/tankonitk/Library/Mobile\ Documents/com~apple~CloudDocs/xcode/Crulish/en01/Resources/solo/考研英语一/2010/EN1_2010_Section_II_Reading\ Comprehension_Part\ A_Text_2.md (in target 'en01' from project 'en01')
    cd /Users/tankonitk/Library/Mobile\ Documents/com\~apple\~CloudDocs/xcode/Crulish
    builtin-copy -exclude .DS_Store -exclude CVS -exclude .svn -exclude .git -exclude .hg -resolve-src-symlinks /Users/tankonitk/Library/Mobile\ Documents/com\~apple\~CloudDocs/xcode/Crulish/en01/Resources/solo/考研英语一/2010/EN1_2010_Section_II_Reading\ Comprehension_Part\ A_Text_2.md /Users/tankonitk/Library/Developer/Xcode/DerivedData/en01-ansyddkftxpufufiswdighzryqrt/Build/Products/Debug-iphonesimulator/en01.app

CpResource /Users/tankonitk/Library/Developer/Xcode/DerivedData/en01-ansyddkftxpufufiswdighzryqrt/Build/Products/Debug-iphonesimulator/en01.app/EN1_2010_Section_II_Reading\ Comprehension_Part\ A_Text_1.md /Users/tankonitk/Library/Mobile\ Documents/com~apple~CloudDocs/xcode/Crulish/en01/Resources/solo/考研英语一/2010/EN1_2010_Section_II_Reading\ Comprehension_Part\ A_Text_1.md (in target 'en01' from project 'en01')
    cd /Users/tankonitk/Library/Mobile\ Documents/com\~apple\~CloudDocs/xcode/Crulish
    builtin-copy -exclude .DS_Store -exclude CVS -exclude .svn -exclude .git -exclude .hg -resolve-src-symlinks /Users/tankonitk/Library/Mobile\ Documents/com\~apple\~CloudDocs/xcode/Crulish/en01/Resources/solo/考研英语一/2010/EN1_2010_Section_II_Reading\ Comprehension_Part\ A_Text_1.md /Users/tankonitk/Library/Developer/Xcode/DerivedData/en01-ansyddkftxpufufiswdighzryqrt/Build/Products/Debug-iphonesimulator/en01.app

CpResource /Users/tankonitk/Library/Developer/Xcode/DerivedData/en01-ansyddkftxpufufiswdighzryqrt/Build/Products/Debug-iphonesimulator/en01.app/EN1_2010_Section_III_Translation_Part\ C.md /Users/tankonitk/Library/Mobile\ Documents/com~apple~CloudDocs/xcode/Crulish/en01/Resources/solo/考研英语一/2010/EN1_2010_Section_III_Translation_Part\ C.md (in target 'en01' from project 'en01')
    cd /Users/tankonitk/Library/Mobile\ Documents/com\~apple\~CloudDocs/xcode/Crulish
    builtin-copy -exclude .DS_Store -exclude CVS -exclude .svn -exclude .git -exclude .hg -resolve-src-symlinks /Users/tankonitk/Library/Mobile\ Documents/com\~apple\~CloudDocs/xcode/Crulish/en01/Resources/solo/考研英语一/2010/EN1_2010_Section_III_Translation_Part\ C.md /Users/tankonitk/Library/Developer/Xcode/DerivedData/en01-ansyddkftxpufufiswdighzryqrt/Build/Products/Debug-iphonesimulator/en01.app

CpResource /Users/tankonitk/Library/Developer/Xcode/DerivedData/en01-ansyddkftxpufufiswdighzryqrt/Build/Products/Debug-iphonesimulator/en01.app/2023年-考研英语二-真题.pdf /Users/tankonitk/Library/Mobile\ Documents/com~apple~CloudDocs/xcode/Crulish/en01/Resources/2/2023年-考研英语二-真题.pdf (in target 'en01' from project 'en01')
    cd /Users/tankonitk/Library/Mobile\ Documents/com\~apple\~CloudDocs/xcode/Crulish
    builtin-copy -exclude .DS_Store -exclude CVS -exclude .svn -exclude .git -exclude .hg -resolve-src-symlinks /Users/tankonitk/Library/Mobile\ Documents/com\~apple\~CloudDocs/xcode/Crulish/en01/Resources/2/2023年-考研英语二-真题.pdf /Users/tankonitk/Library/Developer/Xcode/DerivedData/en01-ansyddkftxpufufiswdighzryqrt/Build/Products/Debug-iphonesimulator/en01.app

CpResource /Users/tankonitk/Library/Developer/Xcode/DerivedData/en01-ansyddkftxpufufiswdighzryqrt/Build/Products/Debug-iphonesimulator/en01.app/2023年-考研英语一-真题.pdf /Users/tankonitk/Library/Mobile\ Documents/com~apple~CloudDocs/xcode/Crulish/en01/Resources/1/2023年-考研英语一-真题.pdf (in target 'en01' from project 'en01')
    cd /Users/tankonitk/Library/Mobile\ Documents/com\~apple\~CloudDocs/xcode/Crulish
    builtin-copy -exclude .DS_Store -exclude CVS -exclude .svn -exclude .git -exclude .hg -resolve-src-symlinks /Users/tankonitk/Library/Mobile\ Documents/com\~apple\~CloudDocs/xcode/Crulish/en01/Resources/1/2023年-考研英语一-真题.pdf /Users/tankonitk/Library/Developer/Xcode/DerivedData/en01-ansyddkftxpufufiswdighzryqrt/Build/Products/Debug-iphonesimulator/en01.app

CpResource /Users/tankonitk/Library/Developer/Xcode/DerivedData/en01-ansyddkftxpufufiswdighzryqrt/Build/Products/Debug-iphonesimulator/en01.app/2022年-考研英语二-真题.pdf /Users/tankonitk/Library/Mobile\ Documents/com~apple~CloudDocs/xcode/Crulish/en01/Resources/2/2022年-考研英语二-真题.pdf (in target 'en01' from project 'en01')
    cd /Users/tankonitk/Library/Mobile\ Documents/com\~apple\~CloudDocs/xcode/Crulish
    builtin-copy -exclude .DS_Store -exclude CVS -exclude .svn -exclude .git -exclude .hg -resolve-src-symlinks /Users/tankonitk/Library/Mobile\ Documents/com\~apple\~CloudDocs/xcode/Crulish/en01/Resources/2/2022年-考研英语二-真题.pdf /Users/tankonitk/Library/Developer/Xcode/DerivedData/en01-ansyddkftxpufufiswdighzryqrt/Build/Products/Debug-iphonesimulator/en01.app

CpResource /Users/tankonitk/Library/Developer/Xcode/DerivedData/en01-ansyddkftxpufufiswdighzryqrt/Build/Products/Debug-iphonesimulator/en01.app/2022年-考研英语一-真题.pdf /Users/tankonitk/Library/Mobile\ Documents/com~apple~CloudDocs/xcode/Crulish/en01/Resources/1/2022年-考研英语一-真题.pdf (in target 'en01' from project 'en01')
    cd /Users/tankonitk/Library/Mobile\ Documents/com\~apple\~CloudDocs/xcode/Crulish
    builtin-copy -exclude .DS_Store -exclude CVS -exclude .svn -exclude .git -exclude .hg -resolve-src-symlinks /Users/tankonitk/Library/Mobile\ Documents/com\~apple\~CloudDocs/xcode/Crulish/en01/Resources/1/2022年-考研英语一-真题.pdf /Users/tankonitk/Library/Developer/Xcode/DerivedData/en01-ansyddkftxpufufiswdighzryqrt/Build/Products/Debug-iphonesimulator/en01.app

CpResource /Users/tankonitk/Library/Developer/Xcode/DerivedData/en01-ansyddkftxpufufiswdighzryqrt/Build/Products/Debug-iphonesimulator/en01.app/2021年-考研英语二-真题.pdf /Users/tankonitk/Library/Mobile\ Documents/com~apple~CloudDocs/xcode/Crulish/en01/Resources/2/2021年-考研英语二-真题.pdf (in target 'en01' from project 'en01')
    cd /Users/tankonitk/Library/Mobile\ Documents/com\~apple\~CloudDocs/xcode/Crulish
    builtin-copy -exclude .DS_Store -exclude CVS -exclude .svn -exclude .git -exclude .hg -resolve-src-symlinks /Users/tankonitk/Library/Mobile\ Documents/com\~apple\~CloudDocs/xcode/Crulish/en01/Resources/2/2021年-考研英语二-真题.pdf /Users/tankonitk/Library/Developer/Xcode/DerivedData/en01-ansyddkftxpufufiswdighzryqrt/Build/Products/Debug-iphonesimulator/en01.app

CpResource /Users/tankonitk/Library/Developer/Xcode/DerivedData/en01-ansyddkftxpufufiswdighzryqrt/Build/Products/Debug-iphonesimulator/en01.app/2021年-考研英语一-真题.pdf /Users/tankonitk/Library/Mobile\ Documents/com~apple~CloudDocs/xcode/Crulish/en01/Resources/1/2021年-考研英语一-真题.pdf (in target 'en01' from project 'en01')
    cd /Users/tankonitk/Library/Mobile\ Documents/com\~apple\~CloudDocs/xcode/Crulish
    builtin-copy -exclude .DS_Store -exclude CVS -exclude .svn -exclude .git -exclude .hg -resolve-src-symlinks /Users/tankonitk/Library/Mobile\ Documents/com\~apple\~CloudDocs/xcode/Crulish/en01/Resources/1/2021年-考研英语一-真题.pdf /Users/tankonitk/Library/Developer/Xcode/DerivedData/en01-ansyddkftxpufufiswdighzryqrt/Build/Products/Debug-iphonesimulator/en01.app

CpResource /Users/tankonitk/Library/Developer/Xcode/DerivedData/en01-ansyddkftxpufufiswdighzryqrt/Build/Products/Debug-iphonesimulator/en01.app/2020年-考研英语二-真题.pdf /Users/tankonitk/Library/Mobile\ Documents/com~apple~CloudDocs/xcode/Crulish/en01/Resources/2/2020年-考研英语二-真题.pdf (in target 'en01' from project 'en01')
    cd /Users/tankonitk/Library/Mobile\ Documents/com\~apple\~CloudDocs/xcode/Crulish
    builtin-copy -exclude .DS_Store -exclude CVS -exclude .svn -exclude .git -exclude .hg -resolve-src-symlinks /Users/tankonitk/Library/Mobile\ Documents/com\~apple\~CloudDocs/xcode/Crulish/en01/Resources/2/2020年-考研英语二-真题.pdf /Users/tankonitk/Library/Developer/Xcode/DerivedData/en01-ansyddkftxpufufiswdighzryqrt/Build/Products/Debug-iphonesimulator/en01.app

CpResource /Users/tankonitk/Library/Developer/Xcode/DerivedData/en01-ansyddkftxpufufiswdighzryqrt/Build/Products/Debug-iphonesimulator/en01.app/2020年-考研英语一-真题.pdf /Users/tankonitk/Library/Mobile\ Documents/com~apple~CloudDocs/xcode/Crulish/en01/Resources/1/2020年-考研英语一-真题.pdf (in target 'en01' from project 'en01')
    cd /Users/tankonitk/Library/Mobile\ Documents/com\~apple\~CloudDocs/xcode/Crulish
    builtin-copy -exclude .DS_Store -exclude CVS -exclude .svn -exclude .git -exclude .hg -resolve-src-symlinks /Users/tankonitk/Library/Mobile\ Documents/com\~apple\~CloudDocs/xcode/Crulish/en01/Resources/1/2020年-考研英语一-真题.pdf /Users/tankonitk/Library/Developer/Xcode/DerivedData/en01-ansyddkftxpufufiswdighzryqrt/Build/Products/Debug-iphonesimulator/en01.app

CpResource /Users/tankonitk/Library/Developer/Xcode/DerivedData/en01-ansyddkftxpufufiswdighzryqrt/Build/Products/Debug-iphonesimulator/en01.app/2019年-考研英语二-真题.pdf /Users/tankonitk/Library/Mobile\ Documents/com~apple~CloudDocs/xcode/Crulish/en01/Resources/2/2019年-考研英语二-真题.pdf (in target 'en01' from project 'en01')
    cd /Users/tankonitk/Library/Mobile\ Documents/com\~apple\~CloudDocs/xcode/Crulish
    builtin-copy -exclude .DS_Store -exclude CVS -exclude .svn -exclude .git -exclude .hg -resolve-src-symlinks /Users/tankonitk/Library/Mobile\ Documents/com\~apple\~CloudDocs/xcode/Crulish/en01/Resources/2/2019年-考研英语二-真题.pdf /Users/tankonitk/Library/Developer/Xcode/DerivedData/en01-ansyddkftxpufufiswdighzryqrt/Build/Products/Debug-iphonesimulator/en01.app

CpResource /Users/tankonitk/Library/Developer/Xcode/DerivedData/en01-ansyddkftxpufufiswdighzryqrt/Build/Products/Debug-iphonesimulator/en01.app/2019年-考研英语一-真题.pdf /Users/tankonitk/Library/Mobile\ Documents/com~apple~CloudDocs/xcode/Crulish/en01/Resources/1/2019年-考研英语一-真题.pdf (in target 'en01' from project 'en01')
    cd /Users/tankonitk/Library/Mobile\ Documents/com\~apple\~CloudDocs/xcode/Crulish
    builtin-copy -exclude .DS_Store -exclude CVS -exclude .svn -exclude .git -exclude .hg -resolve-src-symlinks /Users/tankonitk/Library/Mobile\ Documents/com\~apple\~CloudDocs/xcode/Crulish/en01/Resources/1/2019年-考研英语一-真题.pdf /Users/tankonitk/Library/Developer/Xcode/DerivedData/en01-ansyddkftxpufufiswdighzryqrt/Build/Products/Debug-iphonesimulator/en01.app

CpResource /Users/tankonitk/Library/Developer/Xcode/DerivedData/en01-ansyddkftxpufufiswdighzryqrt/Build/Products/Debug-iphonesimulator/en01.app/2018年-考研英语二-真题.pdf /Users/tankonitk/Library/Mobile\ Documents/com~apple~CloudDocs/xcode/Crulish/en01/Resources/2/2018年-考研英语二-真题.pdf (in target 'en01' from project 'en01')
    cd /Users/tankonitk/Library/Mobile\ Documents/com\~apple\~CloudDocs/xcode/Crulish
    builtin-copy -exclude .DS_Store -exclude CVS -exclude .svn -exclude .git -exclude .hg -resolve-src-symlinks /Users/tankonitk/Library/Mobile\ Documents/com\~apple\~CloudDocs/xcode/Crulish/en01/Resources/2/2018年-考研英语二-真题.pdf /Users/tankonitk/Library/Developer/Xcode/DerivedData/en01-ansyddkftxpufufiswdighzryqrt/Build/Products/Debug-iphonesimulator/en01.app

CpResource /Users/tankonitk/Library/Developer/Xcode/DerivedData/en01-ansyddkftxpufufiswdighzryqrt/Build/Products/Debug-iphonesimulator/en01.app/2018年-考研英语一-真题.pdf /Users/tankonitk/Library/Mobile\ Documents/com~apple~CloudDocs/xcode/Crulish/en01/Resources/1/2018年-考研英语一-真题.pdf (in target 'en01' from project 'en01')
    cd /Users/tankonitk/Library/Mobile\ Documents/com\~apple\~CloudDocs/xcode/Crulish
    builtin-copy -exclude .DS_Store -exclude CVS -exclude .svn -exclude .git -exclude .hg -resolve-src-symlinks /Users/tankonitk/Library/Mobile\ Documents/com\~apple\~CloudDocs/xcode/Crulish/en01/Resources/1/2018年-考研英语一-真题.pdf /Users/tankonitk/Library/Developer/Xcode/DerivedData/en01-ansyddkftxpufufiswdighzryqrt/Build/Products/Debug-iphonesimulator/en01.app

CpResource /Users/tankonitk/Library/Developer/Xcode/DerivedData/en01-ansyddkftxpufufiswdighzryqrt/Build/Products/Debug-iphonesimulator/en01.app/2016年-考研英语二-真题.pdf /Users/tankonitk/Library/Mobile\ Documents/com~apple~CloudDocs/xcode/Crulish/en01/Resources/2/2016年-考研英语二-真题.pdf (in target 'en01' from project 'en01')
    cd /Users/tankonitk/Library/Mobile\ Documents/com\~apple\~CloudDocs/xcode/Crulish
    builtin-copy -exclude .DS_Store -exclude CVS -exclude .svn -exclude .git -exclude .hg -resolve-src-symlinks /Users/tankonitk/Library/Mobile\ Documents/com\~apple\~CloudDocs/xcode/Crulish/en01/Resources/2/2016年-考研英语二-真题.pdf /Users/tankonitk/Library/Developer/Xcode/DerivedData/en01-ansyddkftxpufufiswdighzryqrt/Build/Products/Debug-iphonesimulator/en01.app

CpResource /Users/tankonitk/Library/Developer/Xcode/DerivedData/en01-ansyddkftxpufufiswdighzryqrt/Build/Products/Debug-iphonesimulator/en01.app/2017年-考研英语二-真题.pdf /Users/tankonitk/Library/Mobile\ Documents/com~apple~CloudDocs/xcode/Crulish/en01/Resources/2/2017年-考研英语二-真题.pdf (in target 'en01' from project 'en01')
    cd /Users/tankonitk/Library/Mobile\ Documents/com\~apple\~CloudDocs/xcode/Crulish
    builtin-copy -exclude .DS_Store -exclude CVS -exclude .svn -exclude .git -exclude .hg -resolve-src-symlinks /Users/tankonitk/Library/Mobile\ Documents/com\~apple\~CloudDocs/xcode/Crulish/en01/Resources/2/2017年-考研英语二-真题.pdf /Users/tankonitk/Library/Developer/Xcode/DerivedData/en01-ansyddkftxpufufiswdighzryqrt/Build/Products/Debug-iphonesimulator/en01.app

CpResource /Users/tankonitk/Library/Developer/Xcode/DerivedData/en01-ansyddkftxpufufiswdighzryqrt/Build/Products/Debug-iphonesimulator/en01.app/2016年-考研英语一-真题.pdf /Users/tankonitk/Library/Mobile\ Documents/com~apple~CloudDocs/xcode/Crulish/en01/Resources/1/2016年-考研英语一-真题.pdf (in target 'en01' from project 'en01')
    cd /Users/tankonitk/Library/Mobile\ Documents/com\~apple\~CloudDocs/xcode/Crulish
    builtin-copy -exclude .DS_Store -exclude CVS -exclude .svn -exclude .git -exclude .hg -resolve-src-symlinks /Users/tankonitk/Library/Mobile\ Documents/com\~apple\~CloudDocs/xcode/Crulish/en01/Resources/1/2016年-考研英语一-真题.pdf /Users/tankonitk/Library/Developer/Xcode/DerivedData/en01-ansyddkftxpufufiswdighzryqrt/Build/Products/Debug-iphonesimulator/en01.app

CpResource /Users/tankonitk/Library/Developer/Xcode/DerivedData/en01-ansyddkftxpufufiswdighzryqrt/Build/Products/Debug-iphonesimulator/en01.app/2015年-考研英语二-真题.pdf /Users/tankonitk/Library/Mobile\ Documents/com~apple~CloudDocs/xcode/Crulish/en01/Resources/2/2015年-考研英语二-真题.pdf (in target 'en01' from project 'en01')
    cd /Users/tankonitk/Library/Mobile\ Documents/com\~apple\~CloudDocs/xcode/Crulish
    builtin-copy -exclude .DS_Store -exclude CVS -exclude .svn -exclude .git -exclude .hg -resolve-src-symlinks /Users/tankonitk/Library/Mobile\ Documents/com\~apple\~CloudDocs/xcode/Crulish/en01/Resources/2/2015年-考研英语二-真题.pdf /Users/tankonitk/Library/Developer/Xcode/DerivedData/en01-ansyddkftxpufufiswdighzryqrt/Build/Products/Debug-iphonesimulator/en01.app

CpResource /Users/tankonitk/Library/Developer/Xcode/DerivedData/en01-ansyddkftxpufufiswdighzryqrt/Build/Products/Debug-iphonesimulator/en01.app/2015年-考研英语一-真题.pdf /Users/tankonitk/Library/Mobile\ Documents/com~apple~CloudDocs/xcode/Crulish/en01/Resources/1/2015年-考研英语一-真题.pdf (in target 'en01' from project 'en01')
    cd /Users/tankonitk/Library/Mobile\ Documents/com\~apple\~CloudDocs/xcode/Crulish
    builtin-copy -exclude .DS_Store -exclude CVS -exclude .svn -exclude .git -exclude .hg -resolve-src-symlinks /Users/tankonitk/Library/Mobile\ Documents/com\~apple\~CloudDocs/xcode/Crulish/en01/Resources/1/2015年-考研英语一-真题.pdf /Users/tankonitk/Library/Developer/Xcode/DerivedData/en01-ansyddkftxpufufiswdighzryqrt/Build/Products/Debug-iphonesimulator/en01.app

CpResource /Users/tankonitk/Library/Developer/Xcode/DerivedData/en01-ansyddkftxpufufiswdighzryqrt/Build/Products/Debug-iphonesimulator/en01.app/2014年-考研英语二-真题.pdf /Users/tankonitk/Library/Mobile\ Documents/com~apple~CloudDocs/xcode/Crulish/en01/Resources/2/2014年-考研英语二-真题.pdf (in target 'en01' from project 'en01')
    cd /Users/tankonitk/Library/Mobile\ Documents/com\~apple\~CloudDocs/xcode/Crulish
    builtin-copy -exclude .DS_Store -exclude CVS -exclude .svn -exclude .git -exclude .hg -resolve-src-symlinks /Users/tankonitk/Library/Mobile\ Documents/com\~apple\~CloudDocs/xcode/Crulish/en01/Resources/2/2014年-考研英语二-真题.pdf /Users/tankonitk/Library/Developer/Xcode/DerivedData/en01-ansyddkftxpufufiswdighzryqrt/Build/Products/Debug-iphonesimulator/en01.app

CpResource /Users/tankonitk/Library/Developer/Xcode/DerivedData/en01-ansyddkftxpufufiswdighzryqrt/Build/Products/Debug-iphonesimulator/en01.app/2014年-考研英语一-真题.pdf /Users/tankonitk/Library/Mobile\ Documents/com~apple~CloudDocs/xcode/Crulish/en01/Resources/1/2014年-考研英语一-真题.pdf (in target 'en01' from project 'en01')
    cd /Users/tankonitk/Library/Mobile\ Documents/com\~apple\~CloudDocs/xcode/Crulish
    builtin-copy -exclude .DS_Store -exclude CVS -exclude .svn -exclude .git -exclude .hg -resolve-src-symlinks /Users/tankonitk/Library/Mobile\ Documents/com\~apple\~CloudDocs/xcode/Crulish/en01/Resources/1/2014年-考研英语一-真题.pdf /Users/tankonitk/Library/Developer/Xcode/DerivedData/en01-ansyddkftxpufufiswdighzryqrt/Build/Products/Debug-iphonesimulator/en01.app

CpResource /Users/tankonitk/Library/Developer/Xcode/DerivedData/en01-ansyddkftxpufufiswdighzryqrt/Build/Products/Debug-iphonesimulator/en01.app/2013年-考研英语二-真题.pdf /Users/tankonitk/Library/Mobile\ Documents/com~apple~CloudDocs/xcode/Crulish/en01/Resources/2/2013年-考研英语二-真题.pdf (in target 'en01' from project 'en01')
    cd /Users/tankonitk/Library/Mobile\ Documents/com\~apple\~CloudDocs/xcode/Crulish
    builtin-copy -exclude .DS_Store -exclude CVS -exclude .svn -exclude .git -exclude .hg -resolve-src-symlinks /Users/tankonitk/Library/Mobile\ Documents/com\~apple\~CloudDocs/xcode/Crulish/en01/Resources/2/2013年-考研英语二-真题.pdf /Users/tankonitk/Library/Developer/Xcode/DerivedData/en01-ansyddkftxpufufiswdighzryqrt/Build/Products/Debug-iphonesimulator/en01.app

CpResource /Users/tankonitk/Library/Developer/Xcode/DerivedData/en01-ansyddkftxpufufiswdighzryqrt/Build/Products/Debug-iphonesimulator/en01.app/2013年-考研英语一-真题.pdf /Users/tankonitk/Library/Mobile\ Documents/com~apple~CloudDocs/xcode/Crulish/en01/Resources/1/2013年-考研英语一-真题.pdf (in target 'en01' from project 'en01')
    cd /Users/tankonitk/Library/Mobile\ Documents/com\~apple\~CloudDocs/xcode/Crulish
    builtin-copy -exclude .DS_Store -exclude CVS -exclude .svn -exclude .git -exclude .hg -resolve-src-symlinks /Users/tankonitk/Library/Mobile\ Documents/com\~apple\~CloudDocs/xcode/Crulish/en01/Resources/1/2013年-考研英语一-真题.pdf /Users/tankonitk/Library/Developer/Xcode/DerivedData/en01-ansyddkftxpufufiswdighzryqrt/Build/Products/Debug-iphonesimulator/en01.app

CpResource /Users/tankonitk/Library/Developer/Xcode/DerivedData/en01-ansyddkftxpufufiswdighzryqrt/Build/Products/Debug-iphonesimulator/en01.app/2012年-考研英语二-真题.pdf /Users/tankonitk/Library/Mobile\ Documents/com~apple~CloudDocs/xcode/Crulish/en01/Resources/2/2012年-考研英语二-真题.pdf (in target 'en01' from project 'en01')
    cd /Users/tankonitk/Library/Mobile\ Documents/com\~apple\~CloudDocs/xcode/Crulish
    builtin-copy -exclude .DS_Store -exclude CVS -exclude .svn -exclude .git -exclude .hg -resolve-src-symlinks /Users/tankonitk/Library/Mobile\ Documents/com\~apple\~CloudDocs/xcode/Crulish/en01/Resources/2/2012年-考研英语二-真题.pdf /Users/tankonitk/Library/Developer/Xcode/DerivedData/en01-ansyddkftxpufufiswdighzryqrt/Build/Products/Debug-iphonesimulator/en01.app

CpResource /Users/tankonitk/Library/Developer/Xcode/DerivedData/en01-ansyddkftxpufufiswdighzryqrt/Build/Products/Debug-iphonesimulator/en01.app/2012年-考研英语一-真题.pdf /Users/tankonitk/Library/Mobile\ Documents/com~apple~CloudDocs/xcode/Crulish/en01/Resources/1/2012年-考研英语一-真题.pdf (in target 'en01' from project 'en01')
    cd /Users/tankonitk/Library/Mobile\ Documents/com\~apple\~CloudDocs/xcode/Crulish
    builtin-copy -exclude .DS_Store -exclude CVS -exclude .svn -exclude .git -exclude .hg -resolve-src-symlinks /Users/tankonitk/Library/Mobile\ Documents/com\~apple\~CloudDocs/xcode/Crulish/en01/Resources/1/2012年-考研英语一-真题.pdf /Users/tankonitk/Library/Developer/Xcode/DerivedData/en01-ansyddkftxpufufiswdighzryqrt/Build/Products/Debug-iphonesimulator/en01.app

CpResource /Users/tankonitk/Library/Developer/Xcode/DerivedData/en01-ansyddkftxpufufiswdighzryqrt/Build/Products/Debug-iphonesimulator/en01.app/2011年-考研英语二-真题.pdf /Users/tankonitk/Library/Mobile\ Documents/com~apple~CloudDocs/xcode/Crulish/en01/Resources/2/2011年-考研英语二-真题.pdf (in target 'en01' from project 'en01')
    cd /Users/tankonitk/Library/Mobile\ Documents/com\~apple\~CloudDocs/xcode/Crulish
    builtin-copy -exclude .DS_Store -exclude CVS -exclude .svn -exclude .git -exclude .hg -resolve-src-symlinks /Users/tankonitk/Library/Mobile\ Documents/com\~apple\~CloudDocs/xcode/Crulish/en01/Resources/2/2011年-考研英语二-真题.pdf /Users/tankonitk/Library/Developer/Xcode/DerivedData/en01-ansyddkftxpufufiswdighzryqrt/Build/Products/Debug-iphonesimulator/en01.app

CpResource /Users/tankonitk/Library/Developer/Xcode/DerivedData/en01-ansyddkftxpufufiswdighzryqrt/Build/Products/Debug-iphonesimulator/en01.app/2011年-考研英语一-真题.pdf /Users/tankonitk/Library/Mobile\ Documents/com~apple~CloudDocs/xcode/Crulish/en01/Resources/1/2011年-考研英语一-真题.pdf (in target 'en01' from project 'en01')
    cd /Users/tankonitk/Library/Mobile\ Documents/com\~apple\~CloudDocs/xcode/Crulish
    builtin-copy -exclude .DS_Store -exclude CVS -exclude .svn -exclude .git -exclude .hg -resolve-src-symlinks /Users/tankonitk/Library/Mobile\ Documents/com\~apple\~CloudDocs/xcode/Crulish/en01/Resources/1/2011年-考研英语一-真题.pdf /Users/tankonitk/Library/Developer/Xcode/DerivedData/en01-ansyddkftxpufufiswdighzryqrt/Build/Products/Debug-iphonesimulator/en01.app

CpResource /Users/tankonitk/Library/Developer/Xcode/DerivedData/en01-ansyddkftxpufufiswdighzryqrt/Build/Products/Debug-iphonesimulator/en01.app/2010年-考研英语二-真题.pdf /Users/tankonitk/Library/Mobile\ Documents/com~apple~CloudDocs/xcode/Crulish/en01/Resources/2/2010年-考研英语二-真题.pdf (in target 'en01' from project 'en01')
    cd /Users/tankonitk/Library/Mobile\ Documents/com\~apple\~CloudDocs/xcode/Crulish
    builtin-copy -exclude .DS_Store -exclude CVS -exclude .svn -exclude .git -exclude .hg -resolve-src-symlinks /Users/tankonitk/Library/Mobile\ Documents/com\~apple\~CloudDocs/xcode/Crulish/en01/Resources/2/2010年-考研英语二-真题.pdf /Users/tankonitk/Library/Developer/Xcode/DerivedData/en01-ansyddkftxpufufiswdighzryqrt/Build/Products/Debug-iphonesimulator/en01.app

CpResource /Users/tankonitk/Library/Developer/Xcode/DerivedData/en01-ansyddkftxpufufiswdighzryqrt/Build/Products/Debug-iphonesimulator/en01.app/2010年-考研英语一-真题.pdf /Users/tankonitk/Library/Mobile\ Documents/com~apple~CloudDocs/xcode/Crulish/en01/Resources/1/2010年-考研英语一-真题.pdf (in target 'en01' from project 'en01')
    cd /Users/tankonitk/Library/Mobile\ Documents/com\~apple\~CloudDocs/xcode/Crulish
    builtin-copy -exclude .DS_Store -exclude CVS -exclude .svn -exclude .git -exclude .hg -resolve-src-symlinks /Users/tankonitk/Library/Mobile\ Documents/com\~apple\~CloudDocs/xcode/Crulish/en01/Resources/1/2010年-考研英语一-真题.pdf /Users/tankonitk/Library/Developer/Xcode/DerivedData/en01-ansyddkftxpufufiswdighzryqrt/Build/Products/Debug-iphonesimulator/en01.app

CpResource /Users/tankonitk/Library/Developer/Xcode/DerivedData/en01-ansyddkftxpufufiswdighzryqrt/Build/Products/Debug-iphonesimulator/en01.app/2009年-考研英语-真题.pdf /Users/tankonitk/Library/Mobile\ Documents/com~apple~CloudDocs/xcode/Crulish/en01/Resources/0/2009年-考研英语-真题.pdf (in target 'en01' from project 'en01')
    cd /Users/tankonitk/Library/Mobile\ Documents/com\~apple\~CloudDocs/xcode/Crulish
    builtin-copy -exclude .DS_Store -exclude CVS -exclude .svn -exclude .git -exclude .hg -resolve-src-symlinks /Users/tankonitk/Library/Mobile\ Documents/com\~apple\~CloudDocs/xcode/Crulish/en01/Resources/0/2009年-考研英语-真题.pdf /Users/tankonitk/Library/Developer/Xcode/DerivedData/en01-ansyddkftxpufufiswdighzryqrt/Build/Products/Debug-iphonesimulator/en01.app

CpResource /Users/tankonitk/Library/Developer/Xcode/DerivedData/en01-ansyddkftxpufufiswdighzryqrt/Build/Products/Debug-iphonesimulator/en01.app/2006年-考研英语-真题.pdf /Users/tankonitk/Library/Mobile\ Documents/com~apple~CloudDocs/xcode/Crulish/en01/Resources/0/2006年-考研英语-真题.pdf (in target 'en01' from project 'en01')
    cd /Users/tankonitk/Library/Mobile\ Documents/com\~apple\~CloudDocs/xcode/Crulish
    builtin-copy -exclude .DS_Store -exclude CVS -exclude .svn -exclude .git -exclude .hg -resolve-src-symlinks /Users/tankonitk/Library/Mobile\ Documents/com\~apple\~CloudDocs/xcode/Crulish/en01/Resources/0/2006年-考研英语-真题.pdf /Users/tankonitk/Library/Developer/Xcode/DerivedData/en01-ansyddkftxpufufiswdighzryqrt/Build/Products/Debug-iphonesimulator/en01.app

CpResource /Users/tankonitk/Library/Developer/Xcode/DerivedData/en01-ansyddkftxpufufiswdighzryqrt/Build/Products/Debug-iphonesimulator/en01.app/2005年-考研英语-真题.pdf /Users/tankonitk/Library/Mobile\ Documents/com~apple~CloudDocs/xcode/Crulish/en01/Resources/0/2005年-考研英语-真题.pdf (in target 'en01' from project 'en01')
    cd /Users/tankonitk/Library/Mobile\ Documents/com\~apple\~CloudDocs/xcode/Crulish
    builtin-copy -exclude .DS_Store -exclude CVS -exclude .svn -exclude .git -exclude .hg -resolve-src-symlinks /Users/tankonitk/Library/Mobile\ Documents/com\~apple\~CloudDocs/xcode/Crulish/en01/Resources/0/2005年-考研英语-真题.pdf /Users/tankonitk/Library/Developer/Xcode/DerivedData/en01-ansyddkftxpufufiswdighzryqrt/Build/Products/Debug-iphonesimulator/en01.app

CpResource /Users/tankonitk/Library/Developer/Xcode/DerivedData/en01-ansyddkftxpufufiswdighzryqrt/Build/Products/Debug-iphonesimulator/en01.app/2004年-考研英语-真题.pdf /Users/tankonitk/Library/Mobile\ Documents/com~apple~CloudDocs/xcode/Crulish/en01/Resources/0/2004年-考研英语-真题.pdf (in target 'en01' from project 'en01')
    cd /Users/tankonitk/Library/Mobile\ Documents/com\~apple\~CloudDocs/xcode/Crulish
    builtin-copy -exclude .DS_Store -exclude CVS -exclude .svn -exclude .git -exclude .hg -resolve-src-symlinks /Users/tankonitk/Library/Mobile\ Documents/com\~apple\~CloudDocs/xcode/Crulish/en01/Resources/0/2004年-考研英语-真题.pdf /Users/tankonitk/Library/Developer/Xcode/DerivedData/en01-ansyddkftxpufufiswdighzryqrt/Build/Products/Debug-iphonesimulator/en01.app

CpResource /Users/tankonitk/Library/Developer/Xcode/DerivedData/en01-ansyddkftxpufufiswdighzryqrt/Build/Products/Debug-iphonesimulator/en01.app/2003年-考研英语-真题.pdf /Users/tankonitk/Library/Mobile\ Documents/com~apple~CloudDocs/xcode/Crulish/en01/Resources/0/2003年-考研英语-真题.pdf (in target 'en01' from project 'en01')
    cd /Users/tankonitk/Library/Mobile\ Documents/com\~apple\~CloudDocs/xcode/Crulish
    builtin-copy -exclude .DS_Store -exclude CVS -exclude .svn -exclude .git -exclude .hg -resolve-src-symlinks /Users/tankonitk/Library/Mobile\ Documents/com\~apple\~CloudDocs/xcode/Crulish/en01/Resources/0/2003年-考研英语-真题.pdf /Users/tankonitk/Library/Developer/Xcode/DerivedData/en01-ansyddkftxpufufiswdighzryqrt/Build/Products/Debug-iphonesimulator/en01.app

SwiftDriver en01 normal arm64 com.apple.xcode.tools.swift.compiler (in target 'en01' from project 'en01')
    cd /Users/tankonitk/Library/Mobile\ Documents/com\~apple\~CloudDocs/xcode/Crulish
    builtin-SwiftDriver -- /Applications/Xcode.app/Contents/Developer/Toolchains/XcodeDefault.xctoolchain/usr/bin/swiftc -module-name en01 -Onone -enforce-exclusivity\=checked @/Users/tankonitk/Library/Developer/Xcode/DerivedData/en01-ansyddkftxpufufiswdighzryqrt/Build/Intermediates.noindex/en01.build/Debug-iphonesimulator/en01.build/Objects-normal/arm64/en01.SwiftFileList -DDEBUG -enable-bare-slash-regex -enable-experimental-feature DebugDescriptionMacro -sdk /Applications/Xcode.app/Contents/Developer/Platforms/iPhoneSimulator.platform/Developer/SDKs/iPhoneSimulator18.4.sdk -target arm64-apple-ios17.6-simulator -g -module-cache-path /Users/tankonitk/Library/Developer/Xcode/DerivedData/ModuleCache.noindex -Xfrontend -serialize-debugging-options -profile-coverage-mapping -profile-generate -enable-testing -index-store-path /Users/tankonitk/Library/Developer/Xcode/DerivedData/en01-ansyddkftxpufufiswdighzryqrt/Index.noindex/DataStore -swift-version 5 -I /Users/tankonitk/Library/Developer/Xcode/DerivedData/en01-ansyddkftxpufufiswdighzryqrt/Build/Products/Debug-iphonesimulator -F /Users/tankonitk/Library/Developer/Xcode/DerivedData/en01-ansyddkftxpufufiswdighzryqrt/Build/Products/Debug-iphonesimulator -emit-localized-strings -emit-localized-strings-path /Users/tankonitk/Library/Developer/Xcode/DerivedData/en01-ansyddkftxpufufiswdighzryqrt/Build/Intermediates.noindex/en01.build/Debug-iphonesimulator/en01.build/Objects-normal/arm64 -c -j10 -enable-batch-mode -incremental -Xcc -ivfsstatcache -Xcc /Users/tankonitk/Library/Developer/Xcode/DerivedData/SDKStatCaches.noindex/iphonesimulator18.4-22E235-71825a6d136aa4733edcbe86ece5525b.sdkstatcache -output-file-map /Users/tankonitk/Library/Developer/Xcode/DerivedData/en01-ansyddkftxpufufiswdighzryqrt/Build/Intermediates.noindex/en01.build/Debug-iphonesimulator/en01.build/Objects-normal/arm64/en01-OutputFileMap.json -use-frontend-parseable-output -save-temps -no-color-diagnostics -serialize-diagnostics -emit-dependencies -emit-module -emit-module-path /Users/tankonitk/Library/Developer/Xcode/DerivedData/en01-ansyddkftxpufufiswdighzryqrt/Build/Intermediates.noindex/en01.build/Debug-iphonesimulator/en01.build/Objects-normal/arm64/en01.swiftmodule -validate-clang-modules-once -clang-build-session-file /Users/tankonitk/Library/Developer/Xcode/DerivedData/ModuleCache.noindex/Session.modulevalidation -Xcc -I/Users/tankonitk/Library/Developer/Xcode/DerivedData/en01-ansyddkftxpufufiswdighzryqrt/Build/Intermediates.noindex/en01.build/Debug-iphonesimulator/en01.build/swift-overrides.hmap -emit-const-values -Xfrontend -const-gather-protocols-file -Xfrontend /Users/tankonitk/Library/Developer/Xcode/DerivedData/en01-ansyddkftxpufufiswdighzryqrt/Build/Intermediates.noindex/en01.build/Debug-iphonesimulator/en01.build/Objects-normal/arm64/en01_const_extract_protocols.json -Xcc -iquote -Xcc /Users/tankonitk/Library/Developer/Xcode/DerivedData/en01-ansyddkftxpufufiswdighzryqrt/Build/Intermediates.noindex/en01.build/Debug-iphonesimulator/en01.build/en01-generated-files.hmap -Xcc -I/Users/tankonitk/Library/Developer/Xcode/DerivedData/en01-ansyddkftxpufufiswdighzryqrt/Build/Intermediates.noindex/en01.build/Debug-iphonesimulator/en01.build/en01-own-target-headers.hmap -Xcc -I/Users/tankonitk/Library/Developer/Xcode/DerivedData/en01-ansyddkftxpufufiswdighzryqrt/Build/Intermediates.noindex/en01.build/Debug-iphonesimulator/en01.build/en01-all-target-headers.hmap -Xcc -iquote -Xcc /Users/tankonitk/Library/Developer/Xcode/DerivedData/en01-ansyddkftxpufufiswdighzryqrt/Build/Intermediates.noindex/en01.build/Debug-iphonesimulator/en01.build/en01-project-headers.hmap -Xcc -I/Users/tankonitk/Library/Developer/Xcode/DerivedData/en01-ansyddkftxpufufiswdighzryqrt/Build/Products/Debug-iphonesimulator/include -Xcc -I/Users/tankonitk/Library/Developer/Xcode/DerivedData/en01-ansyddkftxpufufiswdighzryqrt/Build/Intermediates.noindex/en01.build/Debug-iphonesimulator/en01.build/DerivedSources-normal/arm64 -Xcc -I/Users/tankonitk/Library/Developer/Xcode/DerivedData/en01-ansyddkftxpufufiswdighzryqrt/Build/Intermediates.noindex/en01.build/Debug-iphonesimulator/en01.build/DerivedSources/arm64 -Xcc -I/Users/tankonitk/Library/Developer/Xcode/DerivedData/en01-ansyddkftxpufufiswdighzryqrt/Build/Intermediates.noindex/en01.build/Debug-iphonesimulator/en01.build/DerivedSources -Xcc -DDEBUG\=1 -emit-objc-header -emit-objc-header-path /Users/tankonitk/Library/Developer/Xcode/DerivedData/en01-ansyddkftxpufufiswdighzryqrt/Build/Intermediates.noindex/en01.build/Debug-iphonesimulator/en01.build/Objects-normal/arm64/en01-Swift.h -working-directory /Users/tankonitk/Library/Mobile\ Documents/com\~apple\~CloudDocs/xcode/Crulish -experimental-emit-module-separately -disable-cmo

SwiftDriver en01 normal x86_64 com.apple.xcode.tools.swift.compiler (in target 'en01' from project 'en01')
    cd /Users/tankonitk/Library/Mobile\ Documents/com\~apple\~CloudDocs/xcode/Crulish
    builtin-SwiftDriver -- /Applications/Xcode.app/Contents/Developer/Toolchains/XcodeDefault.xctoolchain/usr/bin/swiftc -module-name en01 -Onone -enforce-exclusivity\=checked @/Users/tankonitk/Library/Developer/Xcode/DerivedData/en01-ansyddkftxpufufiswdighzryqrt/Build/Intermediates.noindex/en01.build/Debug-iphonesimulator/en01.build/Objects-normal/x86_64/en01.SwiftFileList -DDEBUG -enable-bare-slash-regex -enable-experimental-feature DebugDescriptionMacro -sdk /Applications/Xcode.app/Contents/Developer/Platforms/iPhoneSimulator.platform/Developer/SDKs/iPhoneSimulator18.4.sdk -target x86_64-apple-ios17.6-simulator -g -module-cache-path /Users/tankonitk/Library/Developer/Xcode/DerivedData/ModuleCache.noindex -Xfrontend -serialize-debugging-options -profile-coverage-mapping -profile-generate -enable-testing -index-store-path /Users/tankonitk/Library/Developer/Xcode/DerivedData/en01-ansyddkftxpufufiswdighzryqrt/Index.noindex/DataStore -swift-version 5 -I /Users/tankonitk/Library/Developer/Xcode/DerivedData/en01-ansyddkftxpufufiswdighzryqrt/Build/Products/Debug-iphonesimulator -F /Users/tankonitk/Library/Developer/Xcode/DerivedData/en01-ansyddkftxpufufiswdighzryqrt/Build/Products/Debug-iphonesimulator -emit-localized-strings -emit-localized-strings-path /Users/tankonitk/Library/Developer/Xcode/DerivedData/en01-ansyddkftxpufufiswdighzryqrt/Build/Intermediates.noindex/en01.build/Debug-iphonesimulator/en01.build/Objects-normal/x86_64 -c -j10 -enable-batch-mode -incremental -Xcc -ivfsstatcache -Xcc /Users/tankonitk/Library/Developer/Xcode/DerivedData/SDKStatCaches.noindex/iphonesimulator18.4-22E235-71825a6d136aa4733edcbe86ece5525b.sdkstatcache -output-file-map /Users/tankonitk/Library/Developer/Xcode/DerivedData/en01-ansyddkftxpufufiswdighzryqrt/Build/Intermediates.noindex/en01.build/Debug-iphonesimulator/en01.build/Objects-normal/x86_64/en01-OutputFileMap.json -use-frontend-parseable-output -save-temps -no-color-diagnostics -serialize-diagnostics -emit-dependencies -emit-module -emit-module-path /Users/tankonitk/Library/Developer/Xcode/DerivedData/en01-ansyddkftxpufufiswdighzryqrt/Build/Intermediates.noindex/en01.build/Debug-iphonesimulator/en01.build/Objects-normal/x86_64/en01.swiftmodule -validate-clang-modules-once -clang-build-session-file /Users/tankonitk/Library/Developer/Xcode/DerivedData/ModuleCache.noindex/Session.modulevalidation -Xcc -I/Users/tankonitk/Library/Developer/Xcode/DerivedData/en01-ansyddkftxpufufiswdighzryqrt/Build/Intermediates.noindex/en01.build/Debug-iphonesimulator/en01.build/swift-overrides.hmap -emit-const-values -Xfrontend -const-gather-protocols-file -Xfrontend /Users/tankonitk/Library/Developer/Xcode/DerivedData/en01-ansyddkftxpufufiswdighzryqrt/Build/Intermediates.noindex/en01.build/Debug-iphonesimulator/en01.build/Objects-normal/x86_64/en01_const_extract_protocols.json -Xcc -iquote -Xcc /Users/tankonitk/Library/Developer/Xcode/DerivedData/en01-ansyddkftxpufufiswdighzryqrt/Build/Intermediates.noindex/en01.build/Debug-iphonesimulator/en01.build/en01-generated-files.hmap -Xcc -I/Users/tankonitk/Library/Developer/Xcode/DerivedData/en01-ansyddkftxpufufiswdighzryqrt/Build/Intermediates.noindex/en01.build/Debug-iphonesimulator/en01.build/en01-own-target-headers.hmap -Xcc -I/Users/tankonitk/Library/Developer/Xcode/DerivedData/en01-ansyddkftxpufufiswdighzryqrt/Build/Intermediates.noindex/en01.build/Debug-iphonesimulator/en01.build/en01-all-target-headers.hmap -Xcc -iquote -Xcc /Users/tankonitk/Library/Developer/Xcode/DerivedData/en01-ansyddkftxpufufiswdighzryqrt/Build/Intermediates.noindex/en01.build/Debug-iphonesimulator/en01.build/en01-project-headers.hmap -Xcc -I/Users/tankonitk/Library/Developer/Xcode/DerivedData/en01-ansyddkftxpufufiswdighzryqrt/Build/Products/Debug-iphonesimulator/include -Xcc -I/Users/tankonitk/Library/Developer/Xcode/DerivedData/en01-ansyddkftxpufufiswdighzryqrt/Build/Intermediates.noindex/en01.build/Debug-iphonesimulator/en01.build/DerivedSources-normal/x86_64 -Xcc -I/Users/tankonitk/Library/Developer/Xcode/DerivedData/en01-ansyddkftxpufufiswdighzryqrt/Build/Intermediates.noindex/en01.build/Debug-iphonesimulator/en01.build/DerivedSources/x86_64 -Xcc -I/Users/tankonitk/Library/Developer/Xcode/DerivedData/en01-ansyddkftxpufufiswdighzryqrt/Build/Intermediates.noindex/en01.build/Debug-iphonesimulator/en01.build/DerivedSources -Xcc -DDEBUG\=1 -emit-objc-header -emit-objc-header-path /Users/tankonitk/Library/Developer/Xcode/DerivedData/en01-ansyddkftxpufufiswdighzryqrt/Build/Intermediates.noindex/en01.build/Debug-iphonesimulator/en01.build/Objects-normal/x86_64/en01-Swift.h -working-directory /Users/tankonitk/Library/Mobile\ Documents/com\~apple\~CloudDocs/xcode/Crulish -experimental-emit-module-separately -disable-cmo

SwiftCompile normal x86_64 Compiling\ GroupSelectionCard.swift,\ OnlineTranslationProvider.swift,\ TestedWordEntity+CoreDataClass.swift,\ VocabularyTest.swift,\ PerformanceTestResultsView.swift,\ AIModelSelectionView.swift,\ ProgressDashboardView.swift,\ StatisticsView.swift,\ AdaptiveSettingsSheet.swift,\ LearningBehaviorAnalyzer.swift,\ StudyRecommendation.swift,\ MemoryManager.swift,\ TranslationModels.swift,\ PerformanceMonitorView.swift,\ VocabularyTestService.swift,\ CryptoExtensions.swift /Users/tankonitk/Library/Mobile\ Documents/com~apple~CloudDocs/xcode/Crulish/en01/Views/Components/GroupSelectionCard.swift /Users/tankonitk/Library/Mobile\ Documents/com~apple~CloudDocs/xcode/Crulish/en01/Services/OnlineTranslationProvider.swift /Users/tankonitk/Library/Mobile\ Documents/com~apple~CloudDocs/xcode/Crulish/en01/Models/TestedWordEntity+CoreDataClass.swift /Users/tankonitk/Library/Mobile\ Documents/com~apple~CloudDocs/xcode/Crulish/en01/Models/VocabularyTest.swift /Users/tankonitk/Library/Mobile\ Documents/com~apple~CloudDocs/xcode/Crulish/en01/Views/PerformanceTestResultsView.swift /Users/tankonitk/Library/Mobile\ Documents/com~apple~CloudDocs/xcode/Crulish/en01/Views/AIModelSelectionView.swift /Users/tankonitk/Library/Mobile\ Documents/com~apple~CloudDocs/xcode/Crulish/en01/Views/ProgressDashboardView.swift /Users/tankonitk/Library/Mobile\ Documents/com~apple~CloudDocs/xcode/Crulish/en01/Views/StatisticsView.swift /Users/tankonitk/Library/Mobile\ Documents/com~apple~CloudDocs/xcode/Crulish/en01/Views/Components/AdaptiveSettingsSheet.swift /Users/tankonitk/Library/Mobile\ Documents/com~apple~CloudDocs/xcode/Crulish/en01/Services/LearningBehaviorAnalyzer.swift /Users/tankonitk/Library/Mobile\ Documents/com~apple~CloudDocs/xcode/Crulish/en01/Models/StudyRecommendation.swift /Users/tankonitk/Library/Mobile\ Documents/com~apple~CloudDocs/xcode/Crulish/en01/Utils/MemoryManager.swift /Users/tankonitk/Library/Mobile\ Documents/com~apple~CloudDocs/xcode/Crulish/en01/Models/TranslationModels.swift /Users/tankonitk/Library/Mobile\ Documents/com~apple~CloudDocs/xcode/Crulish/en01/Views/PerformanceMonitorView.swift /Users/tankonitk/Library/Mobile\ Documents/com~apple~CloudDocs/xcode/Crulish/en01/Services/VocabularyTestService.swift /Users/tankonitk/Library/Mobile\ Documents/com~apple~CloudDocs/xcode/Crulish/en01/Utils/CryptoExtensions.swift (in target 'en01' from project 'en01')
SwiftCompile normal x86_64 /Users/tankonitk/Library/Mobile\ Documents/com~apple~CloudDocs/xcode/Crulish/en01/Views/Components/GroupSelectionCard.swift (in target 'en01' from project 'en01')
    cd /Users/tankonitk/Library/Mobile\ Documents/com\~apple\~CloudDocs/xcode/Crulish
    

SwiftCompile normal x86_64 /Users/tankonitk/Library/Mobile\ Documents/com~apple~CloudDocs/xcode/Crulish/en01/Services/OnlineTranslationProvider.swift (in target 'en01' from project 'en01')
    cd /Users/tankonitk/Library/Mobile\ Documents/com\~apple\~CloudDocs/xcode/Crulish
    

SwiftCompile normal x86_64 /Users/tankonitk/Library/Mobile\ Documents/com~apple~CloudDocs/xcode/Crulish/en01/Models/TestedWordEntity+CoreDataClass.swift (in target 'en01' from project 'en01')
    cd /Users/tankonitk/Library/Mobile\ Documents/com\~apple\~CloudDocs/xcode/Crulish
    

SwiftCompile normal x86_64 /Users/tankonitk/Library/Mobile\ Documents/com~apple~CloudDocs/xcode/Crulish/en01/Models/VocabularyTest.swift (in target 'en01' from project 'en01')
    cd /Users/tankonitk/Library/Mobile\ Documents/com\~apple\~CloudDocs/xcode/Crulish
    

SwiftCompile normal x86_64 /Users/tankonitk/Library/Mobile\ Documents/com~apple~CloudDocs/xcode/Crulish/en01/Views/PerformanceTestResultsView.swift (in target 'en01' from project 'en01')
    cd /Users/tankonitk/Library/Mobile\ Documents/com\~apple\~CloudDocs/xcode/Crulish
    

SwiftCompile normal x86_64 /Users/tankonitk/Library/Mobile\ Documents/com~apple~CloudDocs/xcode/Crulish/en01/Views/AIModelSelectionView.swift (in target 'en01' from project 'en01')
    cd /Users/tankonitk/Library/Mobile\ Documents/com\~apple\~CloudDocs/xcode/Crulish
    

SwiftCompile normal x86_64 /Users/tankonitk/Library/Mobile\ Documents/com~apple~CloudDocs/xcode/Crulish/en01/Views/ProgressDashboardView.swift (in target 'en01' from project 'en01')
    cd /Users/tankonitk/Library/Mobile\ Documents/com\~apple\~CloudDocs/xcode/Crulish
    

SwiftCompile normal x86_64 /Users/tankonitk/Library/Mobile\ Documents/com~apple~CloudDocs/xcode/Crulish/en01/Views/StatisticsView.swift (in target 'en01' from project 'en01')
    cd /Users/tankonitk/Library/Mobile\ Documents/com\~apple\~CloudDocs/xcode/Crulish
    

SwiftCompile normal x86_64 /Users/tankonitk/Library/Mobile\ Documents/com~apple~CloudDocs/xcode/Crulish/en01/Views/Components/AdaptiveSettingsSheet.swift (in target 'en01' from project 'en01')
    cd /Users/tankonitk/Library/Mobile\ Documents/com\~apple\~CloudDocs/xcode/Crulish
    

SwiftCompile normal x86_64 /Users/tankonitk/Library/Mobile\ Documents/com~apple~CloudDocs/xcode/Crulish/en01/Services/LearningBehaviorAnalyzer.swift (in target 'en01' from project 'en01')
    cd /Users/tankonitk/Library/Mobile\ Documents/com\~apple\~CloudDocs/xcode/Crulish
    

SwiftCompile normal x86_64 /Users/tankonitk/Library/Mobile\ Documents/com~apple~CloudDocs/xcode/Crulish/en01/Models/StudyRecommendation.swift (in target 'en01' from project 'en01')
    cd /Users/tankonitk/Library/Mobile\ Documents/com\~apple\~CloudDocs/xcode/Crulish
    

SwiftCompile normal x86_64 /Users/tankonitk/Library/Mobile\ Documents/com~apple~CloudDocs/xcode/Crulish/en01/Utils/MemoryManager.swift (in target 'en01' from project 'en01')
    cd /Users/tankonitk/Library/Mobile\ Documents/com\~apple\~CloudDocs/xcode/Crulish
    

SwiftCompile normal x86_64 /Users/tankonitk/Library/Mobile\ Documents/com~apple~CloudDocs/xcode/Crulish/en01/Models/TranslationModels.swift (in target 'en01' from project 'en01')
    cd /Users/tankonitk/Library/Mobile\ Documents/com\~apple\~CloudDocs/xcode/Crulish
    

SwiftCompile normal x86_64 /Users/tankonitk/Library/Mobile\ Documents/com~apple~CloudDocs/xcode/Crulish/en01/Views/PerformanceMonitorView.swift (in target 'en01' from project 'en01')
    cd /Users/tankonitk/Library/Mobile\ Documents/com\~apple\~CloudDocs/xcode/Crulish
    

SwiftCompile normal x86_64 /Users/tankonitk/Library/Mobile\ Documents/com~apple~CloudDocs/xcode/Crulish/en01/Services/VocabularyTestService.swift (in target 'en01' from project 'en01')
    cd /Users/tankonitk/Library/Mobile\ Documents/com\~apple\~CloudDocs/xcode/Crulish
    

SwiftCompile normal x86_64 /Users/tankonitk/Library/Mobile\ Documents/com~apple~CloudDocs/xcode/Crulish/en01/Utils/CryptoExtensions.swift (in target 'en01' from project 'en01')
    cd /Users/tankonitk/Library/Mobile\ Documents/com\~apple\~CloudDocs/xcode/Crulish
    

SwiftCompile normal x86_64 Compiling\ DetailedStatCard.swift,\ UnifiedCacheManager.swift,\ ReadingViewModel.swift,\ TestedWordEntity+CoreDataProperties.swift,\ WordLookupRecord.swift,\ Item.swift,\ TranslationServiceImpl.swift,\ MasteryProgressBar.swift,\ ErrorTypes.swift,\ StatItem.swift,\ Word.swift,\ AdaptiveRecommendationEngine.swift,\ UnifiedErrorHandler.swift,\ TranslationErrorHandler.swift,\ SettingsView.swift,\ YoudaoDictionaryParser.swift /Users/tankonitk/Library/Mobile\ Documents/com~apple~CloudDocs/xcode/Crulish/en01/Views/Components/DetailedStatCard.swift /Users/tankonitk/Library/Mobile\ Documents/com~apple~CloudDocs/xcode/Crulish/en01/Services/UnifiedCacheManager.swift /Users/tankonitk/Library/Mobile\ Documents/com~apple~CloudDocs/xcode/Crulish/en01/ViewModels/ReadingViewModel.swift /Users/tankonitk/Library/Mobile\ Documents/com~apple~CloudDocs/xcode/Crulish/en01/Models/TestedWordEntity+CoreDataProperties.swift /Users/tankonitk/Library/Mobile\ Documents/com~apple~CloudDocs/xcode/Crulish/en01/Models/WordLookupRecord.swift /Users/tankonitk/Library/Mobile\ Documents/com~apple~CloudDocs/xcode/Crulish/en01/Item.swift /Users/tankonitk/Library/Mobile\ Documents/com~apple~CloudDocs/xcode/Crulish/en01/Services/TranslationServiceImpl.swift /Users/tankonitk/Library/Mobile\ Documents/com~apple~CloudDocs/xcode/Crulish/en01/Views/Components/MasteryProgressBar.swift /Users/tankonitk/Library/Mobile\ Documents/com~apple~CloudDocs/xcode/Crulish/en01/Models/ErrorTypes.swift /Users/tankonitk/Library/Mobile\ Documents/com~apple~CloudDocs/xcode/Crulish/en01/Views/Components/StatItem.swift /Users/tankonitk/Library/Mobile\ Documents/com~apple~CloudDocs/xcode/Crulish/en01/Models/Word.swift /Users/tankonitk/Library/Mobile\ Documents/com~apple~CloudDocs/xcode/Crulish/en01/Services/AdaptiveRecommendationEngine.swift /Users/tankonitk/Library/Mobile\ Documents/com~apple~CloudDocs/xcode/Crulish/en01/Core/ErrorHandling/UnifiedErrorHandler.swift /Users/tankonitk/Library/Mobile\ Documents/com~apple~CloudDocs/xcode/Crulish/en01/Services/TranslationErrorHandler.swift /Users/tankonitk/Library/Mobile\ Documents/com~apple~CloudDocs/xcode/Crulish/en01/Views/SettingsView.swift /Users/tankonitk/Library/Mobile\ Documents/com~apple~CloudDocs/xcode/Crulish/en01/Services/YoudaoDictionaryParser.swift (in target 'en01' from project 'en01')
SwiftCompile normal x86_64 /Users/tankonitk/Library/Mobile\ Documents/com~apple~CloudDocs/xcode/Crulish/en01/Views/Components/DetailedStatCard.swift (in target 'en01' from project 'en01')
    cd /Users/tankonitk/Library/Mobile\ Documents/com\~apple\~CloudDocs/xcode/Crulish
    

SwiftCompile normal x86_64 /Users/tankonitk/Library/Mobile\ Documents/com~apple~CloudDocs/xcode/Crulish/en01/Services/UnifiedCacheManager.swift (in target 'en01' from project 'en01')
    cd /Users/tankonitk/Library/Mobile\ Documents/com\~apple\~CloudDocs/xcode/Crulish
    

SwiftCompile normal x86_64 /Users/tankonitk/Library/Mobile\ Documents/com~apple~CloudDocs/xcode/Crulish/en01/ViewModels/ReadingViewModel.swift (in target 'en01' from project 'en01')
    cd /Users/tankonitk/Library/Mobile\ Documents/com\~apple\~CloudDocs/xcode/Crulish
    

SwiftCompile normal x86_64 /Users/tankonitk/Library/Mobile\ Documents/com~apple~CloudDocs/xcode/Crulish/en01/Models/TestedWordEntity+CoreDataProperties.swift (in target 'en01' from project 'en01')
    cd /Users/tankonitk/Library/Mobile\ Documents/com\~apple\~CloudDocs/xcode/Crulish
    

SwiftCompile normal x86_64 /Users/tankonitk/Library/Mobile\ Documents/com~apple~CloudDocs/xcode/Crulish/en01/Models/WordLookupRecord.swift (in target 'en01' from project 'en01')
    cd /Users/tankonitk/Library/Mobile\ Documents/com\~apple\~CloudDocs/xcode/Crulish
    

SwiftCompile normal x86_64 /Users/tankonitk/Library/Mobile\ Documents/com~apple~CloudDocs/xcode/Crulish/en01/Item.swift (in target 'en01' from project 'en01')
    cd /Users/tankonitk/Library/Mobile\ Documents/com\~apple\~CloudDocs/xcode/Crulish
    

SwiftCompile normal x86_64 /Users/tankonitk/Library/Mobile\ Documents/com~apple~CloudDocs/xcode/Crulish/en01/Services/TranslationServiceImpl.swift (in target 'en01' from project 'en01')
    cd /Users/tankonitk/Library/Mobile\ Documents/com\~apple\~CloudDocs/xcode/Crulish
    

SwiftCompile normal x86_64 /Users/tankonitk/Library/Mobile\ Documents/com~apple~CloudDocs/xcode/Crulish/en01/Views/Components/MasteryProgressBar.swift (in target 'en01' from project 'en01')
    cd /Users/tankonitk/Library/Mobile\ Documents/com\~apple\~CloudDocs/xcode/Crulish
    

SwiftCompile normal x86_64 /Users/tankonitk/Library/Mobile\ Documents/com~apple~CloudDocs/xcode/Crulish/en01/Models/ErrorTypes.swift (in target 'en01' from project 'en01')
    cd /Users/tankonitk/Library/Mobile\ Documents/com\~apple\~CloudDocs/xcode/Crulish
    

SwiftCompile normal x86_64 /Users/tankonitk/Library/Mobile\ Documents/com~apple~CloudDocs/xcode/Crulish/en01/Views/Components/StatItem.swift (in target 'en01' from project 'en01')
    cd /Users/tankonitk/Library/Mobile\ Documents/com\~apple\~CloudDocs/xcode/Crulish
    

SwiftCompile normal x86_64 /Users/tankonitk/Library/Mobile\ Documents/com~apple~CloudDocs/xcode/Crulish/en01/Models/Word.swift (in target 'en01' from project 'en01')
    cd /Users/tankonitk/Library/Mobile\ Documents/com\~apple\~CloudDocs/xcode/Crulish
    

SwiftCompile normal x86_64 /Users/tankonitk/Library/Mobile\ Documents/com~apple~CloudDocs/xcode/Crulish/en01/Services/AdaptiveRecommendationEngine.swift (in target 'en01' from project 'en01')
    cd /Users/tankonitk/Library/Mobile\ Documents/com\~apple\~CloudDocs/xcode/Crulish
    

SwiftCompile normal x86_64 /Users/tankonitk/Library/Mobile\ Documents/com~apple~CloudDocs/xcode/Crulish/en01/Core/ErrorHandling/UnifiedErrorHandler.swift (in target 'en01' from project 'en01')
    cd /Users/tankonitk/Library/Mobile\ Documents/com\~apple\~CloudDocs/xcode/Crulish
    

SwiftCompile normal x86_64 /Users/tankonitk/Library/Mobile\ Documents/com~apple~CloudDocs/xcode/Crulish/en01/Services/TranslationErrorHandler.swift (in target 'en01' from project 'en01')
    cd /Users/tankonitk/Library/Mobile\ Documents/com\~apple\~CloudDocs/xcode/Crulish
    

SwiftCompile normal x86_64 /Users/tankonitk/Library/Mobile\ Documents/com~apple~CloudDocs/xcode/Crulish/en01/Views/SettingsView.swift (in target 'en01' from project 'en01')
    cd /Users/tankonitk/Library/Mobile\ Documents/com\~apple\~CloudDocs/xcode/Crulish
    

SwiftCompile normal x86_64 /Users/tankonitk/Library/Mobile\ Documents/com~apple~CloudDocs/xcode/Crulish/en01/Services/YoudaoDictionaryParser.swift (in target 'en01' from project 'en01')
    cd /Users/tankonitk/Library/Mobile\ Documents/com\~apple\~CloudDocs/xcode/Crulish
    

SwiftCompile normal x86_64 Compiling\ HybridReaderView.swift,\ TestModeCard.swift,\ SettingsModels.swift,\ TestWord.swift,\ LocalTranslationEngine.swift,\ DictionarySelectionView.swift,\ LearningStatisticsView.swift,\ WordInteractionProtocol.swift,\ LearningBehavior.swift,\ CommonTypes.swift,\ ReviewSessionRecord.swift,\ ArticleInteraction.swift,\ ProgressViewModel.swift,\ KeyboardManager.swift,\ KaoyanDictionary.swift,\ BaseService.swift /Users/tankonitk/Library/Mobile\ Documents/com~apple~CloudDocs/xcode/Crulish/en01/Views/HybridReaderView.swift /Users/tankonitk/Library/Mobile\ Documents/com~apple~CloudDocs/xcode/Crulish/en01/Views/TestModeCard.swift /Users/tankonitk/Library/Mobile\ Documents/com~apple~CloudDocs/xcode/Crulish/en01/Models/SettingsModels.swift /Users/tankonitk/Library/Mobile\ Documents/com~apple~CloudDocs/xcode/Crulish/en01/Models/TestWord.swift /Users/tankonitk/Library/Mobile\ Documents/com~apple~CloudDocs/xcode/Crulish/en01/Services/LocalTranslationEngine.swift /Users/tankonitk/Library/Mobile\ Documents/com~apple~CloudDocs/xcode/Crulish/en01/Views/DictionarySelectionView.swift /Users/tankonitk/Library/Mobile\ Documents/com~apple~CloudDocs/xcode/Crulish/en01/Views/LearningStatisticsView.swift /Users/tankonitk/Library/Mobile\ Documents/com~apple~CloudDocs/xcode/Crulish/en01/Core/Protocols/WordInteractionProtocol.swift /Users/tankonitk/Library/Mobile\ Documents/com~apple~CloudDocs/xcode/Crulish/en01/Models/LearningBehavior.swift /Users/tankonitk/Library/Mobile\ Documents/com~apple~CloudDocs/xcode/Crulish/en01/Models/CommonTypes.swift /Users/tankonitk/Library/Mobile\ Documents/com~apple~CloudDocs/xcode/Crulish/en01/Models/ReviewSessionRecord.swift /Users/tankonitk/Library/Mobile\ Documents/com~apple~CloudDocs/xcode/Crulish/en01/Models/ArticleInteraction.swift /Users/tankonitk/Library/Mobile\ Documents/com~apple~CloudDocs/xcode/Crulish/en01/ViewModels/ProgressViewModel.swift /Users/tankonitk/Library/Mobile\ Documents/com~apple~CloudDocs/xcode/Crulish/en01/Core/InputManagement/KeyboardManager.swift /Users/tankonitk/Library/Mobile\ Documents/com~apple~CloudDocs/xcode/Crulish/en01/Models/KaoyanDictionary.swift /Users/tankonitk/Library/Mobile\ Documents/com~apple~CloudDocs/xcode/Crulish/en01/Core/Services/BaseService.swift (in target 'en01' from project 'en01')

SwiftCompile normal x86_64 /Users/tankonitk/Library/Mobile\ Documents/com~apple~CloudDocs/xcode/Crulish/en01/Views/HybridReaderView.swift (in target 'en01' from project 'en01')
    cd /Users/tankonitk/Library/Mobile\ Documents/com\~apple\~CloudDocs/xcode/Crulish
    

SwiftCompile normal x86_64 /Users/tankonitk/Library/Mobile\ Documents/com~apple~CloudDocs/xcode/Crulish/en01/Views/TestModeCard.swift (in target 'en01' from project 'en01')
    cd /Users/tankonitk/Library/Mobile\ Documents/com\~apple\~CloudDocs/xcode/Crulish
    

SwiftCompile normal x86_64 /Users/tankonitk/Library/Mobile\ Documents/com~apple~CloudDocs/xcode/Crulish/en01/Models/SettingsModels.swift (in target 'en01' from project 'en01')
    cd /Users/tankonitk/Library/Mobile\ Documents/com\~apple\~CloudDocs/xcode/Crulish
    

SwiftCompile normal x86_64 /Users/tankonitk/Library/Mobile\ Documents/com~apple~CloudDocs/xcode/Crulish/en01/Models/TestWord.swift (in target 'en01' from project 'en01')
    cd /Users/tankonitk/Library/Mobile\ Documents/com\~apple\~CloudDocs/xcode/Crulish
    

SwiftCompile normal x86_64 /Users/tankonitk/Library/Mobile\ Documents/com~apple~CloudDocs/xcode/Crulish/en01/Services/LocalTranslationEngine.swift (in target 'en01' from project 'en01')
    cd /Users/tankonitk/Library/Mobile\ Documents/com\~apple\~CloudDocs/xcode/Crulish
    

SwiftCompile normal x86_64 /Users/tankonitk/Library/Mobile\ Documents/com~apple~CloudDocs/xcode/Crulish/en01/Views/DictionarySelectionView.swift (in target 'en01' from project 'en01')
    cd /Users/tankonitk/Library/Mobile\ Documents/com\~apple\~CloudDocs/xcode/Crulish
    

SwiftCompile normal x86_64 /Users/tankonitk/Library/Mobile\ Documents/com~apple~CloudDocs/xcode/Crulish/en01/Views/LearningStatisticsView.swift (in target 'en01' from project 'en01')
    cd /Users/tankonitk/Library/Mobile\ Documents/com\~apple\~CloudDocs/xcode/Crulish
    

SwiftCompile normal x86_64 /Users/tankonitk/Library/Mobile\ Documents/com~apple~CloudDocs/xcode/Crulish/en01/Core/Protocols/WordInteractionProtocol.swift (in target 'en01' from project 'en01')
    cd /Users/tankonitk/Library/Mobile\ Documents/com\~apple\~CloudDocs/xcode/Crulish
    

SwiftCompile normal x86_64 /Users/tankonitk/Library/Mobile\ Documents/com~apple~CloudDocs/xcode/Crulish/en01/Models/LearningBehavior.swift (in target 'en01' from project 'en01')
    cd /Users/tankonitk/Library/Mobile\ Documents/com\~apple\~CloudDocs/xcode/Crulish
    

SwiftCompile normal x86_64 /Users/tankonitk/Library/Mobile\ Documents/com~apple~CloudDocs/xcode/Crulish/en01/Models/CommonTypes.swift (in target 'en01' from project 'en01')
    cd /Users/tankonitk/Library/Mobile\ Documents/com\~apple\~CloudDocs/xcode/Crulish
    

SwiftCompile normal x86_64 /Users/tankonitk/Library/Mobile\ Documents/com~apple~CloudDocs/xcode/Crulish/en01/Models/ReviewSessionRecord.swift (in target 'en01' from project 'en01')
    cd /Users/tankonitk/Library/Mobile\ Documents/com\~apple\~CloudDocs/xcode/Crulish
    

SwiftCompile normal x86_64 /Users/tankonitk/Library/Mobile\ Documents/com~apple~CloudDocs/xcode/Crulish/en01/Models/ArticleInteraction.swift (in target 'en01' from project 'en01')
    cd /Users/tankonitk/Library/Mobile\ Documents/com\~apple\~CloudDocs/xcode/Crulish
    

SwiftCompile normal x86_64 /Users/tankonitk/Library/Mobile\ Documents/com~apple~CloudDocs/xcode/Crulish/en01/ViewModels/ProgressViewModel.swift (in target 'en01' from project 'en01')
    cd /Users/tankonitk/Library/Mobile\ Documents/com\~apple\~CloudDocs/xcode/Crulish
    

SwiftCompile normal x86_64 /Users/tankonitk/Library/Mobile\ Documents/com~apple~CloudDocs/xcode/Crulish/en01/Core/InputManagement/KeyboardManager.swift (in target 'en01' from project 'en01')
    cd /Users/tankonitk/Library/Mobile\ Documents/com\~apple\~CloudDocs/xcode/Crulish
    

SwiftCompile normal x86_64 /Users/tankonitk/Library/Mobile\ Documents/com~apple~CloudDocs/xcode/Crulish/en01/Models/KaoyanDictionary.swift (in target 'en01' from project 'en01')
    cd /Users/tankonitk/Library/Mobile\ Documents/com\~apple\~CloudDocs/xcode/Crulish
    

SwiftCompile normal x86_64 /Users/tankonitk/Library/Mobile\ Documents/com~apple~CloudDocs/xcode/Crulish/en01/Core/Services/BaseService.swift (in target 'en01' from project 'en01')
    cd /Users/tankonitk/Library/Mobile\ Documents/com\~apple\~CloudDocs/xcode/Crulish
    

SwiftCompile normal x86_64 Compiling\ VocabularyView.swift,\ StartupProgressManager.swift,\ PerformanceConfig.swift,\ ContinuousTextView.swift,\ PersonalDictionaryManager.swift,\ VocabularyTestEntity+CoreDataProperties.swift,\ CacheManager.swift,\ ServiceContainer.swift,\ ErrorHandler.swift,\ ConstraintConflictResolver.swift,\ DataType.swift,\ TestResultExportService.swift,\ ReaderNavigationWrapper.swift,\ VocabularyViewModel.swift,\ TabItemView.swift,\ TranslationTestView.swift /Users/tankonitk/Library/Mobile\ Documents/com~apple~CloudDocs/xcode/Crulish/en01/Views/VocabularyView.swift /Users/tankonitk/Library/Mobile\ Documents/com~apple~CloudDocs/xcode/Crulish/en01/Utils/StartupProgressManager.swift /Users/tankonitk/Library/Mobile\ Documents/com~apple~CloudDocs/xcode/Crulish/en01/Utils/PerformanceConfig.swift /Users/tankonitk/Library/Mobile\ Documents/com~apple~CloudDocs/xcode/Crulish/en01/Views/ContinuousTextView.swift /Users/tankonitk/Library/Mobile\ Documents/com~apple~CloudDocs/xcode/Crulish/en01/Services/PersonalDictionaryManager.swift /Users/tankonitk/Library/Mobile\ Documents/com~apple~CloudDocs/xcode/Crulish/en01/Models/VocabularyTestEntity+CoreDataProperties.swift /Users/tankonitk/Library/Mobile\ Documents/com~apple~CloudDocs/xcode/Crulish/en01/Core/Cache/CacheManager.swift /Users/tankonitk/Library/Mobile\ Documents/com~apple~CloudDocs/xcode/Crulish/en01/Core/DependencyInjection/ServiceContainer.swift /Users/tankonitk/Library/Mobile\ Documents/com~apple~CloudDocs/xcode/Crulish/en01/Core/ErrorHandling/ErrorHandler.swift /Users/tankonitk/Library/Mobile\ Documents/com~apple~CloudDocs/xcode/Crulish/en01/Core/InputManagement/ConstraintConflictResolver.swift /Users/tankonitk/Library/Mobile\ Documents/com~apple~CloudDocs/xcode/Crulish/en01/Models/DataType.swift /Users/tankonitk/Library/Mobile\ Documents/com~apple~CloudDocs/xcode/Crulish/en01/Services/TestResultExportService.swift /Users/tankonitk/Library/Mobile\ Documents/com~apple~CloudDocs/xcode/Crulish/en01/Views/ReaderNavigationWrapper.swift /Users/tankonitk/Library/Mobile\ Documents/com~apple~CloudDocs/xcode/Crulish/en01/ViewModels/VocabularyViewModel.swift /Users/tankonitk/Library/Mobile\ Documents/com~apple~CloudDocs/xcode/Crulish/en01/Views/TabItemView.swift /Users/tankonitk/Library/Mobile\ Documents/com~apple~CloudDocs/xcode/Crulish/en01/Views/TranslationTestView.swift (in target 'en01' from project 'en01')

SwiftCompile normal x86_64 /Users/tankonitk/Library/Mobile\ Documents/com~apple~CloudDocs/xcode/Crulish/en01/Views/VocabularyView.swift (in target 'en01' from project 'en01')
    cd /Users/tankonitk/Library/Mobile\ Documents/com\~apple\~CloudDocs/xcode/Crulish
    

SwiftCompile normal x86_64 /Users/tankonitk/Library/Mobile\ Documents/com~apple~CloudDocs/xcode/Crulish/en01/Utils/StartupProgressManager.swift (in target 'en01' from project 'en01')
    cd /Users/tankonitk/Library/Mobile\ Documents/com\~apple\~CloudDocs/xcode/Crulish
    

SwiftCompile normal x86_64 /Users/tankonitk/Library/Mobile\ Documents/com~apple~CloudDocs/xcode/Crulish/en01/Utils/PerformanceConfig.swift (in target 'en01' from project 'en01')
    cd /Users/tankonitk/Library/Mobile\ Documents/com\~apple\~CloudDocs/xcode/Crulish
    

SwiftCompile normal x86_64 /Users/tankonitk/Library/Mobile\ Documents/com~apple~CloudDocs/xcode/Crulish/en01/Views/ContinuousTextView.swift (in target 'en01' from project 'en01')
    cd /Users/tankonitk/Library/Mobile\ Documents/com\~apple\~CloudDocs/xcode/Crulish
    

SwiftCompile normal x86_64 /Users/tankonitk/Library/Mobile\ Documents/com~apple~CloudDocs/xcode/Crulish/en01/Services/PersonalDictionaryManager.swift (in target 'en01' from project 'en01')
    cd /Users/tankonitk/Library/Mobile\ Documents/com\~apple\~CloudDocs/xcode/Crulish
    

SwiftCompile normal x86_64 /Users/tankonitk/Library/Mobile\ Documents/com~apple~CloudDocs/xcode/Crulish/en01/Models/VocabularyTestEntity+CoreDataProperties.swift (in target 'en01' from project 'en01')
    cd /Users/tankonitk/Library/Mobile\ Documents/com\~apple\~CloudDocs/xcode/Crulish
    

SwiftCompile normal x86_64 /Users/tankonitk/Library/Mobile\ Documents/com~apple~CloudDocs/xcode/Crulish/en01/Core/Cache/CacheManager.swift (in target 'en01' from project 'en01')
    cd /Users/tankonitk/Library/Mobile\ Documents/com\~apple\~CloudDocs/xcode/Crulish
    

SwiftCompile normal x86_64 /Users/tankonitk/Library/Mobile\ Documents/com~apple~CloudDocs/xcode/Crulish/en01/Core/DependencyInjection/ServiceContainer.swift (in target 'en01' from project 'en01')
    cd /Users/tankonitk/Library/Mobile\ Documents/com\~apple\~CloudDocs/xcode/Crulish
    

SwiftCompile normal x86_64 /Users/tankonitk/Library/Mobile\ Documents/com~apple~CloudDocs/xcode/Crulish/en01/Core/ErrorHandling/ErrorHandler.swift (in target 'en01' from project 'en01')
    cd /Users/tankonitk/Library/Mobile\ Documents/com\~apple\~CloudDocs/xcode/Crulish
    

SwiftCompile normal x86_64 /Users/tankonitk/Library/Mobile\ Documents/com~apple~CloudDocs/xcode/Crulish/en01/Core/InputManagement/ConstraintConflictResolver.swift (in target 'en01' from project 'en01')
    cd /Users/tankonitk/Library/Mobile\ Documents/com\~apple\~CloudDocs/xcode/Crulish
    

SwiftCompile normal x86_64 /Users/tankonitk/Library/Mobile\ Documents/com~apple~CloudDocs/xcode/Crulish/en01/Models/DataType.swift (in target 'en01' from project 'en01')
    cd /Users/tankonitk/Library/Mobile\ Documents/com\~apple\~CloudDocs/xcode/Crulish
    

SwiftCompile normal x86_64 /Users/tankonitk/Library/Mobile\ Documents/com~apple~CloudDocs/xcode/Crulish/en01/Services/TestResultExportService.swift (in target 'en01' from project 'en01')
    cd /Users/tankonitk/Library/Mobile\ Documents/com\~apple\~CloudDocs/xcode/Crulish
    

SwiftCompile normal x86_64 /Users/tankonitk/Library/Mobile\ Documents/com~apple~CloudDocs/xcode/Crulish/en01/Views/ReaderNavigationWrapper.swift (in target 'en01' from project 'en01')
    cd /Users/tankonitk/Library/Mobile\ Documents/com\~apple\~CloudDocs/xcode/Crulish
    

SwiftCompile normal x86_64 /Users/tankonitk/Library/Mobile\ Documents/com~apple~CloudDocs/xcode/Crulish/en01/ViewModels/VocabularyViewModel.swift (in target 'en01' from project 'en01')
    cd /Users/tankonitk/Library/Mobile\ Documents/com\~apple\~CloudDocs/xcode/Crulish
    

SwiftCompile normal x86_64 /Users/tankonitk/Library/Mobile\ Documents/com~apple~CloudDocs/xcode/Crulish/en01/Views/TabItemView.swift (in target 'en01' from project 'en01')
    cd /Users/tankonitk/Library/Mobile\ Documents/com\~apple\~CloudDocs/xcode/Crulish
    

SwiftCompile normal x86_64 /Users/tankonitk/Library/Mobile\ Documents/com~apple~CloudDocs/xcode/Crulish/en01/Views/TranslationTestView.swift (in target 'en01' from project 'en01')
    cd /Users/tankonitk/Library/Mobile\ Documents/com\~apple\~CloudDocs/xcode/Crulish
    

SwiftCompile normal x86_64 Compiling\ AdaptiveLearningService.swift,\ LearningTrackingService.swift,\ StatisticsService.swift,\ QuestionTestCard.swift,\ StructuredTextView.swift,\ TestResultView.swift,\ ContentView.swift,\ MockServices.swift,\ TestedWord.swift,\ IconCache.swift,\ ArticleReaderView.swift,\ UserProgress.swift,\ PerformanceTestApp.swift,\ InputManagementDemoView.swift,\ StatisticsModels.swift /Users/tankonitk/Library/Mobile\ Documents/com~apple~CloudDocs/xcode/Crulish/en01/Services/AdaptiveLearningService.swift /Users/tankonitk/Library/Mobile\ Documents/com~apple~CloudDocs/xcode/Crulish/en01/Services/LearningTrackingService.swift /Users/tankonitk/Library/Mobile\ Documents/com~apple~CloudDocs/xcode/Crulish/en01/Services/StatisticsService.swift /Users/tankonitk/Library/Mobile\ Documents/com~apple~CloudDocs/xcode/Crulish/en01/Views/QuestionTestCard.swift /Users/tankonitk/Library/Mobile\ Documents/com~apple~CloudDocs/xcode/Crulish/en01/Views/StructuredTextView.swift /Users/tankonitk/Library/Mobile\ Documents/com~apple~CloudDocs/xcode/Crulish/en01/Views/TestResultView.swift /Users/tankonitk/Library/Mobile\ Documents/com~apple~CloudDocs/xcode/Crulish/en01/ContentView.swift /Users/tankonitk/Library/Mobile\ Documents/com~apple~CloudDocs/xcode/Crulish/en01/Services/MockServices.swift /Users/tankonitk/Library/Mobile\ Documents/com~apple~CloudDocs/xcode/Crulish/en01/Models/TestedWord.swift /Users/tankonitk/Library/Mobile\ Documents/com~apple~CloudDocs/xcode/Crulish/en01/Utils/IconCache.swift /Users/tankonitk/Library/Mobile\ Documents/com~apple~CloudDocs/xcode/Crulish/en01/Views/ArticleReaderView.swift /Users/tankonitk/Library/Mobile\ Documents/com~apple~CloudDocs/xcode/Crulish/en01/Models/UserProgress.swift /Users/tankonitk/Library/Mobile\ Documents/com~apple~CloudDocs/xcode/Crulish/en01/Views/PerformanceTestApp.swift /Users/tankonitk/Library/Mobile\ Documents/com~apple~CloudDocs/xcode/Crulish/en01/Views/InputManagementDemoView.swift /Users/tankonitk/Library/Mobile\ Documents/com~apple~CloudDocs/xcode/Crulish/en01/Models/StatisticsModels.swift (in target 'en01' from project 'en01')
Failed frontend command:
/Applications/Xcode.app/Contents/Developer/Toolchains/XcodeDefault.xctoolchain/usr/bin/swift-frontend -frontend -c -filelist /Users/tankonitk/Library/Developer/Xcode/DerivedData/en01-ansyddkftxpufufiswdighzryqrt/Build/Intermediates.noindex/en01.build/Debug-iphonesimulator/en01.build/Objects-normal/x86_64/sources-1 -primary-file /Users/tankonitk/Library/Mobile\ Documents/com\~apple\~CloudDocs/xcode/Crulish/en01/Services/AdaptiveLearningService.swift -primary-file /Users/tankonitk/Library/Mobile\ Documents/com\~apple\~CloudDocs/xcode/Crulish/en01/Services/LearningTrackingService.swift -primary-file /Users/tankonitk/Library/Mobile\ Documents/com\~apple\~CloudDocs/xcode/Crulish/en01/Services/StatisticsService.swift -primary-file /Users/tankonitk/Library/Mobile\ Documents/com\~apple\~CloudDocs/xcode/Crulish/en01/Views/QuestionTestCard.swift -primary-file /Users/tankonitk/Library/Mobile\ Documents/com\~apple\~CloudDocs/xcode/Crulish/en01/Views/StructuredTextView.swift -primary-file /Users/tankonitk/Library/Mobile\ Documents/com\~apple\~CloudDocs/xcode/Crulish/en01/Views/TestResultView.swift -primary-file /Users/tankonitk/Library/Mobile\ Documents/com\~apple\~CloudDocs/xcode/Crulish/en01/ContentView.swift -primary-file /Users/tankonitk/Library/Mobile\ Documents/com\~apple\~CloudDocs/xcode/Crulish/en01/Services/MockServices.swift -primary-file /Users/tankonitk/Library/Mobile\ Documents/com\~apple\~CloudDocs/xcode/Crulish/en01/Models/TestedWord.swift -primary-file /Users/tankonitk/Library/Mobile\ Documents/com\~apple\~CloudDocs/xcode/Crulish/en01/Utils/IconCache.swift -primary-file /Users/tankonitk/Library/Mobile\ Documents/com\~apple\~CloudDocs/xcode/Crulish/en01/Views/ArticleReaderView.swift -primary-file /Users/tankonitk/Library/Mobile\ Documents/com\~apple\~CloudDocs/xcode/Crulish/en01/Models/UserProgress.swift -primary-file /Users/tankonitk/Library/Mobile\ Documents/com\~apple\~CloudDocs/xcode/Crulish/en01/Views/PerformanceTestApp.swift -primary-file /Users/tankonitk/Library/Mobile\ Documents/com\~apple\~CloudDocs/xcode/Crulish/en01/Views/InputManagementDemoView.swift -primary-file /Users/tankonitk/Library/Mobile\ Documents/com\~apple\~CloudDocs/xcode/Crulish/en01/Models/StatisticsModels.swift -supplementary-output-file-map /Users/tankonitk/Library/Developer/Xcode/DerivedData/en01-ansyddkftxpufufiswdighzryqrt/Build/Intermediates.noindex/en01.build/Debug-iphonesimulator/en01.build/Objects-normal/x86_64/supplementaryOutputs-9 -emit-localized-strings -emit-localized-strings-path /Users/tankonitk/Library/Developer/Xcode/DerivedData/en01-ansyddkftxpufufiswdighzryqrt/Build/Intermediates.noindex/en01.build/Debug-iphonesimulator/en01.build/Objects-normal/x86_64 -target x86_64-apple-ios17.6-simulator -enable-objc-interop -sdk /Applications/Xcode.app/Contents/Developer/Platforms/iPhoneSimulator.platform/Developer/SDKs/iPhoneSimulator18.4.sdk -I /Users/tankonitk/Library/Developer/Xcode/DerivedData/en01-ansyddkftxpufufiswdighzryqrt/Build/Products/Debug-iphonesimulator -F /Users/tankonitk/Library/Developer/Xcode/DerivedData/en01-ansyddkftxpufufiswdighzryqrt/Build/Products/Debug-iphonesimulator -no-color-diagnostics -enable-testing -g -debug-info-format\=dwarf -dwarf-version\=4 -module-cache-path /Users/tankonitk/Library/Developer/Xcode/DerivedData/ModuleCache.noindex -profile-generate -profile-coverage-mapping -swift-version 5 -enforce-exclusivity\=checked -Onone -D DEBUG -serialize-debugging-options -const-gather-protocols-file /Users/tankonitk/Library/Developer/Xcode/DerivedData/en01-ansyddkftxpufufiswdighzryqrt/Build/Intermediates.noindex/en01.build/Debug-iphonesimulator/en01.build/Objects-normal/x86_64/en01_const_extract_protocols.json -enable-experimental-feature DebugDescriptionMacro -enable-bare-slash-regex -empty-abi-descriptor -validate-clang-modules-once -clang-build-session-file /Users/tankonitk/Library/Developer/Xcode/DerivedData/ModuleCache.noindex/Session.modulevalidation -Xcc -working-directory -Xcc /Users/tankonitk/Library/Mobile\ Documents/com\~apple\~CloudDocs/xcode/Crulish -resource-dir /Applications/Xcode.app/Contents/Developer/Toolchains/XcodeDefault.xctoolchain/usr/lib/swift -enable-anonymous-context-mangled-names -file-compilation-dir /Users/tankonitk/Library/Mobile\ Documents/com\~apple\~CloudDocs/xcode/Crulish -Xcc -ivfsstatcache -Xcc /Users/tankonitk/Library/Developer/Xcode/DerivedData/SDKStatCaches.noindex/iphonesimulator18.4-22E235-71825a6d136aa4733edcbe86ece5525b.sdkstatcache -Xcc -I/Users/tankonitk/Library/Developer/Xcode/DerivedData/en01-ansyddkftxpufufiswdighzryqrt/Build/Intermediates.noindex/en01.build/Debug-iphonesimulator/en01.build/swift-overrides.hmap -Xcc -iquote -Xcc /Users/tankonitk/Library/Developer/Xcode/DerivedData/en01-ansyddkftxpufufiswdighzryqrt/Build/Intermediates.noindex/en01.build/Debug-iphonesimulator/en01.build/en01-generated-files.hmap -Xcc -I/Users/tankonitk/Library/Developer/Xcode/DerivedData/en01-ansyddkftxpufufiswdighzryqrt/Build/Intermediates.noindex/en01.build/Debug-iphonesimulator/en01.build/en01-own-target-headers.hmap -Xcc -I/Users/tankonitk/Library/Developer/Xcode/DerivedData/en01-ansyddkftxpufufiswdighzryqrt/Build/Intermediates.noindex/en01.build/Debug-iphonesimulator/en01.build/en01-all-target-headers.hmap -Xcc -iquote -Xcc /Users/tankonitk/Library/Developer/Xcode/DerivedData/en01-ansyddkftxpufufiswdighzryqrt/Build/Intermediates.noindex/en01.build/Debug-iphonesimulator/en01.build/en01-project-headers.hmap -Xcc -I/Users/tankonitk/Library/Developer/Xcode/DerivedData/en01-ansyddkftxpufufiswdighzryqrt/Build/Products/Debug-iphonesimulator/include -Xcc -I/Users/tankonitk/Library/Developer/Xcode/DerivedData/en01-ansyddkftxpufufiswdighzryqrt/Build/Intermediates.noindex/en01.build/Debug-iphonesimulator/en01.build/DerivedSources-normal/x86_64 -Xcc -I/Users/tankonitk/Library/Developer/Xcode/DerivedData/en01-ansyddkftxpufufiswdighzryqrt/Build/Intermediates.noindex/en01.build/Debug-iphonesimulator/en01.build/DerivedSources/x86_64 -Xcc -I/Users/tankonitk/Library/Developer/Xcode/DerivedData/en01-ansyddkftxpufufiswdighzryqrt/Build/Intermediates.noindex/en01.build/Debug-iphonesimulator/en01.build/DerivedSources -Xcc -DDEBUG\=1 -module-name en01 -frontend-parseable-output -disable-clang-spi -target-sdk-version 18.4 -target-sdk-name iphonesimulator18.4 -external-plugin-path /Applications/Xcode.app/Contents/Developer/Platforms/iPhoneOS.platform/Developer/usr/lib/swift/host/plugins\#/Applications/Xcode.app/Contents/Developer/Platforms/iPhoneOS.platform/Developer/usr/bin/swift-plugin-server -external-plugin-path /Applications/Xcode.app/Contents/Developer/Platforms/iPhoneOS.platform/Developer/usr/local/lib/swift/host/plugins\#/Applications/Xcode.app/Contents/Developer/Platforms/iPhoneOS.platform/Developer/usr/bin/swift-plugin-server -in-process-plugin-server-path /Applications/Xcode.app/Contents/Developer/Toolchains/XcodeDefault.xctoolchain/usr/lib/swift/host/libSwiftInProcPluginServer.dylib -plugin-path /Applications/Xcode.app/Contents/Developer/Toolchains/XcodeDefault.xctoolchain/usr/lib/swift/host/plugins -plugin-path /Applications/Xcode.app/Contents/Developer/Toolchains/XcodeDefault.xctoolchain/usr/local/lib/swift/host/plugins -o /Users/tankonitk/Library/Developer/Xcode/DerivedData/en01-ansyddkftxpufufiswdighzryqrt/Build/Intermediates.noindex/en01.build/Debug-iphonesimulator/en01.build/Objects-normal/x86_64/AdaptiveLearningService.o -o /Users/tankonitk/Library/Developer/Xcode/DerivedData/en01-ansyddkftxpufufiswdighzryqrt/Build/Intermediates.noindex/en01.build/Debug-iphonesimulator/en01.build/Objects-normal/x86_64/LearningTrackingService.o -o /Users/tankonitk/Library/Developer/Xcode/DerivedData/en01-ansyddkftxpufufiswdighzryqrt/Build/Intermediates.noindex/en01.build/Debug-iphonesimulator/en01.build/Objects-normal/x86_64/StatisticsService.o -o /Users/tankonitk/Library/Developer/Xcode/DerivedData/en01-ansyddkftxpufufiswdighzryqrt/Build/Intermediates.noindex/en01.build/Debug-iphonesimulator/en01.build/Objects-normal/x86_64/QuestionTestCard.o -o /Users/tankonitk/Library/Developer/Xcode/DerivedData/en01-ansyddkftxpufufiswdighzryqrt/Build/Intermediates.noindex/en01.build/Debug-iphonesimulator/en01.build/Objects-normal/x86_64/StructuredTextView.o -o /Users/tankonitk/Library/Developer/Xcode/DerivedData/en01-ansyddkftxpufufiswdighzryqrt/Build/Intermediates.noindex/en01.build/Debug-iphonesimulator/en01.build/Objects-normal/x86_64/TestResultView.o -o /Users/tankonitk/Library/Developer/Xcode/DerivedData/en01-ansyddkftxpufufiswdighzryqrt/Build/Intermediates.noindex/en01.build/Debug-iphonesimulator/en01.build/Objects-normal/x86_64/ContentView.o -o /Users/tankonitk/Library/Developer/Xcode/DerivedData/en01-ansyddkftxpufufiswdighzryqrt/Build/Intermediates.noindex/en01.build/Debug-iphonesimulator/en01.build/Objects-normal/x86_64/MockServices.o -o /Users/tankonitk/Library/Developer/Xcode/DerivedData/en01-ansyddkftxpufufiswdighzryqrt/Build/Intermediates.noindex/en01.build/Debug-iphonesimulator/en01.build/Objects-normal/x86_64/TestedWord.o -o /Users/tankonitk/Library/Developer/Xcode/DerivedData/en01-ansyddkftxpufufiswdighzryqrt/Build/Intermediates.noindex/en01.build/Debug-iphonesimulator/en01.build/Objects-normal/x86_64/IconCache.o -o /Users/tankonitk/Library/Developer/Xcode/DerivedData/en01-ansyddkftxpufufiswdighzryqrt/Build/Intermediates.noindex/en01.build/Debug-iphonesimulator/en01.build/Objects-normal/x86_64/ArticleReaderView.o -o /Users/tankonitk/Library/Developer/Xcode/DerivedData/en01-ansyddkftxpufufiswdighzryqrt/Build/Intermediates.noindex/en01.build/Debug-iphonesimulator/en01.build/Objects-normal/x86_64/UserProgress.o -o /Users/tankonitk/Library/Developer/Xcode/DerivedData/en01-ansyddkftxpufufiswdighzryqrt/Build/Intermediates.noindex/en01.build/Debug-iphonesimulator/en01.build/Objects-normal/x86_64/PerformanceTestApp.o -o /Users/tankonitk/Library/Developer/Xcode/DerivedData/en01-ansyddkftxpufufiswdighzryqrt/Build/Intermediates.noindex/en01.build/Debug-iphonesimulator/en01.build/Objects-normal/x86_64/InputManagementDemoView.o -o /Users/tankonitk/Library/Developer/Xcode/DerivedData/en01-ansyddkftxpufufiswdighzryqrt/Build/Intermediates.noindex/en01.build/Debug-iphonesimulator/en01.build/Objects-normal/x86_64/StatisticsModels.o -index-unit-output-path /en01.build/Debug-iphonesimulator/en01.build/Objects-normal/x86_64/AdaptiveLearningService.o -index-unit-output-path /en01.build/Debug-iphonesimulator/en01.build/Objects-normal/x86_64/LearningTrackingService.o -index-unit-output-path /en01.build/Debug-iphonesimulator/en01.build/Objects-normal/x86_64/StatisticsService.o -index-unit-output-path /en01.build/Debug-iphonesimulator/en01.build/Objects-normal/x86_64/QuestionTestCard.o -index-unit-output-path /en01.build/Debug-iphonesimulator/en01.build/Objects-normal/x86_64/StructuredTextView.o -index-unit-output-path /en01.build/Debug-iphonesimulator/en01.build/Objects-normal/x86_64/TestResultView.o -index-unit-output-path /en01.build/Debug-iphonesimulator/en01.build/Objects-normal/x86_64/ContentView.o -index-unit-output-path /en01.build/Debug-iphonesimulator/en01.build/Objects-normal/x86_64/MockServices.o -index-unit-output-path /en01.build/Debug-iphonesimulator/en01.build/Objects-normal/x86_64/TestedWord.o -index-unit-output-path /en01.build/Debug-iphonesimulator/en01.build/Objects-normal/x86_64/IconCache.o -index-unit-output-path /en01.build/Debug-iphonesimulator/en01.build/Objects-normal/x86_64/ArticleReaderView.o -index-unit-output-path /en01.build/Debug-iphonesimulator/en01.build/Objects-normal/x86_64/UserProgress.o -index-unit-output-path /en01.build/Debug-iphonesimulator/en01.build/Objects-normal/x86_64/PerformanceTestApp.o -index-unit-output-path /en01.build/Debug-iphonesimulator/en01.build/Objects-normal/x86_64/InputManagementDemoView.o -index-unit-output-path /en01.build/Debug-iphonesimulator/en01.build/Objects-normal/x86_64/StatisticsModels.o -index-store-path /Users/tankonitk/Library/Developer/Xcode/DerivedData/en01-ansyddkftxpufufiswdighzryqrt/Index.noindex/DataStore -index-system-modules

SwiftCompile normal x86_64 /Users/tankonitk/Library/Mobile\ Documents/com~apple~CloudDocs/xcode/Crulish/en01/Services/AdaptiveLearningService.swift (in target 'en01' from project 'en01')
    cd /Users/tankonitk/Library/Mobile\ Documents/com\~apple\~CloudDocs/xcode/Crulish
    

SwiftCompile normal x86_64 /Users/tankonitk/Library/Mobile\ Documents/com~apple~CloudDocs/xcode/Crulish/en01/Services/LearningTrackingService.swift (in target 'en01' from project 'en01')
    cd /Users/tankonitk/Library/Mobile\ Documents/com\~apple\~CloudDocs/xcode/Crulish
    

SwiftCompile normal x86_64 /Users/tankonitk/Library/Mobile\ Documents/com~apple~CloudDocs/xcode/Crulish/en01/Services/StatisticsService.swift (in target 'en01' from project 'en01')
    cd /Users/tankonitk/Library/Mobile\ Documents/com\~apple\~CloudDocs/xcode/Crulish
    

SwiftCompile normal x86_64 /Users/tankonitk/Library/Mobile\ Documents/com~apple~CloudDocs/xcode/Crulish/en01/Views/QuestionTestCard.swift (in target 'en01' from project 'en01')
    cd /Users/tankonitk/Library/Mobile\ Documents/com\~apple\~CloudDocs/xcode/Crulish
    

SwiftCompile normal x86_64 /Users/tankonitk/Library/Mobile\ Documents/com~apple~CloudDocs/xcode/Crulish/en01/Views/StructuredTextView.swift (in target 'en01' from project 'en01')
    cd /Users/tankonitk/Library/Mobile\ Documents/com\~apple\~CloudDocs/xcode/Crulish
    

SwiftCompile normal x86_64 /Users/tankonitk/Library/Mobile\ Documents/com~apple~CloudDocs/xcode/Crulish/en01/Views/TestResultView.swift (in target 'en01' from project 'en01')
    cd /Users/tankonitk/Library/Mobile\ Documents/com\~apple\~CloudDocs/xcode/Crulish
    

SwiftCompile normal x86_64 /Users/tankonitk/Library/Mobile\ Documents/com~apple~CloudDocs/xcode/Crulish/en01/ContentView.swift (in target 'en01' from project 'en01')
    cd /Users/tankonitk/Library/Mobile\ Documents/com\~apple\~CloudDocs/xcode/Crulish
    

SwiftCompile normal x86_64 /Users/tankonitk/Library/Mobile\ Documents/com~apple~CloudDocs/xcode/Crulish/en01/Services/MockServices.swift (in target 'en01' from project 'en01')
    cd /Users/tankonitk/Library/Mobile\ Documents/com\~apple\~CloudDocs/xcode/Crulish
    
/Users/tankonitk/Library/Mobile Documents/com~apple~CloudDocs/xcode/Crulish/en01/Services/MockServices.swift:874:19: warning: variable 'test' was never mutated; consider changing to 'let' constant
        guard var test = activeTests[testId] else {
              ~~~ ^
              let
/Users/tankonitk/Library/Mobile Documents/com~apple~CloudDocs/xcode/Crulish/en01/Services/MockServices.swift:938:16: warning: variable 'test' was never mutated; consider changing to 'let' constant
        if var test = activeTests[testId] {
           ~~~ ^
           let
/Users/tankonitk/Library/Mobile Documents/com~apple~CloudDocs/xcode/Crulish/en01/Services/MockServices.swift:948:19: warning: variable 'test' was never mutated; consider changing to 'let' constant
        guard var test = activeTests[testId] else {
              ~~~ ^
              let

SwiftCompile normal x86_64 /Users/tankonitk/Library/Mobile\ Documents/com~apple~CloudDocs/xcode/Crulish/en01/Models/TestedWord.swift (in target 'en01' from project 'en01')
    cd /Users/tankonitk/Library/Mobile\ Documents/com\~apple\~CloudDocs/xcode/Crulish
    
/Users/tankonitk/Library/Mobile Documents/com~apple~CloudDocs/xcode/Crulish/en01/Models/TestedWord.swift:136:79: error: value of optional type 'Date?' must be unwrapped to a value of type 'Date'
        let daysSinceLastTest = Calendar.current.dateComponents([.day], from: lastTestedDate, to: Date()).day ?? 0
                                                                              ^
/Users/tankonitk/Library/Mobile Documents/com~apple~CloudDocs/xcode/Crulish/en01/Models/TestedWord.swift:136:79: note: coalesce using '??' to provide a default when the optional value contains 'nil'
        let daysSinceLastTest = Calendar.current.dateComponents([.day], from: lastTestedDate, to: Date()).day ?? 0
                                                                              ^
                                                                                             ?? <#default value#>
/Users/tankonitk/Library/Mobile Documents/com~apple~CloudDocs/xcode/Crulish/en01/Models/TestedWord.swift:136:79: note: force-unwrap using '!' to abort execution if the optional value contains 'nil'
        let daysSinceLastTest = Calendar.current.dateComponents([.day], from: lastTestedDate, to: Date()).day ?? 0
                                                                              ^
                                                                                            !
/Users/tankonitk/Library/Mobile Documents/com~apple~CloudDocs/xcode/Crulish/en01/Models/TestedWord.swift:175:37: error: binary operator '>' cannot be applied to two 'Date?' operands
        if otherWord.lastTestedDate > self.lastTestedDate {
           ~~~~~~~~~~~~~~~~~~~~~~~~ ^ ~~~~~~~~~~~~~~~~~~~

SwiftCompile normal x86_64 /Users/tankonitk/Library/Mobile\ Documents/com~apple~CloudDocs/xcode/Crulish/en01/Utils/IconCache.swift (in target 'en01' from project 'en01')
    cd /Users/tankonitk/Library/Mobile\ Documents/com\~apple\~CloudDocs/xcode/Crulish
    

SwiftCompile normal x86_64 /Users/tankonitk/Library/Mobile\ Documents/com~apple~CloudDocs/xcode/Crulish/en01/Views/ArticleReaderView.swift (in target 'en01' from project 'en01')
    cd /Users/tankonitk/Library/Mobile\ Documents/com\~apple\~CloudDocs/xcode/Crulish
    

SwiftCompile normal x86_64 /Users/tankonitk/Library/Mobile\ Documents/com~apple~CloudDocs/xcode/Crulish/en01/Models/UserProgress.swift (in target 'en01' from project 'en01')
    cd /Users/tankonitk/Library/Mobile\ Documents/com\~apple\~CloudDocs/xcode/Crulish
    

SwiftCompile normal x86_64 /Users/tankonitk/Library/Mobile\ Documents/com~apple~CloudDocs/xcode/Crulish/en01/Views/PerformanceTestApp.swift (in target 'en01' from project 'en01')
    cd /Users/tankonitk/Library/Mobile\ Documents/com\~apple\~CloudDocs/xcode/Crulish
    

SwiftCompile normal x86_64 /Users/tankonitk/Library/Mobile\ Documents/com~apple~CloudDocs/xcode/Crulish/en01/Views/InputManagementDemoView.swift (in target 'en01' from project 'en01')
    cd /Users/tankonitk/Library/Mobile\ Documents/com\~apple\~CloudDocs/xcode/Crulish
    

SwiftCompile normal x86_64 /Users/tankonitk/Library/Mobile\ Documents/com~apple~CloudDocs/xcode/Crulish/en01/Models/StatisticsModels.swift (in target 'en01' from project 'en01')
    cd /Users/tankonitk/Library/Mobile\ Documents/com\~apple\~CloudDocs/xcode/Crulish
    

SwiftCompile normal x86_64 Compiling\ ArticleService.swift,\ ModernWordDefinitionCard.swift,\ WordLookupStats.swift,\ ChartView.swift,\ TranslationTestService.swift,\ AchievementProgress.swift,\ DetailedWordDefinitionView.swift,\ InputFocusManager.swift,\ WordClickRecord.swift,\ DetailedWordDefinition.swift,\ PerformanceTestRunner.swift,\ TranslationService.swift,\ AchievementBadgeView.swift,\ StatisticsExportView.swift,\ WordTestCard.swift,\ TextProcessor.swift /Users/tankonitk/Library/Mobile\ Documents/com~apple~CloudDocs/xcode/Crulish/en01/Services/ArticleService.swift /Users/tankonitk/Library/Mobile\ Documents/com~apple~CloudDocs/xcode/Crulish/en01/Views/Components/ModernWordDefinitionCard.swift /Users/tankonitk/Library/Mobile\ Documents/com~apple~CloudDocs/xcode/Crulish/en01/Models/WordLookupStats.swift /Users/tankonitk/Library/Mobile\ Documents/com~apple~CloudDocs/xcode/Crulish/en01/Views/Components/ChartView.swift /Users/tankonitk/Library/Mobile\ Documents/com~apple~CloudDocs/xcode/Crulish/en01/Services/TranslationTestService.swift /Users/tankonitk/Library/Mobile\ Documents/com~apple~CloudDocs/xcode/Crulish/en01/Models/AchievementProgress.swift /Users/tankonitk/Library/Mobile\ Documents/com~apple~CloudDocs/xcode/Crulish/en01/Views/DetailedWordDefinitionView.swift /Users/tankonitk/Library/Mobile\ Documents/com~apple~CloudDocs/xcode/Crulish/en01/Core/InputManagement/InputFocusManager.swift /Users/tankonitk/Library/Mobile\ Documents/com~apple~CloudDocs/xcode/Crulish/en01/Models/WordClickRecord.swift /Users/tankonitk/Library/Mobile\ Documents/com~apple~CloudDocs/xcode/Crulish/en01/Models/DetailedWordDefinition.swift /Users/tankonitk/Library/Mobile\ Documents/com~apple~CloudDocs/xcode/Crulish/en01/Utils/PerformanceTestRunner.swift /Users/tankonitk/Library/Mobile\ Documents/com~apple~CloudDocs/xcode/Crulish/en01/Services/TranslationService.swift /Users/tankonitk/Library/Mobile\ Documents/com~apple~CloudDocs/xcode/Crulish/en01/Views/Components/AchievementBadgeView.swift /Users/tankonitk/Library/Mobile\ Documents/com~apple~CloudDocs/xcode/Crulish/en01/Views/StatisticsExportView.swift /Users/tankonitk/Library/Mobile\ Documents/com~apple~CloudDocs/xcode/Crulish/en01/Views/WordTestCard.swift /Users/tankonitk/Library/Mobile\ Documents/com~apple~CloudDocs/xcode/Crulish/en01/Utils/TextProcessor.swift (in target 'en01' from project 'en01')

SwiftCompile normal x86_64 /Users/tankonitk/Library/Mobile\ Documents/com~apple~CloudDocs/xcode/Crulish/en01/Services/ArticleService.swift (in target 'en01' from project 'en01')
    cd /Users/tankonitk/Library/Mobile\ Documents/com\~apple\~CloudDocs/xcode/Crulish
    

SwiftCompile normal x86_64 /Users/tankonitk/Library/Mobile\ Documents/com~apple~CloudDocs/xcode/Crulish/en01/Views/Components/ModernWordDefinitionCard.swift (in target 'en01' from project 'en01')
    cd /Users/tankonitk/Library/Mobile\ Documents/com\~apple\~CloudDocs/xcode/Crulish
    

SwiftCompile normal x86_64 /Users/tankonitk/Library/Mobile\ Documents/com~apple~CloudDocs/xcode/Crulish/en01/Models/WordLookupStats.swift (in target 'en01' from project 'en01')
    cd /Users/tankonitk/Library/Mobile\ Documents/com\~apple\~CloudDocs/xcode/Crulish
    

SwiftCompile normal x86_64 /Users/tankonitk/Library/Mobile\ Documents/com~apple~CloudDocs/xcode/Crulish/en01/Views/Components/ChartView.swift (in target 'en01' from project 'en01')
    cd /Users/tankonitk/Library/Mobile\ Documents/com\~apple\~CloudDocs/xcode/Crulish
    

SwiftCompile normal x86_64 /Users/tankonitk/Library/Mobile\ Documents/com~apple~CloudDocs/xcode/Crulish/en01/Services/TranslationTestService.swift (in target 'en01' from project 'en01')
    cd /Users/tankonitk/Library/Mobile\ Documents/com\~apple\~CloudDocs/xcode/Crulish
    

SwiftCompile normal x86_64 /Users/tankonitk/Library/Mobile\ Documents/com~apple~CloudDocs/xcode/Crulish/en01/Models/AchievementProgress.swift (in target 'en01' from project 'en01')
    cd /Users/tankonitk/Library/Mobile\ Documents/com\~apple\~CloudDocs/xcode/Crulish
    

SwiftCompile normal x86_64 /Users/tankonitk/Library/Mobile\ Documents/com~apple~CloudDocs/xcode/Crulish/en01/Views/DetailedWordDefinitionView.swift (in target 'en01' from project 'en01')
    cd /Users/tankonitk/Library/Mobile\ Documents/com\~apple\~CloudDocs/xcode/Crulish
    

SwiftCompile normal x86_64 /Users/tankonitk/Library/Mobile\ Documents/com~apple~CloudDocs/xcode/Crulish/en01/Core/InputManagement/InputFocusManager.swift (in target 'en01' from project 'en01')
    cd /Users/tankonitk/Library/Mobile\ Documents/com\~apple\~CloudDocs/xcode/Crulish
    

SwiftCompile normal x86_64 /Users/tankonitk/Library/Mobile\ Documents/com~apple~CloudDocs/xcode/Crulish/en01/Models/WordClickRecord.swift (in target 'en01' from project 'en01')
    cd /Users/tankonitk/Library/Mobile\ Documents/com\~apple\~CloudDocs/xcode/Crulish
    

SwiftCompile normal x86_64 /Users/tankonitk/Library/Mobile\ Documents/com~apple~CloudDocs/xcode/Crulish/en01/Models/DetailedWordDefinition.swift (in target 'en01' from project 'en01')
    cd /Users/tankonitk/Library/Mobile\ Documents/com\~apple\~CloudDocs/xcode/Crulish
    

SwiftCompile normal x86_64 /Users/tankonitk/Library/Mobile\ Documents/com~apple~CloudDocs/xcode/Crulish/en01/Utils/PerformanceTestRunner.swift (in target 'en01' from project 'en01')
    cd /Users/tankonitk/Library/Mobile\ Documents/com\~apple\~CloudDocs/xcode/Crulish
    

SwiftCompile normal x86_64 /Users/tankonitk/Library/Mobile\ Documents/com~apple~CloudDocs/xcode/Crulish/en01/Services/TranslationService.swift (in target 'en01' from project 'en01')
    cd /Users/tankonitk/Library/Mobile\ Documents/com\~apple\~CloudDocs/xcode/Crulish
    

SwiftCompile normal x86_64 /Users/tankonitk/Library/Mobile\ Documents/com~apple~CloudDocs/xcode/Crulish/en01/Views/Components/AchievementBadgeView.swift (in target 'en01' from project 'en01')
    cd /Users/tankonitk/Library/Mobile\ Documents/com\~apple\~CloudDocs/xcode/Crulish
    

SwiftCompile normal x86_64 /Users/tankonitk/Library/Mobile\ Documents/com~apple~CloudDocs/xcode/Crulish/en01/Views/StatisticsExportView.swift (in target 'en01' from project 'en01')
    cd /Users/tankonitk/Library/Mobile\ Documents/com\~apple\~CloudDocs/xcode/Crulish
    

SwiftCompile normal x86_64 /Users/tankonitk/Library/Mobile\ Documents/com~apple~CloudDocs/xcode/Crulish/en01/Views/WordTestCard.swift (in target 'en01' from project 'en01')
    cd /Users/tankonitk/Library/Mobile\ Documents/com\~apple\~CloudDocs/xcode/Crulish
    

SwiftCompile normal x86_64 /Users/tankonitk/Library/Mobile\ Documents/com~apple~CloudDocs/xcode/Crulish/en01/Utils/TextProcessor.swift (in target 'en01' from project 'en01')
    cd /Users/tankonitk/Library/Mobile\ Documents/com\~apple\~CloudDocs/xcode/Crulish
    

SwiftCompile normal x86_64 Compiling\ Article.swift,\ TestProgress.swift,\ AppCoordinator.swift,\ DistractorGenerator.swift,\ DictionaryTestState.swift,\ SettingsViewModel.swift,\ ReadingMode.swift,\ CoreDataStack.swift,\ StatCard.swift,\ KaoyanDictionaryImporter.swift,\ DictionaryLoader.swift,\ IntelligentRankingView.swift,\ ExportFormat.swift,\ UserProgressService.swift,\ WordMasterySelector.swift,\ HomeViewModel.swift /Users/tankonitk/Library/Mobile\ Documents/com~apple~CloudDocs/xcode/Crulish/en01/Models/Article.swift /Users/tankonitk/Library/Mobile\ Documents/com~apple~CloudDocs/xcode/Crulish/en01/Models/TestProgress.swift /Users/tankonitk/Library/Mobile\ Documents/com~apple~CloudDocs/xcode/Crulish/en01/Coordinators/AppCoordinator.swift /Users/tankonitk/Library/Mobile\ Documents/com~apple~CloudDocs/xcode/Crulish/en01/Services/DistractorGenerator.swift /Users/tankonitk/Library/Mobile\ Documents/com~apple~CloudDocs/xcode/Crulish/en01/Models/DictionaryTestState.swift /Users/tankonitk/Library/Mobile\ Documents/com~apple~CloudDocs/xcode/Crulish/en01/ViewModels/SettingsViewModel.swift /Users/tankonitk/Library/Mobile\ Documents/com~apple~CloudDocs/xcode/Crulish/en01/Models/ReadingMode.swift /Users/tankonitk/Library/Mobile\ Documents/com~apple~CloudDocs/xcode/Crulish/en01/Core/Data/CoreDataStack.swift /Users/tankonitk/Library/Mobile\ Documents/com~apple~CloudDocs/xcode/Crulish/en01/Views/Components/StatCard.swift /Users/tankonitk/Library/Mobile\ Documents/com~apple~CloudDocs/xcode/Crulish/en01/Services/KaoyanDictionaryImporter.swift /Users/tankonitk/Library/Mobile\ Documents/com~apple~CloudDocs/xcode/Crulish/en01/Services/DictionaryLoader.swift /Users/tankonitk/Library/Mobile\ Documents/com~apple~CloudDocs/xcode/Crulish/en01/Views/IntelligentRankingView.swift /Users/tankonitk/Library/Mobile\ Documents/com~apple~CloudDocs/xcode/Crulish/en01/Models/ExportFormat.swift /Users/tankonitk/Library/Mobile\ Documents/com~apple~CloudDocs/xcode/Crulish/en01/Services/UserProgressService.swift /Users/tankonitk/Library/Mobile\ Documents/com~apple~CloudDocs/xcode/Crulish/en01/Views/Components/WordMasterySelector.swift /Users/tankonitk/Library/Mobile\ Documents/com~apple~CloudDocs/xcode/Crulish/en01/ViewModels/HomeViewModel.swift (in target 'en01' from project 'en01')

SwiftCompile normal x86_64 /Users/tankonitk/Library/Mobile\ Documents/com~apple~CloudDocs/xcode/Crulish/en01/Models/Article.swift (in target 'en01' from project 'en01')
    cd /Users/tankonitk/Library/Mobile\ Documents/com\~apple\~CloudDocs/xcode/Crulish
    

SwiftCompile normal x86_64 /Users/tankonitk/Library/Mobile\ Documents/com~apple~CloudDocs/xcode/Crulish/en01/Models/TestProgress.swift (in target 'en01' from project 'en01')
    cd /Users/tankonitk/Library/Mobile\ Documents/com\~apple\~CloudDocs/xcode/Crulish
    

SwiftCompile normal x86_64 /Users/tankonitk/Library/Mobile\ Documents/com~apple~CloudDocs/xcode/Crulish/en01/Coordinators/AppCoordinator.swift (in target 'en01' from project 'en01')
    cd /Users/tankonitk/Library/Mobile\ Documents/com\~apple\~CloudDocs/xcode/Crulish
    

SwiftCompile normal x86_64 /Users/tankonitk/Library/Mobile\ Documents/com~apple~CloudDocs/xcode/Crulish/en01/Services/DistractorGenerator.swift (in target 'en01' from project 'en01')
    cd /Users/tankonitk/Library/Mobile\ Documents/com\~apple\~CloudDocs/xcode/Crulish
    

SwiftCompile normal x86_64 /Users/tankonitk/Library/Mobile\ Documents/com~apple~CloudDocs/xcode/Crulish/en01/Models/DictionaryTestState.swift (in target 'en01' from project 'en01')
    cd /Users/tankonitk/Library/Mobile\ Documents/com\~apple\~CloudDocs/xcode/Crulish
    

SwiftCompile normal x86_64 /Users/tankonitk/Library/Mobile\ Documents/com~apple~CloudDocs/xcode/Crulish/en01/ViewModels/SettingsViewModel.swift (in target 'en01' from project 'en01')
    cd /Users/tankonitk/Library/Mobile\ Documents/com\~apple\~CloudDocs/xcode/Crulish
    

SwiftCompile normal x86_64 /Users/tankonitk/Library/Mobile\ Documents/com~apple~CloudDocs/xcode/Crulish/en01/Models/ReadingMode.swift (in target 'en01' from project 'en01')
    cd /Users/tankonitk/Library/Mobile\ Documents/com\~apple\~CloudDocs/xcode/Crulish
    

SwiftCompile normal x86_64 /Users/tankonitk/Library/Mobile\ Documents/com~apple~CloudDocs/xcode/Crulish/en01/Core/Data/CoreDataStack.swift (in target 'en01' from project 'en01')
    cd /Users/tankonitk/Library/Mobile\ Documents/com\~apple\~CloudDocs/xcode/Crulish
    

SwiftCompile normal x86_64 /Users/tankonitk/Library/Mobile\ Documents/com~apple~CloudDocs/xcode/Crulish/en01/Views/Components/StatCard.swift (in target 'en01' from project 'en01')
    cd /Users/tankonitk/Library/Mobile\ Documents/com\~apple\~CloudDocs/xcode/Crulish
    

SwiftCompile normal x86_64 /Users/tankonitk/Library/Mobile\ Documents/com~apple~CloudDocs/xcode/Crulish/en01/Services/KaoyanDictionaryImporter.swift (in target 'en01' from project 'en01')
    cd /Users/tankonitk/Library/Mobile\ Documents/com\~apple\~CloudDocs/xcode/Crulish
    

SwiftCompile normal x86_64 /Users/tankonitk/Library/Mobile\ Documents/com~apple~CloudDocs/xcode/Crulish/en01/Services/DictionaryLoader.swift (in target 'en01' from project 'en01')
    cd /Users/tankonitk/Library/Mobile\ Documents/com\~apple\~CloudDocs/xcode/Crulish
    

SwiftCompile normal x86_64 /Users/tankonitk/Library/Mobile\ Documents/com~apple~CloudDocs/xcode/Crulish/en01/Views/IntelligentRankingView.swift (in target 'en01' from project 'en01')
    cd /Users/tankonitk/Library/Mobile\ Documents/com\~apple\~CloudDocs/xcode/Crulish
    

SwiftCompile normal x86_64 /Users/tankonitk/Library/Mobile\ Documents/com~apple~CloudDocs/xcode/Crulish/en01/Models/ExportFormat.swift (in target 'en01' from project 'en01')
    cd /Users/tankonitk/Library/Mobile\ Documents/com\~apple\~CloudDocs/xcode/Crulish
    

SwiftCompile normal x86_64 /Users/tankonitk/Library/Mobile\ Documents/com~apple~CloudDocs/xcode/Crulish/en01/Services/UserProgressService.swift (in target 'en01' from project 'en01')
    cd /Users/tankonitk/Library/Mobile\ Documents/com\~apple\~CloudDocs/xcode/Crulish
    

SwiftCompile normal x86_64 /Users/tankonitk/Library/Mobile\ Documents/com~apple~CloudDocs/xcode/Crulish/en01/Views/Components/WordMasterySelector.swift (in target 'en01' from project 'en01')
    cd /Users/tankonitk/Library/Mobile\ Documents/com\~apple\~CloudDocs/xcode/Crulish
    

SwiftCompile normal x86_64 /Users/tankonitk/Library/Mobile\ Documents/com~apple~CloudDocs/xcode/Crulish/en01/ViewModels/HomeViewModel.swift (in target 'en01' from project 'en01')
    cd /Users/tankonitk/Library/Mobile\ Documents/com\~apple\~CloudDocs/xcode/Crulish
    

SwiftCompile normal x86_64 Compiling\ ColorExtensions.swift,\ ReadingProgressRecord.swift,\ TestHistoryListView.swift,\ ArticleRanking.swift,\ StatisticsExportService.swift,\ DictionaryImportView.swift,\ IntelligentRankingModels.swift,\ ArticleCompletionRecord.swift,\ DictionaryInfo.swift,\ AdaptiveModels.swift,\ ReaderBottomToolbar.swift,\ IntelligentRankingService.swift,\ WordReviewRecord.swift,\ AdaptiveInsightCard.swift,\ ContextAnalyzer.swift,\ DictionaryService.swift /Users/tankonitk/Library/Mobile\ Documents/com~apple~CloudDocs/xcode/Crulish/en01/Utils/ColorExtensions.swift /Users/tankonitk/Library/Mobile\ Documents/com~apple~CloudDocs/xcode/Crulish/en01/Models/ReadingProgressRecord.swift /Users/tankonitk/Library/Mobile\ Documents/com~apple~CloudDocs/xcode/Crulish/en01/Views/TestHistoryListView.swift /Users/tankonitk/Library/Mobile\ Documents/com~apple~CloudDocs/xcode/Crulish/en01/Models/ArticleRanking.swift /Users/tankonitk/Library/Mobile\ Documents/com~apple~CloudDocs/xcode/Crulish/en01/Services/StatisticsExportService.swift /Users/tankonitk/Library/Mobile\ Documents/com~apple~CloudDocs/xcode/Crulish/en01/Views/DictionaryImportView.swift /Users/tankonitk/Library/Mobile\ Documents/com~apple~CloudDocs/xcode/Crulish/en01/Models/IntelligentRankingModels.swift /Users/tankonitk/Library/Mobile\ Documents/com~apple~CloudDocs/xcode/Crulish/en01/Models/ArticleCompletionRecord.swift /Users/tankonitk/Library/Mobile\ Documents/com~apple~CloudDocs/xcode/Crulish/en01/Models/DictionaryInfo.swift /Users/tankonitk/Library/Mobile\ Documents/com~apple~CloudDocs/xcode/Crulish/en01/Models/AdaptiveModels.swift /Users/tankonitk/Library/Mobile\ Documents/com~apple~CloudDocs/xcode/Crulish/en01/Views/Components/ReaderBottomToolbar.swift /Users/tankonitk/Library/Mobile\ Documents/com~apple~CloudDocs/xcode/Crulish/en01/Services/IntelligentRankingService.swift /Users/tankonitk/Library/Mobile\ Documents/com~apple~CloudDocs/xcode/Crulish/en01/Models/WordReviewRecord.swift /Users/tankonitk/Library/Mobile\ Documents/com~apple~CloudDocs/xcode/Crulish/en01/Views/Components/AdaptiveInsightCard.swift /Users/tankonitk/Library/Mobile\ Documents/com~apple~CloudDocs/xcode/Crulish/en01/Services/ContextAnalyzer.swift /Users/tankonitk/Library/Mobile\ Documents/com~apple~CloudDocs/xcode/Crulish/en01/Services/DictionaryService.swift (in target 'en01' from project 'en01')
SwiftCompile normal x86_64 /Users/tankonitk/Library/Mobile\ Documents/com~apple~CloudDocs/xcode/Crulish/en01/Utils/ColorExtensions.swift (in target 'en01' from project 'en01')
    cd /Users/tankonitk/Library/Mobile\ Documents/com\~apple\~CloudDocs/xcode/Crulish
    

SwiftCompile normal x86_64 /Users/tankonitk/Library/Mobile\ Documents/com~apple~CloudDocs/xcode/Crulish/en01/Models/ReadingProgressRecord.swift (in target 'en01' from project 'en01')
    cd /Users/tankonitk/Library/Mobile\ Documents/com\~apple\~CloudDocs/xcode/Crulish
    

SwiftCompile normal x86_64 /Users/tankonitk/Library/Mobile\ Documents/com~apple~CloudDocs/xcode/Crulish/en01/Views/TestHistoryListView.swift (in target 'en01' from project 'en01')
    cd /Users/tankonitk/Library/Mobile\ Documents/com\~apple\~CloudDocs/xcode/Crulish
    

SwiftCompile normal x86_64 /Users/tankonitk/Library/Mobile\ Documents/com~apple~CloudDocs/xcode/Crulish/en01/Models/ArticleRanking.swift (in target 'en01' from project 'en01')
    cd /Users/tankonitk/Library/Mobile\ Documents/com\~apple\~CloudDocs/xcode/Crulish
    

SwiftCompile normal x86_64 /Users/tankonitk/Library/Mobile\ Documents/com~apple~CloudDocs/xcode/Crulish/en01/Services/StatisticsExportService.swift (in target 'en01' from project 'en01')
    cd /Users/tankonitk/Library/Mobile\ Documents/com\~apple\~CloudDocs/xcode/Crulish
    

SwiftCompile normal x86_64 /Users/tankonitk/Library/Mobile\ Documents/com~apple~CloudDocs/xcode/Crulish/en01/Views/DictionaryImportView.swift (in target 'en01' from project 'en01')
    cd /Users/tankonitk/Library/Mobile\ Documents/com\~apple\~CloudDocs/xcode/Crulish
    

SwiftCompile normal x86_64 /Users/tankonitk/Library/Mobile\ Documents/com~apple~CloudDocs/xcode/Crulish/en01/Models/IntelligentRankingModels.swift (in target 'en01' from project 'en01')
    cd /Users/tankonitk/Library/Mobile\ Documents/com\~apple\~CloudDocs/xcode/Crulish
    

SwiftCompile normal x86_64 /Users/tankonitk/Library/Mobile\ Documents/com~apple~CloudDocs/xcode/Crulish/en01/Models/ArticleCompletionRecord.swift (in target 'en01' from project 'en01')
    cd /Users/tankonitk/Library/Mobile\ Documents/com\~apple\~CloudDocs/xcode/Crulish
    

SwiftCompile normal x86_64 /Users/tankonitk/Library/Mobile\ Documents/com~apple~CloudDocs/xcode/Crulish/en01/Models/DictionaryInfo.swift (in target 'en01' from project 'en01')
    cd /Users/tankonitk/Library/Mobile\ Documents/com\~apple\~CloudDocs/xcode/Crulish
    

SwiftCompile normal x86_64 /Users/tankonitk/Library/Mobile\ Documents/com~apple~CloudDocs/xcode/Crulish/en01/Models/AdaptiveModels.swift (in target 'en01' from project 'en01')
    cd /Users/tankonitk/Library/Mobile\ Documents/com\~apple\~CloudDocs/xcode/Crulish
    

SwiftCompile normal x86_64 /Users/tankonitk/Library/Mobile\ Documents/com~apple~CloudDocs/xcode/Crulish/en01/Views/Components/ReaderBottomToolbar.swift (in target 'en01' from project 'en01')
    cd /Users/tankonitk/Library/Mobile\ Documents/com\~apple\~CloudDocs/xcode/Crulish
    

SwiftCompile normal x86_64 /Users/tankonitk/Library/Mobile\ Documents/com~apple~CloudDocs/xcode/Crulish/en01/Services/IntelligentRankingService.swift (in target 'en01' from project 'en01')
    cd /Users/tankonitk/Library/Mobile\ Documents/com\~apple\~CloudDocs/xcode/Crulish
    

SwiftCompile normal x86_64 /Users/tankonitk/Library/Mobile\ Documents/com~apple~CloudDocs/xcode/Crulish/en01/Models/WordReviewRecord.swift (in target 'en01' from project 'en01')
    cd /Users/tankonitk/Library/Mobile\ Documents/com\~apple\~CloudDocs/xcode/Crulish
    

SwiftCompile normal x86_64 /Users/tankonitk/Library/Mobile\ Documents/com~apple~CloudDocs/xcode/Crulish/en01/Views/Components/AdaptiveInsightCard.swift (in target 'en01' from project 'en01')
    cd /Users/tankonitk/Library/Mobile\ Documents/com\~apple\~CloudDocs/xcode/Crulish
    

SwiftCompile normal x86_64 /Users/tankonitk/Library/Mobile\ Documents/com~apple~CloudDocs/xcode/Crulish/en01/Services/ContextAnalyzer.swift (in target 'en01' from project 'en01')
    cd /Users/tankonitk/Library/Mobile\ Documents/com\~apple\~CloudDocs/xcode/Crulish
    

SwiftCompile normal x86_64 /Users/tankonitk/Library/Mobile\ Documents/com~apple~CloudDocs/xcode/Crulish/en01/Services/DictionaryService.swift (in target 'en01' from project 'en01')
    cd /Users/tankonitk/Library/Mobile\ Documents/com\~apple\~CloudDocs/xcode/Crulish
    

SwiftEmitModule normal x86_64 Emitting\ module\ for\ en01 (in target 'en01' from project 'en01')

EmitSwiftModule normal x86_64 (in target 'en01' from project 'en01')
    cd /Users/tankonitk/Library/Mobile\ Documents/com\~apple\~CloudDocs/xcode/Crulish
    

SwiftCompile normal x86_64 Compiling\ Translation.swift,\ PDFReaderView.swift,\ HomeView.swift,\ PersonalDictionaryCard.swift,\ UnifiedInputManager.swift,\ WordInteractionCoordinator.swift,\ Settings.swift,\ TestResultHistory.swift,\ ServiceProtocols.swift,\ IntelligentRankingViewModel.swift,\ VocabularyTestViewModel.swift,\ LearningAnalytics.swift,\ ServiceResult.swift,\ KaoyanDictionaryStatusView.swift,\ GeneratedAssetSymbols.swift /Users/tankonitk/Library/Mobile\ Documents/com~apple~CloudDocs/xcode/Crulish/en01/Models/Translation.swift /Users/tankonitk/Library/Mobile\ Documents/com~apple~CloudDocs/xcode/Crulish/en01/Views/PDFReaderView.swift /Users/tankonitk/Library/Mobile\ Documents/com~apple~CloudDocs/xcode/Crulish/en01/Views/HomeView.swift /Users/tankonitk/Library/Mobile\ Documents/com~apple~CloudDocs/xcode/Crulish/en01/Views/PersonalDictionaryCard.swift /Users/tankonitk/Library/Mobile\ Documents/com~apple~CloudDocs/xcode/Crulish/en01/Core/InputManagement/UnifiedInputManager.swift /Users/tankonitk/Library/Mobile\ Documents/com~apple~CloudDocs/xcode/Crulish/en01/Core/Coordination/WordInteractionCoordinator.swift /Users/tankonitk/Library/Mobile\ Documents/com~apple~CloudDocs/xcode/Crulish/en01/Models/Settings.swift /Users/tankonitk/Library/Mobile\ Documents/com~apple~CloudDocs/xcode/Crulish/en01/Models/TestResultHistory.swift /Users/tankonitk/Library/Mobile\ Documents/com~apple~CloudDocs/xcode/Crulish/en01/Core/Protocols/ServiceProtocols.swift /Users/tankonitk/Library/Mobile\ Documents/com~apple~CloudDocs/xcode/Crulish/en01/ViewModels/IntelligentRankingViewModel.swift /Users/tankonitk/Library/Mobile\ Documents/com~apple~CloudDocs/xcode/Crulish/en01/ViewModels/VocabularyTestViewModel.swift /Users/tankonitk/Library/Mobile\ Documents/com~apple~CloudDocs/xcode/Crulish/en01/Models/LearningAnalytics.swift /Users/tankonitk/Library/Mobile\ Documents/com~apple~CloudDocs/xcode/Crulish/en01/Core/Services/ServiceResult.swift /Users/tankonitk/Library/Mobile\ Documents/com~apple~CloudDocs/xcode/Crulish/en01/Views/KaoyanDictionaryStatusView.swift /Users/tankonitk/Library/Developer/Xcode/DerivedData/en01-ansyddkftxpufufiswdighzryqrt/Build/Intermediates.noindex/en01.build/Debug-iphonesimulator/en01.build/DerivedSources/GeneratedAssetSymbols.swift (in target 'en01' from project 'en01')

SwiftCompile normal x86_64 /Users/tankonitk/Library/Mobile\ Documents/com~apple~CloudDocs/xcode/Crulish/en01/Models/Translation.swift (in target 'en01' from project 'en01')
    cd /Users/tankonitk/Library/Mobile\ Documents/com\~apple\~CloudDocs/xcode/Crulish
    

SwiftCompile normal x86_64 /Users/tankonitk/Library/Mobile\ Documents/com~apple~CloudDocs/xcode/Crulish/en01/Views/PDFReaderView.swift (in target 'en01' from project 'en01')
    cd /Users/tankonitk/Library/Mobile\ Documents/com\~apple\~CloudDocs/xcode/Crulish
    

SwiftCompile normal x86_64 /Users/tankonitk/Library/Mobile\ Documents/com~apple~CloudDocs/xcode/Crulish/en01/Views/HomeView.swift (in target 'en01' from project 'en01')
    cd /Users/tankonitk/Library/Mobile\ Documents/com\~apple\~CloudDocs/xcode/Crulish
    

SwiftCompile normal x86_64 /Users/tankonitk/Library/Mobile\ Documents/com~apple~CloudDocs/xcode/Crulish/en01/Views/PersonalDictionaryCard.swift (in target 'en01' from project 'en01')
    cd /Users/tankonitk/Library/Mobile\ Documents/com\~apple\~CloudDocs/xcode/Crulish
    

SwiftCompile normal x86_64 /Users/tankonitk/Library/Mobile\ Documents/com~apple~CloudDocs/xcode/Crulish/en01/Core/InputManagement/UnifiedInputManager.swift (in target 'en01' from project 'en01')
    cd /Users/tankonitk/Library/Mobile\ Documents/com\~apple\~CloudDocs/xcode/Crulish
    

SwiftCompile normal x86_64 /Users/tankonitk/Library/Mobile\ Documents/com~apple~CloudDocs/xcode/Crulish/en01/Core/Coordination/WordInteractionCoordinator.swift (in target 'en01' from project 'en01')
    cd /Users/tankonitk/Library/Mobile\ Documents/com\~apple\~CloudDocs/xcode/Crulish
    

SwiftCompile normal x86_64 /Users/tankonitk/Library/Mobile\ Documents/com~apple~CloudDocs/xcode/Crulish/en01/Models/Settings.swift (in target 'en01' from project 'en01')
    cd /Users/tankonitk/Library/Mobile\ Documents/com\~apple\~CloudDocs/xcode/Crulish
    

SwiftCompile normal x86_64 /Users/tankonitk/Library/Mobile\ Documents/com~apple~CloudDocs/xcode/Crulish/en01/Models/TestResultHistory.swift (in target 'en01' from project 'en01')
    cd /Users/tankonitk/Library/Mobile\ Documents/com\~apple\~CloudDocs/xcode/Crulish
    

SwiftCompile normal x86_64 /Users/tankonitk/Library/Mobile\ Documents/com~apple~CloudDocs/xcode/Crulish/en01/Core/Protocols/ServiceProtocols.swift (in target 'en01' from project 'en01')
    cd /Users/tankonitk/Library/Mobile\ Documents/com\~apple\~CloudDocs/xcode/Crulish
    

SwiftCompile normal x86_64 /Users/tankonitk/Library/Mobile\ Documents/com~apple~CloudDocs/xcode/Crulish/en01/ViewModels/IntelligentRankingViewModel.swift (in target 'en01' from project 'en01')
    cd /Users/tankonitk/Library/Mobile\ Documents/com\~apple\~CloudDocs/xcode/Crulish
    

SwiftCompile normal x86_64 /Users/tankonitk/Library/Mobile\ Documents/com~apple~CloudDocs/xcode/Crulish/en01/ViewModels/VocabularyTestViewModel.swift (in target 'en01' from project 'en01')
    cd /Users/tankonitk/Library/Mobile\ Documents/com\~apple\~CloudDocs/xcode/Crulish
    

SwiftCompile normal x86_64 /Users/tankonitk/Library/Mobile\ Documents/com~apple~CloudDocs/xcode/Crulish/en01/Models/LearningAnalytics.swift (in target 'en01' from project 'en01')
    cd /Users/tankonitk/Library/Mobile\ Documents/com\~apple\~CloudDocs/xcode/Crulish
    

SwiftCompile normal x86_64 /Users/tankonitk/Library/Mobile\ Documents/com~apple~CloudDocs/xcode/Crulish/en01/Core/Services/ServiceResult.swift (in target 'en01' from project 'en01')
    cd /Users/tankonitk/Library/Mobile\ Documents/com\~apple\~CloudDocs/xcode/Crulish
    

SwiftCompile normal x86_64 /Users/tankonitk/Library/Mobile\ Documents/com~apple~CloudDocs/xcode/Crulish/en01/Views/KaoyanDictionaryStatusView.swift (in target 'en01' from project 'en01')
    cd /Users/tankonitk/Library/Mobile\ Documents/com\~apple\~CloudDocs/xcode/Crulish
    

SwiftCompile normal x86_64 /Users/tankonitk/Library/Developer/Xcode/DerivedData/en01-ansyddkftxpufufiswdighzryqrt/Build/Intermediates.noindex/en01.build/Debug-iphonesimulator/en01.build/DerivedSources/GeneratedAssetSymbols.swift (in target 'en01' from project 'en01')
    cd /Users/tankonitk/Library/Mobile\ Documents/com\~apple\~CloudDocs/xcode/Crulish
    

SwiftEmitModule normal arm64 Emitting\ module\ for\ en01 (in target 'en01' from project 'en01')

EmitSwiftModule normal arm64 (in target 'en01' from project 'en01')
    cd /Users/tankonitk/Library/Mobile\ Documents/com\~apple\~CloudDocs/xcode/Crulish
    

SwiftDriverJobDiscovery normal x86_64 Emitting module for en01 (in target 'en01' from project 'en01')

SwiftDriver\ Compilation\ Requirements en01 normal x86_64 com.apple.xcode.tools.swift.compiler (in target 'en01' from project 'en01')
    cd /Users/tankonitk/Library/Mobile\ Documents/com\~apple\~CloudDocs/xcode/Crulish
    builtin-Swift-Compilation-Requirements -- /Applications/Xcode.app/Contents/Developer/Toolchains/XcodeDefault.xctoolchain/usr/bin/swiftc -module-name en01 -Onone -enforce-exclusivity\=checked @/Users/tankonitk/Library/Developer/Xcode/DerivedData/en01-ansyddkftxpufufiswdighzryqrt/Build/Intermediates.noindex/en01.build/Debug-iphonesimulator/en01.build/Objects-normal/x86_64/en01.SwiftFileList -DDEBUG -enable-bare-slash-regex -enable-experimental-feature DebugDescriptionMacro -sdk /Applications/Xcode.app/Contents/Developer/Platforms/iPhoneSimulator.platform/Developer/SDKs/iPhoneSimulator18.4.sdk -target x86_64-apple-ios17.6-simulator -g -module-cache-path /Users/tankonitk/Library/Developer/Xcode/DerivedData/ModuleCache.noindex -Xfrontend -serialize-debugging-options -profile-coverage-mapping -profile-generate -enable-testing -index-store-path /Users/tankonitk/Library/Developer/Xcode/DerivedData/en01-ansyddkftxpufufiswdighzryqrt/Index.noindex/DataStore -swift-version 5 -I /Users/tankonitk/Library/Developer/Xcode/DerivedData/en01-ansyddkftxpufufiswdighzryqrt/Build/Products/Debug-iphonesimulator -F /Users/tankonitk/Library/Developer/Xcode/DerivedData/en01-ansyddkftxpufufiswdighzryqrt/Build/Products/Debug-iphonesimulator -emit-localized-strings -emit-localized-strings-path /Users/tankonitk/Library/Developer/Xcode/DerivedData/en01-ansyddkftxpufufiswdighzryqrt/Build/Intermediates.noindex/en01.build/Debug-iphonesimulator/en01.build/Objects-normal/x86_64 -c -j10 -enable-batch-mode -incremental -Xcc -ivfsstatcache -Xcc /Users/tankonitk/Library/Developer/Xcode/DerivedData/SDKStatCaches.noindex/iphonesimulator18.4-22E235-71825a6d136aa4733edcbe86ece5525b.sdkstatcache -output-file-map /Users/tankonitk/Library/Developer/Xcode/DerivedData/en01-ansyddkftxpufufiswdighzryqrt/Build/Intermediates.noindex/en01.build/Debug-iphonesimulator/en01.build/Objects-normal/x86_64/en01-OutputFileMap.json -use-frontend-parseable-output -save-temps -no-color-diagnostics -serialize-diagnostics -emit-dependencies -emit-module -emit-module-path /Users/tankonitk/Library/Developer/Xcode/DerivedData/en01-ansyddkftxpufufiswdighzryqrt/Build/Intermediates.noindex/en01.build/Debug-iphonesimulator/en01.build/Objects-normal/x86_64/en01.swiftmodule -validate-clang-modules-once -clang-build-session-file /Users/tankonitk/Library/Developer/Xcode/DerivedData/ModuleCache.noindex/Session.modulevalidation -Xcc -I/Users/tankonitk/Library/Developer/Xcode/DerivedData/en01-ansyddkftxpufufiswdighzryqrt/Build/Intermediates.noindex/en01.build/Debug-iphonesimulator/en01.build/swift-overrides.hmap -emit-const-values -Xfrontend -const-gather-protocols-file -Xfrontend /Users/tankonitk/Library/Developer/Xcode/DerivedData/en01-ansyddkftxpufufiswdighzryqrt/Build/Intermediates.noindex/en01.build/Debug-iphonesimulator/en01.build/Objects-normal/x86_64/en01_const_extract_protocols.json -Xcc -iquote -Xcc /Users/tankonitk/Library/Developer/Xcode/DerivedData/en01-ansyddkftxpufufiswdighzryqrt/Build/Intermediates.noindex/en01.build/Debug-iphonesimulator/en01.build/en01-generated-files.hmap -Xcc -I/Users/tankonitk/Library/Developer/Xcode/DerivedData/en01-ansyddkftxpufufiswdighzryqrt/Build/Intermediates.noindex/en01.build/Debug-iphonesimulator/en01.build/en01-own-target-headers.hmap -Xcc -I/Users/tankonitk/Library/Developer/Xcode/DerivedData/en01-ansyddkftxpufufiswdighzryqrt/Build/Intermediates.noindex/en01.build/Debug-iphonesimulator/en01.build/en01-all-target-headers.hmap -Xcc -iquote -Xcc /Users/tankonitk/Library/Developer/Xcode/DerivedData/en01-ansyddkftxpufufiswdighzryqrt/Build/Intermediates.noindex/en01.build/Debug-iphonesimulator/en01.build/en01-project-headers.hmap -Xcc -I/Users/tankonitk/Library/Developer/Xcode/DerivedData/en01-ansyddkftxpufufiswdighzryqrt/Build/Products/Debug-iphonesimulator/include -Xcc -I/Users/tankonitk/Library/Developer/Xcode/DerivedData/en01-ansyddkftxpufufiswdighzryqrt/Build/Intermediates.noindex/en01.build/Debug-iphonesimulator/en01.build/DerivedSources-normal/x86_64 -Xcc -I/Users/tankonitk/Library/Developer/Xcode/DerivedData/en01-ansyddkftxpufufiswdighzryqrt/Build/Intermediates.noindex/en01.build/Debug-iphonesimulator/en01.build/DerivedSources/x86_64 -Xcc -I/Users/tankonitk/Library/Developer/Xcode/DerivedData/en01-ansyddkftxpufufiswdighzryqrt/Build/Intermediates.noindex/en01.build/Debug-iphonesimulator/en01.build/DerivedSources -Xcc -DDEBUG\=1 -emit-objc-header -emit-objc-header-path /Users/tankonitk/Library/Developer/Xcode/DerivedData/en01-ansyddkftxpufufiswdighzryqrt/Build/Intermediates.noindex/en01.build/Debug-iphonesimulator/en01.build/Objects-normal/x86_64/en01-Swift.h -working-directory /Users/tankonitk/Library/Mobile\ Documents/com\~apple\~CloudDocs/xcode/Crulish -experimental-emit-module-separately -disable-cmo

** BUILD FAILED **


The following build commands failed:
	SwiftCompile normal x86_64 Compiling\ AdaptiveLearningService.swift,\ LearningTrackingService.swift,\ StatisticsService.swift,\ QuestionTestCard.swift,\ StructuredTextView.swift,\ TestResultView.swift,\ ContentView.swift,\ MockServices.swift,\ TestedWord.swift,\ IconCache.swift,\ ArticleReaderView.swift,\ UserProgress.swift,\ PerformanceTestApp.swift,\ InputManagementDemoView.swift,\ StatisticsModels.swift /Users/tankonitk/Library/Mobile\ Documents/com~apple~CloudDocs/xcode/Crulish/en01/Services/AdaptiveLearningService.swift /Users/tankonitk/Library/Mobile\ Documents/com~apple~CloudDocs/xcode/Crulish/en01/Services/LearningTrackingService.swift /Users/tankonitk/Library/Mobile\ Documents/com~apple~CloudDocs/xcode/Crulish/en01/Services/StatisticsService.swift /Users/tankonitk/Library/Mobile\ Documents/com~apple~CloudDocs/xcode/Crulish/en01/Views/QuestionTestCard.swift /Users/tankonitk/Library/Mobile\ Documents/com~apple~CloudDocs/xcode/Crulish/en01/Views/StructuredTextView.swift /Users/tankonitk/Library/Mobile\ Documents/com~apple~CloudDocs/xcode/Crulish/en01/Views/TestResultView.swift /Users/tankonitk/Library/Mobile\ Documents/com~apple~CloudDocs/xcode/Crulish/en01/ContentView.swift /Users/tankonitk/Library/Mobile\ Documents/com~apple~CloudDocs/xcode/Crulish/en01/Services/MockServices.swift /Users/tankonitk/Library/Mobile\ Documents/com~apple~CloudDocs/xcode/Crulish/en01/Models/TestedWord.swift /Users/tankonitk/Library/Mobile\ Documents/com~apple~CloudDocs/xcode/Crulish/en01/Utils/IconCache.swift /Users/tankonitk/Library/Mobile\ Documents/com~apple~CloudDocs/xcode/Crulish/en01/Views/ArticleReaderView.swift /Users/tankonitk/Library/Mobile\ Documents/com~apple~CloudDocs/xcode/Crulish/en01/Models/UserProgress.swift /Users/tankonitk/Library/Mobile\ Documents/com~apple~CloudDocs/xcode/Crulish/en01/Views/PerformanceTestApp.swift /Users/tankonitk/Library/Mobile\ Documents/com~apple~CloudDocs/xcode/Crulish/en01/Views/InputManagementDemoView.swift /Users/tankonitk/Library/Mobile\ Documents/com~apple~CloudDocs/xcode/Crulish/en01/Models/StatisticsModels.swift (in target 'en01' from project 'en01')
	SwiftCompile normal x86_64 /Users/tankonitk/Library/Mobile\ Documents/com~apple~CloudDocs/xcode/Crulish/en01/Models/TestedWord.swift (in target 'en01' from project 'en01')
	Building project en01 with scheme en01 and configuration Debug
(3 failures)
